******************************************************************************
            TI ARM Clang Linker PC v4.0.3                      
******************************************************************************
>> Linked Tue Jul 29 16:14:42 2025

OUTPUT FILE NAME:   <CAR-V2.out>
ENTRY POINT SYMBOL: "_c_int00_noargs"  address: 0000466d


MEMORY CONFIGURATION

         name            origin    length      used     unused   attr    fill
----------------------  --------  ---------  --------  --------  ----  --------
  FLASH                 00000000   00020000  000050e0  0001af20  R  X
  SRAM                  20200000   00008000  00000888  00007778  RW X
  BCR_CONFIG            41c00000   000000ff  00000000  000000ff  R   
  BSL_CONFIG            41c00100   00000080  00000000  00000080  R   


SEGMENT ALLOCATION MAP

run origin  load origin   length   init length attrs members
----------  ----------- ---------- ----------- ----- -------
00000000    00000000    000050e0   000050e0    r-x
  00000000    00000000    000000c0   000000c0    r-- .intvecs
  000000c0    000000c0    00004850   00004850    r-x .text
  00004910    00004910    000007a0   000007a0    r-- .rodata
  000050b0    000050b0    00000030   00000030    r-- .cinit
20200000    20200000    00000688   00000000    rw-
  20200000    20200000    000005f0   00000000    rw- .bss
  202005f0    202005f0    00000098   00000000    rw- .data
20207e00    20207e00    00000200   00000000    rw-
  20207e00    20207e00    00000200   00000000    rw- .stack


SECTION ALLOCATION MAP

 output                                  attributes/
section   page    origin      length       input sections
--------  ----  ----------  ----------   ----------------
.intvecs   0    00000000    000000c0     
                  00000000    000000c0     startup_mspm0g350x_ticlang.o (.intvecs)

.text      0    000000c0    00004850     
                  000000c0    000009d0     libc.a : _printfi.c.obj (.text:__TI_printfi)
                  00000a90    000005a0     control.o (.text.TIMA0_IRQHandler)
                  00001030    0000042e     oled.o (.text.OLED_Init)
                  0000145e    00000002     startup_mspm0g350x_ticlang.o (.text.Default_Handler)
                  00001460    00000244     pid.o (.text.pid_straight_Calc)
                  000016a4    00000220     libc.a : _printfi.c.obj (.text._pconv_a)
                  000018c4    00000208     oled.o (.text.OLED_I2C_SendByte)
                  00001acc    00000204     oled.o (.text.OLED_ShowChar)
                  00001cd0    000001dc     libc.a : _printfi.c.obj (.text._pconv_g)
                  00001eac    000001b8     main.o (.text.main)
                  00002064    00000192     libclang_rt.builtins.a : adddf3.S.obj (.text.adddf3_subdf3)
                  000021f6    00000002                            : aeabi_div0.c.obj (.text.__aeabi_idiv0)
                  000021f8    00000190     line.o (.text.line_err)
                  00002388    00000164     pid.o (.text.pid_turn_angle_Calc)
                  000024ec    00000140     control.o (.text.location_speed_control)
                  0000262c    0000013c     libc.a : _printfi.c.obj (.text.fcvt)
                  00002768    00000120            : _printfi.c.obj (.text._pconv_e)
                  00002888    00000120     pid.o (.text.pid_speed_Calc)
                  000029a8    00000120     control.o (.text.turn_angle_speed_control)
                  00002ac8    0000010c     libclang_rt.builtins.a : divdf3.S.obj (.text.__divdf3)
                  00002bd4    00000104     driverlib.a : dl_timer.o (.text.DL_Timer_initFourCCPWMMode)
                  00002cd8    000000ec     oled.o (.text.OLED_I2C_Start)
                  00002dc4    000000e8     driverlib.a : dl_timer.o (.text.DL_Timer_initTimerMode)
                  00002eac    000000e4     libclang_rt.builtins.a : muldf3.S.obj (.text.__muldf3)
                  00002f90    000000dc     driverlib.a : dl_sysctl_mspm0g1x0x_g3x0x.o (.text.DL_SYSCTL_configSYSPLL)
                  0000306c    000000d8     libc.a : s_scalbn.c.obj (.text.scalbn)
                  00003144    000000d8     libclang_rt.builtins.a : addsf3.S.obj (.text)
                  0000321c    000000c4     ti_msp_dl_config.o (.text.SYSCFG_DL_GPIO_init)
                  000032e0    000000b8     oled.o (.text.OLED_I2C_Stop)
                  00003398    000000a2     libclang_rt.builtins.a : udivmoddi4.S.obj (.text)
                  0000343a    000000a0     pid.o (.text.pid_location_Calc)
                  000034da    0000009a     libc.a : memcpy16.S.obj (.text:memcpy)
                  00003574    00000098     line.o (.text.line_pid_Calc)
                  0000360c    00000094     ti_msp_dl_config.o (.text.SYSCFG_DL_UART_WIT_init)
                  000036a0    00000090     ti_msp_dl_config.o (.text.SYSCFG_DL_PWM_MOTOR_init)
                  00003730    0000008c     libclang_rt.builtins.a : mulsf3.S.obj (.text.__mulsf3)
                  000037bc    00000082                            : divsf3.S.obj (.text.__divsf3)
                  0000383e    00000002                            : aeabi_div0.c.obj (.text.__aeabi_ldiv0)
                  00003840    00000080     encoder.o (.text.encoder_Update)
                  000038c0    0000007c     libc.a : copy_decompress_lzss.c.obj (.text:decompress:lzss)
                  0000393c    00000076     pid.o (.text.pid_Init)
                  000039b2    00000002     --HOLE-- [fill = 0]
                  000039b4    00000074     libclang_rt.builtins.a : comparedf2.c.obj (.text.__gedf2)
                  00003a28    00000008     ti_msp_dl_config.o (.text.SYSCFG_DL_DMA_init)
                  00003a30    00000074     libclang_rt.builtins.a : truncdfsf2.S.obj (.text.__truncdfsf2)
                  00003aa4    00000070     ti_msp_dl_config.o (.text.SYSCFG_DL_UART1_init)
                  00003b14    00000068     oled.o (.text.OLED_SetCursor)
                  00003b7c    00000068     libclang_rt.builtins.a : comparedf2.c.obj (.text.__ledf2)
                  00003be4    00000068     motor.o (.text.motor_load_pwm)
                  00003c4c    00000066     libc.a : _printfi.c.obj (.text._mcpy)
                  00003cb2    00000002     --HOLE-- [fill = 0]
                  00003cb4    00000062     libclang_rt.builtins.a : aeabi_dcmp.S.obj (.text.__aeabi_dcmp)
                  00003d16    00000002     --HOLE-- [fill = 0]
                  00003d18    00000062                            : aeabi_fcmp.S.obj (.text.__aeabi_fcmp)
                  00003d7a    00000062     libc.a : memset16.S.obj (.text:memset)
                  00003ddc    0000005c     ti_msp_dl_config.o (.text.SYSCFG_DL_SYSCTL_init)
                  00003e38    0000005c     libc.a : s_frexp.c.obj (.text.frexp)
                  00003e94    00000058            : _ltoa.c.obj (.text.__TI_ltoa)
                  00003eec    00000058            : _printfi.c.obj (.text._pconv_f)
                  00003f44    00000056     libclang_rt.builtins.a : aeabi_idivmod.S.obj (.text.__aeabi_idivmod)
                  00003f9a    00000054     oled.o (.text.OLED_ShowString)
                  00003fee    00000002     --HOLE-- [fill = 0]
                  00003ff0    00000054     ti_msp_dl_config.o (.text.SYSCFG_DL_initPower)
                  00004044    00000052     libc.a : _printfi.c.obj (.text._ecpy)
                  00004096    00000050     pid.o (.text.limit_abs)
                  000040e6    00000002     --HOLE-- [fill = 0]
                  000040e8    0000004c     driverlib.a : dl_dma.o (.text.DL_DMA_initChannel)
                  00004134    0000004a     libclang_rt.builtins.a : fixdfsi.S.obj (.text.__fixdfsi)
                  0000417e    00000002     --HOLE-- [fill = 0]
                  00004180    00000048     driverlib.a : dl_uart.o (.text.DL_UART_init)
                  000041c8    00000044                 : dl_sysctl_mspm0g1x0x_g3x0x.o (.text.DL_SYSCTL_switchMCLKfromSYSOSCtoHSCLK)
                  0000420c    00000044     line.o (.text.detect_line)
                  00004250    00000040     ti_msp_dl_config.o (.text.SYSCFG_DL_init)
                  00004290    00000040     libclang_rt.builtins.a : aeabi_uidivmod.S.obj (.text.__aeabi_uidivmod)
                  000042d0    00000040                            : extendsfdf2.S.obj (.text.__extendsfdf2)
                  00004310    00000040     libc.a : atoi.c.obj (.text.atoi)
                  00004350    0000003c     libclang_rt.builtins.a : floatsisf.S.obj (.text.__floatsisf)
                  0000438c    0000003c                            : comparesf2.S.obj (.text.__gtsf2)
                  000043c8    0000003c     libc.a : autoinit.c.obj (.text:__TI_auto_init_nobinit_nopinit)
                  00004404    0000003a     libclang_rt.builtins.a : comparesf2.S.obj (.text.__eqsf2)
                  0000443e    00000002     --HOLE-- [fill = 0]
                  00004440    0000003a                            : muldsi3.S.obj (.text.__muldsi3)
                  0000447a    00000002     --HOLE-- [fill = 0]
                  0000447c    00000038     ti_msp_dl_config.o (.text.SYSCFG_DL_TIMER_0_init)
                  000044b4    00000038     uart.o (.text.UART1_IRQHandler)
                  000044ec    00000038     libclang_rt.builtins.a : fixsfsi.S.obj (.text.__fixsfsi)
                  00004524    00000038     libc.a : sprintf.c.obj (.text.sprintf)
                  0000455c    00000030     ti_msp_dl_config.o (.text.SYSCFG_DL_SYSTICK_init)
                  0000458c    00000030     libc.a : _printfi.c.obj (.text._fcpy)
                  000045bc    00000030     motor.o (.text.motor_limit_pwm)
                  000045ec    0000002c     libclang_rt.builtins.a : floatsidf.S.obj (.text.__floatsidf)
                  00004618    0000002c     encoder.o (.text.read_pluse)
                  00004644    00000028     ti_msp_dl_config.o (.text.SYSCFG_DL_SYSCTL_CLK_init)
                  0000466c    00000028     libc.a : boot_cortex_m.c.obj (.text:_c_int00_noargs)
                  00004694    00000024     libclang_rt.builtins.a : muldi3.S.obj (.text.__muldi3)
                  000046b8    00000022     libc.a : memccpy.c.obj (.text.memccpy)
                  000046da    00000002     --HOLE-- [fill = 0]
                  000046dc    0000001e     libclang_rt.builtins.a : ashldi3.S.obj (.text.__ashldi3)
                  000046fa    00000002     --HOLE-- [fill = 0]
                  000046fc    0000001c     driverlib.a : dl_timer.o (.text.DL_Timer_setCaptCompUpdateMethod)
                  00004718    0000001c                 : dl_timer.o (.text.DL_Timer_setClockConfig)
                  00004734    0000001c     motor.o (.text.motor1_set_disable)
                  00004750    0000001c     motor.o (.text.motor2_set_disable)
                  0000476c    00000018     driverlib.a : dl_timer.o (.text.DL_Timer_setCaptureCompareOutCtl)
                  00004784    00000018     ti_msp_dl_config.o (.text.SYSCFG_DL_DMA_WIT_init)
                  0000479c    00000018     libc.a : sprintf.c.obj (.text._outs)
                  000047b4    00000018     motor.o (.text.motor1_set_enable)
                  000047cc    00000018     motor.o (.text.motor2_set_enable)
                  000047e4    00000014     control.o (.text.GROUP1_IRQHandler)
                  000047f8    00000014     libclang_rt.builtins.a : aeabi_uldivmod.S.obj (.text.__aeabi_uldivmod)
                  0000480c    00000014     libc.a : _printfi.c.obj (.text.strchr)
                  00004820    00000012     driverlib.a : dl_uart.o (.text.DL_UART_setClockConfig)
                  00004832    00000012     libc.a : copy_decompress_none.c.obj (.text:decompress:none)
                  00004844    00000010     driverlib.a : dl_timer.o (.text.DL_Timer_setCaptureCompareValue)
                  00004854    00000010     buzz.o (.text.buzz_Init)
                  00004864    00000010     libc.a : wcslen.c.obj (.text.wcslen)
                  00004874    00000010            : copy_zero_init.c.obj (.text:decompress:ZI)
                  00004884    0000000e     libclang_rt.builtins.a : aeabi_memset.S.obj (.text.__aeabi_memset)
                  00004892    0000000e     libc.a : _printfi.c.obj (.text.strlen)
                  000048a0    0000000c     libclang_rt.builtins.a : aeabi_memset.S.obj (.text.__aeabi_memclr)
                  000048ac    0000000a     driverlib.a : dl_common.o (.text.DL_Common_delayCycles)
                  000048b6    0000000a     libc.a : _printfi.c.obj (.text.OUTLINED_FUNCTION_0)
                  000048c0    00000010     libclang_rt.builtins.a : adddf3.S.obj (.tramp.__aeabi_dsub.1)
                  000048d0    0000000a     libc.a : _printfi.c.obj (.text.OUTLINED_FUNCTION_1)
                  000048da    0000000a            : sprintf.c.obj (.text._outc)
                  000048e4    00000008            : aeabi_portable.c.obj (.text.__aeabi_errno_addr)
                  000048ec    00000008     libclang_rt.builtins.a : aeabi_memcpy.S.obj (.text.__aeabi_memcpy)
                  000048f4    00000006     pid.o (.text.pid_Set_Target)
                  000048fa    00000006     libc.a : exit.c.obj (.text:abort)
                  00004900    00000004     libsysbm.a : hostexit.c.obj (.text.HOSTexit)
                  00004904    00000004     startup_mspm0g350x_ticlang.o (.text.Reset_Handler)
                  00004908    00000004     libc.a : pre_init.c.obj (.text._system_pre_init)
                  0000490c    00000004     --HOLE-- [fill = 0]

.cinit     0    000050b0    00000030     
                  000050b0    0000000c     (__TI_handler_table)
                  000050bc    00000009     (.cinit..data.load) [load image, compression = lzss]
                  000050c5    00000003     --HOLE-- [fill = 0]
                  000050c8    00000008     (.cinit..bss.load) [load image, compression = zero_init]
                  000050d0    00000010     (__TI_cinit_table)

.rodata    0    00004910    000007a0     
                  00004910    000005f0     oled.o (.rodata.OLED_F8x16)
                  00004f00    00000101     libc.a : aeabi_ctype.S.obj (.rodata:__aeabi_ctype_table_)
                  00005001    00000003     ti_msp_dl_config.o (.rodata.gPWM_MOTORClockConfig)
                  00005004    00000028     ti_msp_dl_config.o (.rodata.gSYSPLLConfig)
                  0000502c    00000018     ti_msp_dl_config.o (.rodata.gDMA_WITConfig)
                  00005044    00000014     ti_msp_dl_config.o (.rodata.gTIMER_0TimerConfig)
                  00005058    00000011     libc.a : _printfi.c.obj (.rodata.str1.10348868589481759720.1)
                  00005069    00000011            : _printfi.c.obj (.rodata.str1.15363888844622738466.1)
                  0000507a    0000000a     ti_msp_dl_config.o (.rodata.gUART1Config)
                  00005084    0000000a     ti_msp_dl_config.o (.rodata.gUART_WITConfig)
                  0000508e    0000000a     main.o (.rodata.str1.15159059442110792349.1)
                  00005098    00000008     ti_msp_dl_config.o (.rodata.gPWM_MOTORConfig)
                  000050a0    00000003     ti_msp_dl_config.o (.rodata.gTIMER_0ClockConfig)
                  000050a3    00000002     ti_msp_dl_config.o (.rodata.gUART1ClockConfig)
                  000050a5    00000002     ti_msp_dl_config.o (.rodata.gUART_WITClockConfig)
                  000050a7    00000009     --HOLE-- [fill = 0]

.init_array 
*          0    00000000    00000000     UNINITIALIZED

.binit     0    00000000    00000000     

.bss       0    20200000    000005f0     UNINITIALIZED
                  20200000    000000bc     (.common:gPWM_MOTORBackup)
                  202000bc    000000bc     (.common:gTIMER_0Backup)
                  20200178    00000088     (.common:g_pid_line)
                  20200200    00000088     (.common:g_pid_location1)
                  20200288    00000088     (.common:g_pid_location2)
                  20200310    00000088     (.common:g_pid_speed1)
                  20200398    00000088     (.common:g_pid_speed2)
                  20200420    00000088     (.common:g_pid_straight)
                  202004a8    00000088     (.common:g_pid_turn_angle)
                  20200530    00000088     (.common:line_pid)
                  202005b8    00000032     (.common:g_oledstring)
                  202005ea    00000002     --HOLE--
                  202005ec    00000004     (.common:g_yaw_jy60)

.data      0    202005f0    00000098     UNINITIALIZED
                  202005f0    00000008     control.o (.data.g_ftarget_journey)
                  202005f8    00000008     control.o (.data.g_line_outval)
                  20200600    00000008     control.o (.data.g_location1_outval)
                  20200608    00000008     control.o (.data.g_location2_outval)
                  20200610    00000008     control.o (.data.g_motor1_journey_cm)
                  20200618    00000008     control.o (.data.g_motor2_journey_cm)
                  20200620    00000008     control.o (.data.g_speed1_outval)
                  20200628    00000008     control.o (.data.g_speed2_outval)
                  20200630    00000008     control.o (.data.g_speed3_outval)
                  20200638    00000008     control.o (.data.g_speed4_outval)
                  20200640    00000008     control.o (.data.g_turn_outval)
                  20200648    00000008     control.o (.data.spin90_cm)
                  20200650    00000004     libc.a : aeabi_portable.c.obj (.data.__aeabi_errno)
                  20200654    00000004     control.o (.data.count2)
                  20200658    00000004     control.o (.data.count3)
                  2020065c    00000004     main.o (.data.count)
                  20200660    00000004     control.o (.data.g_line_num)
                  20200664    00000004     control.o (.data.g_motor1_pwm)
                  20200668    00000004     control.o (.data.g_motor2_pwm)
                  2020066c    00000004     control.o (.data.g_sigma_motor1pluse)
                  20200670    00000004     control.o (.data.g_sigma_motor2pluse)
                  20200674    00000002     encoder.o (.data.encoder_Left_Count)
                  20200676    00000002     encoder.o (.data.encoder_Right_Count)
                  20200678    00000002     control.o (.data.g_unittime_motor1pluse)
                  2020067a    00000002     control.o (.data.g_unittime_motor2pluse)
                  2020067c    00000001     control.o (.data.g_Angle_Flag)
                  2020067d    00000001     control.o (.data.g_Gostraght)
                  2020067e    00000001     control.o (.data.g_Line_Flag)
                  2020067f    00000001     control.o (.data.g_Spin_Start_Flag)
                  20200680    00000001     control.o (.data.g_Stop_Flag)
                  20200681    00000001     control.o (.data.g_Straight_Flag)
                  20200682    00000001     motor.o (.data.g_is_motor1_enabled)
                  20200683    00000001     motor.o (.data.g_is_motor2_enabled)
                  20200684    00000001     control.o (.data.g_location_control_count)
                  20200685    00000001     control.o (.data.g_stop_count)
                  20200686    00000001     control.o (.data.g_turn_angle_control_count)
                  20200687    00000001     uart.o (.data.uart_data)

.stack     0    20207e00    00000200     UNINITIALIZED
                  20207e00    00000004     libc.a : boot_cortex_m.c.obj (.stack)
                  20207e04    000001fc     --HOLE--

__llvm_prf_cnts 
*          0    20200000    00000000     UNINITIALIZED

__llvm_prf_bits 
*          0    20200000    00000000     UNINITIALIZED

MODULE SUMMARY

       Module                         code    ro data   rw data
       ------                         ----    -------   -------
    .\
       ti_msp_dl_config.o             1016    122       376    
       main.o                         440     10        54     
       startup_mspm0g350x_ticlang.o   6       192       0      
    +--+------------------------------+-------+---------+---------+
       Total:                         1462    324       430    
                                                               
    .\Hardware\buzz\
       buzz.o                         16      0         0      
    +--+------------------------------+-------+---------+---------+
       Total:                         16      0         0      
                                                               
    .\Hardware\control\
       control.o                      2068    0         137    
    +--+------------------------------+-------+---------+---------+
       Total:                         2068    0         137    
                                                               
    .\Hardware\encoder\
       encoder.o                      172     0         4      
    +--+------------------------------+-------+---------+---------+
       Total:                         172     0         4      
                                                               
    .\Hardware\jy60\
       jy60.o                         0       0         4      
    +--+------------------------------+-------+---------+---------+
       Total:                         0       0         4      
                                                               
    .\Hardware\line\
       line.o                         620     0         136    
    +--+------------------------------+-------+---------+---------+
       Total:                         620     0         136    
                                                               
    .\Hardware\motor\
       motor.o                        256     0         2      
    +--+------------------------------+-------+---------+---------+
       Total:                         256     0         2      
                                                               
    .\Hardware\oled\
       oled.o                         2714    1520      0      
    +--+------------------------------+-------+---------+---------+
       Total:                         2714    1520      0      
                                                               
    .\Hardware\pid\
       pid.o                          1588    0         952    
    +--+------------------------------+-------+---------+---------+
       Total:                         1588    0         952    
                                                               
    .\Hardware\uart\
       uart.o                         56      0         1      
    +--+------------------------------+-------+---------+---------+
       Total:                         56      0         1      
                                                               
    C:/ti/mspm0_sdk_2_05_00_05/source/ti/driverlib/lib/ticlang/m0p/mspm0g1x0x_g3x0x/driverlib.a
       dl_timer.o                     588     0         0      
       dl_sysctl_mspm0g1x0x_g3x0x.o   288     0         0      
       dl_uart.o                      90      0         0      
       dl_dma.o                       76      0         0      
       dl_common.o                    10      0         0      
    +--+------------------------------+-------+---------+---------+
       Total:                         1052    0         0      
                                                               
    C:\ti\ccs2020\ccs\tools\compiler\ti-cgt-armllvm_4.0.3.LTS\lib\armv6m-ti-none-eabi/c/libc.a
       _printfi.c.obj                 4510    34        0      
       aeabi_ctype.S.obj              0       257       0      
       s_scalbn.c.obj                 216     0         0      
       memcpy16.S.obj                 154     0         0      
       copy_decompress_lzss.c.obj     124     0         0      
       memset16.S.obj                 98      0         0      
       s_frexp.c.obj                  92      0         0      
       sprintf.c.obj                  90      0         0      
       _ltoa.c.obj                    88      0         0      
       atoi.c.obj                     64      0         0      
       autoinit.c.obj                 60      0         0      
       boot_cortex_m.c.obj            40      0         0      
       memccpy.c.obj                  34      0         0      
       copy_decompress_none.c.obj     18      0         0      
       copy_zero_init.c.obj           16      0         0      
       wcslen.c.obj                   16      0         0      
       aeabi_portable.c.obj           8       0         4      
       exit.c.obj                     6       0         0      
       pre_init.c.obj                 4       0         0      
    +--+------------------------------+-------+---------+---------+
       Total:                         5638    291       4      
                                                               
    C:\ti\ccs2020\ccs\tools\compiler\ti-cgt-armllvm_4.0.3.LTS\lib\armv6m-ti-none-eabi/c/libsysbm.a
       hostexit.c.obj                 4       0         0      
    +--+------------------------------+-------+---------+---------+
       Total:                         4       0         0      
                                                               
    C:\ti\ccs2020\ccs\tools\compiler\ti-cgt-armllvm_4.0.3.LTS\lib\armv6m-ti-none-eabi/libclang_rt.builtins.a
       adddf3.S.obj                   418     0         0      
       divdf3.S.obj                   268     0         0      
       muldf3.S.obj                   228     0         0      
       comparedf2.c.obj               220     0         0      
       addsf3.S.obj                   216     0         0      
       udivmoddi4.S.obj               162     0         0      
       mulsf3.S.obj                   140     0         0      
       divsf3.S.obj                   130     0         0      
       comparesf2.S.obj               118     0         0      
       truncdfsf2.S.obj               116     0         0      
       aeabi_dcmp.S.obj               98      0         0      
       aeabi_fcmp.S.obj               98      0         0      
       aeabi_idivmod.S.obj            86      0         0      
       fixdfsi.S.obj                  74      0         0      
       aeabi_uidivmod.S.obj           64      0         0      
       extendsfdf2.S.obj              64      0         0      
       floatsisf.S.obj                60      0         0      
       muldsi3.S.obj                  58      0         0      
       fixsfsi.S.obj                  56      0         0      
       floatsidf.S.obj                44      0         0      
       muldi3.S.obj                   36      0         0      
       ashldi3.S.obj                  30      0         0      
       aeabi_memset.S.obj             26      0         0      
       aeabi_uldivmod.S.obj           20      0         0      
       aeabi_memcpy.S.obj             8       0         0      
       aeabi_div0.c.obj               4       0         0      
    +--+------------------------------+-------+---------+---------+
       Total:                         2842    0         0      
                                                               
       Stack:                         0       0         512    
       Linker Generated:              0       45        0      
    +--+------------------------------+-------+---------+---------+
       Grand Total:                   18488   2180      2182   


LINKER GENERATED COPY TABLES

__TI_cinit_table @ 000050d0 records: 2, size/record: 8, table size: 16
	.data: load addr=000050bc, load size=00000009 bytes, run addr=202005f0, run size=00000098 bytes, compression=lzss
	.bss: load addr=000050c8, load size=00000008 bytes, run addr=20200000, run size=000005f0 bytes, compression=zero_init


LINKER GENERATED HANDLER TABLE

__TI_handler_table @ 000050b0 records: 3, size/record: 4, table size: 12
	index: 0, handler: __TI_decompress_lzss
	index: 1, handler: __TI_decompress_none
	index: 2, handler: __TI_zero_init


FAR CALL TRAMPOLINES

callee name               trampoline name
   callee addr  tramp addr   call addr  call info
--------------  -----------  ---------  ----------------
__aeabi_dsub              $Tramp$TT$L$PI$$__aeabi_dsub
   00002065     000048c0     000048be   libc.a : _printfi.c.obj (.text.OUTLINED_FUNCTION_0)

[1 trampolines]
[1 trampoline calls]


GLOBAL SYMBOLS: SORTED ALPHABETICALLY BY Name 

address   name                                 
-------   ----                                 
0000145f  ADC0_IRQHandler                      
0000145f  ADC1_IRQHandler                      
0000145f  AES_IRQHandler                       
00004900  C$$EXIT                              
0000145f  CANFD0_IRQHandler                    
0000145f  DAC0_IRQHandler                      
000048ad  DL_Common_delayCycles                
000040e9  DL_DMA_initChannel                   
00002f91  DL_SYSCTL_configSYSPLL               
000041c9  DL_SYSCTL_switchMCLKfromSYSOSCtoHSCLK
00002bd5  DL_Timer_initFourCCPWMMode           
00002dc5  DL_Timer_initTimerMode               
000046fd  DL_Timer_setCaptCompUpdateMethod     
0000476d  DL_Timer_setCaptureCompareOutCtl     
00004845  DL_Timer_setCaptureCompareValue      
00004719  DL_Timer_setClockConfig              
00004181  DL_UART_init                         
00004821  DL_UART_setClockConfig               
0000145f  DMA_IRQHandler                       
0000145f  Default_Handler                      
0000145f  GROUP0_IRQHandler                    
000047e5  GROUP1_IRQHandler                    
00004901  HOSTexit                             
0000145f  HardFault_Handler                    
0000145f  I2C0_IRQHandler                      
0000145f  I2C1_IRQHandler                      
0000145f  NMI_Handler                          
00004910  OLED_F8x16                           
000018c5  OLED_I2C_SendByte                    
00002cd9  OLED_I2C_Start                       
000032e1  OLED_I2C_Stop                        
00001031  OLED_Init                            
00003b15  OLED_SetCursor                       
00001acd  OLED_ShowChar                        
00003f9b  OLED_ShowString                      
0000145f  PendSV_Handler                       
0000145f  RTC_IRQHandler                       
00004905  Reset_Handler                        
0000145f  SPI0_IRQHandler                      
0000145f  SPI1_IRQHandler                      
0000145f  SVC_Handler                          
00004785  SYSCFG_DL_DMA_WIT_init               
00003a29  SYSCFG_DL_DMA_init                   
0000321d  SYSCFG_DL_GPIO_init                  
000036a1  SYSCFG_DL_PWM_MOTOR_init             
00004645  SYSCFG_DL_SYSCTL_CLK_init            
00003ddd  SYSCFG_DL_SYSCTL_init                
0000455d  SYSCFG_DL_SYSTICK_init               
0000447d  SYSCFG_DL_TIMER_0_init               
00003aa5  SYSCFG_DL_UART1_init                 
0000360d  SYSCFG_DL_UART_WIT_init              
00004251  SYSCFG_DL_init                       
00003ff1  SYSCFG_DL_initPower                  
0000145f  SysTick_Handler                      
00000a91  TIMA0_IRQHandler                     
0000145f  TIMA1_IRQHandler                     
0000145f  TIMG0_IRQHandler                     
0000145f  TIMG12_IRQHandler                    
0000145f  TIMG6_IRQHandler                     
0000145f  TIMG7_IRQHandler                     
0000145f  TIMG8_IRQHandler                     
0000145f  UART0_IRQHandler                     
000044b5  UART1_IRQHandler                     
0000145f  UART2_IRQHandler                     
0000145f  UART3_IRQHandler                     
20208000  __STACK_END                          
00000200  __STACK_SIZE                         
00000000  __TI_ATRegion0_region_sz             
00000000  __TI_ATRegion0_src_addr              
00000000  __TI_ATRegion0_trg_addr              
00000000  __TI_ATRegion1_region_sz             
00000000  __TI_ATRegion1_src_addr              
00000000  __TI_ATRegion1_trg_addr              
00000000  __TI_ATRegion2_region_sz             
00000000  __TI_ATRegion2_src_addr              
00000000  __TI_ATRegion2_trg_addr              
000050d0  __TI_CINIT_Base                      
000050e0  __TI_CINIT_Limit                     
000050e0  __TI_CINIT_Warm                      
000050b0  __TI_Handler_Table_Base              
000050bc  __TI_Handler_Table_Limit             
000043c9  __TI_auto_init_nobinit_nopinit       
000038c1  __TI_decompress_lzss                 
00004833  __TI_decompress_none                 
00003e95  __TI_ltoa                            
ffffffff  __TI_pprof_out_hndl                  
000000c1  __TI_printfi                         
ffffffff  __TI_prof_data_size                  
ffffffff  __TI_prof_data_start                 
00000000  __TI_static_base__                   
00004875  __TI_zero_init                       
0000206f  __adddf3                             
0000314f  __addsf3                             
00004f00  __aeabi_ctype_table_                 
00004f00  __aeabi_ctype_table_C                
00003a31  __aeabi_d2f                          
00004135  __aeabi_d2iz                         
0000206f  __aeabi_dadd                         
00003cb5  __aeabi_dcmpeq                       
00003cf1  __aeabi_dcmpge                       
00003d05  __aeabi_dcmpgt                       
00003cdd  __aeabi_dcmple                       
00003cc9  __aeabi_dcmplt                       
00002ac9  __aeabi_ddiv                         
00002ead  __aeabi_dmul                         
00002065  __aeabi_dsub                         
20200650  __aeabi_errno                        
000048e5  __aeabi_errno_addr                   
000042d1  __aeabi_f2d                          
000044ed  __aeabi_f2iz                         
0000314f  __aeabi_fadd                         
00003d19  __aeabi_fcmpeq                       
00003d55  __aeabi_fcmpge                       
00003d69  __aeabi_fcmpgt                       
00003d41  __aeabi_fcmple                       
00003d2d  __aeabi_fcmplt                       
000037bd  __aeabi_fdiv                         
00003731  __aeabi_fmul                         
00003145  __aeabi_fsub                         
000045ed  __aeabi_i2d                          
00004351  __aeabi_i2f                          
00003f45  __aeabi_idiv                         
000021f7  __aeabi_idiv0                        
00003f45  __aeabi_idivmod                      
0000383f  __aeabi_ldiv0                        
000046dd  __aeabi_llsl                         
00004695  __aeabi_lmul                         
000048a1  __aeabi_memclr                       
000048a1  __aeabi_memclr4                      
000048a1  __aeabi_memclr8                      
000048ed  __aeabi_memcpy                       
000048ed  __aeabi_memcpy4                      
000048ed  __aeabi_memcpy8                      
00004885  __aeabi_memset                       
00004885  __aeabi_memset4                      
00004885  __aeabi_memset8                      
00004291  __aeabi_uidiv                        
00004291  __aeabi_uidivmod                     
000047f9  __aeabi_uldivmod                     
000046dd  __ashldi3                            
ffffffff  __binit__                            
00003b7d  __cmpdf2                             
00004405  __cmpsf2                             
00002ac9  __divdf3                             
000037bd  __divsf3                             
00003b7d  __eqdf2                              
00004405  __eqsf2                              
000042d1  __extendsfdf2                        
00004135  __fixdfsi                            
000044ed  __fixsfsi                            
000045ed  __floatsidf                          
00004351  __floatsisf                          
000039b5  __gedf2                              
0000438d  __gesf2                              
000039b5  __gtdf2                              
0000438d  __gtsf2                              
00003b7d  __ledf2                              
00004405  __lesf2                              
00003b7d  __ltdf2                              
00004405  __ltsf2                              
UNDEFED   __mpu_init                           
00002ead  __muldf3                             
00004695  __muldi3                             
00004441  __muldsi3                            
00003731  __mulsf3                             
00003b7d  __nedf2                              
00004405  __nesf2                              
20207e00  __stack                              
20200000  __start___llvm_prf_bits              
20200000  __start___llvm_prf_cnts              
20200000  __stop___llvm_prf_bits               
20200000  __stop___llvm_prf_cnts               
00002065  __subdf3                             
00003145  __subsf3                             
00003a31  __truncdfsf2                         
00003399  __udivmoddi4                         
0000466d  _c_int00_noargs                      
UNDEFED   _system_post_cinit                   
00004909  _system_pre_init                     
000048fb  abort                                
00004311  atoi                                 
ffffffff  binit                                
00004855  buzz_Init                            
2020065c  count                                
20200654  count2                               
20200658  count3                               
0000420d  detect_line                          
20200674  encoder_Left_Count                   
20200676  encoder_Right_Count                  
00003841  encoder_Update                       
00003e39  frexp                                
00003e39  frexpl                               
20200000  gPWM_MOTORBackup                     
202000bc  gTIMER_0Backup                       
2020067c  g_Angle_Flag                         
2020067d  g_Gostraght                          
2020067e  g_Line_Flag                          
2020067f  g_Spin_Start_Flag                    
20200680  g_Stop_Flag                          
20200681  g_Straight_Flag                      
202005f0  g_ftarget_journey                    
20200682  g_is_motor1_enabled                  
20200683  g_is_motor2_enabled                  
20200660  g_line_num                           
202005f8  g_line_outval                        
20200600  g_location1_outval                   
20200608  g_location2_outval                   
20200684  g_location_control_count             
20200610  g_motor1_journey_cm                  
20200664  g_motor1_pwm                         
20200618  g_motor2_journey_cm                  
20200668  g_motor2_pwm                         
202005b8  g_oledstring                         
20200178  g_pid_line                           
20200200  g_pid_location1                      
20200288  g_pid_location2                      
20200310  g_pid_speed1                         
20200398  g_pid_speed2                         
20200420  g_pid_straight                       
202004a8  g_pid_turn_angle                     
2020066c  g_sigma_motor1pluse                  
20200670  g_sigma_motor2pluse                  
20200620  g_speed1_outval                      
20200628  g_speed2_outval                      
20200630  g_speed3_outval                      
20200638  g_speed4_outval                      
20200685  g_stop_count                         
20200686  g_turn_angle_control_count           
20200640  g_turn_outval                        
20200678  g_unittime_motor1pluse               
2020067a  g_unittime_motor2pluse               
202005ec  g_yaw_jy60                           
00000000  interruptVectors                     
0000306d  ldexp                                
0000306d  ldexpl                               
00004097  limit_abs                            
000021f9  line_err                             
20200530  line_pid                             
00003575  line_pid_Calc                        
000024ed  location_speed_control               
00001ead  main                                 
000046b9  memccpy                              
000034db  memcpy                               
00003d7b  memset                               
00004735  motor1_set_disable                   
000047b5  motor1_set_enable                    
00004751  motor2_set_disable                   
000047cd  motor2_set_enable                    
000045bd  motor_limit_pwm                      
00003be5  motor_load_pwm                       
0000393d  pid_Init                             
000048f5  pid_Set_Target                       
0000343b  pid_location_Calc                    
00002889  pid_speed_Calc                       
00001461  pid_straight_Calc                    
00002389  pid_turn_angle_Calc                  
00004619  read_pluse                           
0000306d  scalbn                               
0000306d  scalbnl                              
20200648  spin90_cm                            
00004525  sprintf                              
000029a9  turn_angle_speed_control             
20200687  uart_data                            
00004865  wcslen                               


GLOBAL SYMBOLS: SORTED BY Symbol Address 

address   name                                 
-------   ----                                 
00000000  __TI_ATRegion0_region_sz             
00000000  __TI_ATRegion0_src_addr              
00000000  __TI_ATRegion0_trg_addr              
00000000  __TI_ATRegion1_region_sz             
00000000  __TI_ATRegion1_src_addr              
00000000  __TI_ATRegion1_trg_addr              
00000000  __TI_ATRegion2_region_sz             
00000000  __TI_ATRegion2_src_addr              
00000000  __TI_ATRegion2_trg_addr              
00000000  __TI_static_base__                   
00000000  interruptVectors                     
000000c1  __TI_printfi                         
00000200  __STACK_SIZE                         
00000a91  TIMA0_IRQHandler                     
00001031  OLED_Init                            
0000145f  ADC0_IRQHandler                      
0000145f  ADC1_IRQHandler                      
0000145f  AES_IRQHandler                       
0000145f  CANFD0_IRQHandler                    
0000145f  DAC0_IRQHandler                      
0000145f  DMA_IRQHandler                       
0000145f  Default_Handler                      
0000145f  GROUP0_IRQHandler                    
0000145f  HardFault_Handler                    
0000145f  I2C0_IRQHandler                      
0000145f  I2C1_IRQHandler                      
0000145f  NMI_Handler                          
0000145f  PendSV_Handler                       
0000145f  RTC_IRQHandler                       
0000145f  SPI0_IRQHandler                      
0000145f  SPI1_IRQHandler                      
0000145f  SVC_Handler                          
0000145f  SysTick_Handler                      
0000145f  TIMA1_IRQHandler                     
0000145f  TIMG0_IRQHandler                     
0000145f  TIMG12_IRQHandler                    
0000145f  TIMG6_IRQHandler                     
0000145f  TIMG7_IRQHandler                     
0000145f  TIMG8_IRQHandler                     
0000145f  UART0_IRQHandler                     
0000145f  UART2_IRQHandler                     
0000145f  UART3_IRQHandler                     
00001461  pid_straight_Calc                    
000018c5  OLED_I2C_SendByte                    
00001acd  OLED_ShowChar                        
00001ead  main                                 
00002065  __aeabi_dsub                         
00002065  __subdf3                             
0000206f  __adddf3                             
0000206f  __aeabi_dadd                         
000021f7  __aeabi_idiv0                        
000021f9  line_err                             
00002389  pid_turn_angle_Calc                  
000024ed  location_speed_control               
00002889  pid_speed_Calc                       
000029a9  turn_angle_speed_control             
00002ac9  __aeabi_ddiv                         
00002ac9  __divdf3                             
00002bd5  DL_Timer_initFourCCPWMMode           
00002cd9  OLED_I2C_Start                       
00002dc5  DL_Timer_initTimerMode               
00002ead  __aeabi_dmul                         
00002ead  __muldf3                             
00002f91  DL_SYSCTL_configSYSPLL               
0000306d  ldexp                                
0000306d  ldexpl                               
0000306d  scalbn                               
0000306d  scalbnl                              
00003145  __aeabi_fsub                         
00003145  __subsf3                             
0000314f  __addsf3                             
0000314f  __aeabi_fadd                         
0000321d  SYSCFG_DL_GPIO_init                  
000032e1  OLED_I2C_Stop                        
00003399  __udivmoddi4                         
0000343b  pid_location_Calc                    
000034db  memcpy                               
00003575  line_pid_Calc                        
0000360d  SYSCFG_DL_UART_WIT_init              
000036a1  SYSCFG_DL_PWM_MOTOR_init             
00003731  __aeabi_fmul                         
00003731  __mulsf3                             
000037bd  __aeabi_fdiv                         
000037bd  __divsf3                             
0000383f  __aeabi_ldiv0                        
00003841  encoder_Update                       
000038c1  __TI_decompress_lzss                 
0000393d  pid_Init                             
000039b5  __gedf2                              
000039b5  __gtdf2                              
00003a29  SYSCFG_DL_DMA_init                   
00003a31  __aeabi_d2f                          
00003a31  __truncdfsf2                         
00003aa5  SYSCFG_DL_UART1_init                 
00003b15  OLED_SetCursor                       
00003b7d  __cmpdf2                             
00003b7d  __eqdf2                              
00003b7d  __ledf2                              
00003b7d  __ltdf2                              
00003b7d  __nedf2                              
00003be5  motor_load_pwm                       
00003cb5  __aeabi_dcmpeq                       
00003cc9  __aeabi_dcmplt                       
00003cdd  __aeabi_dcmple                       
00003cf1  __aeabi_dcmpge                       
00003d05  __aeabi_dcmpgt                       
00003d19  __aeabi_fcmpeq                       
00003d2d  __aeabi_fcmplt                       
00003d41  __aeabi_fcmple                       
00003d55  __aeabi_fcmpge                       
00003d69  __aeabi_fcmpgt                       
00003d7b  memset                               
00003ddd  SYSCFG_DL_SYSCTL_init                
00003e39  frexp                                
00003e39  frexpl                               
00003e95  __TI_ltoa                            
00003f45  __aeabi_idiv                         
00003f45  __aeabi_idivmod                      
00003f9b  OLED_ShowString                      
00003ff1  SYSCFG_DL_initPower                  
00004097  limit_abs                            
000040e9  DL_DMA_initChannel                   
00004135  __aeabi_d2iz                         
00004135  __fixdfsi                            
00004181  DL_UART_init                         
000041c9  DL_SYSCTL_switchMCLKfromSYSOSCtoHSCLK
0000420d  detect_line                          
00004251  SYSCFG_DL_init                       
00004291  __aeabi_uidiv                        
00004291  __aeabi_uidivmod                     
000042d1  __aeabi_f2d                          
000042d1  __extendsfdf2                        
00004311  atoi                                 
00004351  __aeabi_i2f                          
00004351  __floatsisf                          
0000438d  __gesf2                              
0000438d  __gtsf2                              
000043c9  __TI_auto_init_nobinit_nopinit       
00004405  __cmpsf2                             
00004405  __eqsf2                              
00004405  __lesf2                              
00004405  __ltsf2                              
00004405  __nesf2                              
00004441  __muldsi3                            
0000447d  SYSCFG_DL_TIMER_0_init               
000044b5  UART1_IRQHandler                     
000044ed  __aeabi_f2iz                         
000044ed  __fixsfsi                            
00004525  sprintf                              
0000455d  SYSCFG_DL_SYSTICK_init               
000045bd  motor_limit_pwm                      
000045ed  __aeabi_i2d                          
000045ed  __floatsidf                          
00004619  read_pluse                           
00004645  SYSCFG_DL_SYSCTL_CLK_init            
0000466d  _c_int00_noargs                      
00004695  __aeabi_lmul                         
00004695  __muldi3                             
000046b9  memccpy                              
000046dd  __aeabi_llsl                         
000046dd  __ashldi3                            
000046fd  DL_Timer_setCaptCompUpdateMethod     
00004719  DL_Timer_setClockConfig              
00004735  motor1_set_disable                   
00004751  motor2_set_disable                   
0000476d  DL_Timer_setCaptureCompareOutCtl     
00004785  SYSCFG_DL_DMA_WIT_init               
000047b5  motor1_set_enable                    
000047cd  motor2_set_enable                    
000047e5  GROUP1_IRQHandler                    
000047f9  __aeabi_uldivmod                     
00004821  DL_UART_setClockConfig               
00004833  __TI_decompress_none                 
00004845  DL_Timer_setCaptureCompareValue      
00004855  buzz_Init                            
00004865  wcslen                               
00004875  __TI_zero_init                       
00004885  __aeabi_memset                       
00004885  __aeabi_memset4                      
00004885  __aeabi_memset8                      
000048a1  __aeabi_memclr                       
000048a1  __aeabi_memclr4                      
000048a1  __aeabi_memclr8                      
000048ad  DL_Common_delayCycles                
000048e5  __aeabi_errno_addr                   
000048ed  __aeabi_memcpy                       
000048ed  __aeabi_memcpy4                      
000048ed  __aeabi_memcpy8                      
000048f5  pid_Set_Target                       
000048fb  abort                                
00004900  C$$EXIT                              
00004901  HOSTexit                             
00004905  Reset_Handler                        
00004909  _system_pre_init                     
00004910  OLED_F8x16                           
00004f00  __aeabi_ctype_table_                 
00004f00  __aeabi_ctype_table_C                
000050b0  __TI_Handler_Table_Base              
000050bc  __TI_Handler_Table_Limit             
000050d0  __TI_CINIT_Base                      
000050e0  __TI_CINIT_Limit                     
000050e0  __TI_CINIT_Warm                      
20200000  __start___llvm_prf_bits              
20200000  __start___llvm_prf_cnts              
20200000  __stop___llvm_prf_bits               
20200000  __stop___llvm_prf_cnts               
20200000  gPWM_MOTORBackup                     
202000bc  gTIMER_0Backup                       
20200178  g_pid_line                           
20200200  g_pid_location1                      
20200288  g_pid_location2                      
20200310  g_pid_speed1                         
20200398  g_pid_speed2                         
20200420  g_pid_straight                       
202004a8  g_pid_turn_angle                     
20200530  line_pid                             
202005b8  g_oledstring                         
202005ec  g_yaw_jy60                           
202005f0  g_ftarget_journey                    
202005f8  g_line_outval                        
20200600  g_location1_outval                   
20200608  g_location2_outval                   
20200610  g_motor1_journey_cm                  
20200618  g_motor2_journey_cm                  
20200620  g_speed1_outval                      
20200628  g_speed2_outval                      
20200630  g_speed3_outval                      
20200638  g_speed4_outval                      
20200640  g_turn_outval                        
20200648  spin90_cm                            
20200650  __aeabi_errno                        
20200654  count2                               
20200658  count3                               
2020065c  count                                
20200660  g_line_num                           
20200664  g_motor1_pwm                         
20200668  g_motor2_pwm                         
2020066c  g_sigma_motor1pluse                  
20200670  g_sigma_motor2pluse                  
20200674  encoder_Left_Count                   
20200676  encoder_Right_Count                  
20200678  g_unittime_motor1pluse               
2020067a  g_unittime_motor2pluse               
2020067c  g_Angle_Flag                         
2020067d  g_Gostraght                          
2020067e  g_Line_Flag                          
2020067f  g_Spin_Start_Flag                    
20200680  g_Stop_Flag                          
20200681  g_Straight_Flag                      
20200682  g_is_motor1_enabled                  
20200683  g_is_motor2_enabled                  
20200684  g_location_control_count             
20200685  g_stop_count                         
20200686  g_turn_angle_control_count           
20200687  uart_data                            
20207e00  __stack                              
20208000  __STACK_END                          
ffffffff  __TI_pprof_out_hndl                  
ffffffff  __TI_prof_data_size                  
ffffffff  __TI_prof_data_start                 
ffffffff  __binit__                            
ffffffff  binit                                
UNDEFED   __mpu_init                           
UNDEFED   _system_post_cinit                   

[264 symbols]
