******************************************************************************
            TI ARM Clang Linker PC v4.0.3                      
******************************************************************************
>> Linked Fri Aug  1 12:40:47 2025

OUTPUT FILE NAME:   <CAR-V2.out>
ENTRY POINT SYMBOL: "_c_int00_noargs"  address: 00005ccd


MEMORY CONFIGURATION

         name            origin    length      used     unused   attr    fill
----------------------  --------  ---------  --------  --------  ----  --------
  FLASH                 00000000   00020000  00007b30  000184d0  R  X
  SRAM                  20200000   00008000  00000ca5  0000735b  RW X
  BCR_CONFIG            41c00000   000000ff  00000000  000000ff  R   
  BSL_CONFIG            41c00100   00000080  00000000  00000080  R   


SEGMENT ALLOCATION MAP

run origin  load origin   length   init length attrs members
----------  ----------- ---------- ----------- ----- -------
00000000    00000000    00007b30   00007b30    r-x
  00000000    00000000    000000c0   000000c0    r-- .intvecs
  000000c0    000000c0    00005e90   00005e90    r-x .text
  00005f50    00005f50    00001bb0   00001bb0    r-- .rodata
  00007b00    00007b00    00000030   00000030    r-- .cinit
20200000    20200000    00000aa5   00000000    rw-
  20200000    20200000    00000a10   00000000    rw- .bss
  20200a10    20200a10    00000095   00000000    rw- .data
20207e00    20207e00    00000200   00000000    rw-
  20207e00    20207e00    00000200   00000000    rw- .stack


SECTION ALLOCATION MAP

 output                                  attributes/
section   page    origin      length       input sections
--------  ----  ----------  ----------   ----------------
.intvecs   0    00000000    000000c0     
                  00000000    000000c0     startup_mspm0g350x_ticlang.o (.intvecs)

.text      0    000000c0    00005e90     
                  000000c0    00000b8c     oled.o (.text.OLED_Init)
                  00000c4c    00000a90     oled.o (.text.OLED_Clear)
                  000016dc    000009d0     libc.a : _printfi.c.obj (.text:__TI_printfi)
                  000020ac    000004f4     control.o (.text.TIMA1_IRQHandler)
                  000025a0    00000394     oled.o (.text.OLED_WR_Byte)
                  00002934    00000340     oled.o (.text.OLED_Refresh)
                  00002c74    0000029c     main.o (.text.main)
                  00002f10    00000270     oled.o (.text.OLED_ShowChar)
                  00003180    00000220     libc.a : _printfi.c.obj (.text._pconv_a)
                  000033a0    000001dc            : _printfi.c.obj (.text._pconv_g)
                  0000357c    00000192     libclang_rt.builtins.a : adddf3.S.obj (.text.adddf3_subdf3)
                  0000370e    00000002     startup_mspm0g350x_ticlang.o (.text.Default_Handler)
                  00003710    00000190     line.o (.text.line_err)
                  000038a0    00000168     control.o (.text.location_speed_control)
                  00003a08    00000164     pid.o (.text.pid_turn_angle_Calc)
                  00003b6c    0000013c     libc.a : _printfi.c.obj (.text.fcvt)
                  00003ca8    0000012c     line.o (.text.pid_line_Calc)
                  00003dd4    0000012c     pid.o (.text.pid_speed_Calc)
                  00003f00    00000120     libc.a : _printfi.c.obj (.text._pconv_e)
                  00004020    00000120     control.o (.text.turn_angle_speed_control)
                  00004140    0000010c     libclang_rt.builtins.a : divdf3.S.obj (.text.__divdf3)
                  0000424c    00000104     driverlib.a : dl_timer.o (.text.DL_Timer_initFourCCPWMMode)
                  00004350    000000f0     pid.o (.text.pid_location_Calc)
                  00004440    000000ec     ti_msp_dl_config.o (.text.SYSCFG_DL_GPIO_init)
                  0000452c    000000e8     driverlib.a : dl_timer.o (.text.DL_Timer_initTimerMode)
                  00004614    000000e4     libclang_rt.builtins.a : muldf3.S.obj (.text.__muldf3)
                  000046f8    000000dc     driverlib.a : dl_sysctl_mspm0g1x0x_g3x0x.o (.text.DL_SYSCTL_configSYSPLL)
                  000047d4    000000d8     libc.a : s_scalbn.c.obj (.text.scalbn)
                  000048ac    000000d8     libclang_rt.builtins.a : addsf3.S.obj (.text)
                  00004984    000000c4     smooth.o (.text.smooth_target)
                  00004a48    000000ac     control.o (.text.car_go_line)
                  00004af4    000000a8     encoder.o (.text.GROUP1_IRQHandler)
                  00004b9c    000000a2     libclang_rt.builtins.a : udivmoddi4.S.obj (.text)
                  00004c3e    0000009a     libc.a : memcpy16.S.obj (.text:memcpy)
                  00004cd8    0000008c     oled.o (.text.OLED_ShowString)
                  00004d64    0000008c     ti_msp_dl_config.o (.text.SYSCFG_DL_PWM_MOTOR_init)
                  00004df0    0000008c     libclang_rt.builtins.a : mulsf3.S.obj (.text.__mulsf3)
                  00004e7c    00000082                            : divsf3.S.obj (.text.__divsf3)
                  00004efe    00000002                            : aeabi_div0.c.obj (.text.__aeabi_idiv0)
                  00004f00    0000007c     libc.a : copy_decompress_lzss.c.obj (.text:decompress:lzss)
                  00004f7c    00000076     pid.o (.text.pid_Init)
                  00004ff2    00000002     libclang_rt.builtins.a : aeabi_div0.c.obj (.text.__aeabi_ldiv0)
                  00004ff4    00000074     ti_msp_dl_config.o (.text.SYSCFG_DL_UART1_init)
                  00005068    00000074     libclang_rt.builtins.a : comparedf2.c.obj (.text.__gedf2)
                  000050dc    00000068                            : comparedf2.c.obj (.text.__ledf2)
                  00005144    00000066     libc.a : _printfi.c.obj (.text._mcpy)
                  000051aa    00000002     --HOLE-- [fill = 0]
                  000051ac    00000064     ti_msp_dl_config.o (.text.SYSCFG_DL_SYSCTL_init)
                  00005210    00000064     motor.o (.text.motor_load_pwm)
                  00005274    00000062     libclang_rt.builtins.a : aeabi_dcmp.S.obj (.text.__aeabi_dcmp)
                  000052d6    00000002     --HOLE-- [fill = 0]
                  000052d8    00000062                            : aeabi_fcmp.S.obj (.text.__aeabi_fcmp)
                  0000533a    00000062     libc.a : memset16.S.obj (.text:memset)
                  0000539c    00000060     ti_msp_dl_config.o (.text.SYSCFG_DL_UART0_init)
                  000053fc    00000060     smooth.o (.text.soft_start)
                  0000545c    0000005c     libc.a : s_frexp.c.obj (.text.frexp)
                  000054b8    00000058            : _ltoa.c.obj (.text.__TI_ltoa)
                  00005510    00000058            : _printfi.c.obj (.text._pconv_f)
                  00005568    00000056     libclang_rt.builtins.a : aeabi_idivmod.S.obj (.text.__aeabi_idivmod)
                  000055be    00000002     --HOLE-- [fill = 0]
                  000055c0    00000054     ti_msp_dl_config.o (.text.SYSCFG_DL_initPower)
                  00005614    00000052     libc.a : _printfi.c.obj (.text._ecpy)
                  00005666    00000050     pid.o (.text.limit_abs)
                  000056b6    00000002     --HOLE-- [fill = 0]
                  000056b8    0000004c     smooth.o (.text.filter_speed)
                  00005704    0000004a     libclang_rt.builtins.a : fixdfsi.S.obj (.text.__fixdfsi)
                  0000574e    00000002     --HOLE-- [fill = 0]
                  00005750    00000048     driverlib.a : dl_uart.o (.text.DL_UART_init)
                  00005798    00000048     ti_msp_dl_config.o (.text.SYSCFG_DL_TIMER_0_init)
                  000057e0    00000048     line.o (.text.detect_line)
                  00005828    00000048     line.o (.text.line_init)
                  00005870    00000044     driverlib.a : dl_sysctl_mspm0g1x0x_g3x0x.o (.text.DL_SYSCTL_switchMCLKfromSYSOSCtoHSCLK)
                  000058b4    00000040     libclang_rt.builtins.a : aeabi_uidivmod.S.obj (.text.__aeabi_uidivmod)
                  000058f4    00000040                            : extendsfdf2.S.obj (.text.__extendsfdf2)
                  00005934    00000040     libc.a : atoi.c.obj (.text.atoi)
                  00005974    0000003c     delay.o (.text.Delay_us)
                  000059b0    0000003c     libclang_rt.builtins.a : floatsisf.S.obj (.text.__floatsisf)
                  000059ec    0000003c                            : comparesf2.S.obj (.text.__gtsf2)
                  00005a28    0000003c     libc.a : autoinit.c.obj (.text:__TI_auto_init_nobinit_nopinit)
                  00005a64    0000003a     libclang_rt.builtins.a : comparesf2.S.obj (.text.__eqsf2)
                  00005a9e    00000002     --HOLE-- [fill = 0]
                  00005aa0    0000003a                            : muldsi3.S.obj (.text.__muldsi3)
                  00005ada    00000002     --HOLE-- [fill = 0]
                  00005adc    00000038     uart.o (.text.UART0_IRQHandler)
                  00005b14    00000038     libclang_rt.builtins.a : fixsfsi.S.obj (.text.__fixsfsi)
                  00005b4c    00000038     motor.o (.text.motor1_set_disable)
                  00005b84    00000038     libc.a : sprintf.c.obj (.text.sprintf)
                  00005bbc    00000034     ti_msp_dl_config.o (.text.SYSCFG_DL_init)
                  00005bf0    00000030     libc.a : _printfi.c.obj (.text._fcpy)
                  00005c20    00000030     motor.o (.text.motor_limit_pwm)
                  00005c50    0000002c     libclang_rt.builtins.a : floatsidf.S.obj (.text.__floatsidf)
                  00005c7c    00000028     ti_msp_dl_config.o (.text.SYSCFG_DL_SYSCTL_CLK_init)
                  00005ca4    00000028     motor.o (.text.motor2_set_disable)
                  00005ccc    00000028     libc.a : boot_cortex_m.c.obj (.text:_c_int00_noargs)
                  00005cf4    00000024     libclang_rt.builtins.a : muldi3.S.obj (.text.__muldi3)
                  00005d18    00000022     libc.a : memccpy.c.obj (.text.memccpy)
                  00005d3a    00000002     --HOLE-- [fill = 0]
                  00005d3c    00000020     ti_msp_dl_config.o (.text.SYSCFG_DL_SYSTICK_init)
                  00005d5c    0000001e     libclang_rt.builtins.a : ashldi3.S.obj (.text.__ashldi3)
                  00005d7a    00000002     --HOLE-- [fill = 0]
                  00005d7c    0000001c     driverlib.a : dl_timer.o (.text.DL_Timer_setCaptCompUpdateMethod)
                  00005d98    0000001c                 : dl_timer.o (.text.DL_Timer_setClockConfig)
                  00005db4    00000018                 : dl_timer.o (.text.DL_Timer_setCaptureCompareOutCtl)
                  00005dcc    00000018     libc.a : sprintf.c.obj (.text._outs)
                  00005de4    00000018     motor.o (.text.motor1_set_enable)
                  00005dfc    00000018     motor.o (.text.motor2_set_enable)
                  00005e14    00000014     libclang_rt.builtins.a : aeabi_uldivmod.S.obj (.text.__aeabi_uldivmod)
                  00005e28    00000014     encoder.o (.text.read_encoder_left)
                  00005e3c    00000014     encoder.o (.text.read_encoder_right)
                  00005e50    00000014     libc.a : _printfi.c.obj (.text.strchr)
                  00005e64    00000012     driverlib.a : dl_uart.o (.text.DL_UART_setClockConfig)
                  00005e76    00000012     libc.a : copy_decompress_none.c.obj (.text:decompress:none)
                  00005e88    00000010     driverlib.a : dl_timer.o (.text.DL_Timer_setCaptureCompareValue)
                  00005e98    00000010     libc.a : wcslen.c.obj (.text.wcslen)
                  00005ea8    00000010            : copy_zero_init.c.obj (.text:decompress:ZI)
                  00005eb8    0000000e     libclang_rt.builtins.a : aeabi_memset.S.obj (.text.__aeabi_memset)
                  00005ec6    0000000e     libc.a : _printfi.c.obj (.text.strlen)
                  00005ed4    0000000c     libclang_rt.builtins.a : aeabi_memset.S.obj (.text.__aeabi_memclr)
                  00005ee0    0000000c     buzz.o (.text.buzz_Init)
                  00005eec    0000000a     driverlib.a : dl_common.o (.text.DL_Common_delayCycles)
                  00005ef6    0000000a     libc.a : _printfi.c.obj (.text.OUTLINED_FUNCTION_0)
                  00005f00    00000010     libclang_rt.builtins.a : adddf3.S.obj (.tramp.__aeabi_dsub.1)
                  00005f10    0000000a     libc.a : _printfi.c.obj (.text.OUTLINED_FUNCTION_1)
                  00005f1a    0000000a            : sprintf.c.obj (.text._outc)
                  00005f24    00000008            : aeabi_portable.c.obj (.text.__aeabi_errno_addr)
                  00005f2c    00000008     libclang_rt.builtins.a : aeabi_memcpy.S.obj (.text.__aeabi_memcpy)
                  00005f34    00000006     pid.o (.text.pid_Set_Target)
                  00005f3a    00000006     libc.a : exit.c.obj (.text:abort)
                  00005f40    00000004     libsysbm.a : hostexit.c.obj (.text.HOSTexit)
                  00005f44    00000004     startup_mspm0g350x_ticlang.o (.text.Reset_Handler)
                  00005f48    00000004     libc.a : pre_init.c.obj (.text._system_pre_init)
                  00005f4c    00000004     --HOLE-- [fill = 0]

.cinit     0    00007b00    00000030     
                  00007b00    0000000c     (__TI_handler_table)
                  00007b0c    00000009     (.cinit..data.load) [load image, compression = lzss]
                  00007b15    00000003     --HOLE-- [fill = 0]
                  00007b18    00000008     (.cinit..bss.load) [load image, compression = zero_init]
                  00007b20    00000010     (__TI_cinit_table)

.rodata    0    00005f50    00001bb0     
                  00005f50    00000d5c     oled.o (.rodata.asc2_2412)
                  00006cac    000005f0     oled.o (.rodata.asc2_1608)
                  0000729c    00000474     oled.o (.rodata.asc2_1206)
                  00007710    00000228     oled.o (.rodata.asc2_0806)
                  00007938    00000008     ti_msp_dl_config.o (.rodata.gPWM_MOTORConfig)
                  00007940    00000101     libc.a : aeabi_ctype.S.obj (.rodata:__aeabi_ctype_table_)
                  00007a41    00000003     ti_msp_dl_config.o (.rodata.gPWM_MOTORClockConfig)
                  00007a44    00000028     ti_msp_dl_config.o (.rodata.gSYSPLLConfig)
                  00007a6c    00000017     main.o (.rodata.str1.15159059442110792349.1)
                  00007a83    00000001     --HOLE-- [fill = 0]
                  00007a84    00000014     ti_msp_dl_config.o (.rodata.gTIMER_0TimerConfig)
                  00007a98    00000011     libc.a : _printfi.c.obj (.rodata.str1.10348868589481759720.1)
                  00007aa9    00000011            : _printfi.c.obj (.rodata.str1.15363888844622738466.1)
                  00007aba    00000011     main.o (.rodata.str1.17100691992556644108.1)
                  00007acb    00000010     main.o (.rodata.str1.18227636981041470289.1)
                  00007adb    00000001     --HOLE-- [fill = 0]
                  00007adc    0000000a     ti_msp_dl_config.o (.rodata.gUART0Config)
                  00007ae6    0000000a     ti_msp_dl_config.o (.rodata.gUART1Config)
                  00007af0    00000008     main.o (.rodata.str1.8154729771448623357.1)
                  00007af8    00000003     ti_msp_dl_config.o (.rodata.gTIMER_0ClockConfig)
                  00007afb    00000002     ti_msp_dl_config.o (.rodata.gUART0ClockConfig)
                  00007afd    00000002     ti_msp_dl_config.o (.rodata.gUART1ClockConfig)
                  00007aff    00000001     --HOLE-- [fill = 0]

.init_array 
*          0    00000000    00000000     UNINITIALIZED

.binit     0    00000000    00000000     

.bss       0    20200000    00000a10     UNINITIALIZED
                  20200000    00000480     (.common:OLED_GRAM)
                  20200480    000000bc     (.common:gTIMER_0Backup)
                  2020053c    00000004     (.common:g_yaw_jy60)
                  20200540    000000b0     (.common:g_pid_line)
                  202005f0    000000b0     (.common:g_pid_location1)
                  202006a0    000000b0     (.common:g_pid_location2)
                  20200750    000000b0     (.common:g_pid_speed1)
                  20200800    000000b0     (.common:g_pid_speed2)
                  202008b0    000000b0     (.common:g_pid_straight)
                  20200960    000000b0     (.common:g_pid_turn_angle)

.data      0    20200a10    00000095     UNINITIALIZED
                  20200a10    00000008     control.o (.data.g_ftarget_journey)
                  20200a18    00000008     control.o (.data.g_line_outval)
                  20200a20    00000008     control.o (.data.g_location1_outval)
                  20200a28    00000008     control.o (.data.g_location2_outval)
                  20200a30    00000008     control.o (.data.g_motor1_journey_cm)
                  20200a38    00000008     control.o (.data.g_motor2_journey_cm)
                  20200a40    00000008     control.o (.data.g_speed1_outval)
                  20200a48    00000008     control.o (.data.g_speed2_outval)
                  20200a50    00000008     control.o (.data.g_speed3_outval)
                  20200a58    00000008     control.o (.data.g_speed4_outval)
                  20200a60    00000008     control.o (.data.g_turn_outval)
                  20200a68    00000004     libc.a : aeabi_portable.c.obj (.data.__aeabi_errno)
                  20200a6c    00000004     encoder.o (.data._encoder_l_count)
                  20200a70    00000004     encoder.o (.data._encoder_r_count)
                  20200a74    00000004     main.o (.data.circle_num)
                  20200a78    00000004     control.o (.data.count2)
                  20200a7c    00000004     main.o (.data.count)
                  20200a80    00000004     control.o (.data.g_line_num)
                  20200a84    00000004     control.o (.data.g_motor1_pwm)
                  20200a88    00000004     control.o (.data.g_motor2_pwm)
                  20200a8c    00000004     control.o (.data.g_sigma_motor1pluse)
                  20200a90    00000004     control.o (.data.g_sigma_motor2pluse)
                  20200a94    00000002     control.o (.data.g_unittime_motor1pluse)
                  20200a96    00000002     control.o (.data.g_unittime_motor2pluse)
                  20200a98    00000001     control.o (.data.g_Angle_Flag)
                  20200a99    00000001     control.o (.data.g_Gostraght)
                  20200a9a    00000001     control.o (.data.g_Line_Flag)
                  20200a9b    00000001     control.o (.data.g_Spin_Start_Flag)
                  20200a9c    00000001     control.o (.data.g_Spin_Succeed_Flag)
                  20200a9d    00000001     control.o (.data.g_Stop_Flag)
                  20200a9e    00000001     control.o (.data.g_Straight_Flag)
                  20200a9f    00000001     motor.o (.data.g_is_motor1_enabled)
                  20200aa0    00000001     motor.o (.data.g_is_motor2_enabled)
                  20200aa1    00000001     control.o (.data.g_location_control_count)
                  20200aa2    00000001     control.o (.data.g_stop_count)
                  20200aa3    00000001     control.o (.data.g_turn_angle_control_count)
                  20200aa4    00000001     uart.o (.data.uart_data)

.stack     0    20207e00    00000200     UNINITIALIZED
                  20207e00    00000004     libc.a : boot_cortex_m.c.obj (.stack)
                  20207e04    000001fc     --HOLE--

__llvm_prf_cnts 
*          0    20200000    00000000     UNINITIALIZED

__llvm_prf_bits 
*          0    20200000    00000000     UNINITIALIZED

MODULE SUMMARY

       Module                         code    ro data   rw data
       ------                         ----    -------   -------
    .\
       ti_msp_dl_config.o             968     98        188    
       main.o                         668     64        8      
       startup_mspm0g350x_ticlang.o   6       192       0      
    +--+------------------------------+-------+---------+---------+
       Total:                         1642    354       196    
                                                               
    .\Hardware\buzz\
       buzz.o                         12      0         0      
    +--+------------------------------+-------+---------+---------+
       Total:                         12      0         0      
                                                               
    .\Hardware\control\
       control.o                      2088    0         126    
    +--+------------------------------+-------+---------+---------+
       Total:                         2088    0         126    
                                                               
    .\Hardware\delay\
       delay.o                        60      0         0      
    +--+------------------------------+-------+---------+---------+
       Total:                         60      0         0      
                                                               
    .\Hardware\encoder\
       encoder.o                      208     0         8      
    +--+------------------------------+-------+---------+---------+
       Total:                         208     0         8      
                                                               
    .\Hardware\jy60\
       jy60.o                         0       0         4      
    +--+------------------------------+-------+---------+---------+
       Total:                         0       0         4      
                                                               
    .\Hardware\line\
       line.o                         844     0         0      
    +--+------------------------------+-------+---------+---------+
       Total:                         844     0         0      
                                                               
    .\Hardware\motor\
       motor.o                        292     0         2      
    +--+------------------------------+-------+---------+---------+
       Total:                         292     0         2      
                                                               
    .\Hardware\oled\
       oled.o                         8172    6632      1152   
    +--+------------------------------+-------+---------+---------+
       Total:                         8172    6632      1152   
                                                               
    .\Hardware\pid\
       pid.o                          1100    0         1232   
       smooth.o                       368     0         0      
    +--+------------------------------+-------+---------+---------+
       Total:                         1468    0         1232   
                                                               
    .\Hardware\uart\
       uart.o                         56      0         1      
    +--+------------------------------+-------+---------+---------+
       Total:                         56      0         1      
                                                               
    C:/ti/mspm0_sdk_2_05_00_05/source/ti/driverlib/lib/ticlang/m0p/mspm0g1x0x_g3x0x/driverlib.a
       dl_timer.o                     588     0         0      
       dl_sysctl_mspm0g1x0x_g3x0x.o   288     0         0      
       dl_uart.o                      90      0         0      
       dl_common.o                    10      0         0      
    +--+------------------------------+-------+---------+---------+
       Total:                         976     0         0      
                                                               
    C:\ti\ccs2020\ccs\tools\compiler\ti-cgt-armllvm_4.0.3.LTS\lib\armv6m-ti-none-eabi/c/libc.a
       _printfi.c.obj                 4510    34        0      
       aeabi_ctype.S.obj              0       257       0      
       s_scalbn.c.obj                 216     0         0      
       memcpy16.S.obj                 154     0         0      
       copy_decompress_lzss.c.obj     124     0         0      
       memset16.S.obj                 98      0         0      
       s_frexp.c.obj                  92      0         0      
       sprintf.c.obj                  90      0         0      
       _ltoa.c.obj                    88      0         0      
       atoi.c.obj                     64      0         0      
       autoinit.c.obj                 60      0         0      
       boot_cortex_m.c.obj            40      0         0      
       memccpy.c.obj                  34      0         0      
       copy_decompress_none.c.obj     18      0         0      
       copy_zero_init.c.obj           16      0         0      
       wcslen.c.obj                   16      0         0      
       aeabi_portable.c.obj           8       0         4      
       exit.c.obj                     6       0         0      
       pre_init.c.obj                 4       0         0      
    +--+------------------------------+-------+---------+---------+
       Total:                         5638    291       4      
                                                               
    C:\ti\ccs2020\ccs\tools\compiler\ti-cgt-armllvm_4.0.3.LTS\lib\armv6m-ti-none-eabi/c/libsysbm.a
       hostexit.c.obj                 4       0         0      
    +--+------------------------------+-------+---------+---------+
       Total:                         4       0         0      
                                                               
    C:\ti\ccs2020\ccs\tools\compiler\ti-cgt-armllvm_4.0.3.LTS\lib\armv6m-ti-none-eabi/libclang_rt.builtins.a
       adddf3.S.obj                   418     0         0      
       divdf3.S.obj                   268     0         0      
       muldf3.S.obj                   228     0         0      
       comparedf2.c.obj               220     0         0      
       addsf3.S.obj                   216     0         0      
       udivmoddi4.S.obj               162     0         0      
       mulsf3.S.obj                   140     0         0      
       divsf3.S.obj                   130     0         0      
       comparesf2.S.obj               118     0         0      
       aeabi_dcmp.S.obj               98      0         0      
       aeabi_fcmp.S.obj               98      0         0      
       aeabi_idivmod.S.obj            86      0         0      
       fixdfsi.S.obj                  74      0         0      
       aeabi_uidivmod.S.obj           64      0         0      
       extendsfdf2.S.obj              64      0         0      
       floatsisf.S.obj                60      0         0      
       muldsi3.S.obj                  58      0         0      
       fixsfsi.S.obj                  56      0         0      
       floatsidf.S.obj                44      0         0      
       muldi3.S.obj                   36      0         0      
       ashldi3.S.obj                  30      0         0      
       aeabi_memset.S.obj             26      0         0      
       aeabi_uldivmod.S.obj           20      0         0      
       aeabi_memcpy.S.obj             8       0         0      
       aeabi_div0.c.obj               4       0         0      
    +--+------------------------------+-------+---------+---------+
       Total:                         2726    0         0      
                                                               
       Stack:                         0       0         512    
       Linker Generated:              0       45        0      
    +--+------------------------------+-------+---------+---------+
       Grand Total:                   24186   7322      3237   


LINKER GENERATED COPY TABLES

__TI_cinit_table @ 00007b20 records: 2, size/record: 8, table size: 16
	.data: load addr=00007b0c, load size=00000009 bytes, run addr=20200a10, run size=00000095 bytes, compression=lzss
	.bss: load addr=00007b18, load size=00000008 bytes, run addr=20200000, run size=00000a10 bytes, compression=zero_init


LINKER GENERATED HANDLER TABLE

__TI_handler_table @ 00007b00 records: 3, size/record: 4, table size: 12
	index: 0, handler: __TI_decompress_lzss
	index: 1, handler: __TI_decompress_none
	index: 2, handler: __TI_zero_init


FAR CALL TRAMPOLINES

callee name               trampoline name
   callee addr  tramp addr   call addr  call info
--------------  -----------  ---------  ----------------
__aeabi_dsub              $Tramp$TT$L$PI$$__aeabi_dsub
   0000357d     00005f00     00005efe   libc.a : _printfi.c.obj (.text.OUTLINED_FUNCTION_0)

[1 trampolines]
[1 trampoline calls]


GLOBAL SYMBOLS: SORTED ALPHABETICALLY BY Name 

address   name                                 
-------   ----                                 
0000370f  ADC0_IRQHandler                      
0000370f  ADC1_IRQHandler                      
0000370f  AES_IRQHandler                       
00005f40  C$$EXIT                              
0000370f  CANFD0_IRQHandler                    
0000370f  DAC0_IRQHandler                      
00005eed  DL_Common_delayCycles                
000046f9  DL_SYSCTL_configSYSPLL               
00005871  DL_SYSCTL_switchMCLKfromSYSOSCtoHSCLK
0000424d  DL_Timer_initFourCCPWMMode           
0000452d  DL_Timer_initTimerMode               
00005d7d  DL_Timer_setCaptCompUpdateMethod     
00005db5  DL_Timer_setCaptureCompareOutCtl     
00005e89  DL_Timer_setCaptureCompareValue      
00005d99  DL_Timer_setClockConfig              
00005751  DL_UART_init                         
00005e65  DL_UART_setClockConfig               
0000370f  DMA_IRQHandler                       
0000370f  Default_Handler                      
00005975  Delay_us                             
0000370f  GROUP0_IRQHandler                    
00004af5  GROUP1_IRQHandler                    
00005f41  HOSTexit                             
0000370f  HardFault_Handler                    
0000370f  I2C0_IRQHandler                      
0000370f  I2C1_IRQHandler                      
0000370f  NMI_Handler                          
00000c4d  OLED_Clear                           
20200000  OLED_GRAM                            
000000c1  OLED_Init                            
00002935  OLED_Refresh                         
00002f11  OLED_ShowChar                        
00004cd9  OLED_ShowString                      
000025a1  OLED_WR_Byte                         
0000370f  PendSV_Handler                       
0000370f  RTC_IRQHandler                       
00005f45  Reset_Handler                        
0000370f  SPI0_IRQHandler                      
0000370f  SPI1_IRQHandler                      
0000370f  SVC_Handler                          
00004441  SYSCFG_DL_GPIO_init                  
00004d65  SYSCFG_DL_PWM_MOTOR_init             
00005c7d  SYSCFG_DL_SYSCTL_CLK_init            
000051ad  SYSCFG_DL_SYSCTL_init                
00005d3d  SYSCFG_DL_SYSTICK_init               
00005799  SYSCFG_DL_TIMER_0_init               
0000539d  SYSCFG_DL_UART0_init                 
00004ff5  SYSCFG_DL_UART1_init                 
00005bbd  SYSCFG_DL_init                       
000055c1  SYSCFG_DL_initPower                  
0000370f  SysTick_Handler                      
0000370f  TIMA0_IRQHandler                     
000020ad  TIMA1_IRQHandler                     
0000370f  TIMG0_IRQHandler                     
0000370f  TIMG12_IRQHandler                    
0000370f  TIMG6_IRQHandler                     
0000370f  TIMG7_IRQHandler                     
0000370f  TIMG8_IRQHandler                     
00005add  UART0_IRQHandler                     
0000370f  UART1_IRQHandler                     
0000370f  UART2_IRQHandler                     
0000370f  UART3_IRQHandler                     
20208000  __STACK_END                          
00000200  __STACK_SIZE                         
00000000  __TI_ATRegion0_region_sz             
00000000  __TI_ATRegion0_src_addr              
00000000  __TI_ATRegion0_trg_addr              
00000000  __TI_ATRegion1_region_sz             
00000000  __TI_ATRegion1_src_addr              
00000000  __TI_ATRegion1_trg_addr              
00000000  __TI_ATRegion2_region_sz             
00000000  __TI_ATRegion2_src_addr              
00000000  __TI_ATRegion2_trg_addr              
00007b20  __TI_CINIT_Base                      
00007b30  __TI_CINIT_Limit                     
00007b30  __TI_CINIT_Warm                      
00007b00  __TI_Handler_Table_Base              
00007b0c  __TI_Handler_Table_Limit             
00005a29  __TI_auto_init_nobinit_nopinit       
00004f01  __TI_decompress_lzss                 
00005e77  __TI_decompress_none                 
000054b9  __TI_ltoa                            
ffffffff  __TI_pprof_out_hndl                  
000016dd  __TI_printfi                         
ffffffff  __TI_prof_data_size                  
ffffffff  __TI_prof_data_start                 
00000000  __TI_static_base__                   
00005ea9  __TI_zero_init                       
00003587  __adddf3                             
000048b7  __addsf3                             
00007940  __aeabi_ctype_table_                 
00007940  __aeabi_ctype_table_C                
00005705  __aeabi_d2iz                         
00003587  __aeabi_dadd                         
00005275  __aeabi_dcmpeq                       
000052b1  __aeabi_dcmpge                       
000052c5  __aeabi_dcmpgt                       
0000529d  __aeabi_dcmple                       
00005289  __aeabi_dcmplt                       
00004141  __aeabi_ddiv                         
00004615  __aeabi_dmul                         
0000357d  __aeabi_dsub                         
20200a68  __aeabi_errno                        
00005f25  __aeabi_errno_addr                   
000058f5  __aeabi_f2d                          
00005b15  __aeabi_f2iz                         
000048b7  __aeabi_fadd                         
000052d9  __aeabi_fcmpeq                       
00005315  __aeabi_fcmpge                       
00005329  __aeabi_fcmpgt                       
00005301  __aeabi_fcmple                       
000052ed  __aeabi_fcmplt                       
00004e7d  __aeabi_fdiv                         
00004df1  __aeabi_fmul                         
000048ad  __aeabi_fsub                         
00005c51  __aeabi_i2d                          
000059b1  __aeabi_i2f                          
00005569  __aeabi_idiv                         
00004eff  __aeabi_idiv0                        
00005569  __aeabi_idivmod                      
00004ff3  __aeabi_ldiv0                        
00005d5d  __aeabi_llsl                         
00005cf5  __aeabi_lmul                         
00005ed5  __aeabi_memclr                       
00005ed5  __aeabi_memclr4                      
00005ed5  __aeabi_memclr8                      
00005f2d  __aeabi_memcpy                       
00005f2d  __aeabi_memcpy4                      
00005f2d  __aeabi_memcpy8                      
00005eb9  __aeabi_memset                       
00005eb9  __aeabi_memset4                      
00005eb9  __aeabi_memset8                      
000058b5  __aeabi_uidiv                        
000058b5  __aeabi_uidivmod                     
00005e15  __aeabi_uldivmod                     
00005d5d  __ashldi3                            
ffffffff  __binit__                            
000050dd  __cmpdf2                             
00005a65  __cmpsf2                             
00004141  __divdf3                             
00004e7d  __divsf3                             
000050dd  __eqdf2                              
00005a65  __eqsf2                              
000058f5  __extendsfdf2                        
00005705  __fixdfsi                            
00005b15  __fixsfsi                            
00005c51  __floatsidf                          
000059b1  __floatsisf                          
00005069  __gedf2                              
000059ed  __gesf2                              
00005069  __gtdf2                              
000059ed  __gtsf2                              
000050dd  __ledf2                              
00005a65  __lesf2                              
000050dd  __ltdf2                              
00005a65  __ltsf2                              
UNDEFED   __mpu_init                           
00004615  __muldf3                             
00005cf5  __muldi3                             
00005aa1  __muldsi3                            
00004df1  __mulsf3                             
000050dd  __nedf2                              
00005a65  __nesf2                              
20207e00  __stack                              
20200000  __start___llvm_prf_bits              
20200000  __start___llvm_prf_cnts              
20200000  __stop___llvm_prf_bits               
20200000  __stop___llvm_prf_cnts               
0000357d  __subdf3                             
000048ad  __subsf3                             
00004b9d  __udivmoddi4                         
00005ccd  _c_int00_noargs                      
20200a6c  _encoder_l_count                     
20200a70  _encoder_r_count                     
UNDEFED   _system_post_cinit                   
00005f49  _system_pre_init                     
00005f3b  abort                                
00007710  asc2_0806                            
0000729c  asc2_1206                            
00006cac  asc2_1608                            
00005f50  asc2_2412                            
00005935  atoi                                 
ffffffff  binit                                
00005ee1  buzz_Init                            
00004a49  car_go_line                          
20200a74  circle_num                           
20200a7c  count                                
20200a78  count2                               
000057e1  detect_line                          
000056b9  filter_speed                         
0000545d  frexp                                
0000545d  frexpl                               
20200480  gTIMER_0Backup                       
20200a98  g_Angle_Flag                         
20200a99  g_Gostraght                          
20200a9a  g_Line_Flag                          
20200a9b  g_Spin_Start_Flag                    
20200a9c  g_Spin_Succeed_Flag                  
20200a9d  g_Stop_Flag                          
20200a9e  g_Straight_Flag                      
20200a10  g_ftarget_journey                    
20200a9f  g_is_motor1_enabled                  
20200aa0  g_is_motor2_enabled                  
20200a80  g_line_num                           
20200a18  g_line_outval                        
20200a20  g_location1_outval                   
20200a28  g_location2_outval                   
20200aa1  g_location_control_count             
20200a30  g_motor1_journey_cm                  
20200a84  g_motor1_pwm                         
20200a38  g_motor2_journey_cm                  
20200a88  g_motor2_pwm                         
20200540  g_pid_line                           
202005f0  g_pid_location1                      
202006a0  g_pid_location2                      
20200750  g_pid_speed1                         
20200800  g_pid_speed2                         
202008b0  g_pid_straight                       
20200960  g_pid_turn_angle                     
20200a8c  g_sigma_motor1pluse                  
20200a90  g_sigma_motor2pluse                  
20200a40  g_speed1_outval                      
20200a48  g_speed2_outval                      
20200a50  g_speed3_outval                      
20200a58  g_speed4_outval                      
20200aa2  g_stop_count                         
20200aa3  g_turn_angle_control_count           
20200a60  g_turn_outval                        
20200a94  g_unittime_motor1pluse               
20200a96  g_unittime_motor2pluse               
2020053c  g_yaw_jy60                           
00000000  interruptVectors                     
000047d5  ldexp                                
000047d5  ldexpl                               
00005667  limit_abs                            
00003711  line_err                             
00005829  line_init                            
000038a1  location_speed_control               
00002c75  main                                 
00005d19  memccpy                              
00004c3f  memcpy                               
0000533b  memset                               
00005b4d  motor1_set_disable                   
00005de5  motor1_set_enable                    
00005ca5  motor2_set_disable                   
00005dfd  motor2_set_enable                    
00005c21  motor_limit_pwm                      
00005211  motor_load_pwm                       
00004f7d  pid_Init                             
00005f35  pid_Set_Target                       
00003ca9  pid_line_Calc                        
00004351  pid_location_Calc                    
00003dd5  pid_speed_Calc                       
00003a09  pid_turn_angle_Calc                  
00005e29  read_encoder_left                    
00005e3d  read_encoder_right                   
000047d5  scalbn                               
000047d5  scalbnl                              
00004985  smooth_target                        
000053fd  soft_start                           
00005b85  sprintf                              
00004021  turn_angle_speed_control             
20200aa4  uart_data                            
00005e99  wcslen                               


GLOBAL SYMBOLS: SORTED BY Symbol Address 

address   name                                 
-------   ----                                 
00000000  __TI_ATRegion0_region_sz             
00000000  __TI_ATRegion0_src_addr              
00000000  __TI_ATRegion0_trg_addr              
00000000  __TI_ATRegion1_region_sz             
00000000  __TI_ATRegion1_src_addr              
00000000  __TI_ATRegion1_trg_addr              
00000000  __TI_ATRegion2_region_sz             
00000000  __TI_ATRegion2_src_addr              
00000000  __TI_ATRegion2_trg_addr              
00000000  __TI_static_base__                   
00000000  interruptVectors                     
000000c1  OLED_Init                            
00000200  __STACK_SIZE                         
00000c4d  OLED_Clear                           
000016dd  __TI_printfi                         
000020ad  TIMA1_IRQHandler                     
000025a1  OLED_WR_Byte                         
00002935  OLED_Refresh                         
00002c75  main                                 
00002f11  OLED_ShowChar                        
0000357d  __aeabi_dsub                         
0000357d  __subdf3                             
00003587  __adddf3                             
00003587  __aeabi_dadd                         
0000370f  ADC0_IRQHandler                      
0000370f  ADC1_IRQHandler                      
0000370f  AES_IRQHandler                       
0000370f  CANFD0_IRQHandler                    
0000370f  DAC0_IRQHandler                      
0000370f  DMA_IRQHandler                       
0000370f  Default_Handler                      
0000370f  GROUP0_IRQHandler                    
0000370f  HardFault_Handler                    
0000370f  I2C0_IRQHandler                      
0000370f  I2C1_IRQHandler                      
0000370f  NMI_Handler                          
0000370f  PendSV_Handler                       
0000370f  RTC_IRQHandler                       
0000370f  SPI0_IRQHandler                      
0000370f  SPI1_IRQHandler                      
0000370f  SVC_Handler                          
0000370f  SysTick_Handler                      
0000370f  TIMA0_IRQHandler                     
0000370f  TIMG0_IRQHandler                     
0000370f  TIMG12_IRQHandler                    
0000370f  TIMG6_IRQHandler                     
0000370f  TIMG7_IRQHandler                     
0000370f  TIMG8_IRQHandler                     
0000370f  UART1_IRQHandler                     
0000370f  UART2_IRQHandler                     
0000370f  UART3_IRQHandler                     
00003711  line_err                             
000038a1  location_speed_control               
00003a09  pid_turn_angle_Calc                  
00003ca9  pid_line_Calc                        
00003dd5  pid_speed_Calc                       
00004021  turn_angle_speed_control             
00004141  __aeabi_ddiv                         
00004141  __divdf3                             
0000424d  DL_Timer_initFourCCPWMMode           
00004351  pid_location_Calc                    
00004441  SYSCFG_DL_GPIO_init                  
0000452d  DL_Timer_initTimerMode               
00004615  __aeabi_dmul                         
00004615  __muldf3                             
000046f9  DL_SYSCTL_configSYSPLL               
000047d5  ldexp                                
000047d5  ldexpl                               
000047d5  scalbn                               
000047d5  scalbnl                              
000048ad  __aeabi_fsub                         
000048ad  __subsf3                             
000048b7  __addsf3                             
000048b7  __aeabi_fadd                         
00004985  smooth_target                        
00004a49  car_go_line                          
00004af5  GROUP1_IRQHandler                    
00004b9d  __udivmoddi4                         
00004c3f  memcpy                               
00004cd9  OLED_ShowString                      
00004d65  SYSCFG_DL_PWM_MOTOR_init             
00004df1  __aeabi_fmul                         
00004df1  __mulsf3                             
00004e7d  __aeabi_fdiv                         
00004e7d  __divsf3                             
00004eff  __aeabi_idiv0                        
00004f01  __TI_decompress_lzss                 
00004f7d  pid_Init                             
00004ff3  __aeabi_ldiv0                        
00004ff5  SYSCFG_DL_UART1_init                 
00005069  __gedf2                              
00005069  __gtdf2                              
000050dd  __cmpdf2                             
000050dd  __eqdf2                              
000050dd  __ledf2                              
000050dd  __ltdf2                              
000050dd  __nedf2                              
000051ad  SYSCFG_DL_SYSCTL_init                
00005211  motor_load_pwm                       
00005275  __aeabi_dcmpeq                       
00005289  __aeabi_dcmplt                       
0000529d  __aeabi_dcmple                       
000052b1  __aeabi_dcmpge                       
000052c5  __aeabi_dcmpgt                       
000052d9  __aeabi_fcmpeq                       
000052ed  __aeabi_fcmplt                       
00005301  __aeabi_fcmple                       
00005315  __aeabi_fcmpge                       
00005329  __aeabi_fcmpgt                       
0000533b  memset                               
0000539d  SYSCFG_DL_UART0_init                 
000053fd  soft_start                           
0000545d  frexp                                
0000545d  frexpl                               
000054b9  __TI_ltoa                            
00005569  __aeabi_idiv                         
00005569  __aeabi_idivmod                      
000055c1  SYSCFG_DL_initPower                  
00005667  limit_abs                            
000056b9  filter_speed                         
00005705  __aeabi_d2iz                         
00005705  __fixdfsi                            
00005751  DL_UART_init                         
00005799  SYSCFG_DL_TIMER_0_init               
000057e1  detect_line                          
00005829  line_init                            
00005871  DL_SYSCTL_switchMCLKfromSYSOSCtoHSCLK
000058b5  __aeabi_uidiv                        
000058b5  __aeabi_uidivmod                     
000058f5  __aeabi_f2d                          
000058f5  __extendsfdf2                        
00005935  atoi                                 
00005975  Delay_us                             
000059b1  __aeabi_i2f                          
000059b1  __floatsisf                          
000059ed  __gesf2                              
000059ed  __gtsf2                              
00005a29  __TI_auto_init_nobinit_nopinit       
00005a65  __cmpsf2                             
00005a65  __eqsf2                              
00005a65  __lesf2                              
00005a65  __ltsf2                              
00005a65  __nesf2                              
00005aa1  __muldsi3                            
00005add  UART0_IRQHandler                     
00005b15  __aeabi_f2iz                         
00005b15  __fixsfsi                            
00005b4d  motor1_set_disable                   
00005b85  sprintf                              
00005bbd  SYSCFG_DL_init                       
00005c21  motor_limit_pwm                      
00005c51  __aeabi_i2d                          
00005c51  __floatsidf                          
00005c7d  SYSCFG_DL_SYSCTL_CLK_init            
00005ca5  motor2_set_disable                   
00005ccd  _c_int00_noargs                      
00005cf5  __aeabi_lmul                         
00005cf5  __muldi3                             
00005d19  memccpy                              
00005d3d  SYSCFG_DL_SYSTICK_init               
00005d5d  __aeabi_llsl                         
00005d5d  __ashldi3                            
00005d7d  DL_Timer_setCaptCompUpdateMethod     
00005d99  DL_Timer_setClockConfig              
00005db5  DL_Timer_setCaptureCompareOutCtl     
00005de5  motor1_set_enable                    
00005dfd  motor2_set_enable                    
00005e15  __aeabi_uldivmod                     
00005e29  read_encoder_left                    
00005e3d  read_encoder_right                   
00005e65  DL_UART_setClockConfig               
00005e77  __TI_decompress_none                 
00005e89  DL_Timer_setCaptureCompareValue      
00005e99  wcslen                               
00005ea9  __TI_zero_init                       
00005eb9  __aeabi_memset                       
00005eb9  __aeabi_memset4                      
00005eb9  __aeabi_memset8                      
00005ed5  __aeabi_memclr                       
00005ed5  __aeabi_memclr4                      
00005ed5  __aeabi_memclr8                      
00005ee1  buzz_Init                            
00005eed  DL_Common_delayCycles                
00005f25  __aeabi_errno_addr                   
00005f2d  __aeabi_memcpy                       
00005f2d  __aeabi_memcpy4                      
00005f2d  __aeabi_memcpy8                      
00005f35  pid_Set_Target                       
00005f3b  abort                                
00005f40  C$$EXIT                              
00005f41  HOSTexit                             
00005f45  Reset_Handler                        
00005f49  _system_pre_init                     
00005f50  asc2_2412                            
00006cac  asc2_1608                            
0000729c  asc2_1206                            
00007710  asc2_0806                            
00007940  __aeabi_ctype_table_                 
00007940  __aeabi_ctype_table_C                
00007b00  __TI_Handler_Table_Base              
00007b0c  __TI_Handler_Table_Limit             
00007b20  __TI_CINIT_Base                      
00007b30  __TI_CINIT_Limit                     
00007b30  __TI_CINIT_Warm                      
20200000  OLED_GRAM                            
20200000  __start___llvm_prf_bits              
20200000  __start___llvm_prf_cnts              
20200000  __stop___llvm_prf_bits               
20200000  __stop___llvm_prf_cnts               
20200480  gTIMER_0Backup                       
2020053c  g_yaw_jy60                           
20200540  g_pid_line                           
202005f0  g_pid_location1                      
202006a0  g_pid_location2                      
20200750  g_pid_speed1                         
20200800  g_pid_speed2                         
202008b0  g_pid_straight                       
20200960  g_pid_turn_angle                     
20200a10  g_ftarget_journey                    
20200a18  g_line_outval                        
20200a20  g_location1_outval                   
20200a28  g_location2_outval                   
20200a30  g_motor1_journey_cm                  
20200a38  g_motor2_journey_cm                  
20200a40  g_speed1_outval                      
20200a48  g_speed2_outval                      
20200a50  g_speed3_outval                      
20200a58  g_speed4_outval                      
20200a60  g_turn_outval                        
20200a68  __aeabi_errno                        
20200a6c  _encoder_l_count                     
20200a70  _encoder_r_count                     
20200a74  circle_num                           
20200a78  count2                               
20200a7c  count                                
20200a80  g_line_num                           
20200a84  g_motor1_pwm                         
20200a88  g_motor2_pwm                         
20200a8c  g_sigma_motor1pluse                  
20200a90  g_sigma_motor2pluse                  
20200a94  g_unittime_motor1pluse               
20200a96  g_unittime_motor2pluse               
20200a98  g_Angle_Flag                         
20200a99  g_Gostraght                          
20200a9a  g_Line_Flag                          
20200a9b  g_Spin_Start_Flag                    
20200a9c  g_Spin_Succeed_Flag                  
20200a9d  g_Stop_Flag                          
20200a9e  g_Straight_Flag                      
20200a9f  g_is_motor1_enabled                  
20200aa0  g_is_motor2_enabled                  
20200aa1  g_location_control_count             
20200aa2  g_stop_count                         
20200aa3  g_turn_angle_control_count           
20200aa4  uart_data                            
20207e00  __stack                              
20208000  __STACK_END                          
ffffffff  __TI_pprof_out_hndl                  
ffffffff  __TI_prof_data_size                  
ffffffff  __TI_prof_data_start                 
ffffffff  __binit__                            
ffffffff  binit                                
UNDEFED   __mpu_init                           
UNDEFED   _system_post_cinit                   

[264 symbols]
