******************************************************************************
            TI ARM Clang Linker PC v4.0.3                      
******************************************************************************
>> Linked Fri Aug  1 02:13:26 2025

OUTPUT FILE NAME:   <CAR-V2.out>
ENTRY POINT SYMBOL: "_c_int00_noargs"  address: 000050d9


MEMORY CONFIGURATION

         name            origin    length      used     unused   attr    fill
----------------------  --------  ---------  --------  --------  ----  --------
  FLASH                 00000000   00020000  00006ef0  00019110  R  X
  SRAM                  20200000   00008000  00000cad  00007353  RW X
  BCR_CONFIG            41c00000   000000ff  00000000  000000ff  R   
  BSL_CONFIG            41c00100   00000080  00000000  00000080  R   


SEGMENT ALLOCATION MAP

run origin  load origin   length   init length attrs members
----------  ----------- ---------- ----------- ----- -------
00000000    00000000    00006ef0   00006ef0    r-x
  00000000    00000000    000000c0   000000c0    r-- .intvecs
  000000c0    000000c0    00005260   00005260    r-x .text
  00005320    00005320    00001ba0   00001ba0    r-- .rodata
  00006ec0    00006ec0    00000030   00000030    r-- .cinit
20200000    20200000    00000aad   00000000    rw-
  20200000    20200000    00000a10   00000000    rw- .bss
  20200a10    20200a10    0000009d   00000000    rw- .data
20207e00    20207e00    00000200   00000000    rw-
  20207e00    20207e00    00000200   00000000    rw- .stack


SECTION ALLOCATION MAP

 output                                  attributes/
section   page    origin      length       input sections
--------  ----  ----------  ----------   ----------------
.intvecs   0    00000000    000000c0     
                  00000000    000000c0     startup_mspm0g350x_ticlang.o (.intvecs)

.text      0    000000c0    00005260     
                  000000c0    00000b8c     oled.o (.text.OLED_Init)
                  00000c4c    00000a90     oled.o (.text.OLED_Clear)
                  000016dc    00000868     libc.a : _printfi.c.obj (.text:__TI_printfi_nofloat)
                  00001f44    000004c0     control.o (.text.TIMA1_IRQHandler)
                  00002404    00000394     oled.o (.text.OLED_WR_Byte)
                  00002798    00000340     oled.o (.text.OLED_Refresh)
                  00002ad8    00000270     oled.o (.text.OLED_ShowChar)
                  00002d48    00000270     main.o (.text.main)
                  00002fb8    00000192     libclang_rt.builtins.a : adddf3.S.obj (.text.adddf3_subdf3)
                  0000314a    00000002     startup_mspm0g350x_ticlang.o (.text.Default_Handler)
                  0000314c    00000190     line.o (.text.line_err)
                  000032dc    00000164     pid.o (.text.pid_turn_angle_Calc)
                  00003440    00000140     control.o (.text.location_speed_control)
                  00003580    0000012c     pid.o (.text.pid_speed_Calc)
                  000036ac    00000120     control.o (.text.turn_angle_speed_control)
                  000037cc    0000010c     libclang_rt.builtins.a : divdf3.S.obj (.text.__divdf3)
                  000038d8    00000104     driverlib.a : dl_timer.o (.text.DL_Timer_initFourCCPWMMode)
                  000039dc    000000f0     pid.o (.text.pid_location_Calc)
                  00003acc    000000ec     ti_msp_dl_config.o (.text.SYSCFG_DL_GPIO_init)
                  00003bb8    000000ec     line.o (.text.line_pid_realize)
                  00003ca4    000000e8     driverlib.a : dl_timer.o (.text.DL_Timer_initTimerMode)
                  00003d8c    000000e4     libclang_rt.builtins.a : muldf3.S.obj (.text.__muldf3)
                  00003e70    000000dc     driverlib.a : dl_sysctl_mspm0g1x0x_g3x0x.o (.text.DL_SYSCTL_configSYSPLL)
                  00003f4c    000000d8     libclang_rt.builtins.a : addsf3.S.obj (.text)
                  00004024    000000c4     smooth.o (.text.smooth_target)
                  000040e8    000000a8     encoder.o (.text.GROUP1_IRQHandler)
                  00004190    000000a2     libclang_rt.builtins.a : udivmoddi4.S.obj (.text)
                  00004232    00000002                            : aeabi_div0.c.obj (.text.__aeabi_idiv0)
                  00004234    0000009c     control.o (.text.car_go_line)
                  000042d0    0000009a     libc.a : memcpy16.S.obj (.text:memcpy)
                  0000436a    0000008c     oled.o (.text.OLED_ShowString)
                  000043f6    00000002     libclang_rt.builtins.a : aeabi_div0.c.obj (.text.__aeabi_ldiv0)
                  000043f8    0000008c     ti_msp_dl_config.o (.text.SYSCFG_DL_PWM_MOTOR_init)
                  00004484    0000008c     libclang_rt.builtins.a : mulsf3.S.obj (.text.__mulsf3)
                  00004510    00000082                            : divsf3.S.obj (.text.__divsf3)
                  00004592    00000002     --HOLE-- [fill = 0]
                  00004594    0000007c     libc.a : copy_decompress_lzss.c.obj (.text:decompress:lzss)
                  00004610    00000076     pid.o (.text.pid_Init)
                  00004686    00000002     --HOLE-- [fill = 0]
                  00004688    00000074     ti_msp_dl_config.o (.text.SYSCFG_DL_UART1_init)
                  000046fc    00000074     libclang_rt.builtins.a : comparedf2.c.obj (.text.__gedf2)
                  00004770    00000068                            : comparedf2.c.obj (.text.__ledf2)
                  000047d8    00000064     ti_msp_dl_config.o (.text.SYSCFG_DL_SYSCTL_init)
                  0000483c    00000064     motor.o (.text.motor_load_pwm)
                  000048a0    00000062     libclang_rt.builtins.a : aeabi_dcmp.S.obj (.text.__aeabi_dcmp)
                  00004902    00000002     --HOLE-- [fill = 0]
                  00004904    00000062                            : aeabi_fcmp.S.obj (.text.__aeabi_fcmp)
                  00004966    00000062     libc.a : memset16.S.obj (.text:memset)
                  000049c8    00000060     ti_msp_dl_config.o (.text.SYSCFG_DL_UART0_init)
                  00004a28    00000060     smooth.o (.text.soft_start)
                  00004a88    00000056     libclang_rt.builtins.a : aeabi_idivmod.S.obj (.text.__aeabi_idivmod)
                  00004ade    00000002     --HOLE-- [fill = 0]
                  00004ae0    00000054     ti_msp_dl_config.o (.text.SYSCFG_DL_initPower)
                  00004b34    00000050     pid.o (.text.limit_abs)
                  00004b84    0000004c     smooth.o (.text.filter_speed)
                  00004bd0    0000004a     libclang_rt.builtins.a : fixdfsi.S.obj (.text.__fixdfsi)
                  00004c1a    00000002     --HOLE-- [fill = 0]
                  00004c1c    00000048     driverlib.a : dl_uart.o (.text.DL_UART_init)
                  00004c64    00000048     ti_msp_dl_config.o (.text.SYSCFG_DL_TIMER_0_init)
                  00004cac    00000044     driverlib.a : dl_sysctl_mspm0g1x0x_g3x0x.o (.text.DL_SYSCTL_switchMCLKfromSYSOSCtoHSCLK)
                  00004cf0    00000040     libclang_rt.builtins.a : aeabi_uidivmod.S.obj (.text.__aeabi_uidivmod)
                  00004d30    00000040                            : extendsfdf2.S.obj (.text.__extendsfdf2)
                  00004d70    00000040     libc.a : atoi.c.obj (.text.atoi)
                  00004db0    0000003c     delay.o (.text.Delay_us)
                  00004dec    0000003c     libclang_rt.builtins.a : floatsisf.S.obj (.text.__floatsisf)
                  00004e28    0000003c                            : comparesf2.S.obj (.text.__gtsf2)
                  00004e64    0000003c     libc.a : autoinit.c.obj (.text:__TI_auto_init_nobinit_nopinit)
                  00004ea0    0000003a     libclang_rt.builtins.a : comparesf2.S.obj (.text.__eqsf2)
                  00004eda    00000002     --HOLE-- [fill = 0]
                  00004edc    0000003a                            : muldsi3.S.obj (.text.__muldsi3)
                  00004f16    00000002     --HOLE-- [fill = 0]
                  00004f18    00000038     uart.o (.text.UART0_IRQHandler)
                  00004f50    00000038     libclang_rt.builtins.a : fixsfsi.S.obj (.text.__fixsfsi)
                  00004f88    00000038     motor.o (.text.motor1_set_disable)
                  00004fc0    00000038     libc.a : sprintf.c.obj (.text.sprintf)
                  00004ff8    00000034     ti_msp_dl_config.o (.text.SYSCFG_DL_init)
                  0000502c    00000030     motor.o (.text.motor_limit_pwm)
                  0000505c    0000002c     libclang_rt.builtins.a : floatsidf.S.obj (.text.__floatsidf)
                  00005088    00000028     ti_msp_dl_config.o (.text.SYSCFG_DL_SYSCTL_CLK_init)
                  000050b0    00000028     motor.o (.text.motor2_set_disable)
                  000050d8    00000028     libc.a : boot_cortex_m.c.obj (.text:_c_int00_noargs)
                  00005100    00000024     libclang_rt.builtins.a : muldi3.S.obj (.text.__muldi3)
                  00005124    00000022     libc.a : memccpy.c.obj (.text.memccpy)
                  00005146    00000002     --HOLE-- [fill = 0]
                  00005148    00000020     ti_msp_dl_config.o (.text.SYSCFG_DL_SYSTICK_init)
                  00005168    0000001e     libclang_rt.builtins.a : ashldi3.S.obj (.text.__ashldi3)
                  00005186    00000002     --HOLE-- [fill = 0]
                  00005188    0000001c     driverlib.a : dl_timer.o (.text.DL_Timer_setCaptCompUpdateMethod)
                  000051a4    0000001c                 : dl_timer.o (.text.DL_Timer_setClockConfig)
                  000051c0    00000018                 : dl_timer.o (.text.DL_Timer_setCaptureCompareOutCtl)
                  000051d8    00000018     libc.a : sprintf.c.obj (.text._outs)
                  000051f0    00000018     motor.o (.text.motor1_set_enable)
                  00005208    00000018     motor.o (.text.motor2_set_enable)
                  00005220    00000014     libclang_rt.builtins.a : aeabi_uldivmod.S.obj (.text.__aeabi_uldivmod)
                  00005234    00000014     encoder.o (.text.read_encoder_left)
                  00005248    00000014     encoder.o (.text.read_encoder_right)
                  0000525c    00000012     driverlib.a : dl_uart.o (.text.DL_UART_setClockConfig)
                  0000526e    00000012     libc.a : copy_decompress_none.c.obj (.text:decompress:none)
                  00005280    00000010     driverlib.a : dl_timer.o (.text.DL_Timer_setCaptureCompareValue)
                  00005290    00000010     libc.a : wcslen.c.obj (.text.wcslen)
                  000052a0    00000010            : copy_zero_init.c.obj (.text:decompress:ZI)
                  000052b0    0000000e     libclang_rt.builtins.a : aeabi_memset.S.obj (.text.__aeabi_memset)
                  000052be    0000000e     libc.a : _printfi.c.obj (.text.strlen)
                  000052cc    0000000c     libclang_rt.builtins.a : aeabi_memset.S.obj (.text.__aeabi_memclr)
                  000052d8    0000000c     buzz.o (.text.buzz_Init)
                  000052e4    0000000a     driverlib.a : dl_common.o (.text.DL_Common_delayCycles)
                  000052ee    0000000a     libc.a : sprintf.c.obj (.text._outc)
                  000052f8    00000008            : aeabi_portable.c.obj (.text.__aeabi_errno_addr)
                  00005300    00000008     libclang_rt.builtins.a : aeabi_memcpy.S.obj (.text.__aeabi_memcpy)
                  00005308    00000006     pid.o (.text.pid_Set_Target)
                  0000530e    00000006     libc.a : exit.c.obj (.text:abort)
                  00005314    00000004     libsysbm.a : hostexit.c.obj (.text.HOSTexit)
                  00005318    00000004     startup_mspm0g350x_ticlang.o (.text.Reset_Handler)
                  0000531c    00000004     libc.a : pre_init.c.obj (.text._system_pre_init)

.cinit     0    00006ec0    00000030     
                  00006ec0    0000000c     (__TI_handler_table)
                  00006ecc    00000009     (.cinit..data.load) [load image, compression = lzss]
                  00006ed5    00000003     --HOLE-- [fill = 0]
                  00006ed8    00000008     (.cinit..bss.load) [load image, compression = zero_init]
                  00006ee0    00000010     (__TI_cinit_table)

.rodata    0    00005320    00001ba0     
                  00005320    00000d5c     oled.o (.rodata.asc2_2412)
                  0000607c    000005f0     oled.o (.rodata.asc2_1608)
                  0000666c    00000474     oled.o (.rodata.asc2_1206)
                  00006ae0    00000228     oled.o (.rodata.asc2_0806)
                  00006d08    00000008     ti_msp_dl_config.o (.rodata.gPWM_MOTORConfig)
                  00006d10    00000101     libc.a : aeabi_ctype.S.obj (.rodata:__aeabi_ctype_table_)
                  00006e11    00000003     ti_msp_dl_config.o (.rodata.gPWM_MOTORClockConfig)
                  00006e14    00000028     ti_msp_dl_config.o (.rodata.gSYSPLLConfig)
                  00006e3c    00000017     main.o (.rodata.str1.15159059442110792349.1)
                  00006e53    00000001     --HOLE-- [fill = 0]
                  00006e54    00000014     ti_msp_dl_config.o (.rodata.gTIMER_0TimerConfig)
                  00006e68    00000011     libc.a : _printfi.c.obj (.rodata.str1.10348868589481759720.1)
                  00006e79    00000011            : _printfi.c.obj (.rodata.str1.15363888844622738466.1)
                  00006e8a    0000000a     ti_msp_dl_config.o (.rodata.gUART0Config)
                  00006e94    0000000a     ti_msp_dl_config.o (.rodata.gUART1Config)
                  00006e9e    00000009     main.o (.rodata.str1.8154729771448623357.1)
                  00006ea7    00000008     main.o (.rodata.str1.17100691992556644108.1)
                  00006eaf    00000008     main.o (.rodata.str1.18227636981041470289.1)
                  00006eb7    00000003     ti_msp_dl_config.o (.rodata.gTIMER_0ClockConfig)
                  00006eba    00000002     ti_msp_dl_config.o (.rodata.gUART0ClockConfig)
                  00006ebc    00000002     ti_msp_dl_config.o (.rodata.gUART1ClockConfig)
                  00006ebe    00000002     --HOLE-- [fill = 0]

.init_array 
*          0    00000000    00000000     UNINITIALIZED

.binit     0    00000000    00000000     

.bss       0    20200000    00000a10     UNINITIALIZED
                  20200000    00000480     (.common:OLED_GRAM)
                  20200480    000000bc     (.common:gTIMER_0Backup)
                  2020053c    00000004     (.common:g_yaw_jy60)
                  20200540    000000b0     (.common:g_pid_line)
                  202005f0    000000b0     (.common:g_pid_location1)
                  202006a0    000000b0     (.common:g_pid_location2)
                  20200750    000000b0     (.common:g_pid_speed1)
                  20200800    000000b0     (.common:g_pid_speed2)
                  202008b0    000000b0     (.common:g_pid_straight)
                  20200960    000000b0     (.common:g_pid_turn_angle)

.data      0    20200a10    0000009d     UNINITIALIZED
                  20200a10    00000008     control.o (.data.g_ftarget_journey)
                  20200a18    00000008     control.o (.data.g_line_outval)
                  20200a20    00000008     control.o (.data.g_location1_outval)
                  20200a28    00000008     control.o (.data.g_location2_outval)
                  20200a30    00000008     control.o (.data.g_motor1_journey_cm)
                  20200a38    00000008     control.o (.data.g_motor2_journey_cm)
                  20200a40    00000008     control.o (.data.g_speed1_outval)
                  20200a48    00000008     control.o (.data.g_speed2_outval)
                  20200a50    00000008     control.o (.data.g_speed3_outval)
                  20200a58    00000008     control.o (.data.g_speed4_outval)
                  20200a60    00000008     control.o (.data.g_turn_outval)
                  20200a68    00000004     libc.a : aeabi_portable.c.obj (.data.__aeabi_errno)
                  20200a6c    00000004     encoder.o (.data._encoder_l_count)
                  20200a70    00000004     encoder.o (.data._encoder_r_count)
                  20200a74    00000004     main.o (.data.circle_num)
                  20200a78    00000004     control.o (.data.count2)
                  20200a7c    00000004     main.o (.data.count)
                  20200a80    00000004     control.o (.data.g_line_num)
                  20200a84    00000004     control.o (.data.g_motor1_pwm)
                  20200a88    00000004     control.o (.data.g_motor2_pwm)
                  20200a8c    00000004     control.o (.data.g_sigma_motor1pluse)
                  20200a90    00000004     control.o (.data.g_sigma_motor2pluse)
                  20200a94    00000004     line.o (.data.line_pid_integral)
                  20200a98    00000004     line.o (.data.line_pid_last_err)
                  20200a9c    00000002     control.o (.data.g_unittime_motor1pluse)
                  20200a9e    00000002     control.o (.data.g_unittime_motor2pluse)
                  20200aa0    00000001     control.o (.data.g_Angle_Flag)
                  20200aa1    00000001     control.o (.data.g_Gostraght)
                  20200aa2    00000001     control.o (.data.g_Line_Flag)
                  20200aa3    00000001     control.o (.data.g_Spin_Start_Flag)
                  20200aa4    00000001     control.o (.data.g_Spin_Succeed_Flag)
                  20200aa5    00000001     control.o (.data.g_Stop_Flag)
                  20200aa6    00000001     control.o (.data.g_Straight_Flag)
                  20200aa7    00000001     motor.o (.data.g_is_motor1_enabled)
                  20200aa8    00000001     motor.o (.data.g_is_motor2_enabled)
                  20200aa9    00000001     control.o (.data.g_location_control_count)
                  20200aaa    00000001     control.o (.data.g_stop_count)
                  20200aab    00000001     control.o (.data.g_turn_angle_control_count)
                  20200aac    00000001     uart.o (.data.uart_data)

.stack     0    20207e00    00000200     UNINITIALIZED
                  20207e00    00000004     libc.a : boot_cortex_m.c.obj (.stack)
                  20207e04    000001fc     --HOLE--

__llvm_prf_cnts 
*          0    20200000    00000000     UNINITIALIZED

__llvm_prf_bits 
*          0    20200000    00000000     UNINITIALIZED

MODULE SUMMARY

       Module                         code    ro data   rw data
       ------                         ----    -------   -------
    .\
       ti_msp_dl_config.o             968     98        188    
       main.o                         624     48        8      
       startup_mspm0g350x_ticlang.o   6       192       0      
    +--+------------------------------+-------+---------+---------+
       Total:                         1598    338       196    
                                                               
    .\Hardware\buzz\
       buzz.o                         12      0         0      
    +--+------------------------------+-------+---------+---------+
       Total:                         12      0         0      
                                                               
    .\Hardware\control\
       control.o                      1980    0         126    
    +--+------------------------------+-------+---------+---------+
       Total:                         1980    0         126    
                                                               
    .\Hardware\delay\
       delay.o                        60      0         0      
    +--+------------------------------+-------+---------+---------+
       Total:                         60      0         0      
                                                               
    .\Hardware\encoder\
       encoder.o                      208     0         8      
    +--+------------------------------+-------+---------+---------+
       Total:                         208     0         8      
                                                               
    .\Hardware\jy60\
       jy60.o                         0       0         4      
    +--+------------------------------+-------+---------+---------+
       Total:                         0       0         4      
                                                               
    .\Hardware\line\
       line.o                         636     0         8      
    +--+------------------------------+-------+---------+---------+
       Total:                         636     0         8      
                                                               
    .\Hardware\motor\
       motor.o                        292     0         2      
    +--+------------------------------+-------+---------+---------+
       Total:                         292     0         2      
                                                               
    .\Hardware\oled\
       oled.o                         8172    6632      1152   
    +--+------------------------------+-------+---------+---------+
       Total:                         8172    6632      1152   
                                                               
    .\Hardware\pid\
       pid.o                          1100    0         1232   
       smooth.o                       368     0         0      
    +--+------------------------------+-------+---------+---------+
       Total:                         1468    0         1232   
                                                               
    .\Hardware\uart\
       uart.o                         56      0         1      
    +--+------------------------------+-------+---------+---------+
       Total:                         56      0         1      
                                                               
    C:/ti/mspm0_sdk_2_05_00_05/source/ti/driverlib/lib/ticlang/m0p/mspm0g1x0x_g3x0x/driverlib.a
       dl_timer.o                     588     0         0      
       dl_sysctl_mspm0g1x0x_g3x0x.o   288     0         0      
       dl_uart.o                      90      0         0      
       dl_common.o                    10      0         0      
    +--+------------------------------+-------+---------+---------+
       Total:                         976     0         0      
                                                               
    C:\ti\ccs2020\ccs\tools\compiler\ti-cgt-armllvm_4.0.3.LTS\lib\armv6m-ti-none-eabi/c/libc.a
       _printfi.c.obj                 2166    34        0      
       aeabi_ctype.S.obj              0       257       0      
       memcpy16.S.obj                 154     0         0      
       copy_decompress_lzss.c.obj     124     0         0      
       memset16.S.obj                 98      0         0      
       sprintf.c.obj                  90      0         0      
       atoi.c.obj                     64      0         0      
       autoinit.c.obj                 60      0         0      
       boot_cortex_m.c.obj            40      0         0      
       memccpy.c.obj                  34      0         0      
       copy_decompress_none.c.obj     18      0         0      
       copy_zero_init.c.obj           16      0         0      
       wcslen.c.obj                   16      0         0      
       aeabi_portable.c.obj           8       0         4      
       exit.c.obj                     6       0         0      
       pre_init.c.obj                 4       0         0      
    +--+------------------------------+-------+---------+---------+
       Total:                         2898    291       4      
                                                               
    C:\ti\ccs2020\ccs\tools\compiler\ti-cgt-armllvm_4.0.3.LTS\lib\armv6m-ti-none-eabi/c/libsysbm.a
       hostexit.c.obj                 4       0         0      
    +--+------------------------------+-------+---------+---------+
       Total:                         4       0         0      
                                                               
    C:\ti\ccs2020\ccs\tools\compiler\ti-cgt-armllvm_4.0.3.LTS\lib\armv6m-ti-none-eabi/libclang_rt.builtins.a
       adddf3.S.obj                   402     0         0      
       divdf3.S.obj                   268     0         0      
       muldf3.S.obj                   228     0         0      
       comparedf2.c.obj               220     0         0      
       addsf3.S.obj                   216     0         0      
       udivmoddi4.S.obj               162     0         0      
       mulsf3.S.obj                   140     0         0      
       divsf3.S.obj                   130     0         0      
       comparesf2.S.obj               118     0         0      
       aeabi_dcmp.S.obj               98      0         0      
       aeabi_fcmp.S.obj               98      0         0      
       aeabi_idivmod.S.obj            86      0         0      
       fixdfsi.S.obj                  74      0         0      
       aeabi_uidivmod.S.obj           64      0         0      
       extendsfdf2.S.obj              64      0         0      
       floatsisf.S.obj                60      0         0      
       muldsi3.S.obj                  58      0         0      
       fixsfsi.S.obj                  56      0         0      
       floatsidf.S.obj                44      0         0      
       muldi3.S.obj                   36      0         0      
       ashldi3.S.obj                  30      0         0      
       aeabi_memset.S.obj             26      0         0      
       aeabi_uldivmod.S.obj           20      0         0      
       aeabi_memcpy.S.obj             8       0         0      
       aeabi_div0.c.obj               4       0         0      
    +--+------------------------------+-------+---------+---------+
       Total:                         2710    0         0      
                                                               
       Stack:                         0       0         512    
       Linker Generated:              0       45        0      
    +--+------------------------------+-------+---------+---------+
       Grand Total:                   21070   7306      3245   


LINKER GENERATED COPY TABLES

__TI_cinit_table @ 00006ee0 records: 2, size/record: 8, table size: 16
	.data: load addr=00006ecc, load size=00000009 bytes, run addr=20200a10, run size=0000009d bytes, compression=lzss
	.bss: load addr=00006ed8, load size=00000008 bytes, run addr=20200000, run size=00000a10 bytes, compression=zero_init


LINKER GENERATED HANDLER TABLE

__TI_handler_table @ 00006ec0 records: 3, size/record: 4, table size: 12
	index: 0, handler: __TI_decompress_lzss
	index: 1, handler: __TI_decompress_none
	index: 2, handler: __TI_zero_init


GLOBAL SYMBOLS: SORTED ALPHABETICALLY BY Name 

address   name                                 
-------   ----                                 
0000314b  ADC0_IRQHandler                      
0000314b  ADC1_IRQHandler                      
0000314b  AES_IRQHandler                       
00005314  C$$EXIT                              
0000314b  CANFD0_IRQHandler                    
0000314b  DAC0_IRQHandler                      
000052e5  DL_Common_delayCycles                
00003e71  DL_SYSCTL_configSYSPLL               
00004cad  DL_SYSCTL_switchMCLKfromSYSOSCtoHSCLK
000038d9  DL_Timer_initFourCCPWMMode           
00003ca5  DL_Timer_initTimerMode               
00005189  DL_Timer_setCaptCompUpdateMethod     
000051c1  DL_Timer_setCaptureCompareOutCtl     
00005281  DL_Timer_setCaptureCompareValue      
000051a5  DL_Timer_setClockConfig              
00004c1d  DL_UART_init                         
0000525d  DL_UART_setClockConfig               
0000314b  DMA_IRQHandler                       
0000314b  Default_Handler                      
00004db1  Delay_us                             
0000314b  GROUP0_IRQHandler                    
000040e9  GROUP1_IRQHandler                    
00005315  HOSTexit                             
0000314b  HardFault_Handler                    
0000314b  I2C0_IRQHandler                      
0000314b  I2C1_IRQHandler                      
0000314b  NMI_Handler                          
00000c4d  OLED_Clear                           
20200000  OLED_GRAM                            
000000c1  OLED_Init                            
00002799  OLED_Refresh                         
00002ad9  OLED_ShowChar                        
0000436b  OLED_ShowString                      
00002405  OLED_WR_Byte                         
0000314b  PendSV_Handler                       
0000314b  RTC_IRQHandler                       
00005319  Reset_Handler                        
0000314b  SPI0_IRQHandler                      
0000314b  SPI1_IRQHandler                      
0000314b  SVC_Handler                          
00003acd  SYSCFG_DL_GPIO_init                  
000043f9  SYSCFG_DL_PWM_MOTOR_init             
00005089  SYSCFG_DL_SYSCTL_CLK_init            
000047d9  SYSCFG_DL_SYSCTL_init                
00005149  SYSCFG_DL_SYSTICK_init               
00004c65  SYSCFG_DL_TIMER_0_init               
000049c9  SYSCFG_DL_UART0_init                 
00004689  SYSCFG_DL_UART1_init                 
00004ff9  SYSCFG_DL_init                       
00004ae1  SYSCFG_DL_initPower                  
0000314b  SysTick_Handler                      
0000314b  TIMA0_IRQHandler                     
00001f45  TIMA1_IRQHandler                     
0000314b  TIMG0_IRQHandler                     
0000314b  TIMG12_IRQHandler                    
0000314b  TIMG6_IRQHandler                     
0000314b  TIMG7_IRQHandler                     
0000314b  TIMG8_IRQHandler                     
00004f19  UART0_IRQHandler                     
0000314b  UART1_IRQHandler                     
0000314b  UART2_IRQHandler                     
0000314b  UART3_IRQHandler                     
20208000  __STACK_END                          
00000200  __STACK_SIZE                         
00000000  __TI_ATRegion0_region_sz             
00000000  __TI_ATRegion0_src_addr              
00000000  __TI_ATRegion0_trg_addr              
00000000  __TI_ATRegion1_region_sz             
00000000  __TI_ATRegion1_src_addr              
00000000  __TI_ATRegion1_trg_addr              
00000000  __TI_ATRegion2_region_sz             
00000000  __TI_ATRegion2_src_addr              
00000000  __TI_ATRegion2_trg_addr              
00006ee0  __TI_CINIT_Base                      
00006ef0  __TI_CINIT_Limit                     
00006ef0  __TI_CINIT_Warm                      
00006ec0  __TI_Handler_Table_Base              
00006ecc  __TI_Handler_Table_Limit             
00004e65  __TI_auto_init_nobinit_nopinit       
00004595  __TI_decompress_lzss                 
0000526f  __TI_decompress_none                 
ffffffff  __TI_pprof_out_hndl                  
000016dd  __TI_printfi_nofloat                 
ffffffff  __TI_prof_data_size                  
ffffffff  __TI_prof_data_start                 
00000000  __TI_static_base__                   
000052a1  __TI_zero_init                       
00002fc3  __adddf3                             
00003f57  __addsf3                             
00006d10  __aeabi_ctype_table_                 
00006d10  __aeabi_ctype_table_C                
00004bd1  __aeabi_d2iz                         
00002fc3  __aeabi_dadd                         
000048a1  __aeabi_dcmpeq                       
000048dd  __aeabi_dcmpge                       
000048f1  __aeabi_dcmpgt                       
000048c9  __aeabi_dcmple                       
000048b5  __aeabi_dcmplt                       
000037cd  __aeabi_ddiv                         
00003d8d  __aeabi_dmul                         
00002fb9  __aeabi_dsub                         
20200a68  __aeabi_errno                        
000052f9  __aeabi_errno_addr                   
00004d31  __aeabi_f2d                          
00004f51  __aeabi_f2iz                         
00003f57  __aeabi_fadd                         
00004905  __aeabi_fcmpeq                       
00004941  __aeabi_fcmpge                       
00004955  __aeabi_fcmpgt                       
0000492d  __aeabi_fcmple                       
00004919  __aeabi_fcmplt                       
00004511  __aeabi_fdiv                         
00004485  __aeabi_fmul                         
00003f4d  __aeabi_fsub                         
0000505d  __aeabi_i2d                          
00004ded  __aeabi_i2f                          
00004a89  __aeabi_idiv                         
00004233  __aeabi_idiv0                        
00004a89  __aeabi_idivmod                      
000043f7  __aeabi_ldiv0                        
00005169  __aeabi_llsl                         
00005101  __aeabi_lmul                         
000052cd  __aeabi_memclr                       
000052cd  __aeabi_memclr4                      
000052cd  __aeabi_memclr8                      
00005301  __aeabi_memcpy                       
00005301  __aeabi_memcpy4                      
00005301  __aeabi_memcpy8                      
000052b1  __aeabi_memset                       
000052b1  __aeabi_memset4                      
000052b1  __aeabi_memset8                      
00004cf1  __aeabi_uidiv                        
00004cf1  __aeabi_uidivmod                     
00005221  __aeabi_uldivmod                     
00005169  __ashldi3                            
ffffffff  __binit__                            
00004771  __cmpdf2                             
00004ea1  __cmpsf2                             
000037cd  __divdf3                             
00004511  __divsf3                             
00004771  __eqdf2                              
00004ea1  __eqsf2                              
00004d31  __extendsfdf2                        
00004bd1  __fixdfsi                            
00004f51  __fixsfsi                            
0000505d  __floatsidf                          
00004ded  __floatsisf                          
000046fd  __gedf2                              
00004e29  __gesf2                              
000046fd  __gtdf2                              
00004e29  __gtsf2                              
00004771  __ledf2                              
00004ea1  __lesf2                              
00004771  __ltdf2                              
00004ea1  __ltsf2                              
UNDEFED   __mpu_init                           
00003d8d  __muldf3                             
00005101  __muldi3                             
00004edd  __muldsi3                            
00004485  __mulsf3                             
00004771  __nedf2                              
00004ea1  __nesf2                              
20207e00  __stack                              
20200000  __start___llvm_prf_bits              
20200000  __start___llvm_prf_cnts              
20200000  __stop___llvm_prf_bits               
20200000  __stop___llvm_prf_cnts               
00002fb9  __subdf3                             
00003f4d  __subsf3                             
00004191  __udivmoddi4                         
000050d9  _c_int00_noargs                      
20200a6c  _encoder_l_count                     
20200a70  _encoder_r_count                     
UNDEFED   _system_post_cinit                   
0000531d  _system_pre_init                     
0000530f  abort                                
00006ae0  asc2_0806                            
0000666c  asc2_1206                            
0000607c  asc2_1608                            
00005320  asc2_2412                            
00004d71  atoi                                 
ffffffff  binit                                
000052d9  buzz_Init                            
00004235  car_go_line                          
20200a74  circle_num                           
20200a7c  count                                
20200a78  count2                               
00004b85  filter_speed                         
20200480  gTIMER_0Backup                       
20200aa0  g_Angle_Flag                         
20200aa1  g_Gostraght                          
20200aa2  g_Line_Flag                          
20200aa3  g_Spin_Start_Flag                    
20200aa4  g_Spin_Succeed_Flag                  
20200aa5  g_Stop_Flag                          
20200aa6  g_Straight_Flag                      
20200a10  g_ftarget_journey                    
20200aa7  g_is_motor1_enabled                  
20200aa8  g_is_motor2_enabled                  
20200a80  g_line_num                           
20200a18  g_line_outval                        
20200a20  g_location1_outval                   
20200a28  g_location2_outval                   
20200aa9  g_location_control_count             
20200a30  g_motor1_journey_cm                  
20200a84  g_motor1_pwm                         
20200a38  g_motor2_journey_cm                  
20200a88  g_motor2_pwm                         
20200540  g_pid_line                           
202005f0  g_pid_location1                      
202006a0  g_pid_location2                      
20200750  g_pid_speed1                         
20200800  g_pid_speed2                         
202008b0  g_pid_straight                       
20200960  g_pid_turn_angle                     
20200a8c  g_sigma_motor1pluse                  
20200a90  g_sigma_motor2pluse                  
20200a40  g_speed1_outval                      
20200a48  g_speed2_outval                      
20200a50  g_speed3_outval                      
20200a58  g_speed4_outval                      
20200aaa  g_stop_count                         
20200aab  g_turn_angle_control_count           
20200a60  g_turn_outval                        
20200a9c  g_unittime_motor1pluse               
20200a9e  g_unittime_motor2pluse               
2020053c  g_yaw_jy60                           
00000000  interruptVectors                     
00004b35  limit_abs                            
0000314d  line_err                             
00003bb9  line_pid_realize                     
00003441  location_speed_control               
00002d49  main                                 
00005125  memccpy                              
000042d1  memcpy                               
00004967  memset                               
00004f89  motor1_set_disable                   
000051f1  motor1_set_enable                    
000050b1  motor2_set_disable                   
00005209  motor2_set_enable                    
0000502d  motor_limit_pwm                      
0000483d  motor_load_pwm                       
00004611  pid_Init                             
00005309  pid_Set_Target                       
000039dd  pid_location_Calc                    
00003581  pid_speed_Calc                       
000032dd  pid_turn_angle_Calc                  
00005235  read_encoder_left                    
00005249  read_encoder_right                   
00004025  smooth_target                        
00004a29  soft_start                           
00004fc1  sprintf                              
000036ad  turn_angle_speed_control             
20200aac  uart_data                            
00005291  wcslen                               


GLOBAL SYMBOLS: SORTED BY Symbol Address 

address   name                                 
-------   ----                                 
00000000  __TI_ATRegion0_region_sz             
00000000  __TI_ATRegion0_src_addr              
00000000  __TI_ATRegion0_trg_addr              
00000000  __TI_ATRegion1_region_sz             
00000000  __TI_ATRegion1_src_addr              
00000000  __TI_ATRegion1_trg_addr              
00000000  __TI_ATRegion2_region_sz             
00000000  __TI_ATRegion2_src_addr              
00000000  __TI_ATRegion2_trg_addr              
00000000  __TI_static_base__                   
00000000  interruptVectors                     
000000c1  OLED_Init                            
00000200  __STACK_SIZE                         
00000c4d  OLED_Clear                           
000016dd  __TI_printfi_nofloat                 
00001f45  TIMA1_IRQHandler                     
00002405  OLED_WR_Byte                         
00002799  OLED_Refresh                         
00002ad9  OLED_ShowChar                        
00002d49  main                                 
00002fb9  __aeabi_dsub                         
00002fb9  __subdf3                             
00002fc3  __adddf3                             
00002fc3  __aeabi_dadd                         
0000314b  ADC0_IRQHandler                      
0000314b  ADC1_IRQHandler                      
0000314b  AES_IRQHandler                       
0000314b  CANFD0_IRQHandler                    
0000314b  DAC0_IRQHandler                      
0000314b  DMA_IRQHandler                       
0000314b  Default_Handler                      
0000314b  GROUP0_IRQHandler                    
0000314b  HardFault_Handler                    
0000314b  I2C0_IRQHandler                      
0000314b  I2C1_IRQHandler                      
0000314b  NMI_Handler                          
0000314b  PendSV_Handler                       
0000314b  RTC_IRQHandler                       
0000314b  SPI0_IRQHandler                      
0000314b  SPI1_IRQHandler                      
0000314b  SVC_Handler                          
0000314b  SysTick_Handler                      
0000314b  TIMA0_IRQHandler                     
0000314b  TIMG0_IRQHandler                     
0000314b  TIMG12_IRQHandler                    
0000314b  TIMG6_IRQHandler                     
0000314b  TIMG7_IRQHandler                     
0000314b  TIMG8_IRQHandler                     
0000314b  UART1_IRQHandler                     
0000314b  UART2_IRQHandler                     
0000314b  UART3_IRQHandler                     
0000314d  line_err                             
000032dd  pid_turn_angle_Calc                  
00003441  location_speed_control               
00003581  pid_speed_Calc                       
000036ad  turn_angle_speed_control             
000037cd  __aeabi_ddiv                         
000037cd  __divdf3                             
000038d9  DL_Timer_initFourCCPWMMode           
000039dd  pid_location_Calc                    
00003acd  SYSCFG_DL_GPIO_init                  
00003bb9  line_pid_realize                     
00003ca5  DL_Timer_initTimerMode               
00003d8d  __aeabi_dmul                         
00003d8d  __muldf3                             
00003e71  DL_SYSCTL_configSYSPLL               
00003f4d  __aeabi_fsub                         
00003f4d  __subsf3                             
00003f57  __addsf3                             
00003f57  __aeabi_fadd                         
00004025  smooth_target                        
000040e9  GROUP1_IRQHandler                    
00004191  __udivmoddi4                         
00004233  __aeabi_idiv0                        
00004235  car_go_line                          
000042d1  memcpy                               
0000436b  OLED_ShowString                      
000043f7  __aeabi_ldiv0                        
000043f9  SYSCFG_DL_PWM_MOTOR_init             
00004485  __aeabi_fmul                         
00004485  __mulsf3                             
00004511  __aeabi_fdiv                         
00004511  __divsf3                             
00004595  __TI_decompress_lzss                 
00004611  pid_Init                             
00004689  SYSCFG_DL_UART1_init                 
000046fd  __gedf2                              
000046fd  __gtdf2                              
00004771  __cmpdf2                             
00004771  __eqdf2                              
00004771  __ledf2                              
00004771  __ltdf2                              
00004771  __nedf2                              
000047d9  SYSCFG_DL_SYSCTL_init                
0000483d  motor_load_pwm                       
000048a1  __aeabi_dcmpeq                       
000048b5  __aeabi_dcmplt                       
000048c9  __aeabi_dcmple                       
000048dd  __aeabi_dcmpge                       
000048f1  __aeabi_dcmpgt                       
00004905  __aeabi_fcmpeq                       
00004919  __aeabi_fcmplt                       
0000492d  __aeabi_fcmple                       
00004941  __aeabi_fcmpge                       
00004955  __aeabi_fcmpgt                       
00004967  memset                               
000049c9  SYSCFG_DL_UART0_init                 
00004a29  soft_start                           
00004a89  __aeabi_idiv                         
00004a89  __aeabi_idivmod                      
00004ae1  SYSCFG_DL_initPower                  
00004b35  limit_abs                            
00004b85  filter_speed                         
00004bd1  __aeabi_d2iz                         
00004bd1  __fixdfsi                            
00004c1d  DL_UART_init                         
00004c65  SYSCFG_DL_TIMER_0_init               
00004cad  DL_SYSCTL_switchMCLKfromSYSOSCtoHSCLK
00004cf1  __aeabi_uidiv                        
00004cf1  __aeabi_uidivmod                     
00004d31  __aeabi_f2d                          
00004d31  __extendsfdf2                        
00004d71  atoi                                 
00004db1  Delay_us                             
00004ded  __aeabi_i2f                          
00004ded  __floatsisf                          
00004e29  __gesf2                              
00004e29  __gtsf2                              
00004e65  __TI_auto_init_nobinit_nopinit       
00004ea1  __cmpsf2                             
00004ea1  __eqsf2                              
00004ea1  __lesf2                              
00004ea1  __ltsf2                              
00004ea1  __nesf2                              
00004edd  __muldsi3                            
00004f19  UART0_IRQHandler                     
00004f51  __aeabi_f2iz                         
00004f51  __fixsfsi                            
00004f89  motor1_set_disable                   
00004fc1  sprintf                              
00004ff9  SYSCFG_DL_init                       
0000502d  motor_limit_pwm                      
0000505d  __aeabi_i2d                          
0000505d  __floatsidf                          
00005089  SYSCFG_DL_SYSCTL_CLK_init            
000050b1  motor2_set_disable                   
000050d9  _c_int00_noargs                      
00005101  __aeabi_lmul                         
00005101  __muldi3                             
00005125  memccpy                              
00005149  SYSCFG_DL_SYSTICK_init               
00005169  __aeabi_llsl                         
00005169  __ashldi3                            
00005189  DL_Timer_setCaptCompUpdateMethod     
000051a5  DL_Timer_setClockConfig              
000051c1  DL_Timer_setCaptureCompareOutCtl     
000051f1  motor1_set_enable                    
00005209  motor2_set_enable                    
00005221  __aeabi_uldivmod                     
00005235  read_encoder_left                    
00005249  read_encoder_right                   
0000525d  DL_UART_setClockConfig               
0000526f  __TI_decompress_none                 
00005281  DL_Timer_setCaptureCompareValue      
00005291  wcslen                               
000052a1  __TI_zero_init                       
000052b1  __aeabi_memset                       
000052b1  __aeabi_memset4                      
000052b1  __aeabi_memset8                      
000052cd  __aeabi_memclr                       
000052cd  __aeabi_memclr4                      
000052cd  __aeabi_memclr8                      
000052d9  buzz_Init                            
000052e5  DL_Common_delayCycles                
000052f9  __aeabi_errno_addr                   
00005301  __aeabi_memcpy                       
00005301  __aeabi_memcpy4                      
00005301  __aeabi_memcpy8                      
00005309  pid_Set_Target                       
0000530f  abort                                
00005314  C$$EXIT                              
00005315  HOSTexit                             
00005319  Reset_Handler                        
0000531d  _system_pre_init                     
00005320  asc2_2412                            
0000607c  asc2_1608                            
0000666c  asc2_1206                            
00006ae0  asc2_0806                            
00006d10  __aeabi_ctype_table_                 
00006d10  __aeabi_ctype_table_C                
00006ec0  __TI_Handler_Table_Base              
00006ecc  __TI_Handler_Table_Limit             
00006ee0  __TI_CINIT_Base                      
00006ef0  __TI_CINIT_Limit                     
00006ef0  __TI_CINIT_Warm                      
20200000  OLED_GRAM                            
20200000  __start___llvm_prf_bits              
20200000  __start___llvm_prf_cnts              
20200000  __stop___llvm_prf_bits               
20200000  __stop___llvm_prf_cnts               
20200480  gTIMER_0Backup                       
2020053c  g_yaw_jy60                           
20200540  g_pid_line                           
202005f0  g_pid_location1                      
202006a0  g_pid_location2                      
20200750  g_pid_speed1                         
20200800  g_pid_speed2                         
202008b0  g_pid_straight                       
20200960  g_pid_turn_angle                     
20200a10  g_ftarget_journey                    
20200a18  g_line_outval                        
20200a20  g_location1_outval                   
20200a28  g_location2_outval                   
20200a30  g_motor1_journey_cm                  
20200a38  g_motor2_journey_cm                  
20200a40  g_speed1_outval                      
20200a48  g_speed2_outval                      
20200a50  g_speed3_outval                      
20200a58  g_speed4_outval                      
20200a60  g_turn_outval                        
20200a68  __aeabi_errno                        
20200a6c  _encoder_l_count                     
20200a70  _encoder_r_count                     
20200a74  circle_num                           
20200a78  count2                               
20200a7c  count                                
20200a80  g_line_num                           
20200a84  g_motor1_pwm                         
20200a88  g_motor2_pwm                         
20200a8c  g_sigma_motor1pluse                  
20200a90  g_sigma_motor2pluse                  
20200a9c  g_unittime_motor1pluse               
20200a9e  g_unittime_motor2pluse               
20200aa0  g_Angle_Flag                         
20200aa1  g_Gostraght                          
20200aa2  g_Line_Flag                          
20200aa3  g_Spin_Start_Flag                    
20200aa4  g_Spin_Succeed_Flag                  
20200aa5  g_Stop_Flag                          
20200aa6  g_Straight_Flag                      
20200aa7  g_is_motor1_enabled                  
20200aa8  g_is_motor2_enabled                  
20200aa9  g_location_control_count             
20200aaa  g_stop_count                         
20200aab  g_turn_angle_control_count           
20200aac  uart_data                            
20207e00  __stack                              
20208000  __STACK_END                          
ffffffff  __TI_pprof_out_hndl                  
ffffffff  __TI_prof_data_size                  
ffffffff  __TI_prof_data_start                 
ffffffff  __binit__                            
ffffffff  binit                                
UNDEFED   __mpu_init                           
UNDEFED   _system_post_cinit                   

[255 symbols]
