******************************************************************************
            TI ARM Clang Linker PC v4.0.3                      
******************************************************************************
>> Linked Fri Aug  1 01:21:30 2025

OUTPUT FILE NAME:   <CAR-V2.out>
ENTRY POINT SYMBOL: "_c_int00_noargs"  address: 000054e1


MEMORY CONFIGURATION

         name            origin    length      used     unused   attr    fill
----------------------  --------  ---------  --------  --------  ----  --------
  FLASH                 00000000   00020000  00007338  00018cc8  R  X
  SRAM                  20200000   00008000  00000cc8  00007338  RW X
  BCR_CONFIG            41c00000   000000ff  00000000  000000ff  R   
  BSL_CONFIG            41c00100   00000080  00000000  00000080  R   


SEGMENT ALLOCATION MAP

run origin  load origin   length   init length attrs members
----------  ----------- ---------- ----------- ----- -------
00000000    00000000    00007338   00007338    r-x
  00000000    00000000    000000c0   000000c0    r-- .intvecs
  000000c0    000000c0    000056a0   000056a0    r-x .text
  00005760    00005760    00001ba0   00001ba0    r-- .rodata
  00007300    00007300    00000038   00000038    r-- .cinit
20200000    20200000    00000ac8   00000000    rw-
  20200000    20200000    00000a10   00000000    rw- .bss
  20200a10    20200a10    000000b8   00000000    rw- .data
20207e00    20207e00    00000200   00000000    rw-
  20207e00    20207e00    00000200   00000000    rw- .stack


SECTION ALLOCATION MAP

 output                                  attributes/
section   page    origin      length       input sections
--------  ----  ----------  ----------   ----------------
.intvecs   0    00000000    000000c0     
                  00000000    000000c0     startup_mspm0g350x_ticlang.o (.intvecs)

.text      0    000000c0    000056a0     
                  000000c0    00000b8c     oled.o (.text.OLED_Init)
                  00000c4c    00000a90     oled.o (.text.OLED_Clear)
                  000016dc    00000868     libc.a : _printfi.c.obj (.text:__TI_printfi_nofloat)
                  00001f44    000004bc     control.o (.text.TIMA1_IRQHandler)
                  00002400    00000394     oled.o (.text.OLED_WR_Byte)
                  00002794    00000340     oled.o (.text.OLED_Refresh)
                  00002ad4    00000270     oled.o (.text.OLED_ShowChar)
                  00002d44    0000026c     main.o (.text.main)
                  00002fb0    000001f4     line.o (.text.line_err)
                  000031a4    00000192     libclang_rt.builtins.a : adddf3.S.obj (.text.adddf3_subdf3)
                  00003336    00000002     startup_mspm0g350x_ticlang.o (.text.Default_Handler)
                  00003338    0000018c     control.o (.text.handle_off_track_recovery)
                  000034c4    0000017c     line.o (.text.line_pid_realize)
                  00003640    00000164     pid.o (.text.pid_turn_angle_Calc)
                  000037a4    0000014c     control.o (.text.line_speed_control)
                  000038f0    00000140     control.o (.text.location_speed_control)
                  00003a30    0000012c     pid.o (.text.pid_speed_Calc)
                  00003b5c    00000120     control.o (.text.turn_angle_speed_control)
                  00003c7c    0000010c     libclang_rt.builtins.a : divdf3.S.obj (.text.__divdf3)
                  00003d88    00000104     driverlib.a : dl_timer.o (.text.DL_Timer_initFourCCPWMMode)
                  00003e8c    000000f0     pid.o (.text.pid_location_Calc)
                  00003f7c    000000ec     ti_msp_dl_config.o (.text.SYSCFG_DL_GPIO_init)
                  00004068    000000e8     driverlib.a : dl_timer.o (.text.DL_Timer_initTimerMode)
                  00004150    000000e4     libclang_rt.builtins.a : muldf3.S.obj (.text.__muldf3)
                  00004234    000000e4     control.o (.text.car_spin)
                  00004318    000000dc     driverlib.a : dl_sysctl_mspm0g1x0x_g3x0x.o (.text.DL_SYSCTL_configSYSPLL)
                  000043f4    000000d8     libclang_rt.builtins.a : addsf3.S.obj (.text)
                  000044cc    000000c4     smooth.o (.text.smooth_target)
                  00004590    000000a8     encoder.o (.text.GROUP1_IRQHandler)
                  00004638    000000a2     libclang_rt.builtins.a : udivmoddi4.S.obj (.text)
                  000046da    0000009a     libc.a : memcpy16.S.obj (.text:memcpy)
                  00004774    0000008c     oled.o (.text.OLED_ShowString)
                  00004800    0000008c     ti_msp_dl_config.o (.text.SYSCFG_DL_PWM_MOTOR_init)
                  0000488c    0000008c     libclang_rt.builtins.a : mulsf3.S.obj (.text.__mulsf3)
                  00004918    00000082                            : divsf3.S.obj (.text.__divsf3)
                  0000499a    00000002                            : aeabi_div0.c.obj (.text.__aeabi_idiv0)
                  0000499c    0000007c     libc.a : copy_decompress_lzss.c.obj (.text:decompress:lzss)
                  00004a18    00000076     pid.o (.text.pid_Init)
                  00004a8e    00000002     libclang_rt.builtins.a : aeabi_div0.c.obj (.text.__aeabi_ldiv0)
                  00004a90    00000074     ti_msp_dl_config.o (.text.SYSCFG_DL_UART1_init)
                  00004b04    00000074     libclang_rt.builtins.a : comparedf2.c.obj (.text.__gedf2)
                  00004b78    00000068                            : comparedf2.c.obj (.text.__ledf2)
                  00004be0    00000064     ti_msp_dl_config.o (.text.SYSCFG_DL_SYSCTL_init)
                  00004c44    00000064     motor.o (.text.motor_load_pwm)
                  00004ca8    00000062     libclang_rt.builtins.a : aeabi_dcmp.S.obj (.text.__aeabi_dcmp)
                  00004d0a    00000002     --HOLE-- [fill = 0]
                  00004d0c    00000062                            : aeabi_fcmp.S.obj (.text.__aeabi_fcmp)
                  00004d6e    00000062     libc.a : memset16.S.obj (.text:memset)
                  00004dd0    00000060     ti_msp_dl_config.o (.text.SYSCFG_DL_UART0_init)
                  00004e30    00000060     smooth.o (.text.soft_start)
                  00004e90    00000056     libclang_rt.builtins.a : aeabi_idivmod.S.obj (.text.__aeabi_idivmod)
                  00004ee6    00000002     --HOLE-- [fill = 0]
                  00004ee8    00000054     ti_msp_dl_config.o (.text.SYSCFG_DL_initPower)
                  00004f3c    00000050     pid.o (.text.limit_abs)
                  00004f8c    0000004c     smooth.o (.text.filter_speed)
                  00004fd8    0000004a     libclang_rt.builtins.a : fixdfsi.S.obj (.text.__fixdfsi)
                  00005022    00000002     --HOLE-- [fill = 0]
                  00005024    00000048     driverlib.a : dl_uart.o (.text.DL_UART_init)
                  0000506c    00000048     ti_msp_dl_config.o (.text.SYSCFG_DL_TIMER_0_init)
                  000050b4    00000044     driverlib.a : dl_sysctl_mspm0g1x0x_g3x0x.o (.text.DL_SYSCTL_switchMCLKfromSYSOSCtoHSCLK)
                  000050f8    00000040     libclang_rt.builtins.a : aeabi_uidivmod.S.obj (.text.__aeabi_uidivmod)
                  00005138    00000040                            : extendsfdf2.S.obj (.text.__extendsfdf2)
                  00005178    00000040     libc.a : atoi.c.obj (.text.atoi)
                  000051b8    0000003c     delay.o (.text.Delay_us)
                  000051f4    0000003c     libclang_rt.builtins.a : floatsisf.S.obj (.text.__floatsisf)
                  00005230    0000003c                            : comparesf2.S.obj (.text.__gtsf2)
                  0000526c    0000003c     libc.a : autoinit.c.obj (.text:__TI_auto_init_nobinit_nopinit)
                  000052a8    0000003a     libclang_rt.builtins.a : comparesf2.S.obj (.text.__eqsf2)
                  000052e2    00000002     --HOLE-- [fill = 0]
                  000052e4    0000003a                            : muldsi3.S.obj (.text.__muldsi3)
                  0000531e    00000002     --HOLE-- [fill = 0]
                  00005320    00000038     uart.o (.text.UART0_IRQHandler)
                  00005358    00000038     libclang_rt.builtins.a : fixsfsi.S.obj (.text.__fixsfsi)
                  00005390    00000038     motor.o (.text.motor1_set_disable)
                  000053c8    00000038     libc.a : sprintf.c.obj (.text.sprintf)
                  00005400    00000034     ti_msp_dl_config.o (.text.SYSCFG_DL_init)
                  00005434    00000030     motor.o (.text.motor_limit_pwm)
                  00005464    0000002c     libclang_rt.builtins.a : floatsidf.S.obj (.text.__floatsidf)
                  00005490    00000028     ti_msp_dl_config.o (.text.SYSCFG_DL_SYSCTL_CLK_init)
                  000054b8    00000028     motor.o (.text.motor2_set_disable)
                  000054e0    00000028     libc.a : boot_cortex_m.c.obj (.text:_c_int00_noargs)
                  00005508    00000024     libclang_rt.builtins.a : muldi3.S.obj (.text.__muldi3)
                  0000552c    00000022     libc.a : memccpy.c.obj (.text.memccpy)
                  0000554e    00000002     --HOLE-- [fill = 0]
                  00005550    00000020     ti_msp_dl_config.o (.text.SYSCFG_DL_SYSTICK_init)
                  00005570    00000020     line.o (.text.get_search_status)
                  00005590    0000001e     libclang_rt.builtins.a : ashldi3.S.obj (.text.__ashldi3)
                  000055ae    00000002     --HOLE-- [fill = 0]
                  000055b0    0000001c     driverlib.a : dl_timer.o (.text.DL_Timer_setCaptCompUpdateMethod)
                  000055cc    0000001c                 : dl_timer.o (.text.DL_Timer_setClockConfig)
                  000055e8    00000018                 : dl_timer.o (.text.DL_Timer_setCaptureCompareOutCtl)
                  00005600    00000018     libc.a : sprintf.c.obj (.text._outs)
                  00005618    00000018     motor.o (.text.motor1_set_enable)
                  00005630    00000018     motor.o (.text.motor2_set_enable)
                  00005648    00000014     libclang_rt.builtins.a : aeabi_uldivmod.S.obj (.text.__aeabi_uldivmod)
                  0000565c    00000014     line.o (.text.is_completely_off_track)
                  00005670    00000014     encoder.o (.text.read_encoder_left)
                  00005684    00000014     encoder.o (.text.read_encoder_right)
                  00005698    00000012     driverlib.a : dl_uart.o (.text.DL_UART_setClockConfig)
                  000056aa    00000012     libc.a : copy_decompress_none.c.obj (.text:decompress:none)
                  000056bc    00000010     driverlib.a : dl_timer.o (.text.DL_Timer_setCaptureCompareValue)
                  000056cc    00000010     libc.a : wcslen.c.obj (.text.wcslen)
                  000056dc    00000010            : copy_zero_init.c.obj (.text:decompress:ZI)
                  000056ec    0000000e     libclang_rt.builtins.a : aeabi_memset.S.obj (.text.__aeabi_memset)
                  000056fa    0000000e     libc.a : _printfi.c.obj (.text.strlen)
                  00005708    0000000c     libclang_rt.builtins.a : aeabi_memset.S.obj (.text.__aeabi_memclr)
                  00005714    0000000c     buzz.o (.text.buzz_Init)
                  00005720    0000000a     driverlib.a : dl_common.o (.text.DL_Common_delayCycles)
                  0000572a    0000000a     libc.a : sprintf.c.obj (.text._outc)
                  00005734    00000008            : aeabi_portable.c.obj (.text.__aeabi_errno_addr)
                  0000573c    00000008     libclang_rt.builtins.a : aeabi_memcpy.S.obj (.text.__aeabi_memcpy)
                  00005744    00000006     pid.o (.text.pid_Set_Target)
                  0000574a    00000006     libc.a : exit.c.obj (.text:abort)
                  00005750    00000004     libsysbm.a : hostexit.c.obj (.text.HOSTexit)
                  00005754    00000004     startup_mspm0g350x_ticlang.o (.text.Reset_Handler)
                  00005758    00000004     libc.a : pre_init.c.obj (.text._system_pre_init)
                  0000575c    00000004     --HOLE-- [fill = 0]

.cinit     0    00007300    00000038     
                  00007300    0000000e     (.cinit..data.load) [load image, compression = lzss]
                  0000730e    00000002     --HOLE-- [fill = 0]
                  00007310    0000000c     (__TI_handler_table)
                  0000731c    00000008     (.cinit..bss.load) [load image, compression = zero_init]
                  00007324    00000010     (__TI_cinit_table)
                  00007334    00000004     --HOLE-- [fill = 0]

.rodata    0    00005760    00001ba0     
                  00005760    00000d5c     oled.o (.rodata.asc2_2412)
                  000064bc    000005f0     oled.o (.rodata.asc2_1608)
                  00006aac    00000474     oled.o (.rodata.asc2_1206)
                  00006f20    00000228     oled.o (.rodata.asc2_0806)
                  00007148    00000008     ti_msp_dl_config.o (.rodata.gPWM_MOTORConfig)
                  00007150    00000101     libc.a : aeabi_ctype.S.obj (.rodata:__aeabi_ctype_table_)
                  00007251    00000003     ti_msp_dl_config.o (.rodata.gPWM_MOTORClockConfig)
                  00007254    00000028     ti_msp_dl_config.o (.rodata.gSYSPLLConfig)
                  0000727c    00000017     main.o (.rodata.str1.15159059442110792349.1)
                  00007293    00000001     --HOLE-- [fill = 0]
                  00007294    00000014     ti_msp_dl_config.o (.rodata.gTIMER_0TimerConfig)
                  000072a8    00000011     libc.a : _printfi.c.obj (.rodata.str1.10348868589481759720.1)
                  000072b9    00000011            : _printfi.c.obj (.rodata.str1.15363888844622738466.1)
                  000072ca    0000000a     ti_msp_dl_config.o (.rodata.gUART0Config)
                  000072d4    0000000a     ti_msp_dl_config.o (.rodata.gUART1Config)
                  000072de    00000009     main.o (.rodata.str1.8154729771448623357.1)
                  000072e7    00000008     main.o (.rodata.str1.17100691992556644108.1)
                  000072ef    00000008     main.o (.rodata.str1.18227636981041470289.1)
                  000072f7    00000003     ti_msp_dl_config.o (.rodata.gTIMER_0ClockConfig)
                  000072fa    00000002     ti_msp_dl_config.o (.rodata.gUART0ClockConfig)
                  000072fc    00000002     ti_msp_dl_config.o (.rodata.gUART1ClockConfig)
                  000072fe    00000002     --HOLE-- [fill = 0]

.init_array 
*          0    00000000    00000000     UNINITIALIZED

.binit     0    00000000    00000000     

.bss       0    20200000    00000a10     UNINITIALIZED
                  20200000    00000480     (.common:OLED_GRAM)
                  20200480    000000bc     (.common:gTIMER_0Backup)
                  2020053c    00000004     (.common:g_yaw_jy60)
                  20200540    000000b0     (.common:g_pid_line)
                  202005f0    000000b0     (.common:g_pid_location1)
                  202006a0    000000b0     (.common:g_pid_location2)
                  20200750    000000b0     (.common:g_pid_speed1)
                  20200800    000000b0     (.common:g_pid_speed2)
                  202008b0    000000b0     (.common:g_pid_straight)
                  20200960    000000b0     (.common:g_pid_turn_angle)

.data      0    20200a10    000000b8     UNINITIALIZED
                  20200a10    00000008     control.o (.data.g_ftarget_journey)
                  20200a18    00000008     control.o (.data.g_location1_outval)
                  20200a20    00000008     control.o (.data.g_location2_outval)
                  20200a28    00000008     control.o (.data.g_motor1_journey_cm)
                  20200a30    00000008     control.o (.data.g_motor2_journey_cm)
                  20200a38    00000008     control.o (.data.g_speed1_outval)
                  20200a40    00000008     control.o (.data.g_speed2_outval)
                  20200a48    00000008     control.o (.data.g_speed3_outval)
                  20200a50    00000008     control.o (.data.g_speed4_outval)
                  20200a58    00000008     control.o (.data.g_turn_outval)
                  20200a60    00000008     control.o (.data.handle_off_track_recovery.target_yaw)
                  20200a68    00000008     control.o (.data.spin90_cm)
                  20200a70    00000004     libc.a : aeabi_portable.c.obj (.data.__aeabi_errno)
                  20200a74    00000004     encoder.o (.data._encoder_l_count)
                  20200a78    00000004     encoder.o (.data._encoder_r_count)
                  20200a7c    00000004     main.o (.data.circle_num)
                  20200a80    00000004     control.o (.data.count2)
                  20200a84    00000004     main.o (.data.count)
                  20200a88    00000004     line.o (.data.g_line_last_err)
                  20200a8c    00000004     control.o (.data.g_motor1_pwm)
                  20200a90    00000004     control.o (.data.g_motor2_pwm)
                  20200a94    00000004     control.o (.data.g_sigma_motor1pluse)
                  20200a98    00000004     control.o (.data.g_sigma_motor2pluse)
                  20200a9c    00000004     control.o (.data.handle_off_track_recovery.stable_counter)
                  20200aa0    00000004     line.o (.data.line_pid_integral)
                  20200aa4    00000004     line.o (.data.line_pid_last_err)
                  20200aa8    00000004     line.o (.data.lost_line_counter)
                  20200aac    00000004     line.o (.data.search_err_magnitude)
                  20200ab0    00000004     line.o (.data.swing_phase)
                  20200ab4    00000002     control.o (.data.g_unittime_motor1pluse)
                  20200ab6    00000002     control.o (.data.g_unittime_motor2pluse)
                  20200ab8    00000001     control.o (.data.g_Angle_Flag)
                  20200ab9    00000001     control.o (.data.g_Gostraght)
                  20200aba    00000001     control.o (.data.g_Line_Flag)
                  20200abb    00000001     control.o (.data.g_OffTrack_Flag)
                  20200abc    00000001     control.o (.data.g_Spin_Start_Flag)
                  20200abd    00000001     control.o (.data.g_Spin_Succeed_Flag)
                  20200abe    00000001     control.o (.data.g_Stop_Flag)
                  20200abf    00000001     control.o (.data.g_Straight_Flag)
                  20200ac0    00000001     motor.o (.data.g_is_motor1_enabled)
                  20200ac1    00000001     motor.o (.data.g_is_motor2_enabled)
                  20200ac2    00000001     control.o (.data.g_line_speed_control_count)
                  20200ac3    00000001     control.o (.data.g_location_control_count)
                  20200ac4    00000001     control.o (.data.g_stop_count)
                  20200ac5    00000001     control.o (.data.g_turn_angle_control_count)
                  20200ac6    00000001     control.o (.data.handle_off_track_recovery.recovery_phase)
                  20200ac7    00000001     uart.o (.data.uart_data)

.stack     0    20207e00    00000200     UNINITIALIZED
                  20207e00    00000004     libc.a : boot_cortex_m.c.obj (.stack)
                  20207e04    000001fc     --HOLE--

__llvm_prf_cnts 
*          0    20200000    00000000     UNINITIALIZED

__llvm_prf_bits 
*          0    20200000    00000000     UNINITIALIZED

MODULE SUMMARY

       Module                         code    ro data   rw data
       ------                         ----    -------   -------
    .\
       ti_msp_dl_config.o             968     98        188    
       main.o                         620     48        8      
       startup_mspm0g350x_ticlang.o   6       192       0      
    +--+------------------------------+-------+---------+---------+
       Total:                         1594    338       196    
                                                               
    .\Hardware\buzz\
       buzz.o                         12      0         0      
    +--+------------------------------+-------+---------+---------+
       Total:                         12      0         0      
                                                               
    .\Hardware\control\
       control.o                      2776    0         137    
    +--+------------------------------+-------+---------+---------+
       Total:                         2776    0         137    
                                                               
    .\Hardware\delay\
       delay.o                        60      0         0      
    +--+------------------------------+-------+---------+---------+
       Total:                         60      0         0      
                                                               
    .\Hardware\encoder\
       encoder.o                      208     0         8      
    +--+------------------------------+-------+---------+---------+
       Total:                         208     0         8      
                                                               
    .\Hardware\jy60\
       jy60.o                         0       0         4      
    +--+------------------------------+-------+---------+---------+
       Total:                         0       0         4      
                                                               
    .\Hardware\line\
       line.o                         932     0         24     
    +--+------------------------------+-------+---------+---------+
       Total:                         932     0         24     
                                                               
    .\Hardware\motor\
       motor.o                        292     0         2      
    +--+------------------------------+-------+---------+---------+
       Total:                         292     0         2      
                                                               
    .\Hardware\oled\
       oled.o                         8172    6632      1152   
    +--+------------------------------+-------+---------+---------+
       Total:                         8172    6632      1152   
                                                               
    .\Hardware\pid\
       pid.o                          1100    0         1232   
       smooth.o                       368     0         0      
    +--+------------------------------+-------+---------+---------+
       Total:                         1468    0         1232   
                                                               
    .\Hardware\uart\
       uart.o                         56      0         1      
    +--+------------------------------+-------+---------+---------+
       Total:                         56      0         1      
                                                               
    C:/ti/mspm0_sdk_2_05_00_05/source/ti/driverlib/lib/ticlang/m0p/mspm0g1x0x_g3x0x/driverlib.a
       dl_timer.o                     588     0         0      
       dl_sysctl_mspm0g1x0x_g3x0x.o   288     0         0      
       dl_uart.o                      90      0         0      
       dl_common.o                    10      0         0      
    +--+------------------------------+-------+---------+---------+
       Total:                         976     0         0      
                                                               
    C:\ti\ccs2020\ccs\tools\compiler\ti-cgt-armllvm_4.0.3.LTS\lib\armv6m-ti-none-eabi/c/libc.a
       _printfi.c.obj                 2166    34        0      
       aeabi_ctype.S.obj              0       257       0      
       memcpy16.S.obj                 154     0         0      
       copy_decompress_lzss.c.obj     124     0         0      
       memset16.S.obj                 98      0         0      
       sprintf.c.obj                  90      0         0      
       atoi.c.obj                     64      0         0      
       autoinit.c.obj                 60      0         0      
       boot_cortex_m.c.obj            40      0         0      
       memccpy.c.obj                  34      0         0      
       copy_decompress_none.c.obj     18      0         0      
       copy_zero_init.c.obj           16      0         0      
       wcslen.c.obj                   16      0         0      
       aeabi_portable.c.obj           8       0         4      
       exit.c.obj                     6       0         0      
       pre_init.c.obj                 4       0         0      
    +--+------------------------------+-------+---------+---------+
       Total:                         2898    291       4      
                                                               
    C:\ti\ccs2020\ccs\tools\compiler\ti-cgt-armllvm_4.0.3.LTS\lib\armv6m-ti-none-eabi/c/libsysbm.a
       hostexit.c.obj                 4       0         0      
    +--+------------------------------+-------+---------+---------+
       Total:                         4       0         0      
                                                               
    C:\ti\ccs2020\ccs\tools\compiler\ti-cgt-armllvm_4.0.3.LTS\lib\armv6m-ti-none-eabi/libclang_rt.builtins.a
       adddf3.S.obj                   402     0         0      
       divdf3.S.obj                   268     0         0      
       muldf3.S.obj                   228     0         0      
       comparedf2.c.obj               220     0         0      
       addsf3.S.obj                   216     0         0      
       udivmoddi4.S.obj               162     0         0      
       mulsf3.S.obj                   140     0         0      
       divsf3.S.obj                   130     0         0      
       comparesf2.S.obj               118     0         0      
       aeabi_dcmp.S.obj               98      0         0      
       aeabi_fcmp.S.obj               98      0         0      
       aeabi_idivmod.S.obj            86      0         0      
       fixdfsi.S.obj                  74      0         0      
       aeabi_uidivmod.S.obj           64      0         0      
       extendsfdf2.S.obj              64      0         0      
       floatsisf.S.obj                60      0         0      
       muldsi3.S.obj                  58      0         0      
       fixsfsi.S.obj                  56      0         0      
       floatsidf.S.obj                44      0         0      
       muldi3.S.obj                   36      0         0      
       ashldi3.S.obj                  30      0         0      
       aeabi_memset.S.obj             26      0         0      
       aeabi_uldivmod.S.obj           20      0         0      
       aeabi_memcpy.S.obj             8       0         0      
       aeabi_div0.c.obj               4       0         0      
    +--+------------------------------+-------+---------+---------+
       Total:                         2710    0         0      
                                                               
       Stack:                         0       0         512    
       Linker Generated:              0       50        0      
    +--+------------------------------+-------+---------+---------+
       Grand Total:                   22158   7311      3272   


LINKER GENERATED COPY TABLES

__TI_cinit_table @ 00007324 records: 2, size/record: 8, table size: 16
	.data: load addr=00007300, load size=0000000e bytes, run addr=20200a10, run size=000000b8 bytes, compression=lzss
	.bss: load addr=0000731c, load size=00000008 bytes, run addr=20200000, run size=00000a10 bytes, compression=zero_init


LINKER GENERATED HANDLER TABLE

__TI_handler_table @ 00007310 records: 3, size/record: 4, table size: 12
	index: 0, handler: __TI_decompress_lzss
	index: 1, handler: __TI_decompress_none
	index: 2, handler: __TI_zero_init


GLOBAL SYMBOLS: SORTED ALPHABETICALLY BY Name 

address   name                                 
-------   ----                                 
00003337  ADC0_IRQHandler                      
00003337  ADC1_IRQHandler                      
00003337  AES_IRQHandler                       
00005750  C$$EXIT                              
00003337  CANFD0_IRQHandler                    
00003337  DAC0_IRQHandler                      
00005721  DL_Common_delayCycles                
00004319  DL_SYSCTL_configSYSPLL               
000050b5  DL_SYSCTL_switchMCLKfromSYSOSCtoHSCLK
00003d89  DL_Timer_initFourCCPWMMode           
00004069  DL_Timer_initTimerMode               
000055b1  DL_Timer_setCaptCompUpdateMethod     
000055e9  DL_Timer_setCaptureCompareOutCtl     
000056bd  DL_Timer_setCaptureCompareValue      
000055cd  DL_Timer_setClockConfig              
00005025  DL_UART_init                         
00005699  DL_UART_setClockConfig               
00003337  DMA_IRQHandler                       
00003337  Default_Handler                      
000051b9  Delay_us                             
00003337  GROUP0_IRQHandler                    
00004591  GROUP1_IRQHandler                    
00005751  HOSTexit                             
00003337  HardFault_Handler                    
00003337  I2C0_IRQHandler                      
00003337  I2C1_IRQHandler                      
00003337  NMI_Handler                          
00000c4d  OLED_Clear                           
20200000  OLED_GRAM                            
000000c1  OLED_Init                            
00002795  OLED_Refresh                         
00002ad5  OLED_ShowChar                        
00004775  OLED_ShowString                      
00002401  OLED_WR_Byte                         
00003337  PendSV_Handler                       
00003337  RTC_IRQHandler                       
00005755  Reset_Handler                        
00003337  SPI0_IRQHandler                      
00003337  SPI1_IRQHandler                      
00003337  SVC_Handler                          
00003f7d  SYSCFG_DL_GPIO_init                  
00004801  SYSCFG_DL_PWM_MOTOR_init             
00005491  SYSCFG_DL_SYSCTL_CLK_init            
00004be1  SYSCFG_DL_SYSCTL_init                
00005551  SYSCFG_DL_SYSTICK_init               
0000506d  SYSCFG_DL_TIMER_0_init               
00004dd1  SYSCFG_DL_UART0_init                 
00004a91  SYSCFG_DL_UART1_init                 
00005401  SYSCFG_DL_init                       
00004ee9  SYSCFG_DL_initPower                  
00003337  SysTick_Handler                      
00003337  TIMA0_IRQHandler                     
00001f45  TIMA1_IRQHandler                     
00003337  TIMG0_IRQHandler                     
00003337  TIMG12_IRQHandler                    
00003337  TIMG6_IRQHandler                     
00003337  TIMG7_IRQHandler                     
00003337  TIMG8_IRQHandler                     
00005321  UART0_IRQHandler                     
00003337  UART1_IRQHandler                     
00003337  UART2_IRQHandler                     
00003337  UART3_IRQHandler                     
20208000  __STACK_END                          
00000200  __STACK_SIZE                         
00000000  __TI_ATRegion0_region_sz             
00000000  __TI_ATRegion0_src_addr              
00000000  __TI_ATRegion0_trg_addr              
00000000  __TI_ATRegion1_region_sz             
00000000  __TI_ATRegion1_src_addr              
00000000  __TI_ATRegion1_trg_addr              
00000000  __TI_ATRegion2_region_sz             
00000000  __TI_ATRegion2_src_addr              
00000000  __TI_ATRegion2_trg_addr              
00007324  __TI_CINIT_Base                      
00007334  __TI_CINIT_Limit                     
00007334  __TI_CINIT_Warm                      
00007310  __TI_Handler_Table_Base              
0000731c  __TI_Handler_Table_Limit             
0000526d  __TI_auto_init_nobinit_nopinit       
0000499d  __TI_decompress_lzss                 
000056ab  __TI_decompress_none                 
ffffffff  __TI_pprof_out_hndl                  
000016dd  __TI_printfi_nofloat                 
ffffffff  __TI_prof_data_size                  
ffffffff  __TI_prof_data_start                 
00000000  __TI_static_base__                   
000056dd  __TI_zero_init                       
000031af  __adddf3                             
000043ff  __addsf3                             
00007150  __aeabi_ctype_table_                 
00007150  __aeabi_ctype_table_C                
00004fd9  __aeabi_d2iz                         
000031af  __aeabi_dadd                         
00004ca9  __aeabi_dcmpeq                       
00004ce5  __aeabi_dcmpge                       
00004cf9  __aeabi_dcmpgt                       
00004cd1  __aeabi_dcmple                       
00004cbd  __aeabi_dcmplt                       
00003c7d  __aeabi_ddiv                         
00004151  __aeabi_dmul                         
000031a5  __aeabi_dsub                         
20200a70  __aeabi_errno                        
00005735  __aeabi_errno_addr                   
00005139  __aeabi_f2d                          
00005359  __aeabi_f2iz                         
000043ff  __aeabi_fadd                         
00004d0d  __aeabi_fcmpeq                       
00004d49  __aeabi_fcmpge                       
00004d5d  __aeabi_fcmpgt                       
00004d35  __aeabi_fcmple                       
00004d21  __aeabi_fcmplt                       
00004919  __aeabi_fdiv                         
0000488d  __aeabi_fmul                         
000043f5  __aeabi_fsub                         
00005465  __aeabi_i2d                          
000051f5  __aeabi_i2f                          
00004e91  __aeabi_idiv                         
0000499b  __aeabi_idiv0                        
00004e91  __aeabi_idivmod                      
00004a8f  __aeabi_ldiv0                        
00005591  __aeabi_llsl                         
00005509  __aeabi_lmul                         
00005709  __aeabi_memclr                       
00005709  __aeabi_memclr4                      
00005709  __aeabi_memclr8                      
0000573d  __aeabi_memcpy                       
0000573d  __aeabi_memcpy4                      
0000573d  __aeabi_memcpy8                      
000056ed  __aeabi_memset                       
000056ed  __aeabi_memset4                      
000056ed  __aeabi_memset8                      
000050f9  __aeabi_uidiv                        
000050f9  __aeabi_uidivmod                     
00005649  __aeabi_uldivmod                     
00005591  __ashldi3                            
ffffffff  __binit__                            
00004b79  __cmpdf2                             
000052a9  __cmpsf2                             
00003c7d  __divdf3                             
00004919  __divsf3                             
00004b79  __eqdf2                              
000052a9  __eqsf2                              
00005139  __extendsfdf2                        
00004fd9  __fixdfsi                            
00005359  __fixsfsi                            
00005465  __floatsidf                          
000051f5  __floatsisf                          
00004b05  __gedf2                              
00005231  __gesf2                              
00004b05  __gtdf2                              
00005231  __gtsf2                              
00004b79  __ledf2                              
000052a9  __lesf2                              
00004b79  __ltdf2                              
000052a9  __ltsf2                              
UNDEFED   __mpu_init                           
00004151  __muldf3                             
00005509  __muldi3                             
000052e5  __muldsi3                            
0000488d  __mulsf3                             
00004b79  __nedf2                              
000052a9  __nesf2                              
20207e00  __stack                              
20200000  __start___llvm_prf_bits              
20200000  __start___llvm_prf_cnts              
20200000  __stop___llvm_prf_bits               
20200000  __stop___llvm_prf_cnts               
000031a5  __subdf3                             
000043f5  __subsf3                             
00004639  __udivmoddi4                         
000054e1  _c_int00_noargs                      
20200a74  _encoder_l_count                     
20200a78  _encoder_r_count                     
UNDEFED   _system_post_cinit                   
00005759  _system_pre_init                     
0000574b  abort                                
00006f20  asc2_0806                            
00006aac  asc2_1206                            
000064bc  asc2_1608                            
00005760  asc2_2412                            
00005179  atoi                                 
ffffffff  binit                                
00005715  buzz_Init                            
00004235  car_spin                             
20200a7c  circle_num                           
20200a84  count                                
20200a80  count2                               
00004f8d  filter_speed                         
20200480  gTIMER_0Backup                       
20200ab8  g_Angle_Flag                         
20200ab9  g_Gostraght                          
20200aba  g_Line_Flag                          
20200abb  g_OffTrack_Flag                      
20200abc  g_Spin_Start_Flag                    
20200abd  g_Spin_Succeed_Flag                  
20200abe  g_Stop_Flag                          
20200abf  g_Straight_Flag                      
20200a10  g_ftarget_journey                    
20200ac0  g_is_motor1_enabled                  
20200ac1  g_is_motor2_enabled                  
20200ac2  g_line_speed_control_count           
20200a18  g_location1_outval                   
20200a20  g_location2_outval                   
20200ac3  g_location_control_count             
20200a28  g_motor1_journey_cm                  
20200a8c  g_motor1_pwm                         
20200a30  g_motor2_journey_cm                  
20200a90  g_motor2_pwm                         
20200540  g_pid_line                           
202005f0  g_pid_location1                      
202006a0  g_pid_location2                      
20200750  g_pid_speed1                         
20200800  g_pid_speed2                         
202008b0  g_pid_straight                       
20200960  g_pid_turn_angle                     
20200a94  g_sigma_motor1pluse                  
20200a98  g_sigma_motor2pluse                  
20200a38  g_speed1_outval                      
20200a40  g_speed2_outval                      
20200a48  g_speed3_outval                      
20200a50  g_speed4_outval                      
20200ac4  g_stop_count                         
20200ac5  g_turn_angle_control_count           
20200a58  g_turn_outval                        
20200ab4  g_unittime_motor1pluse               
20200ab6  g_unittime_motor2pluse               
2020053c  g_yaw_jy60                           
00005571  get_search_status                    
00003339  handle_off_track_recovery            
00000000  interruptVectors                     
0000565d  is_completely_off_track              
00004f3d  limit_abs                            
00002fb1  line_err                             
000034c5  line_pid_realize                     
000037a5  line_speed_control                   
000038f1  location_speed_control               
00002d45  main                                 
0000552d  memccpy                              
000046db  memcpy                               
00004d6f  memset                               
00005391  motor1_set_disable                   
00005619  motor1_set_enable                    
000054b9  motor2_set_disable                   
00005631  motor2_set_enable                    
00005435  motor_limit_pwm                      
00004c45  motor_load_pwm                       
00004a19  pid_Init                             
00005745  pid_Set_Target                       
00003e8d  pid_location_Calc                    
00003a31  pid_speed_Calc                       
00003641  pid_turn_angle_Calc                  
00005671  read_encoder_left                    
00005685  read_encoder_right                   
000044cd  smooth_target                        
00004e31  soft_start                           
20200a68  spin90_cm                            
000053c9  sprintf                              
00003b5d  turn_angle_speed_control             
20200ac7  uart_data                            
000056cd  wcslen                               


GLOBAL SYMBOLS: SORTED BY Symbol Address 

address   name                                 
-------   ----                                 
00000000  __TI_ATRegion0_region_sz             
00000000  __TI_ATRegion0_src_addr              
00000000  __TI_ATRegion0_trg_addr              
00000000  __TI_ATRegion1_region_sz             
00000000  __TI_ATRegion1_src_addr              
00000000  __TI_ATRegion1_trg_addr              
00000000  __TI_ATRegion2_region_sz             
00000000  __TI_ATRegion2_src_addr              
00000000  __TI_ATRegion2_trg_addr              
00000000  __TI_static_base__                   
00000000  interruptVectors                     
000000c1  OLED_Init                            
00000200  __STACK_SIZE                         
00000c4d  OLED_Clear                           
000016dd  __TI_printfi_nofloat                 
00001f45  TIMA1_IRQHandler                     
00002401  OLED_WR_Byte                         
00002795  OLED_Refresh                         
00002ad5  OLED_ShowChar                        
00002d45  main                                 
00002fb1  line_err                             
000031a5  __aeabi_dsub                         
000031a5  __subdf3                             
000031af  __adddf3                             
000031af  __aeabi_dadd                         
00003337  ADC0_IRQHandler                      
00003337  ADC1_IRQHandler                      
00003337  AES_IRQHandler                       
00003337  CANFD0_IRQHandler                    
00003337  DAC0_IRQHandler                      
00003337  DMA_IRQHandler                       
00003337  Default_Handler                      
00003337  GROUP0_IRQHandler                    
00003337  HardFault_Handler                    
00003337  I2C0_IRQHandler                      
00003337  I2C1_IRQHandler                      
00003337  NMI_Handler                          
00003337  PendSV_Handler                       
00003337  RTC_IRQHandler                       
00003337  SPI0_IRQHandler                      
00003337  SPI1_IRQHandler                      
00003337  SVC_Handler                          
00003337  SysTick_Handler                      
00003337  TIMA0_IRQHandler                     
00003337  TIMG0_IRQHandler                     
00003337  TIMG12_IRQHandler                    
00003337  TIMG6_IRQHandler                     
00003337  TIMG7_IRQHandler                     
00003337  TIMG8_IRQHandler                     
00003337  UART1_IRQHandler                     
00003337  UART2_IRQHandler                     
00003337  UART3_IRQHandler                     
00003339  handle_off_track_recovery            
000034c5  line_pid_realize                     
00003641  pid_turn_angle_Calc                  
000037a5  line_speed_control                   
000038f1  location_speed_control               
00003a31  pid_speed_Calc                       
00003b5d  turn_angle_speed_control             
00003c7d  __aeabi_ddiv                         
00003c7d  __divdf3                             
00003d89  DL_Timer_initFourCCPWMMode           
00003e8d  pid_location_Calc                    
00003f7d  SYSCFG_DL_GPIO_init                  
00004069  DL_Timer_initTimerMode               
00004151  __aeabi_dmul                         
00004151  __muldf3                             
00004235  car_spin                             
00004319  DL_SYSCTL_configSYSPLL               
000043f5  __aeabi_fsub                         
000043f5  __subsf3                             
000043ff  __addsf3                             
000043ff  __aeabi_fadd                         
000044cd  smooth_target                        
00004591  GROUP1_IRQHandler                    
00004639  __udivmoddi4                         
000046db  memcpy                               
00004775  OLED_ShowString                      
00004801  SYSCFG_DL_PWM_MOTOR_init             
0000488d  __aeabi_fmul                         
0000488d  __mulsf3                             
00004919  __aeabi_fdiv                         
00004919  __divsf3                             
0000499b  __aeabi_idiv0                        
0000499d  __TI_decompress_lzss                 
00004a19  pid_Init                             
00004a8f  __aeabi_ldiv0                        
00004a91  SYSCFG_DL_UART1_init                 
00004b05  __gedf2                              
00004b05  __gtdf2                              
00004b79  __cmpdf2                             
00004b79  __eqdf2                              
00004b79  __ledf2                              
00004b79  __ltdf2                              
00004b79  __nedf2                              
00004be1  SYSCFG_DL_SYSCTL_init                
00004c45  motor_load_pwm                       
00004ca9  __aeabi_dcmpeq                       
00004cbd  __aeabi_dcmplt                       
00004cd1  __aeabi_dcmple                       
00004ce5  __aeabi_dcmpge                       
00004cf9  __aeabi_dcmpgt                       
00004d0d  __aeabi_fcmpeq                       
00004d21  __aeabi_fcmplt                       
00004d35  __aeabi_fcmple                       
00004d49  __aeabi_fcmpge                       
00004d5d  __aeabi_fcmpgt                       
00004d6f  memset                               
00004dd1  SYSCFG_DL_UART0_init                 
00004e31  soft_start                           
00004e91  __aeabi_idiv                         
00004e91  __aeabi_idivmod                      
00004ee9  SYSCFG_DL_initPower                  
00004f3d  limit_abs                            
00004f8d  filter_speed                         
00004fd9  __aeabi_d2iz                         
00004fd9  __fixdfsi                            
00005025  DL_UART_init                         
0000506d  SYSCFG_DL_TIMER_0_init               
000050b5  DL_SYSCTL_switchMCLKfromSYSOSCtoHSCLK
000050f9  __aeabi_uidiv                        
000050f9  __aeabi_uidivmod                     
00005139  __aeabi_f2d                          
00005139  __extendsfdf2                        
00005179  atoi                                 
000051b9  Delay_us                             
000051f5  __aeabi_i2f                          
000051f5  __floatsisf                          
00005231  __gesf2                              
00005231  __gtsf2                              
0000526d  __TI_auto_init_nobinit_nopinit       
000052a9  __cmpsf2                             
000052a9  __eqsf2                              
000052a9  __lesf2                              
000052a9  __ltsf2                              
000052a9  __nesf2                              
000052e5  __muldsi3                            
00005321  UART0_IRQHandler                     
00005359  __aeabi_f2iz                         
00005359  __fixsfsi                            
00005391  motor1_set_disable                   
000053c9  sprintf                              
00005401  SYSCFG_DL_init                       
00005435  motor_limit_pwm                      
00005465  __aeabi_i2d                          
00005465  __floatsidf                          
00005491  SYSCFG_DL_SYSCTL_CLK_init            
000054b9  motor2_set_disable                   
000054e1  _c_int00_noargs                      
00005509  __aeabi_lmul                         
00005509  __muldi3                             
0000552d  memccpy                              
00005551  SYSCFG_DL_SYSTICK_init               
00005571  get_search_status                    
00005591  __aeabi_llsl                         
00005591  __ashldi3                            
000055b1  DL_Timer_setCaptCompUpdateMethod     
000055cd  DL_Timer_setClockConfig              
000055e9  DL_Timer_setCaptureCompareOutCtl     
00005619  motor1_set_enable                    
00005631  motor2_set_enable                    
00005649  __aeabi_uldivmod                     
0000565d  is_completely_off_track              
00005671  read_encoder_left                    
00005685  read_encoder_right                   
00005699  DL_UART_setClockConfig               
000056ab  __TI_decompress_none                 
000056bd  DL_Timer_setCaptureCompareValue      
000056cd  wcslen                               
000056dd  __TI_zero_init                       
000056ed  __aeabi_memset                       
000056ed  __aeabi_memset4                      
000056ed  __aeabi_memset8                      
00005709  __aeabi_memclr                       
00005709  __aeabi_memclr4                      
00005709  __aeabi_memclr8                      
00005715  buzz_Init                            
00005721  DL_Common_delayCycles                
00005735  __aeabi_errno_addr                   
0000573d  __aeabi_memcpy                       
0000573d  __aeabi_memcpy4                      
0000573d  __aeabi_memcpy8                      
00005745  pid_Set_Target                       
0000574b  abort                                
00005750  C$$EXIT                              
00005751  HOSTexit                             
00005755  Reset_Handler                        
00005759  _system_pre_init                     
00005760  asc2_2412                            
000064bc  asc2_1608                            
00006aac  asc2_1206                            
00006f20  asc2_0806                            
00007150  __aeabi_ctype_table_                 
00007150  __aeabi_ctype_table_C                
00007310  __TI_Handler_Table_Base              
0000731c  __TI_Handler_Table_Limit             
00007324  __TI_CINIT_Base                      
00007334  __TI_CINIT_Limit                     
00007334  __TI_CINIT_Warm                      
20200000  OLED_GRAM                            
20200000  __start___llvm_prf_bits              
20200000  __start___llvm_prf_cnts              
20200000  __stop___llvm_prf_bits               
20200000  __stop___llvm_prf_cnts               
20200480  gTIMER_0Backup                       
2020053c  g_yaw_jy60                           
20200540  g_pid_line                           
202005f0  g_pid_location1                      
202006a0  g_pid_location2                      
20200750  g_pid_speed1                         
20200800  g_pid_speed2                         
202008b0  g_pid_straight                       
20200960  g_pid_turn_angle                     
20200a10  g_ftarget_journey                    
20200a18  g_location1_outval                   
20200a20  g_location2_outval                   
20200a28  g_motor1_journey_cm                  
20200a30  g_motor2_journey_cm                  
20200a38  g_speed1_outval                      
20200a40  g_speed2_outval                      
20200a48  g_speed3_outval                      
20200a50  g_speed4_outval                      
20200a58  g_turn_outval                        
20200a68  spin90_cm                            
20200a70  __aeabi_errno                        
20200a74  _encoder_l_count                     
20200a78  _encoder_r_count                     
20200a7c  circle_num                           
20200a80  count2                               
20200a84  count                                
20200a8c  g_motor1_pwm                         
20200a90  g_motor2_pwm                         
20200a94  g_sigma_motor1pluse                  
20200a98  g_sigma_motor2pluse                  
20200ab4  g_unittime_motor1pluse               
20200ab6  g_unittime_motor2pluse               
20200ab8  g_Angle_Flag                         
20200ab9  g_Gostraght                          
20200aba  g_Line_Flag                          
20200abb  g_OffTrack_Flag                      
20200abc  g_Spin_Start_Flag                    
20200abd  g_Spin_Succeed_Flag                  
20200abe  g_Stop_Flag                          
20200abf  g_Straight_Flag                      
20200ac0  g_is_motor1_enabled                  
20200ac1  g_is_motor2_enabled                  
20200ac2  g_line_speed_control_count           
20200ac3  g_location_control_count             
20200ac4  g_stop_count                         
20200ac5  g_turn_angle_control_count           
20200ac7  uart_data                            
20207e00  __stack                              
20208000  __STACK_END                          
ffffffff  __TI_pprof_out_hndl                  
ffffffff  __TI_prof_data_size                  
ffffffff  __TI_prof_data_start                 
ffffffff  __binit__                            
ffffffff  binit                                
UNDEFED   __mpu_init                           
UNDEFED   _system_post_cinit                   

[260 symbols]
