<?xml version="1.0" encoding="ISO-8859-1" ?>
<link_info>
   <banner>TI ARM Clang Linker PC v4.0.3.LTS</banner>
   <copyright>Copyright (c) 1996-2018 Texas Instruments Incorporated</copyright>
   <command_line>C:\ti\ccs2020\ccs\tools\compiler\ti-cgt-armllvm_4.0.3.LTS\bin\tiarmlnk -IC:\ti\ccs2020\ccs\tools\compiler\ti-cgt-armllvm_4.0.3.LTS\lib -o CAR-V2.out -mCAR-V2.map -iC:/ti/mspm0_sdk_2_05_00_05/source -iC:/Users/Walnut/workspace_ccstheia/CAR-V2 -iC:/Users/Walnut/workspace_ccstheia/CAR-V2/Debug/syscfg -iC:/ti/ccs2020/ccs/tools/compiler/ti-cgt-armllvm_4.0.3.LTS/lib --diag_wrap=off --display_error_number --warn_sections --xml_link_info=CAR-V2_linkInfo.xml --rom_model ./ti_msp_dl_config.o ./startup_mspm0g350x_ticlang.o ./main.o ./Hardware/buzz/buzz.o ./Hardware/control/control.o ./Hardware/delay/delay.o ./Hardware/encoder/encoder.o ./Hardware/jy60/jy60.o ./Hardware/key/key.o ./Hardware/line/line.o ./Hardware/menu/menu.o ./Hardware/motor/motor.o ./Hardware/oled/oled.o ./Hardware/pid/pid.o ./Hardware/pid/smooth.o ./Hardware/task/task.o ./Hardware/uart/uart.o ./Hardware/uart/uart_jy60.o -l./device_linker.cmd -ldevice.cmd.genlibs -llibc.a --start-group -llibc++.a -llibc++abi.a -llibc.a -llibsys.a -llibsysbm.a -llibclang_rt.builtins.a -llibclang_rt.profile.a --end-group --cg_opt_level=2</command_line>
   <link_time>0x688be967</link_time>
   <link_errors>0x0</link_errors>
   <output_file>C:\Users\Walnut\workspace_ccstheia\CAR-V2\Debug\CAR-V2.out</output_file>
   <entry_point>
      <name>_c_int00_noargs</name>
      <address>0x5c81</address>
   </entry_point>
   <input_file_list>
      <input_file id="fl-1">
         <path>C:\Users\Walnut\workspace_ccstheia\CAR-V2\Debug\.\</path>
         <kind>object</kind>
         <file>ti_msp_dl_config.o</file>
         <name>ti_msp_dl_config.o</name>
      </input_file>
      <input_file id="fl-2">
         <path>C:\Users\Walnut\workspace_ccstheia\CAR-V2\Debug\.\</path>
         <kind>object</kind>
         <file>startup_mspm0g350x_ticlang.o</file>
         <name>startup_mspm0g350x_ticlang.o</name>
      </input_file>
      <input_file id="fl-3">
         <path>C:\Users\Walnut\workspace_ccstheia\CAR-V2\Debug\.\</path>
         <kind>object</kind>
         <file>main.o</file>
         <name>main.o</name>
      </input_file>
      <input_file id="fl-4">
         <path>C:\Users\Walnut\workspace_ccstheia\CAR-V2\Debug\.\Hardware\buzz\</path>
         <kind>object</kind>
         <file>buzz.o</file>
         <name>buzz.o</name>
      </input_file>
      <input_file id="fl-5">
         <path>C:\Users\Walnut\workspace_ccstheia\CAR-V2\Debug\.\Hardware\control\</path>
         <kind>object</kind>
         <file>control.o</file>
         <name>control.o</name>
      </input_file>
      <input_file id="fl-6">
         <path>C:\Users\Walnut\workspace_ccstheia\CAR-V2\Debug\.\Hardware\delay\</path>
         <kind>object</kind>
         <file>delay.o</file>
         <name>delay.o</name>
      </input_file>
      <input_file id="fl-7">
         <path>C:\Users\Walnut\workspace_ccstheia\CAR-V2\Debug\.\Hardware\encoder\</path>
         <kind>object</kind>
         <file>encoder.o</file>
         <name>encoder.o</name>
      </input_file>
      <input_file id="fl-8">
         <path>C:\Users\Walnut\workspace_ccstheia\CAR-V2\Debug\.\Hardware\jy60\</path>
         <kind>object</kind>
         <file>jy60.o</file>
         <name>jy60.o</name>
      </input_file>
      <input_file id="fl-9">
         <path>C:\Users\Walnut\workspace_ccstheia\CAR-V2\Debug\.\Hardware\key\</path>
         <kind>object</kind>
         <file>key.o</file>
         <name>key.o</name>
      </input_file>
      <input_file id="fl-a">
         <path>C:\Users\Walnut\workspace_ccstheia\CAR-V2\Debug\.\Hardware\line\</path>
         <kind>object</kind>
         <file>line.o</file>
         <name>line.o</name>
      </input_file>
      <input_file id="fl-b">
         <path>C:\Users\Walnut\workspace_ccstheia\CAR-V2\Debug\.\Hardware\menu\</path>
         <kind>object</kind>
         <file>menu.o</file>
         <name>menu.o</name>
      </input_file>
      <input_file id="fl-c">
         <path>C:\Users\Walnut\workspace_ccstheia\CAR-V2\Debug\.\Hardware\motor\</path>
         <kind>object</kind>
         <file>motor.o</file>
         <name>motor.o</name>
      </input_file>
      <input_file id="fl-d">
         <path>C:\Users\Walnut\workspace_ccstheia\CAR-V2\Debug\.\Hardware\oled\</path>
         <kind>object</kind>
         <file>oled.o</file>
         <name>oled.o</name>
      </input_file>
      <input_file id="fl-e">
         <path>C:\Users\Walnut\workspace_ccstheia\CAR-V2\Debug\.\Hardware\pid\</path>
         <kind>object</kind>
         <file>pid.o</file>
         <name>pid.o</name>
      </input_file>
      <input_file id="fl-f">
         <path>C:\Users\Walnut\workspace_ccstheia\CAR-V2\Debug\.\Hardware\pid\</path>
         <kind>object</kind>
         <file>smooth.o</file>
         <name>smooth.o</name>
      </input_file>
      <input_file id="fl-10">
         <path>C:\Users\Walnut\workspace_ccstheia\CAR-V2\Debug\.\Hardware\task\</path>
         <kind>object</kind>
         <file>task.o</file>
         <name>task.o</name>
      </input_file>
      <input_file id="fl-11">
         <path>C:\Users\Walnut\workspace_ccstheia\CAR-V2\Debug\.\Hardware\uart\</path>
         <kind>object</kind>
         <file>uart.o</file>
         <name>uart.o</name>
      </input_file>
      <input_file id="fl-12">
         <path>C:\Users\Walnut\workspace_ccstheia\CAR-V2\Debug\.\Hardware\uart\</path>
         <kind>object</kind>
         <file>uart_jy60.o</file>
         <name>uart_jy60.o</name>
      </input_file>
      <input_file id="fl-1f">
         <path>C:\Users\Walnut\workspace_ccstheia\CAR-V2\Debug\</path>
         <kind>object</kind>
         <file>&lt;internal&gt;</file>
         <name>&lt;internal&gt;</name>
      </input_file>
      <input_file id="fl-20">
         <path>C:\ti\mspm0_sdk_2_05_00_05\source\ti\driverlib\lib\ticlang\m0p\mspm0g1x0x_g3x0x\</path>
         <kind>archive</kind>
         <file>driverlib.a</file>
         <name>dl_common.o</name>
      </input_file>
      <input_file id="fl-21">
         <path>C:\ti\mspm0_sdk_2_05_00_05\source\ti\driverlib\lib\ticlang\m0p\mspm0g1x0x_g3x0x\</path>
         <kind>archive</kind>
         <file>driverlib.a</file>
         <name>dl_timer.o</name>
      </input_file>
      <input_file id="fl-22">
         <path>C:\ti\mspm0_sdk_2_05_00_05\source\ti\driverlib\lib\ticlang\m0p\mspm0g1x0x_g3x0x\</path>
         <kind>archive</kind>
         <file>driverlib.a</file>
         <name>dl_uart.o</name>
      </input_file>
      <input_file id="fl-23">
         <path>C:\ti\mspm0_sdk_2_05_00_05\source\ti\driverlib\lib\ticlang\m0p\mspm0g1x0x_g3x0x\</path>
         <kind>archive</kind>
         <file>driverlib.a</file>
         <name>dl_sysctl_mspm0g1x0x_g3x0x.o</name>
      </input_file>
      <input_file id="fl-3a">
         <path>C:\ti\ccs2020\ccs\tools\compiler\ti-cgt-armllvm_4.0.3.LTS\lib\armv6m-ti-none-eabi\c\</path>
         <kind>archive</kind>
         <file>libc.a</file>
         <name>sprintf.c.obj</name>
      </input_file>
      <input_file id="fl-3b">
         <path>C:\ti\ccs2020\ccs\tools\compiler\ti-cgt-armllvm_4.0.3.LTS\lib\armv6m-ti-none-eabi\c\</path>
         <kind>archive</kind>
         <file>libc.a</file>
         <name>boot_cortex_m.c.obj</name>
      </input_file>
      <input_file id="fl-3c">
         <path>C:\ti\ccs2020\ccs\tools\compiler\ti-cgt-armllvm_4.0.3.LTS\lib\armv6m-ti-none-eabi\c\</path>
         <kind>archive</kind>
         <file>libc.a</file>
         <name>mathacl_init.c.obj</name>
      </input_file>
      <input_file id="fl-3d">
         <path>C:\ti\ccs2020\ccs\tools\compiler\ti-cgt-armllvm_4.0.3.LTS\lib\armv6m-ti-none-eabi\c\</path>
         <kind>archive</kind>
         <file>libc.a</file>
         <name>autoinit.c.obj</name>
      </input_file>
      <input_file id="fl-3e">
         <path>C:\ti\ccs2020\ccs\tools\compiler\ti-cgt-armllvm_4.0.3.LTS\lib\armv6m-ti-none-eabi\c\</path>
         <kind>archive</kind>
         <file>libc.a</file>
         <name>pre_init.c.obj</name>
      </input_file>
      <input_file id="fl-3f">
         <path>C:\ti\ccs2020\ccs\tools\compiler\ti-cgt-armllvm_4.0.3.LTS\lib\armv6m-ti-none-eabi\c\</path>
         <kind>archive</kind>
         <file>libc.a</file>
         <name>cpy_tbl.c.obj</name>
      </input_file>
      <input_file id="fl-40">
         <path>C:\ti\ccs2020\ccs\tools\compiler\ti-cgt-armllvm_4.0.3.LTS\lib\armv6m-ti-none-eabi\c\</path>
         <kind>archive</kind>
         <file>libc.a</file>
         <name>copy_zero_init.c.obj</name>
      </input_file>
      <input_file id="fl-41">
         <path>C:\ti\ccs2020\ccs\tools\compiler\ti-cgt-armllvm_4.0.3.LTS\lib\armv6m-ti-none-eabi\c\</path>
         <kind>archive</kind>
         <file>libc.a</file>
         <name>copy_decompress_none.c.obj</name>
      </input_file>
      <input_file id="fl-42">
         <path>C:\ti\ccs2020\ccs\tools\compiler\ti-cgt-armllvm_4.0.3.LTS\lib\armv6m-ti-none-eabi\c\</path>
         <kind>archive</kind>
         <file>libc.a</file>
         <name>copy_decompress_lzss.c.obj</name>
      </input_file>
      <input_file id="fl-43">
         <path>C:\ti\ccs2020\ccs\tools\compiler\ti-cgt-armllvm_4.0.3.LTS\lib\armv6m-ti-none-eabi\c\</path>
         <kind>archive</kind>
         <file>libc.a</file>
         <name>_printfi.c.obj</name>
      </input_file>
      <input_file id="fl-44">
         <path>C:\ti\ccs2020\ccs\tools\compiler\ti-cgt-armllvm_4.0.3.LTS\lib\armv6m-ti-none-eabi\c\</path>
         <kind>archive</kind>
         <file>libc.a</file>
         <name>s_frexp.c.obj</name>
      </input_file>
      <input_file id="fl-45">
         <path>C:\ti\ccs2020\ccs\tools\compiler\ti-cgt-armllvm_4.0.3.LTS\lib\armv6m-ti-none-eabi\c\</path>
         <kind>archive</kind>
         <file>libc.a</file>
         <name>s_scalbn.c.obj</name>
      </input_file>
      <input_file id="fl-46">
         <path>C:\ti\ccs2020\ccs\tools\compiler\ti-cgt-armllvm_4.0.3.LTS\lib\armv6m-ti-none-eabi\c\</path>
         <kind>archive</kind>
         <file>libc.a</file>
         <name>wcslen.c.obj</name>
      </input_file>
      <input_file id="fl-47">
         <path>C:\ti\ccs2020\ccs\tools\compiler\ti-cgt-armllvm_4.0.3.LTS\lib\armv6m-ti-none-eabi\c\</path>
         <kind>archive</kind>
         <file>libc.a</file>
         <name>aeabi_portable.c.obj</name>
      </input_file>
      <input_file id="fl-48">
         <path>C:\ti\ccs2020\ccs\tools\compiler\ti-cgt-armllvm_4.0.3.LTS\lib\armv6m-ti-none-eabi\c\</path>
         <kind>archive</kind>
         <file>libc.a</file>
         <name>exit.c.obj</name>
      </input_file>
      <input_file id="fl-49">
         <path>C:\ti\ccs2020\ccs\tools\compiler\ti-cgt-armllvm_4.0.3.LTS\lib\armv6m-ti-none-eabi\c\</path>
         <kind>archive</kind>
         <file>libc.a</file>
         <name>_lock.c.obj</name>
      </input_file>
      <input_file id="fl-4a">
         <path>C:\ti\ccs2020\ccs\tools\compiler\ti-cgt-armllvm_4.0.3.LTS\lib\armv6m-ti-none-eabi\c\</path>
         <kind>archive</kind>
         <file>libc.a</file>
         <name>_ltoa.c.obj</name>
      </input_file>
      <input_file id="fl-4b">
         <path>C:\ti\ccs2020\ccs\tools\compiler\ti-cgt-armllvm_4.0.3.LTS\lib\armv6m-ti-none-eabi\c\</path>
         <kind>archive</kind>
         <file>libc.a</file>
         <name>args_main.c.obj</name>
      </input_file>
      <input_file id="fl-4c">
         <path>C:\ti\ccs2020\ccs\tools\compiler\ti-cgt-armllvm_4.0.3.LTS\lib\armv6m-ti-none-eabi\c\</path>
         <kind>archive</kind>
         <file>libc.a</file>
         <name>assert.c.obj</name>
      </input_file>
      <input_file id="fl-4d">
         <path>C:\ti\ccs2020\ccs\tools\compiler\ti-cgt-armllvm_4.0.3.LTS\lib\armv6m-ti-none-eabi\c\</path>
         <kind>archive</kind>
         <file>libc.a</file>
         <name>atoi.c.obj</name>
      </input_file>
      <input_file id="fl-4e">
         <path>C:\ti\ccs2020\ccs\tools\compiler\ti-cgt-armllvm_4.0.3.LTS\lib\armv6m-ti-none-eabi\c\</path>
         <kind>archive</kind>
         <file>libc.a</file>
         <name>defs.c.obj</name>
      </input_file>
      <input_file id="fl-4f">
         <path>C:\ti\ccs2020\ccs\tools\compiler\ti-cgt-armllvm_4.0.3.LTS\lib\armv6m-ti-none-eabi\c\</path>
         <kind>archive</kind>
         <file>libc.a</file>
         <name>memccpy.c.obj</name>
      </input_file>
      <input_file id="fl-50">
         <path>C:\ti\ccs2020\ccs\tools\compiler\ti-cgt-armllvm_4.0.3.LTS\lib\armv6m-ti-none-eabi\c\</path>
         <kind>archive</kind>
         <file>libc.a</file>
         <name>memory.c.obj</name>
      </input_file>
      <input_file id="fl-51">
         <path>C:\ti\ccs2020\ccs\tools\compiler\ti-cgt-armllvm_4.0.3.LTS\lib\armv6m-ti-none-eabi\c\</path>
         <kind>archive</kind>
         <file>libc.a</file>
         <name>fflush.c.obj</name>
      </input_file>
      <input_file id="fl-52">
         <path>C:\ti\ccs2020\ccs\tools\compiler\ti-cgt-armllvm_4.0.3.LTS\lib\armv6m-ti-none-eabi\c\</path>
         <kind>archive</kind>
         <file>libc.a</file>
         <name>fputs.c.obj</name>
      </input_file>
      <input_file id="fl-53">
         <path>C:\ti\ccs2020\ccs\tools\compiler\ti-cgt-armllvm_4.0.3.LTS\lib\armv6m-ti-none-eabi\c\</path>
         <kind>archive</kind>
         <file>libc.a</file>
         <name>_io_perm.c.obj</name>
      </input_file>
      <input_file id="fl-54">
         <path>C:\ti\ccs2020\ccs\tools\compiler\ti-cgt-armllvm_4.0.3.LTS\lib\armv6m-ti-none-eabi\c\</path>
         <kind>archive</kind>
         <file>libc.a</file>
         <name>setvbuf.c.obj</name>
      </input_file>
      <input_file id="fl-55">
         <path>C:\ti\ccs2020\ccs\tools\compiler\ti-cgt-armllvm_4.0.3.LTS\lib\armv6m-ti-none-eabi\c\</path>
         <kind>archive</kind>
         <file>libc.a</file>
         <name>aeabi_ctype.S.obj</name>
      </input_file>
      <input_file id="fl-56">
         <path>C:\ti\ccs2020\ccs\tools\compiler\ti-cgt-armllvm_4.0.3.LTS\lib\armv6m-ti-none-eabi\c\</path>
         <kind>archive</kind>
         <file>libc.a</file>
         <name>fopen.c.obj</name>
      </input_file>
      <input_file id="fl-57">
         <path>C:\ti\ccs2020\ccs\tools\compiler\ti-cgt-armllvm_4.0.3.LTS\lib\armv6m-ti-none-eabi\c\</path>
         <kind>archive</kind>
         <file>libc.a</file>
         <name>fseek.c.obj</name>
      </input_file>
      <input_file id="fl-58">
         <path>C:\ti\ccs2020\ccs\tools\compiler\ti-cgt-armllvm_4.0.3.LTS\lib\armv6m-ti-none-eabi\c\</path>
         <kind>archive</kind>
         <file>libc.a</file>
         <name>fclose.c.obj</name>
      </input_file>
      <input_file id="fl-f8">
         <path>C:\ti\ccs2020\ccs\tools\compiler\ti-cgt-armllvm_4.0.3.LTS\lib\armv6m-ti-none-eabi\c\</path>
         <kind>archive</kind>
         <file>libsysbm.a</file>
         <name>hostexit.c.obj</name>
      </input_file>
      <input_file id="fl-f9">
         <path>C:\ti\ccs2020\ccs\tools\compiler\ti-cgt-armllvm_4.0.3.LTS\lib\armv6m-ti-none-eabi\c\</path>
         <kind>archive</kind>
         <file>libsysbm.a</file>
         <name>write.c.obj</name>
      </input_file>
      <input_file id="fl-fa">
         <path>C:\ti\ccs2020\ccs\tools\compiler\ti-cgt-armllvm_4.0.3.LTS\lib\armv6m-ti-none-eabi\c\</path>
         <kind>archive</kind>
         <file>libsysbm.a</file>
         <name>host_device.c.obj</name>
      </input_file>
      <input_file id="fl-fb">
         <path>C:\ti\ccs2020\ccs\tools\compiler\ti-cgt-armllvm_4.0.3.LTS\lib\armv6m-ti-none-eabi\c\</path>
         <kind>archive</kind>
         <file>libsysbm.a</file>
         <name>remove.c.obj</name>
      </input_file>
      <input_file id="fl-fc">
         <path>C:\ti\ccs2020\ccs\tools\compiler\ti-cgt-armllvm_4.0.3.LTS\lib\armv6m-ti-none-eabi\c\</path>
         <kind>archive</kind>
         <file>libsysbm.a</file>
         <name>open.c.obj</name>
      </input_file>
      <input_file id="fl-fd">
         <path>C:\ti\ccs2020\ccs\tools\compiler\ti-cgt-armllvm_4.0.3.LTS\lib\armv6m-ti-none-eabi\c\</path>
         <kind>archive</kind>
         <file>libsysbm.a</file>
         <name>lseek.c.obj</name>
      </input_file>
      <input_file id="fl-fe">
         <path>C:\ti\ccs2020\ccs\tools\compiler\ti-cgt-armllvm_4.0.3.LTS\lib\armv6m-ti-none-eabi\c\</path>
         <kind>archive</kind>
         <file>libsysbm.a</file>
         <name>close.c.obj</name>
      </input_file>
      <input_file id="fl-ff">
         <path>C:\ti\ccs2020\ccs\tools\compiler\ti-cgt-armllvm_4.0.3.LTS\lib\armv6m-ti-none-eabi\c\</path>
         <kind>archive</kind>
         <file>libsysbm.a</file>
         <name>unlink.c.obj</name>
      </input_file>
      <input_file id="fl-100">
         <path>C:\ti\ccs2020\ccs\tools\compiler\ti-cgt-armllvm_4.0.3.LTS\lib\armv6m-ti-none-eabi\c\</path>
         <kind>archive</kind>
         <file>libsysbm.a</file>
         <name>hostclose.c.obj</name>
      </input_file>
      <input_file id="fl-101">
         <path>C:\ti\ccs2020\ccs\tools\compiler\ti-cgt-armllvm_4.0.3.LTS\lib\armv6m-ti-none-eabi\c\</path>
         <kind>archive</kind>
         <file>libsysbm.a</file>
         <name>hostlseek.c.obj</name>
      </input_file>
      <input_file id="fl-102">
         <path>C:\ti\ccs2020\ccs\tools\compiler\ti-cgt-armllvm_4.0.3.LTS\lib\armv6m-ti-none-eabi\c\</path>
         <kind>archive</kind>
         <file>libsysbm.a</file>
         <name>hostopen.c.obj</name>
      </input_file>
      <input_file id="fl-103">
         <path>C:\ti\ccs2020\ccs\tools\compiler\ti-cgt-armllvm_4.0.3.LTS\lib\armv6m-ti-none-eabi\c\</path>
         <kind>archive</kind>
         <file>libsysbm.a</file>
         <name>hostread.c.obj</name>
      </input_file>
      <input_file id="fl-104">
         <path>C:\ti\ccs2020\ccs\tools\compiler\ti-cgt-armllvm_4.0.3.LTS\lib\armv6m-ti-none-eabi\c\</path>
         <kind>archive</kind>
         <file>libsysbm.a</file>
         <name>hostrename.c.obj</name>
      </input_file>
      <input_file id="fl-105">
         <path>C:\ti\ccs2020\ccs\tools\compiler\ti-cgt-armllvm_4.0.3.LTS\lib\armv6m-ti-none-eabi\c\</path>
         <kind>archive</kind>
         <file>libsysbm.a</file>
         <name>hostunlink.c.obj</name>
      </input_file>
      <input_file id="fl-106">
         <path>C:\ti\ccs2020\ccs\tools\compiler\ti-cgt-armllvm_4.0.3.LTS\lib\armv6m-ti-none-eabi\c\</path>
         <kind>archive</kind>
         <file>libsysbm.a</file>
         <name>hostwrite.c.obj</name>
      </input_file>
      <input_file id="fl-107">
         <path>C:\ti\ccs2020\ccs\tools\compiler\ti-cgt-armllvm_4.0.3.LTS\lib\armv6m-ti-none-eabi\c\</path>
         <kind>archive</kind>
         <file>libsysbm.a</file>
         <name>trgmsg.c.obj</name>
      </input_file>
      <input_file id="fl-108">
         <path>C:\ti\ccs2020\ccs\tools\compiler\ti-cgt-armllvm_4.0.3.LTS\lib\armv6m-ti-none-eabi\</path>
         <kind>archive</kind>
         <file>libclang_rt.builtins.a</file>
         <name>addsf3.S.obj</name>
      </input_file>
      <input_file id="fl-109">
         <path>C:\ti\ccs2020\ccs\tools\compiler\ti-cgt-armllvm_4.0.3.LTS\lib\armv6m-ti-none-eabi\</path>
         <kind>archive</kind>
         <file>libclang_rt.builtins.a</file>
         <name>adddf3.S.obj</name>
      </input_file>
      <input_file id="fl-10a">
         <path>C:\ti\ccs2020\ccs\tools\compiler\ti-cgt-armllvm_4.0.3.LTS\lib\armv6m-ti-none-eabi\</path>
         <kind>archive</kind>
         <file>libclang_rt.builtins.a</file>
         <name>muldf3.S.obj</name>
      </input_file>
      <input_file id="fl-10b">
         <path>C:\ti\ccs2020\ccs\tools\compiler\ti-cgt-armllvm_4.0.3.LTS\lib\armv6m-ti-none-eabi\</path>
         <kind>archive</kind>
         <file>libclang_rt.builtins.a</file>
         <name>muldsi3.S.obj</name>
      </input_file>
      <input_file id="fl-10c">
         <path>C:\ti\ccs2020\ccs\tools\compiler\ti-cgt-armllvm_4.0.3.LTS\lib\armv6m-ti-none-eabi\</path>
         <kind>archive</kind>
         <file>libclang_rt.builtins.a</file>
         <name>mulsf3.S.obj</name>
      </input_file>
      <input_file id="fl-10d">
         <path>C:\ti\ccs2020\ccs\tools\compiler\ti-cgt-armllvm_4.0.3.LTS\lib\armv6m-ti-none-eabi\</path>
         <kind>archive</kind>
         <file>libclang_rt.builtins.a</file>
         <name>divsf3.S.obj</name>
      </input_file>
      <input_file id="fl-10e">
         <path>C:\ti\ccs2020\ccs\tools\compiler\ti-cgt-armllvm_4.0.3.LTS\lib\armv6m-ti-none-eabi\</path>
         <kind>archive</kind>
         <file>libclang_rt.builtins.a</file>
         <name>divdf3.S.obj</name>
      </input_file>
      <input_file id="fl-10f">
         <path>C:\ti\ccs2020\ccs\tools\compiler\ti-cgt-armllvm_4.0.3.LTS\lib\armv6m-ti-none-eabi\</path>
         <kind>archive</kind>
         <file>libclang_rt.builtins.a</file>
         <name>extendsfdf2.S.obj</name>
      </input_file>
      <input_file id="fl-110">
         <path>C:\ti\ccs2020\ccs\tools\compiler\ti-cgt-armllvm_4.0.3.LTS\lib\armv6m-ti-none-eabi\</path>
         <kind>archive</kind>
         <file>libclang_rt.builtins.a</file>
         <name>fixdfsi.S.obj</name>
      </input_file>
      <input_file id="fl-111">
         <path>C:\ti\ccs2020\ccs\tools\compiler\ti-cgt-armllvm_4.0.3.LTS\lib\armv6m-ti-none-eabi\</path>
         <kind>archive</kind>
         <file>libclang_rt.builtins.a</file>
         <name>fixsfsi.S.obj</name>
      </input_file>
      <input_file id="fl-112">
         <path>C:\ti\ccs2020\ccs\tools\compiler\ti-cgt-armllvm_4.0.3.LTS\lib\armv6m-ti-none-eabi\</path>
         <kind>archive</kind>
         <file>libclang_rt.builtins.a</file>
         <name>floatsidf.S.obj</name>
      </input_file>
      <input_file id="fl-113">
         <path>C:\ti\ccs2020\ccs\tools\compiler\ti-cgt-armllvm_4.0.3.LTS\lib\armv6m-ti-none-eabi\</path>
         <kind>archive</kind>
         <file>libclang_rt.builtins.a</file>
         <name>floatsisf.S.obj</name>
      </input_file>
      <input_file id="fl-114">
         <path>C:\ti\ccs2020\ccs\tools\compiler\ti-cgt-armllvm_4.0.3.LTS\lib\armv6m-ti-none-eabi\</path>
         <kind>archive</kind>
         <file>libclang_rt.builtins.a</file>
         <name>muldi3.S.obj</name>
      </input_file>
      <input_file id="fl-115">
         <path>C:\ti\ccs2020\ccs\tools\compiler\ti-cgt-armllvm_4.0.3.LTS\lib\armv6m-ti-none-eabi\</path>
         <kind>archive</kind>
         <file>libclang_rt.builtins.a</file>
         <name>aeabi_dcmp.S.obj</name>
      </input_file>
      <input_file id="fl-116">
         <path>C:\ti\ccs2020\ccs\tools\compiler\ti-cgt-armllvm_4.0.3.LTS\lib\armv6m-ti-none-eabi\</path>
         <kind>archive</kind>
         <file>libclang_rt.builtins.a</file>
         <name>aeabi_fcmp.S.obj</name>
      </input_file>
      <input_file id="fl-117">
         <path>C:\ti\ccs2020\ccs\tools\compiler\ti-cgt-armllvm_4.0.3.LTS\lib\armv6m-ti-none-eabi\</path>
         <kind>archive</kind>
         <file>libclang_rt.builtins.a</file>
         <name>aeabi_idivmod.S.obj</name>
      </input_file>
      <input_file id="fl-118">
         <path>C:\ti\ccs2020\ccs\tools\compiler\ti-cgt-armllvm_4.0.3.LTS\lib\armv6m-ti-none-eabi\</path>
         <kind>archive</kind>
         <file>libclang_rt.builtins.a</file>
         <name>aeabi_memcpy.S.obj</name>
      </input_file>
      <input_file id="fl-119">
         <path>C:\ti\ccs2020\ccs\tools\compiler\ti-cgt-armllvm_4.0.3.LTS\lib\armv6m-ti-none-eabi\</path>
         <kind>archive</kind>
         <file>libclang_rt.builtins.a</file>
         <name>aeabi_memset.S.obj</name>
      </input_file>
      <input_file id="fl-11a">
         <path>C:\ti\ccs2020\ccs\tools\compiler\ti-cgt-armllvm_4.0.3.LTS\lib\armv6m-ti-none-eabi\</path>
         <kind>archive</kind>
         <file>libclang_rt.builtins.a</file>
         <name>aeabi_uidivmod.S.obj</name>
      </input_file>
      <input_file id="fl-11b">
         <path>C:\ti\ccs2020\ccs\tools\compiler\ti-cgt-armllvm_4.0.3.LTS\lib\armv6m-ti-none-eabi\</path>
         <kind>archive</kind>
         <file>libclang_rt.builtins.a</file>
         <name>aeabi_uldivmod.S.obj</name>
      </input_file>
      <input_file id="fl-11c">
         <path>C:\ti\ccs2020\ccs\tools\compiler\ti-cgt-armllvm_4.0.3.LTS\lib\armv6m-ti-none-eabi\</path>
         <kind>archive</kind>
         <file>libclang_rt.builtins.a</file>
         <name>comparesf2.S.obj</name>
      </input_file>
      <input_file id="fl-11d">
         <path>C:\ti\ccs2020\ccs\tools\compiler\ti-cgt-armllvm_4.0.3.LTS\lib\armv6m-ti-none-eabi\</path>
         <kind>archive</kind>
         <file>libclang_rt.builtins.a</file>
         <name>udivmoddi4.S.obj</name>
      </input_file>
      <input_file id="fl-11e">
         <path>C:\ti\ccs2020\ccs\tools\compiler\ti-cgt-armllvm_4.0.3.LTS\lib\armv6m-ti-none-eabi\</path>
         <kind>archive</kind>
         <file>libclang_rt.builtins.a</file>
         <name>ashldi3.S.obj</name>
      </input_file>
      <input_file id="fl-11f">
         <path>C:\ti\ccs2020\ccs\tools\compiler\ti-cgt-armllvm_4.0.3.LTS\lib\armv6m-ti-none-eabi\</path>
         <kind>archive</kind>
         <file>libclang_rt.builtins.a</file>
         <name>comparedf2.c.obj</name>
      </input_file>
      <input_file id="fl-120">
         <path>C:\ti\ccs2020\ccs\tools\compiler\ti-cgt-armllvm_4.0.3.LTS\lib\armv6m-ti-none-eabi\</path>
         <kind>archive</kind>
         <file>libclang_rt.builtins.a</file>
         <name>aeabi_div0.c.obj</name>
      </input_file>
      <input_file id="fl-121">
         <path>C:\ti\ccs2020\ccs\tools\compiler\ti-cgt-armllvm_4.0.3.LTS\lib\armv6m-ti-none-eabi\c\</path>
         <kind>archive</kind>
         <file>libc.a</file>
         <name>getdevice.c.obj</name>
      </input_file>
      <input_file id="fl-122">
         <path>C:\ti\ccs2020\ccs\tools\compiler\ti-cgt-armllvm_4.0.3.LTS\lib\armv6m-ti-none-eabi\c\</path>
         <kind>archive</kind>
         <file>libc.a</file>
         <name>memcpy16.S.obj</name>
      </input_file>
      <input_file id="fl-123">
         <path>C:\ti\ccs2020\ccs\tools\compiler\ti-cgt-armllvm_4.0.3.LTS\lib\armv6m-ti-none-eabi\c\</path>
         <kind>archive</kind>
         <file>libc.a</file>
         <name>memset16.S.obj</name>
      </input_file>
      <input_file id="fl-124">
         <path>C:\ti\ccs2020\ccs\tools\compiler\ti-cgt-armllvm_4.0.3.LTS\lib\armv6m-ti-none-eabi\c\</path>
         <kind>archive</kind>
         <file>libc.a</file>
         <name>strcmp-armv6m.S.obj</name>
      </input_file>
   </input_file_list>
   <object_component_list>
      <object_component id="oc-18">
         <name>.intvecs</name>
         <load_address>0x0</load_address>
         <readonly>true</readonly>
         <run_address>0x0</run_address>
         <size>0xc0</size>
         <alignment>0x4</alignment>
         <input_file_ref idref="fl-2"/>
      </object_component>
      <object_component id="oc-145">
         <name>.text.OLED_Init</name>
         <load_address>0xc0</load_address>
         <readonly>true</readonly>
         <executable>true</executable>
         <run_address>0xc0</run_address>
         <size>0xb8c</size>
         <alignment>0x4</alignment>
         <input_file_ref idref="fl-d"/>
      </object_component>
      <object_component id="oc-150">
         <name>.text.OLED_Clear</name>
         <load_address>0xc4c</load_address>
         <readonly>true</readonly>
         <executable>true</executable>
         <run_address>0xc4c</run_address>
         <size>0xa90</size>
         <alignment>0x4</alignment>
         <input_file_ref idref="fl-d"/>
      </object_component>
      <object_component id="oc-1fa">
         <name>.text:__TI_printfi</name>
         <load_address>0x16dc</load_address>
         <readonly>true</readonly>
         <executable>true</executable>
         <run_address>0x16dc</run_address>
         <size>0x9d0</size>
         <alignment>0x4</alignment>
         <input_file_ref idref="fl-43"/>
      </object_component>
      <object_component id="oc-3e">
         <name>.text.TIMA1_IRQHandler</name>
         <load_address>0x20ac</load_address>
         <readonly>true</readonly>
         <executable>true</executable>
         <run_address>0x20ac</run_address>
         <size>0x480</size>
         <alignment>0x4</alignment>
         <input_file_ref idref="fl-5"/>
      </object_component>
      <object_component id="oc-1aa">
         <name>.text.OLED_WR_Byte</name>
         <load_address>0x252c</load_address>
         <readonly>true</readonly>
         <executable>true</executable>
         <run_address>0x252c</run_address>
         <size>0x394</size>
         <alignment>0x4</alignment>
         <input_file_ref idref="fl-d"/>
      </object_component>
      <object_component id="oc-159">
         <name>.text.OLED_Refresh</name>
         <load_address>0x28c0</load_address>
         <readonly>true</readonly>
         <executable>true</executable>
         <run_address>0x28c0</run_address>
         <size>0x340</size>
         <alignment>0x4</alignment>
         <input_file_ref idref="fl-d"/>
      </object_component>
      <object_component id="oc-cf">
         <name>.text.main</name>
         <load_address>0x2c00</load_address>
         <readonly>true</readonly>
         <executable>true</executable>
         <run_address>0x2c00</run_address>
         <size>0x288</size>
         <alignment>0x4</alignment>
         <input_file_ref idref="fl-3"/>
      </object_component>
      <object_component id="oc-1b8">
         <name>.text.OLED_ShowChar</name>
         <load_address>0x2e88</load_address>
         <readonly>true</readonly>
         <executable>true</executable>
         <run_address>0x2e88</run_address>
         <size>0x270</size>
         <alignment>0x4</alignment>
         <input_file_ref idref="fl-d"/>
      </object_component>
      <object_component id="oc-236">
         <name>.text._pconv_a</name>
         <load_address>0x30f8</load_address>
         <readonly>true</readonly>
         <executable>true</executable>
         <run_address>0x30f8</run_address>
         <size>0x220</size>
         <alignment>0x4</alignment>
         <input_file_ref idref="fl-43"/>
      </object_component>
      <object_component id="oc-237">
         <name>.text._pconv_g</name>
         <load_address>0x3318</load_address>
         <readonly>true</readonly>
         <executable>true</executable>
         <run_address>0x3318</run_address>
         <size>0x1dc</size>
         <alignment>0x4</alignment>
         <input_file_ref idref="fl-43"/>
      </object_component>
      <object_component id="oc-7d">
         <name>.text.adddf3_subdf3</name>
         <load_address>0x34f4</load_address>
         <readonly>true</readonly>
         <executable>true</executable>
         <run_address>0x34f4</run_address>
         <size>0x192</size>
         <alignment>0x4</alignment>
         <input_file_ref idref="fl-109"/>
      </object_component>
      <object_component id="oc-33">
         <name>.text.Default_Handler</name>
         <load_address>0x3686</load_address>
         <readonly>true</readonly>
         <executable>true</executable>
         <run_address>0x3686</run_address>
         <size>0x2</size>
         <alignment>0x2</alignment>
         <input_file_ref idref="fl-2"/>
      </object_component>
      <object_component id="oc-8b">
         <name>.text.line_err</name>
         <load_address>0x3688</load_address>
         <readonly>true</readonly>
         <executable>true</executable>
         <run_address>0x3688</run_address>
         <size>0x190</size>
         <alignment>0x4</alignment>
         <input_file_ref idref="fl-a"/>
      </object_component>
      <object_component id="oc-8a">
         <name>.text.location_speed_control</name>
         <load_address>0x3818</load_address>
         <readonly>true</readonly>
         <executable>true</executable>
         <run_address>0x3818</run_address>
         <size>0x168</size>
         <alignment>0x4</alignment>
         <input_file_ref idref="fl-5"/>
      </object_component>
      <object_component id="oc-127">
         <name>.text.pid_turn_angle_Calc</name>
         <load_address>0x3980</load_address>
         <readonly>true</readonly>
         <executable>true</executable>
         <run_address>0x3980</run_address>
         <size>0x164</size>
         <alignment>0x4</alignment>
         <input_file_ref idref="fl-e"/>
      </object_component>
      <object_component id="oc-260">
         <name>.text.fcvt</name>
         <load_address>0x3ae4</load_address>
         <readonly>true</readonly>
         <executable>true</executable>
         <run_address>0x3ae4</run_address>
         <size>0x13c</size>
         <alignment>0x4</alignment>
         <input_file_ref idref="fl-43"/>
      </object_component>
      <object_component id="oc-8d">
         <name>.text.pid_line_Calc</name>
         <load_address>0x3c20</load_address>
         <readonly>true</readonly>
         <executable>true</executable>
         <run_address>0x3c20</run_address>
         <size>0x12c</size>
         <alignment>0x4</alignment>
         <input_file_ref idref="fl-a"/>
      </object_component>
      <object_component id="oc-fe">
         <name>.text.pid_speed_Calc</name>
         <load_address>0x3d4c</load_address>
         <readonly>true</readonly>
         <executable>true</executable>
         <run_address>0x3d4c</run_address>
         <size>0x12c</size>
         <alignment>0x4</alignment>
         <input_file_ref idref="fl-e"/>
      </object_component>
      <object_component id="oc-239">
         <name>.text._pconv_e</name>
         <load_address>0x3e78</load_address>
         <readonly>true</readonly>
         <executable>true</executable>
         <run_address>0x3e78</run_address>
         <size>0x120</size>
         <alignment>0x4</alignment>
         <input_file_ref idref="fl-43"/>
      </object_component>
      <object_component id="oc-9d">
         <name>.text.turn_angle_speed_control</name>
         <load_address>0x3f98</load_address>
         <readonly>true</readonly>
         <executable>true</executable>
         <run_address>0x3f98</run_address>
         <size>0x120</size>
         <alignment>0x4</alignment>
         <input_file_ref idref="fl-5"/>
      </object_component>
      <object_component id="oc-fa">
         <name>.text.__divdf3</name>
         <load_address>0x40b8</load_address>
         <readonly>true</readonly>
         <executable>true</executable>
         <run_address>0x40b8</run_address>
         <size>0x10c</size>
         <alignment>0x4</alignment>
         <input_file_ref idref="fl-10e"/>
      </object_component>
      <object_component id="oc-1e0">
         <name>.text.DL_Timer_initFourCCPWMMode</name>
         <load_address>0x41c4</load_address>
         <readonly>true</readonly>
         <executable>true</executable>
         <run_address>0x41c4</run_address>
         <size>0x104</size>
         <alignment>0x4</alignment>
         <input_file_ref idref="fl-21"/>
      </object_component>
      <object_component id="oc-f3">
         <name>.text.pid_location_Calc</name>
         <load_address>0x42c8</load_address>
         <readonly>true</readonly>
         <executable>true</executable>
         <run_address>0x42c8</run_address>
         <size>0xf0</size>
         <alignment>0x4</alignment>
         <input_file_ref idref="fl-e"/>
      </object_component>
      <object_component id="oc-19e">
         <name>.text.SYSCFG_DL_GPIO_init</name>
         <load_address>0x43b8</load_address>
         <readonly>true</readonly>
         <executable>true</executable>
         <run_address>0x43b8</run_address>
         <size>0xec</size>
         <alignment>0x4</alignment>
         <input_file_ref idref="fl-1"/>
      </object_component>
      <object_component id="oc-1e5">
         <name>.text.DL_Timer_initTimerMode</name>
         <load_address>0x44a4</load_address>
         <readonly>true</readonly>
         <executable>true</executable>
         <run_address>0x44a4</run_address>
         <size>0xe8</size>
         <alignment>0x4</alignment>
         <input_file_ref idref="fl-21"/>
      </object_component>
      <object_component id="oc-79">
         <name>.text.__muldf3</name>
         <load_address>0x458c</load_address>
         <readonly>true</readonly>
         <executable>true</executable>
         <run_address>0x458c</run_address>
         <size>0xe4</size>
         <alignment>0x4</alignment>
         <input_file_ref idref="fl-10a"/>
      </object_component>
      <object_component id="oc-151">
         <name>.text.car_spin</name>
         <load_address>0x4670</load_address>
         <readonly>true</readonly>
         <executable>true</executable>
         <run_address>0x4670</run_address>
         <size>0xe4</size>
         <alignment>0x4</alignment>
         <input_file_ref idref="fl-5"/>
      </object_component>
      <object_component id="oc-1d7">
         <name>.text.DL_SYSCTL_configSYSPLL</name>
         <load_address>0x4754</load_address>
         <readonly>true</readonly>
         <executable>true</executable>
         <run_address>0x4754</run_address>
         <size>0xdc</size>
         <alignment>0x4</alignment>
         <input_file_ref idref="fl-23"/>
      </object_component>
      <object_component id="oc-253">
         <name>.text.scalbn</name>
         <load_address>0x4830</load_address>
         <readonly>true</readonly>
         <executable>true</executable>
         <run_address>0x4830</run_address>
         <size>0xd8</size>
         <alignment>0x4</alignment>
         <input_file_ref idref="fl-45"/>
      </object_component>
      <object_component id="oc-10d">
         <name>.text</name>
         <load_address>0x4908</load_address>
         <readonly>true</readonly>
         <executable>true</executable>
         <run_address>0x4908</run_address>
         <size>0xd8</size>
         <alignment>0x4</alignment>
         <input_file_ref idref="fl-108"/>
      </object_component>
      <object_component id="oc-187">
         <name>.text.smooth_target</name>
         <load_address>0x49e0</load_address>
         <readonly>true</readonly>
         <executable>true</executable>
         <run_address>0x49e0</run_address>
         <size>0xc4</size>
         <alignment>0x4</alignment>
         <input_file_ref idref="fl-f"/>
      </object_component>
      <object_component id="oc-34">
         <name>.text.GROUP1_IRQHandler</name>
         <load_address>0x4aa4</load_address>
         <readonly>true</readonly>
         <executable>true</executable>
         <run_address>0x4aa4</run_address>
         <size>0xa8</size>
         <alignment>0x4</alignment>
         <input_file_ref idref="fl-7"/>
      </object_component>
      <object_component id="oc-24a">
         <name>.text</name>
         <load_address>0x4b4c</load_address>
         <readonly>true</readonly>
         <executable>true</executable>
         <run_address>0x4b4c</run_address>
         <size>0xa2</size>
         <alignment>0x4</alignment>
         <input_file_ref idref="fl-11d"/>
      </object_component>
      <object_component id="oc-139">
         <name>.text:memcpy</name>
         <load_address>0x4bee</load_address>
         <readonly>true</readonly>
         <executable>true</executable>
         <run_address>0x4bee</run_address>
         <size>0x9a</size>
         <alignment>0x1</alignment>
         <input_file_ref idref="fl-122"/>
      </object_component>
      <object_component id="oc-158">
         <name>.text.OLED_ShowString</name>
         <load_address>0x4c88</load_address>
         <readonly>true</readonly>
         <executable>true</executable>
         <run_address>0x4c88</run_address>
         <size>0x8c</size>
         <alignment>0x2</alignment>
         <input_file_ref idref="fl-d"/>
      </object_component>
      <object_component id="oc-1a1">
         <name>.text.SYSCFG_DL_PWM_MOTOR_init</name>
         <load_address>0x4d14</load_address>
         <readonly>true</readonly>
         <executable>true</executable>
         <run_address>0x4d14</run_address>
         <size>0x8c</size>
         <alignment>0x4</alignment>
         <input_file_ref idref="fl-1"/>
      </object_component>
      <object_component id="oc-109">
         <name>.text.__mulsf3</name>
         <load_address>0x4da0</load_address>
         <readonly>true</readonly>
         <executable>true</executable>
         <run_address>0x4da0</run_address>
         <size>0x8c</size>
         <alignment>0x4</alignment>
         <input_file_ref idref="fl-10c"/>
      </object_component>
      <object_component id="oc-111">
         <name>.text.__divsf3</name>
         <load_address>0x4e2c</load_address>
         <readonly>true</readonly>
         <executable>true</executable>
         <run_address>0x4e2c</run_address>
         <size>0x82</size>
         <alignment>0x4</alignment>
         <input_file_ref idref="fl-10d"/>
      </object_component>
      <object_component id="oc-dc">
         <name>.text.__aeabi_idiv0</name>
         <load_address>0x4eae</load_address>
         <readonly>true</readonly>
         <executable>true</executable>
         <run_address>0x4eae</run_address>
         <size>0x2</size>
         <alignment>0x2</alignment>
         <input_file_ref idref="fl-120"/>
      </object_component>
      <object_component id="oc-1c">
         <name>.text:decompress:lzss</name>
         <load_address>0x4eb0</load_address>
         <readonly>true</readonly>
         <executable>true</executable>
         <run_address>0x4eb0</run_address>
         <size>0x7c</size>
         <alignment>0x4</alignment>
         <input_file_ref idref="fl-42"/>
      </object_component>
      <object_component id="oc-144">
         <name>.text.pid_Init</name>
         <load_address>0x4f2c</load_address>
         <readonly>true</readonly>
         <executable>true</executable>
         <run_address>0x4f2c</run_address>
         <size>0x76</size>
         <alignment>0x2</alignment>
         <input_file_ref idref="fl-e"/>
      </object_component>
      <object_component id="oc-262">
         <name>.text.__aeabi_ldiv0</name>
         <load_address>0x4fa2</load_address>
         <readonly>true</readonly>
         <executable>true</executable>
         <run_address>0x4fa2</run_address>
         <size>0x2</size>
         <alignment>0x2</alignment>
         <input_file_ref idref="fl-120"/>
      </object_component>
      <object_component id="oc-1a3">
         <name>.text.SYSCFG_DL_UART1_init</name>
         <load_address>0x4fa4</load_address>
         <readonly>true</readonly>
         <executable>true</executable>
         <run_address>0x4fa4</run_address>
         <size>0x74</size>
         <alignment>0x4</alignment>
         <input_file_ref idref="fl-1"/>
      </object_component>
      <object_component id="oc-ef">
         <name>.text.__gedf2</name>
         <load_address>0x5018</load_address>
         <readonly>true</readonly>
         <executable>true</executable>
         <run_address>0x5018</run_address>
         <size>0x74</size>
         <alignment>0x4</alignment>
         <input_file_ref idref="fl-11f"/>
      </object_component>
      <object_component id="oc-e9">
         <name>.text.__ledf2</name>
         <load_address>0x508c</load_address>
         <readonly>true</readonly>
         <executable>true</executable>
         <run_address>0x508c</run_address>
         <size>0x68</size>
         <alignment>0x4</alignment>
         <input_file_ref idref="fl-11f"/>
      </object_component>
      <object_component id="oc-25f">
         <name>.text._mcpy</name>
         <load_address>0x50f4</load_address>
         <readonly>true</readonly>
         <executable>true</executable>
         <run_address>0x50f4</run_address>
         <size>0x66</size>
         <alignment>0x2</alignment>
         <input_file_ref idref="fl-43"/>
      </object_component>
      <object_component id="oc-19f">
         <name>.text.SYSCFG_DL_SYSCTL_init</name>
         <load_address>0x515c</load_address>
         <readonly>true</readonly>
         <executable>true</executable>
         <run_address>0x515c</run_address>
         <size>0x64</size>
         <alignment>0x4</alignment>
         <input_file_ref idref="fl-1"/>
      </object_component>
      <object_component id="oc-98">
         <name>.text.motor_load_pwm</name>
         <load_address>0x51c0</load_address>
         <readonly>true</readonly>
         <executable>true</executable>
         <run_address>0x51c0</run_address>
         <size>0x64</size>
         <alignment>0x4</alignment>
         <input_file_ref idref="fl-c"/>
      </object_component>
      <object_component id="oc-81">
         <name>.text.__aeabi_dcmp</name>
         <load_address>0x5224</load_address>
         <readonly>true</readonly>
         <executable>true</executable>
         <run_address>0x5224</run_address>
         <size>0x62</size>
         <alignment>0x4</alignment>
         <input_file_ref idref="fl-115"/>
      </object_component>
      <object_component id="oc-119">
         <name>.text.__aeabi_fcmp</name>
         <load_address>0x5288</load_address>
         <readonly>true</readonly>
         <executable>true</executable>
         <run_address>0x5288</run_address>
         <size>0x62</size>
         <alignment>0x4</alignment>
         <input_file_ref idref="fl-116"/>
      </object_component>
      <object_component id="oc-19c">
         <name>.text:memset</name>
         <load_address>0x52ea</load_address>
         <readonly>true</readonly>
         <executable>true</executable>
         <run_address>0x52ea</run_address>
         <size>0x62</size>
         <alignment>0x1</alignment>
         <input_file_ref idref="fl-123"/>
      </object_component>
      <object_component id="oc-1a4">
         <name>.text.SYSCFG_DL_UART0_init</name>
         <load_address>0x534c</load_address>
         <readonly>true</readonly>
         <executable>true</executable>
         <run_address>0x534c</run_address>
         <size>0x60</size>
         <alignment>0x4</alignment>
         <input_file_ref idref="fl-1"/>
      </object_component>
      <object_component id="oc-17f">
         <name>.text.soft_start</name>
         <load_address>0x53ac</load_address>
         <readonly>true</readonly>
         <executable>true</executable>
         <run_address>0x53ac</run_address>
         <size>0x60</size>
         <alignment>0x4</alignment>
         <input_file_ref idref="fl-f"/>
      </object_component>
      <object_component id="oc-24f">
         <name>.text.frexp</name>
         <load_address>0x540c</load_address>
         <readonly>true</readonly>
         <executable>true</executable>
         <run_address>0x540c</run_address>
         <size>0x5c</size>
         <alignment>0x4</alignment>
         <input_file_ref idref="fl-44"/>
      </object_component>
      <object_component id="oc-257">
         <name>.text.__TI_ltoa</name>
         <load_address>0x5468</load_address>
         <readonly>true</readonly>
         <executable>true</executable>
         <run_address>0x5468</run_address>
         <size>0x58</size>
         <alignment>0x2</alignment>
         <input_file_ref idref="fl-4a"/>
      </object_component>
      <object_component id="oc-238">
         <name>.text._pconv_f</name>
         <load_address>0x54c0</load_address>
         <readonly>true</readonly>
         <executable>true</executable>
         <run_address>0x54c0</run_address>
         <size>0x58</size>
         <alignment>0x2</alignment>
         <input_file_ref idref="fl-43"/>
      </object_component>
      <object_component id="oc-71">
         <name>.text.__aeabi_idivmod</name>
         <load_address>0x5518</load_address>
         <readonly>true</readonly>
         <executable>true</executable>
         <run_address>0x5518</run_address>
         <size>0x56</size>
         <alignment>0x4</alignment>
         <input_file_ref idref="fl-117"/>
      </object_component>
      <object_component id="oc-19d">
         <name>.text.SYSCFG_DL_initPower</name>
         <load_address>0x5570</load_address>
         <readonly>true</readonly>
         <executable>true</executable>
         <run_address>0x5570</run_address>
         <size>0x54</size>
         <alignment>0x4</alignment>
         <input_file_ref idref="fl-1"/>
      </object_component>
      <object_component id="oc-25d">
         <name>.text._ecpy</name>
         <load_address>0x55c4</load_address>
         <readonly>true</readonly>
         <executable>true</executable>
         <run_address>0x55c4</run_address>
         <size>0x52</size>
         <alignment>0x2</alignment>
         <input_file_ref idref="fl-43"/>
      </object_component>
      <object_component id="oc-f8">
         <name>.text.limit_abs</name>
         <load_address>0x5616</load_address>
         <readonly>true</readonly>
         <executable>true</executable>
         <run_address>0x5616</run_address>
         <size>0x50</size>
         <alignment>0x2</alignment>
         <input_file_ref idref="fl-e"/>
      </object_component>
      <object_component id="oc-186">
         <name>.text.filter_speed</name>
         <load_address>0x5668</load_address>
         <readonly>true</readonly>
         <executable>true</executable>
         <run_address>0x5668</run_address>
         <size>0x4c</size>
         <alignment>0x4</alignment>
         <input_file_ref idref="fl-f"/>
      </object_component>
      <object_component id="oc-143">
         <name>.text.line_init</name>
         <load_address>0x56b4</load_address>
         <readonly>true</readonly>
         <executable>true</executable>
         <run_address>0x56b4</run_address>
         <size>0x4c</size>
         <alignment>0x4</alignment>
         <input_file_ref idref="fl-a"/>
      </object_component>
      <object_component id="oc-8e">
         <name>.text.__fixdfsi</name>
         <load_address>0x5700</load_address>
         <readonly>true</readonly>
         <executable>true</executable>
         <run_address>0x5700</run_address>
         <size>0x4a</size>
         <alignment>0x4</alignment>
         <input_file_ref idref="fl-110"/>
      </object_component>
      <object_component id="oc-1ee">
         <name>.text.DL_UART_init</name>
         <load_address>0x574c</load_address>
         <readonly>true</readonly>
         <executable>true</executable>
         <run_address>0x574c</run_address>
         <size>0x48</size>
         <alignment>0x4</alignment>
         <input_file_ref idref="fl-22"/>
      </object_component>
      <object_component id="oc-1a2">
         <name>.text.SYSCFG_DL_TIMER_0_init</name>
         <load_address>0x5794</load_address>
         <readonly>true</readonly>
         <executable>true</executable>
         <run_address>0x5794</run_address>
         <size>0x48</size>
         <alignment>0x4</alignment>
         <input_file_ref idref="fl-1"/>
      </object_component>
      <object_component id="oc-85">
         <name>.text.detect_line</name>
         <load_address>0x57dc</load_address>
         <readonly>true</readonly>
         <executable>true</executable>
         <run_address>0x57dc</run_address>
         <size>0x48</size>
         <alignment>0x4</alignment>
         <input_file_ref idref="fl-a"/>
      </object_component>
      <object_component id="oc-1dd">
         <name>.text.DL_SYSCTL_switchMCLKfromSYSOSCtoHSCLK</name>
         <load_address>0x5824</load_address>
         <readonly>true</readonly>
         <executable>true</executable>
         <run_address>0x5824</run_address>
         <size>0x44</size>
         <alignment>0x4</alignment>
         <input_file_ref idref="fl-23"/>
      </object_component>
      <object_component id="oc-21a">
         <name>.text.__aeabi_uidivmod</name>
         <load_address>0x5868</load_address>
         <readonly>true</readonly>
         <executable>true</executable>
         <run_address>0x5868</run_address>
         <size>0x40</size>
         <alignment>0x4</alignment>
         <input_file_ref idref="fl-11a"/>
      </object_component>
      <object_component id="oc-9e">
         <name>.text.__extendsfdf2</name>
         <load_address>0x58a8</load_address>
         <readonly>true</readonly>
         <executable>true</executable>
         <run_address>0x58a8</run_address>
         <size>0x40</size>
         <alignment>0x4</alignment>
         <input_file_ref idref="fl-10f"/>
      </object_component>
      <object_component id="oc-220">
         <name>.text.atoi</name>
         <load_address>0x58e8</load_address>
         <readonly>true</readonly>
         <executable>true</executable>
         <run_address>0x58e8</run_address>
         <size>0x40</size>
         <alignment>0x4</alignment>
         <input_file_ref idref="fl-4d"/>
      </object_component>
      <object_component id="oc-1b9">
         <name>.text.Delay_us</name>
         <load_address>0x5928</load_address>
         <readonly>true</readonly>
         <executable>true</executable>
         <run_address>0x5928</run_address>
         <size>0x3c</size>
         <alignment>0x2</alignment>
         <input_file_ref idref="fl-6"/>
      </object_component>
      <object_component id="oc-105">
         <name>.text.__floatsisf</name>
         <load_address>0x5964</load_address>
         <readonly>true</readonly>
         <executable>true</executable>
         <run_address>0x5964</run_address>
         <size>0x3c</size>
         <alignment>0x4</alignment>
         <input_file_ref idref="fl-113"/>
      </object_component>
      <object_component id="oc-192">
         <name>.text.__gtsf2</name>
         <load_address>0x59a0</load_address>
         <readonly>true</readonly>
         <executable>true</executable>
         <run_address>0x59a0</run_address>
         <size>0x3c</size>
         <alignment>0x4</alignment>
         <input_file_ref idref="fl-11c"/>
      </object_component>
      <object_component id="oc-167">
         <name>.text:__TI_auto_init_nobinit_nopinit</name>
         <load_address>0x59dc</load_address>
         <readonly>true</readonly>
         <executable>true</executable>
         <run_address>0x59dc</run_address>
         <size>0x3c</size>
         <alignment>0x4</alignment>
         <input_file_ref idref="fl-3d"/>
      </object_component>
      <object_component id="oc-18d">
         <name>.text.__eqsf2</name>
         <load_address>0x5a18</load_address>
         <readonly>true</readonly>
         <executable>true</executable>
         <run_address>0x5a18</run_address>
         <size>0x3a</size>
         <alignment>0x4</alignment>
         <input_file_ref idref="fl-11c"/>
      </object_component>
      <object_component id="oc-e3">
         <name>.text.__muldsi3</name>
         <load_address>0x5a54</load_address>
         <readonly>true</readonly>
         <executable>true</executable>
         <run_address>0x5a54</run_address>
         <size>0x3a</size>
         <alignment>0x4</alignment>
         <input_file_ref idref="fl-10b"/>
      </object_component>
      <object_component id="oc-39">
         <name>.text.UART0_IRQHandler</name>
         <load_address>0x5a90</load_address>
         <readonly>true</readonly>
         <executable>true</executable>
         <run_address>0x5a90</run_address>
         <size>0x38</size>
         <alignment>0x4</alignment>
         <input_file_ref idref="fl-11"/>
      </object_component>
      <object_component id="oc-115">
         <name>.text.__fixsfsi</name>
         <load_address>0x5ac8</load_address>
         <readonly>true</readonly>
         <executable>true</executable>
         <run_address>0x5ac8</run_address>
         <size>0x38</size>
         <alignment>0x4</alignment>
         <input_file_ref idref="fl-111"/>
      </object_component>
      <object_component id="oc-99">
         <name>.text.motor1_set_disable</name>
         <load_address>0x5b00</load_address>
         <readonly>true</readonly>
         <executable>true</executable>
         <run_address>0x5b00</run_address>
         <size>0x38</size>
         <alignment>0x4</alignment>
         <input_file_ref idref="fl-c"/>
      </object_component>
      <object_component id="oc-152">
         <name>.text.sprintf</name>
         <load_address>0x5b38</load_address>
         <readonly>true</readonly>
         <executable>true</executable>
         <run_address>0x5b38</run_address>
         <size>0x38</size>
         <alignment>0x4</alignment>
         <input_file_ref idref="fl-3a"/>
      </object_component>
      <object_component id="oc-13e">
         <name>.text.SYSCFG_DL_init</name>
         <load_address>0x5b70</load_address>
         <readonly>true</readonly>
         <executable>true</executable>
         <run_address>0x5b70</run_address>
         <size>0x34</size>
         <alignment>0x4</alignment>
         <input_file_ref idref="fl-1"/>
      </object_component>
      <object_component id="oc-25e">
         <name>.text._fcpy</name>
         <load_address>0x5ba4</load_address>
         <readonly>true</readonly>
         <executable>true</executable>
         <run_address>0x5ba4</run_address>
         <size>0x30</size>
         <alignment>0x2</alignment>
         <input_file_ref idref="fl-43"/>
      </object_component>
      <object_component id="oc-92">
         <name>.text.motor_limit_pwm</name>
         <load_address>0x5bd4</load_address>
         <readonly>true</readonly>
         <executable>true</executable>
         <run_address>0x5bd4</run_address>
         <size>0x30</size>
         <alignment>0x4</alignment>
         <input_file_ref idref="fl-c"/>
      </object_component>
      <object_component id="oc-75">
         <name>.text.__floatsidf</name>
         <load_address>0x5c04</load_address>
         <readonly>true</readonly>
         <executable>true</executable>
         <run_address>0x5c04</run_address>
         <size>0x2c</size>
         <alignment>0x4</alignment>
         <input_file_ref idref="fl-112"/>
      </object_component>
      <object_component id="oc-1a6">
         <name>.text.SYSCFG_DL_SYSCTL_CLK_init</name>
         <load_address>0x5c30</load_address>
         <readonly>true</readonly>
         <executable>true</executable>
         <run_address>0x5c30</run_address>
         <size>0x28</size>
         <alignment>0x4</alignment>
         <input_file_ref idref="fl-1"/>
      </object_component>
      <object_component id="oc-9a">
         <name>.text.motor2_set_disable</name>
         <load_address>0x5c58</load_address>
         <readonly>true</readonly>
         <executable>true</executable>
         <run_address>0x5c58</run_address>
         <size>0x28</size>
         <alignment>0x4</alignment>
         <input_file_ref idref="fl-c"/>
      </object_component>
      <object_component id="oc-5f">
         <name>.text:_c_int00_noargs</name>
         <load_address>0x5c80</load_address>
         <readonly>true</readonly>
         <executable>true</executable>
         <run_address>0x5c80</run_address>
         <size>0x28</size>
         <alignment>0x4</alignment>
         <input_file_ref idref="fl-3b"/>
      </object_component>
      <object_component id="oc-22d">
         <name>.text.__muldi3</name>
         <load_address>0x5ca8</load_address>
         <readonly>true</readonly>
         <executable>true</executable>
         <run_address>0x5ca8</run_address>
         <size>0x24</size>
         <alignment>0x4</alignment>
         <input_file_ref idref="fl-114"/>
      </object_component>
      <object_component id="oc-215">
         <name>.text.memccpy</name>
         <load_address>0x5ccc</load_address>
         <readonly>true</readonly>
         <executable>true</executable>
         <run_address>0x5ccc</run_address>
         <size>0x22</size>
         <alignment>0x2</alignment>
         <input_file_ref idref="fl-4f"/>
      </object_component>
      <object_component id="oc-1a5">
         <name>.text.SYSCFG_DL_SYSTICK_init</name>
         <load_address>0x5cf0</load_address>
         <readonly>true</readonly>
         <executable>true</executable>
         <run_address>0x5cf0</run_address>
         <size>0x20</size>
         <alignment>0x4</alignment>
         <input_file_ref idref="fl-1"/>
      </object_component>
      <object_component id="oc-263">
         <name>.text.__ashldi3</name>
         <load_address>0x5d10</load_address>
         <readonly>true</readonly>
         <executable>true</executable>
         <run_address>0x5d10</run_address>
         <size>0x1e</size>
         <alignment>0x4</alignment>
         <input_file_ref idref="fl-11e"/>
      </object_component>
      <object_component id="oc-1e2">
         <name>.text.DL_Timer_setCaptCompUpdateMethod</name>
         <load_address>0x5d30</load_address>
         <readonly>true</readonly>
         <executable>true</executable>
         <run_address>0x5d30</run_address>
         <size>0x1c</size>
         <alignment>0x4</alignment>
         <input_file_ref idref="fl-21"/>
      </object_component>
      <object_component id="oc-1df">
         <name>.text.DL_Timer_setClockConfig</name>
         <load_address>0x5d4c</load_address>
         <readonly>true</readonly>
         <executable>true</executable>
         <run_address>0x5d4c</run_address>
         <size>0x1c</size>
         <alignment>0x4</alignment>
         <input_file_ref idref="fl-21"/>
      </object_component>
      <object_component id="oc-1e1">
         <name>.text.DL_Timer_setCaptureCompareOutCtl</name>
         <load_address>0x5d68</load_address>
         <readonly>true</readonly>
         <executable>true</executable>
         <run_address>0x5d68</run_address>
         <size>0x18</size>
         <alignment>0x4</alignment>
         <input_file_ref idref="fl-21"/>
      </object_component>
      <object_component id="oc-1b4">
         <name>.text._outs</name>
         <load_address>0x5d80</load_address>
         <readonly>true</readonly>
         <executable>true</executable>
         <run_address>0x5d80</run_address>
         <size>0x18</size>
         <alignment>0x2</alignment>
         <input_file_ref idref="fl-3a"/>
      </object_component>
      <object_component id="oc-9b">
         <name>.text.motor1_set_enable</name>
         <load_address>0x5d98</load_address>
         <readonly>true</readonly>
         <executable>true</executable>
         <run_address>0x5d98</run_address>
         <size>0x18</size>
         <alignment>0x4</alignment>
         <input_file_ref idref="fl-c"/>
      </object_component>
      <object_component id="oc-9c">
         <name>.text.motor2_set_enable</name>
         <load_address>0x5db0</load_address>
         <readonly>true</readonly>
         <executable>true</executable>
         <run_address>0x5db0</run_address>
         <size>0x18</size>
         <alignment>0x4</alignment>
         <input_file_ref idref="fl-c"/>
      </object_component>
      <object_component id="oc-232">
         <name>.text.__aeabi_uldivmod</name>
         <load_address>0x5dc8</load_address>
         <readonly>true</readonly>
         <executable>true</executable>
         <run_address>0x5dc8</run_address>
         <size>0x14</size>
         <alignment>0x4</alignment>
         <input_file_ref idref="fl-11b"/>
      </object_component>
      <object_component id="oc-6f">
         <name>.text.read_encoder_left</name>
         <load_address>0x5ddc</load_address>
         <readonly>true</readonly>
         <executable>true</executable>
         <run_address>0x5ddc</run_address>
         <size>0x14</size>
         <alignment>0x4</alignment>
         <input_file_ref idref="fl-7"/>
      </object_component>
      <object_component id="oc-70">
         <name>.text.read_encoder_right</name>
         <load_address>0x5df0</load_address>
         <readonly>true</readonly>
         <executable>true</executable>
         <run_address>0x5df0</run_address>
         <size>0x14</size>
         <alignment>0x4</alignment>
         <input_file_ref idref="fl-7"/>
      </object_component>
      <object_component id="oc-25c">
         <name>.text.strchr</name>
         <load_address>0x5e04</load_address>
         <readonly>true</readonly>
         <executable>true</executable>
         <run_address>0x5e04</run_address>
         <size>0x14</size>
         <alignment>0x2</alignment>
         <input_file_ref idref="fl-43"/>
      </object_component>
      <object_component id="oc-1e8">
         <name>.text.DL_UART_setClockConfig</name>
         <load_address>0x5e18</load_address>
         <readonly>true</readonly>
         <executable>true</executable>
         <run_address>0x5e18</run_address>
         <size>0x12</size>
         <alignment>0x2</alignment>
         <input_file_ref idref="fl-22"/>
      </object_component>
      <object_component id="oc-20">
         <name>.text:decompress:none</name>
         <load_address>0x5e2a</load_address>
         <readonly>true</readonly>
         <executable>true</executable>
         <run_address>0x5e2a</run_address>
         <size>0x12</size>
         <alignment>0x2</alignment>
         <input_file_ref idref="fl-41"/>
      </object_component>
      <object_component id="oc-121">
         <name>.text.DL_Timer_setCaptureCompareValue</name>
         <load_address>0x5e3c</load_address>
         <readonly>true</readonly>
         <executable>true</executable>
         <run_address>0x5e3c</run_address>
         <size>0x10</size>
         <alignment>0x4</alignment>
         <input_file_ref idref="fl-21"/>
      </object_component>
      <object_component id="oc-224">
         <name>.text.wcslen</name>
         <load_address>0x5e4c</load_address>
         <readonly>true</readonly>
         <executable>true</executable>
         <run_address>0x5e4c</run_address>
         <size>0x10</size>
         <alignment>0x2</alignment>
         <input_file_ref idref="fl-46"/>
      </object_component>
      <object_component id="oc-5c">
         <name>.text:decompress:ZI</name>
         <load_address>0x5e5c</load_address>
         <readonly>true</readonly>
         <executable>true</executable>
         <run_address>0x5e5c</run_address>
         <size>0x10</size>
         <alignment>0x2</alignment>
         <input_file_ref idref="fl-40"/>
      </object_component>
      <object_component id="oc-214">
         <name>.text.__aeabi_memset</name>
         <load_address>0x5e6c</load_address>
         <readonly>true</readonly>
         <executable>true</executable>
         <run_address>0x5e6c</run_address>
         <size>0xe</size>
         <alignment>0x4</alignment>
         <input_file_ref idref="fl-119"/>
      </object_component>
      <object_component id="oc-213">
         <name>.text.strlen</name>
         <load_address>0x5e7a</load_address>
         <readonly>true</readonly>
         <executable>true</executable>
         <run_address>0x5e7a</run_address>
         <size>0xe</size>
         <alignment>0x2</alignment>
         <input_file_ref idref="fl-43"/>
      </object_component>
      <object_component id="oc-c6">
         <name>.text.__aeabi_memclr</name>
         <load_address>0x5e88</load_address>
         <readonly>true</readonly>
         <executable>true</executable>
         <run_address>0x5e88</run_address>
         <size>0xc</size>
         <alignment>0x4</alignment>
         <input_file_ref idref="fl-119"/>
      </object_component>
      <object_component id="oc-14b">
         <name>.text.buzz_Init</name>
         <load_address>0x5e94</load_address>
         <readonly>true</readonly>
         <executable>true</executable>
         <run_address>0x5e94</run_address>
         <size>0xc</size>
         <alignment>0x4</alignment>
         <input_file_ref idref="fl-4"/>
      </object_component>
      <object_component id="oc-1d3">
         <name>.text.DL_Common_delayCycles</name>
         <load_address>0x5ea0</load_address>
         <readonly>true</readonly>
         <executable>true</executable>
         <run_address>0x5ea0</run_address>
         <size>0xa</size>
         <alignment>0x2</alignment>
         <input_file_ref idref="fl-20"/>
      </object_component>
      <object_component id="oc-25b">
         <name>.text.OUTLINED_FUNCTION_0</name>
         <load_address>0x5eaa</load_address>
         <readonly>true</readonly>
         <executable>true</executable>
         <run_address>0x5eaa</run_address>
         <size>0xa</size>
         <alignment>0x2</alignment>
         <input_file_ref idref="fl-43"/>
      </object_component>
      <object_component id="oc-2b9">
         <name>.tramp.__aeabi_dsub.1</name>
         <load_address>0x5eb4</load_address>
         <readonly>true</readonly>
         <executable>true</executable>
         <run_address>0x5eb4</run_address>
         <size>0x10</size>
         <alignment>0x4</alignment>
         <input_file_ref idref="fl-109"/>
      </object_component>
      <object_component id="oc-261">
         <name>.text.OUTLINED_FUNCTION_1</name>
         <load_address>0x5ec4</load_address>
         <readonly>true</readonly>
         <executable>true</executable>
         <run_address>0x5ec4</run_address>
         <size>0xa</size>
         <alignment>0x2</alignment>
         <input_file_ref idref="fl-43"/>
      </object_component>
      <object_component id="oc-1b5">
         <name>.text._outc</name>
         <load_address>0x5ece</load_address>
         <readonly>true</readonly>
         <executable>true</executable>
         <run_address>0x5ece</run_address>
         <size>0xa</size>
         <alignment>0x2</alignment>
         <input_file_ref idref="fl-3a"/>
      </object_component>
      <object_component id="oc-228">
         <name>.text.__aeabi_errno_addr</name>
         <load_address>0x5ed8</load_address>
         <readonly>true</readonly>
         <executable>true</executable>
         <run_address>0x5ed8</run_address>
         <size>0x8</size>
         <alignment>0x4</alignment>
         <input_file_ref idref="fl-47"/>
      </object_component>
      <object_component id="oc-4f">
         <name>.text.__aeabi_memcpy</name>
         <load_address>0x5ee0</load_address>
         <readonly>true</readonly>
         <executable>true</executable>
         <run_address>0x5ee0</run_address>
         <size>0x8</size>
         <alignment>0x4</alignment>
         <input_file_ref idref="fl-118"/>
      </object_component>
      <object_component id="oc-f9">
         <name>.text.pid_Set_Target</name>
         <load_address>0x5ee8</load_address>
         <readonly>true</readonly>
         <executable>true</executable>
         <run_address>0x5ee8</run_address>
         <size>0x6</size>
         <alignment>0x2</alignment>
         <input_file_ref idref="fl-e"/>
      </object_component>
      <object_component id="oc-160">
         <name>.text:abort</name>
         <load_address>0x5eee</load_address>
         <readonly>true</readonly>
         <executable>true</executable>
         <run_address>0x5eee</run_address>
         <size>0x6</size>
         <alignment>0x2</alignment>
         <input_file_ref idref="fl-48"/>
      </object_component>
      <object_component id="oc-1bf">
         <name>.text.HOSTexit</name>
         <load_address>0x5ef4</load_address>
         <readonly>true</readonly>
         <executable>true</executable>
         <run_address>0x5ef4</run_address>
         <size>0x4</size>
         <alignment>0x2</alignment>
         <input_file_ref idref="fl-f8"/>
      </object_component>
      <object_component id="oc-2f">
         <name>.text.Reset_Handler</name>
         <load_address>0x5ef8</load_address>
         <readonly>true</readonly>
         <executable>true</executable>
         <run_address>0x5ef8</run_address>
         <size>0x4</size>
         <alignment>0x2</alignment>
         <input_file_ref idref="fl-2"/>
      </object_component>
      <object_component id="oc-cb">
         <name>.text._system_pre_init</name>
         <load_address>0x5efc</load_address>
         <readonly>true</readonly>
         <executable>true</executable>
         <run_address>0x5efc</run_address>
         <size>0x4</size>
         <alignment>0x2</alignment>
         <input_file_ref idref="fl-3e"/>
      </object_component>
      <object_component id="oc-2b3">
         <name>__TI_handler_table</name>
         <load_address>0x7aa0</load_address>
         <readonly>true</readonly>
         <run_address>0x7aa0</run_address>
         <size>0xc</size>
         <alignment>0x4</alignment>
      </object_component>
      <object_component id="oc-2b5">
         <name>.cinit..data.load</name>
         <load_address>0x7aac</load_address>
         <readonly>true</readonly>
         <run_address>0x7aac</run_address>
         <size>0x9</size>
         <alignment>0x1</alignment>
      </object_component>
      <object_component id="oc-2b6">
         <name>.cinit..bss.load</name>
         <load_address>0x7ab8</load_address>
         <readonly>true</readonly>
         <run_address>0x7ab8</run_address>
         <size>0x8</size>
         <alignment>0x4</alignment>
      </object_component>
      <object_component id="oc-2b4">
         <name>__TI_cinit_table</name>
         <load_address>0x7ac0</load_address>
         <readonly>true</readonly>
         <run_address>0x7ac0</run_address>
         <size>0x10</size>
         <alignment>0x4</alignment>
      </object_component>
      <object_component id="oc-1fb">
         <name>.rodata.asc2_2412</name>
         <load_address>0x5f00</load_address>
         <readonly>true</readonly>
         <run_address>0x5f00</run_address>
         <size>0xd5c</size>
         <alignment>0x1</alignment>
         <input_file_ref idref="fl-d"/>
      </object_component>
      <object_component id="oc-1fc">
         <name>.rodata.asc2_1608</name>
         <load_address>0x6c5c</load_address>
         <readonly>true</readonly>
         <run_address>0x6c5c</run_address>
         <size>0x5f0</size>
         <alignment>0x1</alignment>
         <input_file_ref idref="fl-d"/>
      </object_component>
      <object_component id="oc-1fd">
         <name>.rodata.asc2_1206</name>
         <load_address>0x724c</load_address>
         <readonly>true</readonly>
         <run_address>0x724c</run_address>
         <size>0x474</size>
         <alignment>0x1</alignment>
         <input_file_ref idref="fl-d"/>
      </object_component>
      <object_component id="oc-1fe">
         <name>.rodata.asc2_0806</name>
         <load_address>0x76c0</load_address>
         <readonly>true</readonly>
         <run_address>0x76c0</run_address>
         <size>0x228</size>
         <alignment>0x1</alignment>
         <input_file_ref idref="fl-d"/>
      </object_component>
      <object_component id="oc-1e4">
         <name>.rodata.gPWM_MOTORConfig</name>
         <load_address>0x78e8</load_address>
         <readonly>true</readonly>
         <run_address>0x78e8</run_address>
         <size>0x8</size>
         <alignment>0x4</alignment>
         <input_file_ref idref="fl-1"/>
      </object_component>
      <object_component id="oc-23e">
         <name>.rodata:__aeabi_ctype_table_</name>
         <load_address>0x78f0</load_address>
         <readonly>true</readonly>
         <run_address>0x78f0</run_address>
         <size>0x101</size>
         <alignment>0x10</alignment>
         <input_file_ref idref="fl-55"/>
      </object_component>
      <object_component id="oc-1e3">
         <name>.rodata.gPWM_MOTORClockConfig</name>
         <load_address>0x79f1</load_address>
         <readonly>true</readonly>
         <run_address>0x79f1</run_address>
         <size>0x3</size>
         <alignment>0x1</alignment>
         <input_file_ref idref="fl-1"/>
      </object_component>
      <object_component id="oc-1de">
         <name>.rodata.gSYSPLLConfig</name>
         <load_address>0x79f4</load_address>
         <readonly>true</readonly>
         <run_address>0x79f4</run_address>
         <size>0x28</size>
         <alignment>0x4</alignment>
         <input_file_ref idref="fl-1"/>
      </object_component>
      <object_component id="oc-15c">
         <name>.rodata.str1.15159059442110792349.1</name>
         <load_address>0x7a1c</load_address>
         <readonly>true</readonly>
         <run_address>0x7a1c</run_address>
         <size>0x17</size>
         <alignment>0x1</alignment>
         <input_file_ref idref="fl-3"/>
      </object_component>
      <object_component id="oc-1e7">
         <name>.rodata.gTIMER_0TimerConfig</name>
         <load_address>0x7a34</load_address>
         <readonly>true</readonly>
         <run_address>0x7a34</run_address>
         <size>0x14</size>
         <alignment>0x4</alignment>
         <input_file_ref idref="fl-1"/>
      </object_component>
      <object_component id="oc-231">
         <name>.rodata.str1.10348868589481759720.1</name>
         <load_address>0x7a48</load_address>
         <readonly>true</readonly>
         <run_address>0x7a48</run_address>
         <size>0x11</size>
         <alignment>0x1</alignment>
         <input_file_ref idref="fl-43"/>
      </object_component>
      <object_component id="oc-219">
         <name>.rodata.str1.15363888844622738466.1</name>
         <load_address>0x7a59</load_address>
         <readonly>true</readonly>
         <run_address>0x7a59</run_address>
         <size>0x11</size>
         <alignment>0x1</alignment>
         <input_file_ref idref="fl-43"/>
      </object_component>
      <object_component id="oc-1f2">
         <name>.rodata.gUART0Config</name>
         <load_address>0x7a6a</load_address>
         <readonly>true</readonly>
         <run_address>0x7a6a</run_address>
         <size>0xa</size>
         <alignment>0x2</alignment>
         <input_file_ref idref="fl-1"/>
      </object_component>
      <object_component id="oc-1f0">
         <name>.rodata.gUART1Config</name>
         <load_address>0x7a74</load_address>
         <readonly>true</readonly>
         <run_address>0x7a74</run_address>
         <size>0xa</size>
         <alignment>0x2</alignment>
         <input_file_ref idref="fl-1"/>
      </object_component>
      <object_component id="oc-15d">
         <name>.rodata.str1.8154729771448623357.1</name>
         <load_address>0x7a7e</load_address>
         <readonly>true</readonly>
         <run_address>0x7a7e</run_address>
         <size>0x9</size>
         <alignment>0x1</alignment>
         <input_file_ref idref="fl-3"/>
      </object_component>
      <object_component id="oc-15e">
         <name>.rodata.str1.17100691992556644108.1</name>
         <load_address>0x7a87</load_address>
         <readonly>true</readonly>
         <run_address>0x7a87</run_address>
         <size>0x8</size>
         <alignment>0x1</alignment>
         <input_file_ref idref="fl-3"/>
      </object_component>
      <object_component id="oc-15f">
         <name>.rodata.str1.18227636981041470289.1</name>
         <load_address>0x7a8f</load_address>
         <readonly>true</readonly>
         <run_address>0x7a8f</run_address>
         <size>0x8</size>
         <alignment>0x1</alignment>
         <input_file_ref idref="fl-3"/>
      </object_component>
      <object_component id="oc-1e6">
         <name>.rodata.gTIMER_0ClockConfig</name>
         <load_address>0x7a97</load_address>
         <readonly>true</readonly>
         <run_address>0x7a97</run_address>
         <size>0x3</size>
         <alignment>0x1</alignment>
         <input_file_ref idref="fl-1"/>
      </object_component>
      <object_component id="oc-1f1">
         <name>.rodata.gUART0ClockConfig</name>
         <load_address>0x7a9a</load_address>
         <readonly>true</readonly>
         <run_address>0x7a9a</run_address>
         <size>0x2</size>
         <alignment>0x1</alignment>
         <input_file_ref idref="fl-1"/>
      </object_component>
      <object_component id="oc-1ef">
         <name>.rodata.gUART1ClockConfig</name>
         <load_address>0x7a9c</load_address>
         <readonly>true</readonly>
[...]
         <value>0x20200960</value>
      </symbol>
      <symbol id="sm-1a1">
         <name>g_pid_line</name>
         <value>0x20200540</value>
      </symbol>
      <symbol id="sm-1a2">
         <name>g_pid_straight</name>
         <value>0x202008b0</value>
      </symbol>
      <symbol id="sm-1b3">
         <name>smooth_target</name>
         <value>0x49e1</value>
         <object_component_ref idref="oc-187"/>
      </symbol>
      <symbol id="sm-1b4">
         <name>filter_speed</name>
         <value>0x5669</value>
         <object_component_ref idref="oc-186"/>
      </symbol>
      <symbol id="sm-1b5">
         <name>soft_start</name>
         <value>0x53ad</value>
         <object_component_ref idref="oc-17f"/>
      </symbol>
      <symbol id="sm-1c1">
         <name>UART0_IRQHandler</name>
         <value>0x5a91</value>
         <object_component_ref idref="oc-39"/>
      </symbol>
      <symbol id="sm-1c2">
         <name>uart_data</name>
         <value>0x20200aaa</value>
         <object_component_ref idref="oc-6b"/>
      </symbol>
      <symbol id="sm-1c4">
         <name>__TI_ATRegion0_src_addr</name>
         <value>0x0</value>
      </symbol>
      <symbol id="sm-1c5">
         <name>__TI_ATRegion0_trg_addr</name>
         <value>0x0</value>
      </symbol>
      <symbol id="sm-1c6">
         <name>__TI_ATRegion0_region_sz</name>
         <value>0x0</value>
      </symbol>
      <symbol id="sm-1c7">
         <name>__TI_ATRegion1_src_addr</name>
         <value>0x0</value>
      </symbol>
      <symbol id="sm-1c8">
         <name>__TI_ATRegion1_trg_addr</name>
         <value>0x0</value>
      </symbol>
      <symbol id="sm-1c9">
         <name>__TI_ATRegion1_region_sz</name>
         <value>0x0</value>
      </symbol>
      <symbol id="sm-1ca">
         <name>__TI_ATRegion2_src_addr</name>
         <value>0x0</value>
      </symbol>
      <symbol id="sm-1cb">
         <name>__TI_ATRegion2_trg_addr</name>
         <value>0x0</value>
      </symbol>
      <symbol id="sm-1cc">
         <name>__TI_ATRegion2_region_sz</name>
         <value>0x0</value>
      </symbol>
      <symbol id="sm-1d5">
         <name>DL_Common_delayCycles</name>
         <value>0x5ea1</value>
         <object_component_ref idref="oc-1d3"/>
      </symbol>
      <symbol id="sm-1f1">
         <name>DL_Timer_setClockConfig</name>
         <value>0x5d4d</value>
         <object_component_ref idref="oc-1df"/>
      </symbol>
      <symbol id="sm-1f2">
         <name>DL_Timer_initTimerMode</name>
         <value>0x44a5</value>
         <object_component_ref idref="oc-1e5"/>
      </symbol>
      <symbol id="sm-1f3">
         <name>DL_Timer_setCaptureCompareValue</name>
         <value>0x5e3d</value>
         <object_component_ref idref="oc-121"/>
      </symbol>
      <symbol id="sm-1f4">
         <name>DL_Timer_setCaptCompUpdateMethod</name>
         <value>0x5d31</value>
         <object_component_ref idref="oc-1e2"/>
      </symbol>
      <symbol id="sm-1f5">
         <name>DL_Timer_setCaptureCompareOutCtl</name>
         <value>0x5d69</value>
         <object_component_ref idref="oc-1e1"/>
      </symbol>
      <symbol id="sm-1f6">
         <name>DL_Timer_initFourCCPWMMode</name>
         <value>0x41c5</value>
         <object_component_ref idref="oc-1e0"/>
      </symbol>
      <symbol id="sm-203">
         <name>DL_UART_init</name>
         <value>0x574d</value>
         <object_component_ref idref="oc-1ee"/>
      </symbol>
      <symbol id="sm-204">
         <name>DL_UART_setClockConfig</name>
         <value>0x5e19</value>
         <object_component_ref idref="oc-1e8"/>
      </symbol>
      <symbol id="sm-212">
         <name>DL_SYSCTL_configSYSPLL</name>
         <value>0x4755</value>
         <object_component_ref idref="oc-1d7"/>
      </symbol>
      <symbol id="sm-213">
         <name>DL_SYSCTL_switchMCLKfromSYSOSCtoHSCLK</name>
         <value>0x5825</value>
         <object_component_ref idref="oc-1dd"/>
      </symbol>
      <symbol id="sm-224">
         <name>sprintf</name>
         <value>0x5b39</value>
         <object_component_ref idref="oc-152"/>
      </symbol>
      <symbol id="sm-22f">
         <name>_c_int00_noargs</name>
         <value>0x5c81</value>
         <object_component_ref idref="oc-5f"/>
      </symbol>
      <symbol id="sm-230">
         <name>__stack</name>
         <value>0x20207e00</value>
         <object_component_ref idref="oc-1a"/>
      </symbol>
      <symbol id="sm-23c">
         <name>__TI_auto_init_nobinit_nopinit</name>
         <value>0x59dd</value>
         <object_component_ref idref="oc-167"/>
      </symbol>
      <symbol id="sm-244">
         <name>_system_pre_init</name>
         <value>0x5efd</value>
         <object_component_ref idref="oc-cb"/>
      </symbol>
      <symbol id="sm-24f">
         <name>__TI_zero_init</name>
         <value>0x5e5d</value>
         <object_component_ref idref="oc-5c"/>
      </symbol>
      <symbol id="sm-258">
         <name>__TI_decompress_none</name>
         <value>0x5e2b</value>
         <object_component_ref idref="oc-20"/>
      </symbol>
      <symbol id="sm-263">
         <name>__TI_decompress_lzss</name>
         <value>0x4eb1</value>
         <object_component_ref idref="oc-1c"/>
      </symbol>
      <symbol id="sm-2ac">
         <name>__TI_printfi</name>
         <value>0x16dd</value>
         <object_component_ref idref="oc-1fa"/>
      </symbol>
      <symbol id="sm-2b6">
         <name>frexp</name>
         <value>0x540d</value>
         <object_component_ref idref="oc-24f"/>
      </symbol>
      <symbol id="sm-2b7">
         <name>frexpl</name>
         <value>0x540d</value>
         <object_component_ref idref="oc-24f"/>
      </symbol>
      <symbol id="sm-2c1">
         <name>scalbn</name>
         <value>0x4831</value>
         <object_component_ref idref="oc-253"/>
      </symbol>
      <symbol id="sm-2c2">
         <name>ldexp</name>
         <value>0x4831</value>
         <object_component_ref idref="oc-253"/>
      </symbol>
      <symbol id="sm-2c3">
         <name>scalbnl</name>
         <value>0x4831</value>
         <object_component_ref idref="oc-253"/>
      </symbol>
      <symbol id="sm-2c4">
         <name>ldexpl</name>
         <value>0x4831</value>
         <object_component_ref idref="oc-253"/>
      </symbol>
      <symbol id="sm-2cd">
         <name>wcslen</name>
         <value>0x5e4d</value>
         <object_component_ref idref="oc-224"/>
      </symbol>
      <symbol id="sm-2d8">
         <name>__aeabi_errno_addr</name>
         <value>0x5ed9</value>
         <object_component_ref idref="oc-228"/>
      </symbol>
      <symbol id="sm-2d9">
         <name>__aeabi_errno</name>
         <value>0x20200a70</value>
         <object_component_ref idref="oc-245"/>
      </symbol>
      <symbol id="sm-2e3">
         <name>abort</name>
         <value>0x5eef</value>
         <object_component_ref idref="oc-160"/>
      </symbol>
      <symbol id="sm-2ed">
         <name>__TI_ltoa</name>
         <value>0x5469</value>
         <object_component_ref idref="oc-257"/>
      </symbol>
      <symbol id="sm-2f9">
         <name>atoi</name>
         <value>0x58e9</value>
         <object_component_ref idref="oc-220"/>
      </symbol>
      <symbol id="sm-303">
         <name>memccpy</name>
         <value>0x5ccd</value>
         <object_component_ref idref="oc-215"/>
      </symbol>
      <symbol id="sm-309">
         <name>__aeabi_ctype_table_</name>
         <value>0x78f0</value>
         <object_component_ref idref="oc-23e"/>
      </symbol>
      <symbol id="sm-30a">
         <name>__aeabi_ctype_table_C</name>
         <value>0x78f0</value>
         <object_component_ref idref="oc-23e"/>
      </symbol>
      <symbol id="sm-315">
         <name>HOSTexit</name>
         <value>0x5ef5</value>
         <object_component_ref idref="oc-1bf"/>
      </symbol>
      <symbol id="sm-316">
         <name>C$$EXIT</name>
         <value>0x5ef4</value>
         <object_component_ref idref="oc-1bf"/>
      </symbol>
      <symbol id="sm-32b">
         <name>__aeabi_fadd</name>
         <value>0x4913</value>
         <object_component_ref idref="oc-10d"/>
      </symbol>
      <symbol id="sm-32c">
         <name>__addsf3</name>
         <value>0x4913</value>
         <object_component_ref idref="oc-10d"/>
      </symbol>
      <symbol id="sm-32d">
         <name>__aeabi_fsub</name>
         <value>0x4909</value>
         <object_component_ref idref="oc-10d"/>
      </symbol>
      <symbol id="sm-32e">
         <name>__subsf3</name>
         <value>0x4909</value>
         <object_component_ref idref="oc-10d"/>
      </symbol>
      <symbol id="sm-334">
         <name>__aeabi_dadd</name>
         <value>0x34ff</value>
         <object_component_ref idref="oc-7d"/>
      </symbol>
      <symbol id="sm-335">
         <name>__adddf3</name>
         <value>0x34ff</value>
         <object_component_ref idref="oc-7d"/>
      </symbol>
      <symbol id="sm-336">
         <name>__aeabi_dsub</name>
         <value>0x34f5</value>
         <object_component_ref idref="oc-7d"/>
      </symbol>
      <symbol id="sm-337">
         <name>__subdf3</name>
         <value>0x34f5</value>
         <object_component_ref idref="oc-7d"/>
      </symbol>
      <symbol id="sm-340">
         <name>__aeabi_dmul</name>
         <value>0x458d</value>
         <object_component_ref idref="oc-79"/>
      </symbol>
      <symbol id="sm-341">
         <name>__muldf3</name>
         <value>0x458d</value>
         <object_component_ref idref="oc-79"/>
      </symbol>
      <symbol id="sm-347">
         <name>__muldsi3</name>
         <value>0x5a55</value>
         <object_component_ref idref="oc-e3"/>
      </symbol>
      <symbol id="sm-34d">
         <name>__aeabi_fmul</name>
         <value>0x4da1</value>
         <object_component_ref idref="oc-109"/>
      </symbol>
      <symbol id="sm-34e">
         <name>__mulsf3</name>
         <value>0x4da1</value>
         <object_component_ref idref="oc-109"/>
      </symbol>
      <symbol id="sm-354">
         <name>__aeabi_fdiv</name>
         <value>0x4e2d</value>
         <object_component_ref idref="oc-111"/>
      </symbol>
      <symbol id="sm-355">
         <name>__divsf3</name>
         <value>0x4e2d</value>
         <object_component_ref idref="oc-111"/>
      </symbol>
      <symbol id="sm-35b">
         <name>__aeabi_ddiv</name>
         <value>0x40b9</value>
         <object_component_ref idref="oc-fa"/>
      </symbol>
      <symbol id="sm-35c">
         <name>__divdf3</name>
         <value>0x40b9</value>
         <object_component_ref idref="oc-fa"/>
      </symbol>
      <symbol id="sm-362">
         <name>__aeabi_f2d</name>
         <value>0x58a9</value>
         <object_component_ref idref="oc-9e"/>
      </symbol>
      <symbol id="sm-363">
         <name>__extendsfdf2</name>
         <value>0x58a9</value>
         <object_component_ref idref="oc-9e"/>
      </symbol>
      <symbol id="sm-369">
         <name>__aeabi_d2iz</name>
         <value>0x5701</value>
         <object_component_ref idref="oc-8e"/>
      </symbol>
      <symbol id="sm-36a">
         <name>__fixdfsi</name>
         <value>0x5701</value>
         <object_component_ref idref="oc-8e"/>
      </symbol>
      <symbol id="sm-370">
         <name>__aeabi_f2iz</name>
         <value>0x5ac9</value>
         <object_component_ref idref="oc-115"/>
      </symbol>
      <symbol id="sm-371">
         <name>__fixsfsi</name>
         <value>0x5ac9</value>
         <object_component_ref idref="oc-115"/>
      </symbol>
      <symbol id="sm-377">
         <name>__aeabi_i2d</name>
         <value>0x5c05</value>
         <object_component_ref idref="oc-75"/>
      </symbol>
      <symbol id="sm-378">
         <name>__floatsidf</name>
         <value>0x5c05</value>
         <object_component_ref idref="oc-75"/>
      </symbol>
      <symbol id="sm-37e">
         <name>__aeabi_i2f</name>
         <value>0x5965</value>
         <object_component_ref idref="oc-105"/>
      </symbol>
      <symbol id="sm-37f">
         <name>__floatsisf</name>
         <value>0x5965</value>
         <object_component_ref idref="oc-105"/>
      </symbol>
      <symbol id="sm-385">
         <name>__aeabi_lmul</name>
         <value>0x5ca9</value>
         <object_component_ref idref="oc-22d"/>
      </symbol>
      <symbol id="sm-386">
         <name>__muldi3</name>
         <value>0x5ca9</value>
         <object_component_ref idref="oc-22d"/>
      </symbol>
      <symbol id="sm-38c">
         <name>__aeabi_dcmpeq</name>
         <value>0x5225</value>
         <object_component_ref idref="oc-81"/>
      </symbol>
      <symbol id="sm-38d">
         <name>__aeabi_dcmplt</name>
         <value>0x5239</value>
         <object_component_ref idref="oc-81"/>
      </symbol>
      <symbol id="sm-38e">
         <name>__aeabi_dcmple</name>
         <value>0x524d</value>
         <object_component_ref idref="oc-81"/>
      </symbol>
      <symbol id="sm-38f">
         <name>__aeabi_dcmpge</name>
         <value>0x5261</value>
         <object_component_ref idref="oc-81"/>
      </symbol>
      <symbol id="sm-390">
         <name>__aeabi_dcmpgt</name>
         <value>0x5275</value>
         <object_component_ref idref="oc-81"/>
      </symbol>
      <symbol id="sm-396">
         <name>__aeabi_fcmpeq</name>
         <value>0x5289</value>
         <object_component_ref idref="oc-119"/>
      </symbol>
      <symbol id="sm-397">
         <name>__aeabi_fcmplt</name>
         <value>0x529d</value>
         <object_component_ref idref="oc-119"/>
      </symbol>
      <symbol id="sm-398">
         <name>__aeabi_fcmple</name>
         <value>0x52b1</value>
         <object_component_ref idref="oc-119"/>
      </symbol>
      <symbol id="sm-399">
         <name>__aeabi_fcmpge</name>
         <value>0x52c5</value>
         <object_component_ref idref="oc-119"/>
      </symbol>
      <symbol id="sm-39a">
         <name>__aeabi_fcmpgt</name>
         <value>0x52d9</value>
         <object_component_ref idref="oc-119"/>
      </symbol>
      <symbol id="sm-3a0">
         <name>__aeabi_idiv</name>
         <value>0x5519</value>
         <object_component_ref idref="oc-71"/>
      </symbol>
      <symbol id="sm-3a1">
         <name>__aeabi_idivmod</name>
         <value>0x5519</value>
         <object_component_ref idref="oc-71"/>
      </symbol>
      <symbol id="sm-3a7">
         <name>__aeabi_memcpy</name>
         <value>0x5ee1</value>
         <object_component_ref idref="oc-4f"/>
      </symbol>
      <symbol id="sm-3a8">
         <name>__aeabi_memcpy4</name>
         <value>0x5ee1</value>
         <object_component_ref idref="oc-4f"/>
      </symbol>
      <symbol id="sm-3a9">
         <name>__aeabi_memcpy8</name>
         <value>0x5ee1</value>
         <object_component_ref idref="oc-4f"/>
      </symbol>
      <symbol id="sm-3b2">
         <name>__aeabi_memset</name>
         <value>0x5e6d</value>
         <object_component_ref idref="oc-214"/>
      </symbol>
      <symbol id="sm-3b3">
         <name>__aeabi_memset4</name>
         <value>0x5e6d</value>
         <object_component_ref idref="oc-214"/>
      </symbol>
      <symbol id="sm-3b4">
         <name>__aeabi_memset8</name>
         <value>0x5e6d</value>
         <object_component_ref idref="oc-214"/>
      </symbol>
      <symbol id="sm-3b5">
         <name>__aeabi_memclr</name>
         <value>0x5e89</value>
         <object_component_ref idref="oc-c6"/>
      </symbol>
      <symbol id="sm-3b6">
         <name>__aeabi_memclr4</name>
         <value>0x5e89</value>
         <object_component_ref idref="oc-c6"/>
      </symbol>
      <symbol id="sm-3b7">
         <name>__aeabi_memclr8</name>
         <value>0x5e89</value>
         <object_component_ref idref="oc-c6"/>
      </symbol>
      <symbol id="sm-3bd">
         <name>__aeabi_uidiv</name>
         <value>0x5869</value>
         <object_component_ref idref="oc-21a"/>
      </symbol>
      <symbol id="sm-3be">
         <name>__aeabi_uidivmod</name>
         <value>0x5869</value>
         <object_component_ref idref="oc-21a"/>
      </symbol>
      <symbol id="sm-3c4">
         <name>__aeabi_uldivmod</name>
         <value>0x5dc9</value>
         <object_component_ref idref="oc-232"/>
      </symbol>
      <symbol id="sm-3cd">
         <name>__eqsf2</name>
         <value>0x5a19</value>
         <object_component_ref idref="oc-18d"/>
      </symbol>
      <symbol id="sm-3ce">
         <name>__lesf2</name>
         <value>0x5a19</value>
         <object_component_ref idref="oc-18d"/>
      </symbol>
      <symbol id="sm-3cf">
         <name>__ltsf2</name>
         <value>0x5a19</value>
         <object_component_ref idref="oc-18d"/>
      </symbol>
      <symbol id="sm-3d0">
         <name>__nesf2</name>
         <value>0x5a19</value>
         <object_component_ref idref="oc-18d"/>
      </symbol>
      <symbol id="sm-3d1">
         <name>__cmpsf2</name>
         <value>0x5a19</value>
         <object_component_ref idref="oc-18d"/>
      </symbol>
      <symbol id="sm-3d2">
         <name>__gtsf2</name>
         <value>0x59a1</value>
         <object_component_ref idref="oc-192"/>
      </symbol>
      <symbol id="sm-3d3">
         <name>__gesf2</name>
         <value>0x59a1</value>
         <object_component_ref idref="oc-192"/>
      </symbol>
      <symbol id="sm-3d9">
         <name>__udivmoddi4</name>
         <value>0x4b4d</value>
         <object_component_ref idref="oc-24a"/>
      </symbol>
      <symbol id="sm-3df">
         <name>__aeabi_llsl</name>
         <value>0x5d11</value>
         <object_component_ref idref="oc-263"/>
      </symbol>
      <symbol id="sm-3e0">
         <name>__ashldi3</name>
         <value>0x5d11</value>
         <object_component_ref idref="oc-263"/>
      </symbol>
      <symbol id="sm-3ee">
         <name>__ledf2</name>
         <value>0x508d</value>
         <object_component_ref idref="oc-e9"/>
      </symbol>
      <symbol id="sm-3ef">
         <name>__gedf2</name>
         <value>0x5019</value>
         <object_component_ref idref="oc-ef"/>
      </symbol>
      <symbol id="sm-3f0">
         <name>__cmpdf2</name>
         <value>0x508d</value>
         <object_component_ref idref="oc-e9"/>
      </symbol>
      <symbol id="sm-3f1">
         <name>__eqdf2</name>
         <value>0x508d</value>
         <object_component_ref idref="oc-e9"/>
      </symbol>
      <symbol id="sm-3f2">
         <name>__ltdf2</name>
         <value>0x508d</value>
         <object_component_ref idref="oc-e9"/>
      </symbol>
      <symbol id="sm-3f3">
         <name>__nedf2</name>
         <value>0x508d</value>
         <object_component_ref idref="oc-e9"/>
      </symbol>
      <symbol id="sm-3f4">
         <name>__gtdf2</name>
         <value>0x5019</value>
         <object_component_ref idref="oc-ef"/>
      </symbol>
      <symbol id="sm-400">
         <name>__aeabi_idiv0</name>
         <value>0x4eaf</value>
         <object_component_ref idref="oc-dc"/>
      </symbol>
      <symbol id="sm-401">
         <name>__aeabi_ldiv0</name>
         <value>0x4fa3</value>
         <object_component_ref idref="oc-262"/>
      </symbol>
      <symbol id="sm-41b">
         <name>memcpy</name>
         <value>0x4bef</value>
         <object_component_ref idref="oc-139"/>
      </symbol>
      <symbol id="sm-42a">
         <name>memset</name>
         <value>0x52eb</value>
         <object_component_ref idref="oc-19c"/>
      </symbol>
      <symbol id="sm-42b">
         <name>__TI_static_base__</name>
         <value>0x0</value>
      </symbol>
      <symbol id="sm-42f">
         <name>__mpu_init</name>
         <value>0x0</value>
      </symbol>
      <symbol id="sm-430">
         <name>_system_post_cinit</name>
         <value>0x0</value>
      </symbol>
   </symbol_table>
   <title>Link successful</title>
</link_info>
