******************************************************************************
            TI ARM Clang Linker PC v4.0.3                      
******************************************************************************
>> Linked Thu Jul 31 00:12:18 2025

OUTPUT FILE NAME:   <CAR-V2.out>
ENTRY POINT SYMBOL: "_c_int00_noargs"  address: 00005445


MEMORY CONFIGURATION

         name            origin    length      used     unused   attr    fill
----------------------  --------  ---------  --------  --------  ----  --------
  FLASH                 00000000   00020000  00007290  00018d70  R  X
  SRAM                  20200000   00008000  00000d8c  00007274  RW X
  BCR_CONFIG            41c00000   000000ff  00000000  000000ff  R   
  BSL_CONFIG            41c00100   00000080  00000000  00000080  R   


SEGMENT ALLOCATION MAP

run origin  load origin   length   init length attrs members
----------  ----------- ---------- ----------- ----- -------
00000000    00000000    00007290   00007290    r-x
  00000000    00000000    000000c0   000000c0    r-- .intvecs
  000000c0    000000c0    000055f0   000055f0    r-x .text
  000056b0    000056b0    00001bb0   00001bb0    r-- .rodata
  00007260    00007260    00000030   00000030    r-- .cinit
20200000    20200000    00000b8c   00000000    rw-
  20200000    20200000    00000af0   00000000    rw- .bss
  20200af0    20200af0    0000009c   00000000    rw- .data
20207e00    20207e00    00000200   00000000    rw-
  20207e00    20207e00    00000200   00000000    rw- .stack


SECTION ALLOCATION MAP

 output                                  attributes/
section   page    origin      length       input sections
--------  ----  ----------  ----------   ----------------
.intvecs   0    00000000    000000c0     
                  00000000    000000c0     startup_mspm0g350x_ticlang.o (.intvecs)

.text      0    000000c0    000055f0     
                  000000c0    00000b8c     oled.o (.text.OLED_Init)
                  00000c4c    00000a90     oled.o (.text.OLED_Clear)
                  000016dc    00000868     libc.a : _printfi.c.obj (.text:__TI_printfi_nofloat)
                  00001f44    00000584     control.o (.text.TIMA1_IRQHandler)
                  000024c8    00000394     oled.o (.text.OLED_WR_Byte)
                  0000285c    00000340     oled.o (.text.OLED_Refresh)
                  00002b9c    00000270     oled.o (.text.OLED_ShowChar)
                  00002e0c    00000244     pid.o (.text.pid_straight_Calc)
                  00003050    00000204     main.o (.text.main)
                  00003254    00000192     libclang_rt.builtins.a : adddf3.S.obj (.text.adddf3_subdf3)
                  000033e6    00000002     startup_mspm0g350x_ticlang.o (.text.Default_Handler)
                  000033e8    0000018c     line.o (.text.line_err)
                  00003574    00000164     pid.o (.text.pid_turn_angle_Calc)
                  000036d8    00000140     control.o (.text.location_speed_control)
                  00003818    0000012c     pid.o (.text.pid_speed_Calc)
                  00003944    00000120     control.o (.text.turn_angle_speed_control)
                  00003a64    0000010c     libclang_rt.builtins.a : divdf3.S.obj (.text.__divdf3)
                  00003b70    00000104     driverlib.a : dl_timer.o (.text.DL_Timer_initFourCCPWMMode)
                  00003c74    000000f0     pid.o (.text.pid_location_Calc)
                  00003d64    000000e8     driverlib.a : dl_timer.o (.text.DL_Timer_initTimerMode)
                  00003e4c    000000e4     libclang_rt.builtins.a : muldf3.S.obj (.text.__muldf3)
                  00003f30    000000dc     driverlib.a : dl_sysctl_mspm0g1x0x_g3x0x.o (.text.DL_SYSCTL_configSYSPLL)
                  0000400c    000000d8     libclang_rt.builtins.a : addsf3.S.obj (.text)
                  000040e4    000000cc     ti_msp_dl_config.o (.text.SYSCFG_DL_GPIO_init)
                  000041b0    000000c4     smooth.o (.text.smooth_target)
                  00004274    000000a2     libclang_rt.builtins.a : udivmoddi4.S.obj (.text)
                  00004316    0000009a     libc.a : memcpy16.S.obj (.text:memcpy)
                  000043b0    00000098     ti_msp_dl_config.o (.text.SYSCFG_DL_UART_WIT_init)
                  00004448    00000098     line.o (.text.line_pid_Calc)
                  000044e0    00000090     ti_msp_dl_config.o (.text.SYSCFG_DL_PWM_MOTOR_init)
                  00004570    0000008c     oled.o (.text.OLED_ShowString)
                  000045fc    0000008c     libclang_rt.builtins.a : mulsf3.S.obj (.text.__mulsf3)
                  00004688    00000082                            : divsf3.S.obj (.text.__divsf3)
                  0000470a    00000002                            : aeabi_div0.c.obj (.text.__aeabi_idiv0)
                  0000470c    0000007c     libc.a : copy_decompress_lzss.c.obj (.text:decompress:lzss)
                  00004788    00000076     pid.o (.text.pid_Init)
                  000047fe    00000002     libclang_rt.builtins.a : aeabi_div0.c.obj (.text.__aeabi_ldiv0)
                  00004800    00000074     ti_msp_dl_config.o (.text.SYSCFG_DL_UART1_init)
                  00004874    00000074     libclang_rt.builtins.a : comparedf2.c.obj (.text.__gedf2)
                  000048e8    00000008     ti_msp_dl_config.o (.text.SYSCFG_DL_DMA_init)
                  000048f0    00000074     libclang_rt.builtins.a : truncdfsf2.S.obj (.text.__truncdfsf2)
                  00004964    00000070     encoder.o (.text.GROUP1_IRQHandler)
                  000049d4    00000068     libclang_rt.builtins.a : comparedf2.c.obj (.text.__ledf2)
                  00004a3c    00000064     ti_msp_dl_config.o (.text.SYSCFG_DL_SYSCTL_init)
                  00004aa0    00000064     motor.o (.text.motor_load_pwm)
                  00004b04    00000062     libclang_rt.builtins.a : aeabi_dcmp.S.obj (.text.__aeabi_dcmp)
                  00004b66    00000002     --HOLE-- [fill = 0]
                  00004b68    00000062                            : aeabi_fcmp.S.obj (.text.__aeabi_fcmp)
                  00004bca    00000062     libc.a : memset16.S.obj (.text:memset)
                  00004c2c    00000060     ti_msp_dl_config.o (.text.SYSCFG_DL_UART_1_init)
                  00004c8c    00000060     ti_msp_dl_config.o (.text.SYSCFG_DL_initPower)
                  00004cec    00000060     smooth.o (.text.soft_start)
                  00004d4c    00000056     libclang_rt.builtins.a : aeabi_idivmod.S.obj (.text.__aeabi_idivmod)
                  00004da2    00000050     pid.o (.text.limit_abs)
                  00004df2    00000002     --HOLE-- [fill = 0]
                  00004df4    00000050     line.o (.text.line_pid_init)
                  00004e44    0000004c     driverlib.a : dl_dma.o (.text.DL_DMA_initChannel)
                  00004e90    0000004c     smooth.o (.text.filter_speed)
                  00004edc    0000004a     libclang_rt.builtins.a : fixdfsi.S.obj (.text.__fixdfsi)
                  00004f26    00000002     --HOLE-- [fill = 0]
                  00004f28    00000048     driverlib.a : dl_uart.o (.text.DL_UART_init)
                  00004f70    00000048     ti_msp_dl_config.o (.text.SYSCFG_DL_TIMER_0_init)
                  00004fb8    00000048     ti_msp_dl_config.o (.text.SYSCFG_DL_init)
                  00005000    00000044     driverlib.a : dl_sysctl_mspm0g1x0x_g3x0x.o (.text.DL_SYSCTL_switchMCLKfromSYSOSCtoHSCLK)
                  00005044    00000040     libclang_rt.builtins.a : aeabi_uidivmod.S.obj (.text.__aeabi_uidivmod)
                  00005084    00000040                            : extendsfdf2.S.obj (.text.__extendsfdf2)
                  000050c4    00000040     libc.a : atoi.c.obj (.text.atoi)
                  00005104    0000003c     delay.o (.text.Delay_us)
                  00005140    0000003c     libclang_rt.builtins.a : floatsisf.S.obj (.text.__floatsisf)
                  0000517c    0000003c                            : comparesf2.S.obj (.text.__gtsf2)
                  000051b8    0000003c     line.o (.text.detect_line)
                  000051f4    0000003c     libc.a : autoinit.c.obj (.text:__TI_auto_init_nobinit_nopinit)
                  00005230    0000003a     libclang_rt.builtins.a : comparesf2.S.obj (.text.__eqsf2)
                  0000526a    00000002     --HOLE-- [fill = 0]
                  0000526c    0000003a                            : muldsi3.S.obj (.text.__muldsi3)
                  000052a6    00000002     --HOLE-- [fill = 0]
                  000052a8    00000038     uart.o (.text.UART0_IRQHandler)
                  000052e0    00000038     libclang_rt.builtins.a : fixsfsi.S.obj (.text.__fixsfsi)
                  00005318    00000038     motor.o (.text.motor1_set_disable)
                  00005350    00000038     motor.o (.text.motor2_set_disable)
                  00005388    00000038     libc.a : sprintf.c.obj (.text.sprintf)
                  000053c0    00000030     motor.o (.text.motor_limit_pwm)
                  000053f0    0000002c     libclang_rt.builtins.a : floatsidf.S.obj (.text.__floatsidf)
                  0000541c    00000028     ti_msp_dl_config.o (.text.SYSCFG_DL_SYSCTL_CLK_init)
                  00005444    00000028     libc.a : boot_cortex_m.c.obj (.text:_c_int00_noargs)
                  0000546c    00000024     libclang_rt.builtins.a : muldi3.S.obj (.text.__muldi3)
                  00005490    00000022     libc.a : memccpy.c.obj (.text.memccpy)
                  000054b2    00000002     --HOLE-- [fill = 0]
                  000054b4    00000020     ti_msp_dl_config.o (.text.SYSCFG_DL_SYSTICK_init)
                  000054d4    0000001e     libclang_rt.builtins.a : ashldi3.S.obj (.text.__ashldi3)
                  000054f2    00000002     --HOLE-- [fill = 0]
                  000054f4    0000001c     driverlib.a : dl_timer.o (.text.DL_Timer_setCaptCompUpdateMethod)
                  00005510    0000001c                 : dl_timer.o (.text.DL_Timer_setClockConfig)
                  0000552c    00000018                 : dl_timer.o (.text.DL_Timer_setCaptureCompareOutCtl)
                  00005544    00000018     ti_msp_dl_config.o (.text.SYSCFG_DL_DMA_WIT_init)
                  0000555c    00000018     libc.a : sprintf.c.obj (.text._outs)
                  00005574    00000018     motor.o (.text.motor1_set_enable)
                  0000558c    00000018     motor.o (.text.motor2_set_enable)
                  000055a4    00000014     libclang_rt.builtins.a : aeabi_uldivmod.S.obj (.text.__aeabi_uldivmod)
                  000055b8    00000014     encoder.o (.text.read_encoder_left)
                  000055cc    00000014     encoder.o (.text.read_encoder_right)
                  000055e0    00000012     driverlib.a : dl_uart.o (.text.DL_UART_setClockConfig)
                  000055f2    00000012     libc.a : copy_decompress_none.c.obj (.text:decompress:none)
                  00005604    00000010     driverlib.a : dl_timer.o (.text.DL_Timer_setCaptureCompareValue)
                  00005614    00000010     libc.a : wcslen.c.obj (.text.wcslen)
                  00005624    00000010            : copy_zero_init.c.obj (.text:decompress:ZI)
                  00005634    0000000e     libclang_rt.builtins.a : aeabi_memset.S.obj (.text.__aeabi_memset)
                  00005642    0000000e     libc.a : _printfi.c.obj (.text.strlen)
                  00005650    0000000c     libclang_rt.builtins.a : aeabi_memset.S.obj (.text.__aeabi_memclr)
                  0000565c    0000000c     buzz.o (.text.buzz_Init)
                  00005668    0000000a     driverlib.a : dl_common.o (.text.DL_Common_delayCycles)
                  00005672    0000000a     libc.a : sprintf.c.obj (.text._outc)
                  0000567c    00000008            : aeabi_portable.c.obj (.text.__aeabi_errno_addr)
                  00005684    00000008     libclang_rt.builtins.a : aeabi_memcpy.S.obj (.text.__aeabi_memcpy)
                  0000568c    00000006     pid.o (.text.pid_Set_Target)
                  00005692    00000006     libc.a : exit.c.obj (.text:abort)
                  00005698    00000004     libsysbm.a : hostexit.c.obj (.text.HOSTexit)
                  0000569c    00000004     startup_mspm0g350x_ticlang.o (.text.Reset_Handler)
                  000056a0    00000004     libc.a : pre_init.c.obj (.text._system_pre_init)
                  000056a4    0000000c     --HOLE-- [fill = 0]

.cinit     0    00007260    00000030     
                  00007260    0000000c     (__TI_handler_table)
                  0000726c    00000009     (.cinit..data.load) [load image, compression = lzss]
                  00007275    00000003     --HOLE-- [fill = 0]
                  00007278    00000008     (.cinit..bss.load) [load image, compression = zero_init]
                  00007280    00000010     (__TI_cinit_table)

.rodata    0    000056b0    00001bb0     
                  000056b0    00000d5c     oled.o (.rodata.asc2_2412)
                  0000640c    000005f0     oled.o (.rodata.asc2_1608)
                  000069fc    00000474     oled.o (.rodata.asc2_1206)
                  00006e70    00000228     oled.o (.rodata.asc2_0806)
                  00007098    00000008     ti_msp_dl_config.o (.rodata.gPWM_MOTORConfig)
                  000070a0    00000101     libc.a : aeabi_ctype.S.obj (.rodata:__aeabi_ctype_table_)
                  000071a1    00000003     ti_msp_dl_config.o (.rodata.gPWM_MOTORClockConfig)
                  000071a4    00000028     ti_msp_dl_config.o (.rodata.gSYSPLLConfig)
                  000071cc    00000018     ti_msp_dl_config.o (.rodata.gDMA_WITConfig)
                  000071e4    00000014     ti_msp_dl_config.o (.rodata.gTIMER_0TimerConfig)
                  000071f8    00000011     libc.a : _printfi.c.obj (.rodata.str1.10348868589481759720.1)
                  00007209    00000011            : _printfi.c.obj (.rodata.str1.15363888844622738466.1)
                  0000721a    0000000c     main.o (.rodata.str1.15159059442110792349.1)
                  00007226    0000000c     main.o (.rodata.str1.8154729771448623357.1)
                  00007232    0000000a     ti_msp_dl_config.o (.rodata.gUART1Config)
                  0000723c    0000000a     ti_msp_dl_config.o (.rodata.gUART_1Config)
                  00007246    0000000a     ti_msp_dl_config.o (.rodata.gUART_WITConfig)
                  00007250    00000003     ti_msp_dl_config.o (.rodata.gTIMER_0ClockConfig)
                  00007253    00000002     ti_msp_dl_config.o (.rodata.gUART1ClockConfig)
                  00007255    00000002     ti_msp_dl_config.o (.rodata.gUART_1ClockConfig)
                  00007257    00000002     ti_msp_dl_config.o (.rodata.gUART_WITClockConfig)
                  00007259    00000007     --HOLE-- [fill = 0]

.init_array 
*          0    00000000    00000000     UNINITIALIZED

.binit     0    00000000    00000000     

.bss       0    20200000    00000af0     UNINITIALIZED
                  20200000    00000480     (.common:OLED_GRAM)
                  20200480    000000bc     (.common:gTIMER_0Backup)
                  2020053c    00000004     (.common:g_yaw_jy60)
                  20200540    000000b0     (.common:g_pid_line)
                  202005f0    000000b0     (.common:g_pid_location1)
                  202006a0    000000b0     (.common:g_pid_location2)
                  20200750    000000b0     (.common:g_pid_speed1)
                  20200800    000000b0     (.common:g_pid_speed2)
                  202008b0    000000b0     (.common:g_pid_straight)
                  20200960    000000b0     (.common:g_pid_turn_angle)
                  20200a10    000000b0     (.common:line_pid)
                  20200ac0    00000030     (.common:gUART_WITBackup)

.data      0    20200af0    0000009c     UNINITIALIZED
                  20200af0    00000008     control.o (.data.g_ftarget_journey)
                  20200af8    00000008     control.o (.data.g_line_outval)
                  20200b00    00000008     control.o (.data.g_location1_outval)
                  20200b08    00000008     control.o (.data.g_location2_outval)
                  20200b10    00000008     control.o (.data.g_motor1_journey_cm)
                  20200b18    00000008     control.o (.data.g_motor2_journey_cm)
                  20200b20    00000008     control.o (.data.g_speed1_outval)
                  20200b28    00000008     control.o (.data.g_speed2_outval)
                  20200b30    00000008     control.o (.data.g_speed3_outval)
                  20200b38    00000008     control.o (.data.g_speed4_outval)
                  20200b40    00000008     control.o (.data.g_turn_outval)
                  20200b48    00000008     control.o (.data.spin90_cm)
                  20200b50    00000004     libc.a : aeabi_portable.c.obj (.data.__aeabi_errno)
                  20200b54    00000004     encoder.o (.data._encoder_l_count)
                  20200b58    00000004     encoder.o (.data._encoder_r_count)
                  20200b5c    00000004     control.o (.data.count2)
                  20200b60    00000004     control.o (.data.count3)
                  20200b64    00000004     main.o (.data.count)
                  20200b68    00000004     control.o (.data.g_line_num)
                  20200b6c    00000004     control.o (.data.g_motor1_pwm)
                  20200b70    00000004     control.o (.data.g_motor2_pwm)
                  20200b74    00000004     control.o (.data.g_sigma_motor1pluse)
                  20200b78    00000004     control.o (.data.g_sigma_motor2pluse)
                  20200b7c    00000002     control.o (.data.g_unittime_motor1pluse)
                  20200b7e    00000002     control.o (.data.g_unittime_motor2pluse)
                  20200b80    00000001     control.o (.data.g_Angle_Flag)
                  20200b81    00000001     control.o (.data.g_Gostraght)
                  20200b82    00000001     control.o (.data.g_Line_Flag)
                  20200b83    00000001     control.o (.data.g_Spin_Start_Flag)
                  20200b84    00000001     control.o (.data.g_Stop_Flag)
                  20200b85    00000001     control.o (.data.g_Straight_Flag)
                  20200b86    00000001     motor.o (.data.g_is_motor1_enabled)
                  20200b87    00000001     motor.o (.data.g_is_motor2_enabled)
                  20200b88    00000001     control.o (.data.g_location_control_count)
                  20200b89    00000001     control.o (.data.g_stop_count)
                  20200b8a    00000001     control.o (.data.g_turn_angle_control_count)
                  20200b8b    00000001     uart.o (.data.uart_data)

.stack     0    20207e00    00000200     UNINITIALIZED
                  20207e00    00000004     libc.a : boot_cortex_m.c.obj (.stack)
                  20207e04    000001fc     --HOLE--

__llvm_prf_cnts 
*          0    20200000    00000000     UNINITIALIZED

__llvm_prf_bits 
*          0    20200000    00000000     UNINITIALIZED

MODULE SUMMARY

       Module                         code    ro data   rw data
       ------                         ----    -------   -------
    .\
       ti_msp_dl_config.o             1156    134       236    
       main.o                         516     24        4      
       startup_mspm0g350x_ticlang.o   6       192       0      
    +--+------------------------------+-------+---------+---------+
       Total:                         1678    350       240    
                                                               
    .\Hardware\buzz\
       buzz.o                         12      0         0      
    +--+------------------------------+-------+---------+---------+
       Total:                         12      0         0      
                                                               
    .\Hardware\control\
       control.o                      2020    0         137    
    +--+------------------------------+-------+---------+---------+
       Total:                         2020    0         137    
                                                               
    .\Hardware\delay\
       delay.o                        60      0         0      
    +--+------------------------------+-------+---------+---------+
       Total:                         60      0         0      
                                                               
    .\Hardware\encoder\
       encoder.o                      152     0         8      
    +--+------------------------------+-------+---------+---------+
       Total:                         152     0         8      
                                                               
    .\Hardware\jy60\
       jy60.o                         0       0         4      
    +--+------------------------------+-------+---------+---------+
       Total:                         0       0         4      
                                                               
    .\Hardware\line\
       line.o                         688     0         176    
    +--+------------------------------+-------+---------+---------+
       Total:                         688     0         176    
                                                               
    .\Hardware\motor\
       motor.o                        308     0         2      
    +--+------------------------------+-------+---------+---------+
       Total:                         308     0         2      
                                                               
    .\Hardware\oled\
       oled.o                         8172    6632      1152   
    +--+------------------------------+-------+---------+---------+
       Total:                         8172    6632      1152   
                                                               
    .\Hardware\pid\
       pid.o                          1680    0         1232   
       smooth.o                       368     0         0      
    +--+------------------------------+-------+---------+---------+
       Total:                         2048    0         1232   
                                                               
    .\Hardware\uart\
       uart.o                         56      0         1      
    +--+------------------------------+-------+---------+---------+
       Total:                         56      0         1      
                                                               
    C:/ti/mspm0_sdk_2_05_00_05/source/ti/driverlib/lib/ticlang/m0p/mspm0g1x0x_g3x0x/driverlib.a
       dl_timer.o                     588     0         0      
       dl_sysctl_mspm0g1x0x_g3x0x.o   288     0         0      
       dl_uart.o                      90      0         0      
       dl_dma.o                       76      0         0      
       dl_common.o                    10      0         0      
    +--+------------------------------+-------+---------+---------+
       Total:                         1052    0         0      
                                                               
    C:\ti\ccs2020\ccs\tools\compiler\ti-cgt-armllvm_4.0.3.LTS\lib\armv6m-ti-none-eabi/c/libc.a
       _printfi.c.obj                 2166    34        0      
       aeabi_ctype.S.obj              0       257       0      
       memcpy16.S.obj                 154     0         0      
       copy_decompress_lzss.c.obj     124     0         0      
       memset16.S.obj                 98      0         0      
       sprintf.c.obj                  90      0         0      
       atoi.c.obj                     64      0         0      
       autoinit.c.obj                 60      0         0      
       boot_cortex_m.c.obj            40      0         0      
       memccpy.c.obj                  34      0         0      
       copy_decompress_none.c.obj     18      0         0      
       copy_zero_init.c.obj           16      0         0      
       wcslen.c.obj                   16      0         0      
       aeabi_portable.c.obj           8       0         4      
       exit.c.obj                     6       0         0      
       pre_init.c.obj                 4       0         0      
    +--+------------------------------+-------+---------+---------+
       Total:                         2898    291       4      
                                                               
    C:\ti\ccs2020\ccs\tools\compiler\ti-cgt-armllvm_4.0.3.LTS\lib\armv6m-ti-none-eabi/c/libsysbm.a
       hostexit.c.obj                 4       0         0      
    +--+------------------------------+-------+---------+---------+
       Total:                         4       0         0      
                                                               
    C:\ti\ccs2020\ccs\tools\compiler\ti-cgt-armllvm_4.0.3.LTS\lib\armv6m-ti-none-eabi/libclang_rt.builtins.a
       adddf3.S.obj                   402     0         0      
       divdf3.S.obj                   268     0         0      
       muldf3.S.obj                   228     0         0      
       comparedf2.c.obj               220     0         0      
       addsf3.S.obj                   216     0         0      
       udivmoddi4.S.obj               162     0         0      
       mulsf3.S.obj                   140     0         0      
       divsf3.S.obj                   130     0         0      
       comparesf2.S.obj               118     0         0      
       truncdfsf2.S.obj               116     0         0      
       aeabi_dcmp.S.obj               98      0         0      
       aeabi_fcmp.S.obj               98      0         0      
       aeabi_idivmod.S.obj            86      0         0      
       fixdfsi.S.obj                  74      0         0      
       aeabi_uidivmod.S.obj           64      0         0      
       extendsfdf2.S.obj              64      0         0      
       floatsisf.S.obj                60      0         0      
       muldsi3.S.obj                  58      0         0      
       fixsfsi.S.obj                  56      0         0      
       floatsidf.S.obj                44      0         0      
       muldi3.S.obj                   36      0         0      
       ashldi3.S.obj                  30      0         0      
       aeabi_memset.S.obj             26      0         0      
       aeabi_uldivmod.S.obj           20      0         0      
       aeabi_memcpy.S.obj             8       0         0      
       aeabi_div0.c.obj               4       0         0      
    +--+------------------------------+-------+---------+---------+
       Total:                         2826    0         0      
                                                               
       Stack:                         0       0         512    
       Linker Generated:              0       45        0      
    +--+------------------------------+-------+---------+---------+
       Grand Total:                   21974   7318      3468   


LINKER GENERATED COPY TABLES

__TI_cinit_table @ 00007280 records: 2, size/record: 8, table size: 16
	.data: load addr=0000726c, load size=00000009 bytes, run addr=20200af0, run size=0000009c bytes, compression=lzss
	.bss: load addr=00007278, load size=00000008 bytes, run addr=20200000, run size=00000af0 bytes, compression=zero_init


LINKER GENERATED HANDLER TABLE

__TI_handler_table @ 00007260 records: 3, size/record: 4, table size: 12
	index: 0, handler: __TI_decompress_lzss
	index: 1, handler: __TI_decompress_none
	index: 2, handler: __TI_zero_init


GLOBAL SYMBOLS: SORTED ALPHABETICALLY BY Name 

address   name                                 
-------   ----                                 
000033e7  ADC0_IRQHandler                      
000033e7  ADC1_IRQHandler                      
000033e7  AES_IRQHandler                       
00005698  C$$EXIT                              
000033e7  CANFD0_IRQHandler                    
000033e7  DAC0_IRQHandler                      
00005669  DL_Common_delayCycles                
00004e45  DL_DMA_initChannel                   
00003f31  DL_SYSCTL_configSYSPLL               
00005001  DL_SYSCTL_switchMCLKfromSYSOSCtoHSCLK
00003b71  DL_Timer_initFourCCPWMMode           
00003d65  DL_Timer_initTimerMode               
000054f5  DL_Timer_setCaptCompUpdateMethod     
0000552d  DL_Timer_setCaptureCompareOutCtl     
00005605  DL_Timer_setCaptureCompareValue      
00005511  DL_Timer_setClockConfig              
00004f29  DL_UART_init                         
000055e1  DL_UART_setClockConfig               
000033e7  DMA_IRQHandler                       
000033e7  Default_Handler                      
00005105  Delay_us                             
000033e7  GROUP0_IRQHandler                    
00004965  GROUP1_IRQHandler                    
00005699  HOSTexit                             
000033e7  HardFault_Handler                    
000033e7  I2C0_IRQHandler                      
000033e7  I2C1_IRQHandler                      
000033e7  NMI_Handler                          
00000c4d  OLED_Clear                           
20200000  OLED_GRAM                            
000000c1  OLED_Init                            
0000285d  OLED_Refresh                         
00002b9d  OLED_ShowChar                        
00004571  OLED_ShowString                      
000024c9  OLED_WR_Byte                         
000033e7  PendSV_Handler                       
000033e7  RTC_IRQHandler                       
0000569d  Reset_Handler                        
000033e7  SPI0_IRQHandler                      
000033e7  SPI1_IRQHandler                      
000033e7  SVC_Handler                          
00005545  SYSCFG_DL_DMA_WIT_init               
000048e9  SYSCFG_DL_DMA_init                   
000040e5  SYSCFG_DL_GPIO_init                  
000044e1  SYSCFG_DL_PWM_MOTOR_init             
0000541d  SYSCFG_DL_SYSCTL_CLK_init            
00004a3d  SYSCFG_DL_SYSCTL_init                
000054b5  SYSCFG_DL_SYSTICK_init               
00004f71  SYSCFG_DL_TIMER_0_init               
00004801  SYSCFG_DL_UART1_init                 
00004c2d  SYSCFG_DL_UART_1_init                
000043b1  SYSCFG_DL_UART_WIT_init              
00004fb9  SYSCFG_DL_init                       
00004c8d  SYSCFG_DL_initPower                  
000033e7  SysTick_Handler                      
000033e7  TIMA0_IRQHandler                     
00001f45  TIMA1_IRQHandler                     
000033e7  TIMG0_IRQHandler                     
000033e7  TIMG12_IRQHandler                    
000033e7  TIMG6_IRQHandler                     
000033e7  TIMG7_IRQHandler                     
000033e7  TIMG8_IRQHandler                     
000052a9  UART0_IRQHandler                     
000033e7  UART1_IRQHandler                     
000033e7  UART2_IRQHandler                     
000033e7  UART3_IRQHandler                     
20208000  __STACK_END                          
00000200  __STACK_SIZE                         
00000000  __TI_ATRegion0_region_sz             
00000000  __TI_ATRegion0_src_addr              
00000000  __TI_ATRegion0_trg_addr              
00000000  __TI_ATRegion1_region_sz             
00000000  __TI_ATRegion1_src_addr              
00000000  __TI_ATRegion1_trg_addr              
00000000  __TI_ATRegion2_region_sz             
00000000  __TI_ATRegion2_src_addr              
00000000  __TI_ATRegion2_trg_addr              
00007280  __TI_CINIT_Base                      
00007290  __TI_CINIT_Limit                     
00007290  __TI_CINIT_Warm                      
00007260  __TI_Handler_Table_Base              
0000726c  __TI_Handler_Table_Limit             
000051f5  __TI_auto_init_nobinit_nopinit       
0000470d  __TI_decompress_lzss                 
000055f3  __TI_decompress_none                 
ffffffff  __TI_pprof_out_hndl                  
000016dd  __TI_printfi_nofloat                 
ffffffff  __TI_prof_data_size                  
ffffffff  __TI_prof_data_start                 
00000000  __TI_static_base__                   
00005625  __TI_zero_init                       
0000325f  __adddf3                             
00004017  __addsf3                             
000070a0  __aeabi_ctype_table_                 
000070a0  __aeabi_ctype_table_C                
000048f1  __aeabi_d2f                          
00004edd  __aeabi_d2iz                         
0000325f  __aeabi_dadd                         
00004b05  __aeabi_dcmpeq                       
00004b41  __aeabi_dcmpge                       
00004b55  __aeabi_dcmpgt                       
00004b2d  __aeabi_dcmple                       
00004b19  __aeabi_dcmplt                       
00003a65  __aeabi_ddiv                         
00003e4d  __aeabi_dmul                         
00003255  __aeabi_dsub                         
20200b50  __aeabi_errno                        
0000567d  __aeabi_errno_addr                   
00005085  __aeabi_f2d                          
000052e1  __aeabi_f2iz                         
00004017  __aeabi_fadd                         
00004b69  __aeabi_fcmpeq                       
00004ba5  __aeabi_fcmpge                       
00004bb9  __aeabi_fcmpgt                       
00004b91  __aeabi_fcmple                       
00004b7d  __aeabi_fcmplt                       
00004689  __aeabi_fdiv                         
000045fd  __aeabi_fmul                         
0000400d  __aeabi_fsub                         
000053f1  __aeabi_i2d                          
00005141  __aeabi_i2f                          
00004d4d  __aeabi_idiv                         
0000470b  __aeabi_idiv0                        
00004d4d  __aeabi_idivmod                      
000047ff  __aeabi_ldiv0                        
000054d5  __aeabi_llsl                         
0000546d  __aeabi_lmul                         
00005651  __aeabi_memclr                       
00005651  __aeabi_memclr4                      
00005651  __aeabi_memclr8                      
00005685  __aeabi_memcpy                       
00005685  __aeabi_memcpy4                      
00005685  __aeabi_memcpy8                      
00005635  __aeabi_memset                       
00005635  __aeabi_memset4                      
00005635  __aeabi_memset8                      
00005045  __aeabi_uidiv                        
00005045  __aeabi_uidivmod                     
000055a5  __aeabi_uldivmod                     
000054d5  __ashldi3                            
ffffffff  __binit__                            
000049d5  __cmpdf2                             
00005231  __cmpsf2                             
00003a65  __divdf3                             
00004689  __divsf3                             
000049d5  __eqdf2                              
00005231  __eqsf2                              
00005085  __extendsfdf2                        
00004edd  __fixdfsi                            
000052e1  __fixsfsi                            
000053f1  __floatsidf                          
00005141  __floatsisf                          
00004875  __gedf2                              
0000517d  __gesf2                              
00004875  __gtdf2                              
0000517d  __gtsf2                              
000049d5  __ledf2                              
00005231  __lesf2                              
000049d5  __ltdf2                              
00005231  __ltsf2                              
UNDEFED   __mpu_init                           
00003e4d  __muldf3                             
0000546d  __muldi3                             
0000526d  __muldsi3                            
000045fd  __mulsf3                             
000049d5  __nedf2                              
00005231  __nesf2                              
20207e00  __stack                              
20200000  __start___llvm_prf_bits              
20200000  __start___llvm_prf_cnts              
20200000  __stop___llvm_prf_bits               
20200000  __stop___llvm_prf_cnts               
00003255  __subdf3                             
0000400d  __subsf3                             
000048f1  __truncdfsf2                         
00004275  __udivmoddi4                         
00005445  _c_int00_noargs                      
20200b54  _encoder_l_count                     
20200b58  _encoder_r_count                     
UNDEFED   _system_post_cinit                   
000056a1  _system_pre_init                     
00005693  abort                                
00006e70  asc2_0806                            
000069fc  asc2_1206                            
0000640c  asc2_1608                            
000056b0  asc2_2412                            
000050c5  atoi                                 
ffffffff  binit                                
0000565d  buzz_Init                            
20200b64  count                                
20200b5c  count2                               
20200b60  count3                               
000051b9  detect_line                          
00004e91  filter_speed                         
20200480  gTIMER_0Backup                       
20200ac0  gUART_WITBackup                      
20200b80  g_Angle_Flag                         
20200b81  g_Gostraght                          
20200b82  g_Line_Flag                          
20200b83  g_Spin_Start_Flag                    
20200b84  g_Stop_Flag                          
20200b85  g_Straight_Flag                      
20200af0  g_ftarget_journey                    
20200b86  g_is_motor1_enabled                  
20200b87  g_is_motor2_enabled                  
20200b68  g_line_num                           
20200af8  g_line_outval                        
20200b00  g_location1_outval                   
20200b08  g_location2_outval                   
20200b88  g_location_control_count             
20200b10  g_motor1_journey_cm                  
20200b6c  g_motor1_pwm                         
20200b18  g_motor2_journey_cm                  
20200b70  g_motor2_pwm                         
20200540  g_pid_line                           
202005f0  g_pid_location1                      
202006a0  g_pid_location2                      
20200750  g_pid_speed1                         
20200800  g_pid_speed2                         
202008b0  g_pid_straight                       
20200960  g_pid_turn_angle                     
20200b74  g_sigma_motor1pluse                  
20200b78  g_sigma_motor2pluse                  
20200b20  g_speed1_outval                      
20200b28  g_speed2_outval                      
20200b30  g_speed3_outval                      
20200b38  g_speed4_outval                      
20200b89  g_stop_count                         
20200b8a  g_turn_angle_control_count           
20200b40  g_turn_outval                        
20200b7c  g_unittime_motor1pluse               
20200b7e  g_unittime_motor2pluse               
2020053c  g_yaw_jy60                           
00000000  interruptVectors                     
00004da3  limit_abs                            
000033e9  line_err                             
20200a10  line_pid                             
00004449  line_pid_Calc                        
00004df5  line_pid_init                        
000036d9  location_speed_control               
00003051  main                                 
00005491  memccpy                              
00004317  memcpy                               
00004bcb  memset                               
00005319  motor1_set_disable                   
00005575  motor1_set_enable                    
00005351  motor2_set_disable                   
0000558d  motor2_set_enable                    
000053c1  motor_limit_pwm                      
00004aa1  motor_load_pwm                       
00004789  pid_Init                             
0000568d  pid_Set_Target                       
00003c75  pid_location_Calc                    
00003819  pid_speed_Calc                       
00002e0d  pid_straight_Calc                    
00003575  pid_turn_angle_Calc                  
000055b9  read_encoder_left                    
000055cd  read_encoder_right                   
000041b1  smooth_target                        
00004ced  soft_start                           
20200b48  spin90_cm                            
00005389  sprintf                              
00003945  turn_angle_speed_control             
20200b8b  uart_data                            
00005615  wcslen                               


GLOBAL SYMBOLS: SORTED BY Symbol Address 

address   name                                 
-------   ----                                 
00000000  __TI_ATRegion0_region_sz             
00000000  __TI_ATRegion0_src_addr              
00000000  __TI_ATRegion0_trg_addr              
00000000  __TI_ATRegion1_region_sz             
00000000  __TI_ATRegion1_src_addr              
00000000  __TI_ATRegion1_trg_addr              
00000000  __TI_ATRegion2_region_sz             
00000000  __TI_ATRegion2_src_addr              
00000000  __TI_ATRegion2_trg_addr              
00000000  __TI_static_base__                   
00000000  interruptVectors                     
000000c1  OLED_Init                            
00000200  __STACK_SIZE                         
00000c4d  OLED_Clear                           
000016dd  __TI_printfi_nofloat                 
00001f45  TIMA1_IRQHandler                     
000024c9  OLED_WR_Byte                         
0000285d  OLED_Refresh                         
00002b9d  OLED_ShowChar                        
00002e0d  pid_straight_Calc                    
00003051  main                                 
00003255  __aeabi_dsub                         
00003255  __subdf3                             
0000325f  __adddf3                             
0000325f  __aeabi_dadd                         
000033e7  ADC0_IRQHandler                      
000033e7  ADC1_IRQHandler                      
000033e7  AES_IRQHandler                       
000033e7  CANFD0_IRQHandler                    
000033e7  DAC0_IRQHandler                      
000033e7  DMA_IRQHandler                       
000033e7  Default_Handler                      
000033e7  GROUP0_IRQHandler                    
000033e7  HardFault_Handler                    
000033e7  I2C0_IRQHandler                      
000033e7  I2C1_IRQHandler                      
000033e7  NMI_Handler                          
000033e7  PendSV_Handler                       
000033e7  RTC_IRQHandler                       
000033e7  SPI0_IRQHandler                      
000033e7  SPI1_IRQHandler                      
000033e7  SVC_Handler                          
000033e7  SysTick_Handler                      
000033e7  TIMA0_IRQHandler                     
000033e7  TIMG0_IRQHandler                     
000033e7  TIMG12_IRQHandler                    
000033e7  TIMG6_IRQHandler                     
000033e7  TIMG7_IRQHandler                     
000033e7  TIMG8_IRQHandler                     
000033e7  UART1_IRQHandler                     
000033e7  UART2_IRQHandler                     
000033e7  UART3_IRQHandler                     
000033e9  line_err                             
00003575  pid_turn_angle_Calc                  
000036d9  location_speed_control               
00003819  pid_speed_Calc                       
00003945  turn_angle_speed_control             
00003a65  __aeabi_ddiv                         
00003a65  __divdf3                             
00003b71  DL_Timer_initFourCCPWMMode           
00003c75  pid_location_Calc                    
00003d65  DL_Timer_initTimerMode               
00003e4d  __aeabi_dmul                         
00003e4d  __muldf3                             
00003f31  DL_SYSCTL_configSYSPLL               
0000400d  __aeabi_fsub                         
0000400d  __subsf3                             
00004017  __addsf3                             
00004017  __aeabi_fadd                         
000040e5  SYSCFG_DL_GPIO_init                  
000041b1  smooth_target                        
00004275  __udivmoddi4                         
00004317  memcpy                               
000043b1  SYSCFG_DL_UART_WIT_init              
00004449  line_pid_Calc                        
000044e1  SYSCFG_DL_PWM_MOTOR_init             
00004571  OLED_ShowString                      
000045fd  __aeabi_fmul                         
000045fd  __mulsf3                             
00004689  __aeabi_fdiv                         
00004689  __divsf3                             
0000470b  __aeabi_idiv0                        
0000470d  __TI_decompress_lzss                 
00004789  pid_Init                             
000047ff  __aeabi_ldiv0                        
00004801  SYSCFG_DL_UART1_init                 
00004875  __gedf2                              
00004875  __gtdf2                              
000048e9  SYSCFG_DL_DMA_init                   
000048f1  __aeabi_d2f                          
000048f1  __truncdfsf2                         
00004965  GROUP1_IRQHandler                    
000049d5  __cmpdf2                             
000049d5  __eqdf2                              
000049d5  __ledf2                              
000049d5  __ltdf2                              
000049d5  __nedf2                              
00004a3d  SYSCFG_DL_SYSCTL_init                
00004aa1  motor_load_pwm                       
00004b05  __aeabi_dcmpeq                       
00004b19  __aeabi_dcmplt                       
00004b2d  __aeabi_dcmple                       
00004b41  __aeabi_dcmpge                       
00004b55  __aeabi_dcmpgt                       
00004b69  __aeabi_fcmpeq                       
00004b7d  __aeabi_fcmplt                       
00004b91  __aeabi_fcmple                       
00004ba5  __aeabi_fcmpge                       
00004bb9  __aeabi_fcmpgt                       
00004bcb  memset                               
00004c2d  SYSCFG_DL_UART_1_init                
00004c8d  SYSCFG_DL_initPower                  
00004ced  soft_start                           
00004d4d  __aeabi_idiv                         
00004d4d  __aeabi_idivmod                      
00004da3  limit_abs                            
00004df5  line_pid_init                        
00004e45  DL_DMA_initChannel                   
00004e91  filter_speed                         
00004edd  __aeabi_d2iz                         
00004edd  __fixdfsi                            
00004f29  DL_UART_init                         
00004f71  SYSCFG_DL_TIMER_0_init               
00004fb9  SYSCFG_DL_init                       
00005001  DL_SYSCTL_switchMCLKfromSYSOSCtoHSCLK
00005045  __aeabi_uidiv                        
00005045  __aeabi_uidivmod                     
00005085  __aeabi_f2d                          
00005085  __extendsfdf2                        
000050c5  atoi                                 
00005105  Delay_us                             
00005141  __aeabi_i2f                          
00005141  __floatsisf                          
0000517d  __gesf2                              
0000517d  __gtsf2                              
000051b9  detect_line                          
000051f5  __TI_auto_init_nobinit_nopinit       
00005231  __cmpsf2                             
00005231  __eqsf2                              
00005231  __lesf2                              
00005231  __ltsf2                              
00005231  __nesf2                              
0000526d  __muldsi3                            
000052a9  UART0_IRQHandler                     
000052e1  __aeabi_f2iz                         
000052e1  __fixsfsi                            
00005319  motor1_set_disable                   
00005351  motor2_set_disable                   
00005389  sprintf                              
000053c1  motor_limit_pwm                      
000053f1  __aeabi_i2d                          
000053f1  __floatsidf                          
0000541d  SYSCFG_DL_SYSCTL_CLK_init            
00005445  _c_int00_noargs                      
0000546d  __aeabi_lmul                         
0000546d  __muldi3                             
00005491  memccpy                              
000054b5  SYSCFG_DL_SYSTICK_init               
000054d5  __aeabi_llsl                         
000054d5  __ashldi3                            
000054f5  DL_Timer_setCaptCompUpdateMethod     
00005511  DL_Timer_setClockConfig              
0000552d  DL_Timer_setCaptureCompareOutCtl     
00005545  SYSCFG_DL_DMA_WIT_init               
00005575  motor1_set_enable                    
0000558d  motor2_set_enable                    
000055a5  __aeabi_uldivmod                     
000055b9  read_encoder_left                    
000055cd  read_encoder_right                   
000055e1  DL_UART_setClockConfig               
000055f3  __TI_decompress_none                 
00005605  DL_Timer_setCaptureCompareValue      
00005615  wcslen                               
00005625  __TI_zero_init                       
00005635  __aeabi_memset                       
00005635  __aeabi_memset4                      
00005635  __aeabi_memset8                      
00005651  __aeabi_memclr                       
00005651  __aeabi_memclr4                      
00005651  __aeabi_memclr8                      
0000565d  buzz_Init                            
00005669  DL_Common_delayCycles                
0000567d  __aeabi_errno_addr                   
00005685  __aeabi_memcpy                       
00005685  __aeabi_memcpy4                      
00005685  __aeabi_memcpy8                      
0000568d  pid_Set_Target                       
00005693  abort                                
00005698  C$$EXIT                              
00005699  HOSTexit                             
0000569d  Reset_Handler                        
000056a1  _system_pre_init                     
000056b0  asc2_2412                            
0000640c  asc2_1608                            
000069fc  asc2_1206                            
00006e70  asc2_0806                            
000070a0  __aeabi_ctype_table_                 
000070a0  __aeabi_ctype_table_C                
00007260  __TI_Handler_Table_Base              
0000726c  __TI_Handler_Table_Limit             
00007280  __TI_CINIT_Base                      
00007290  __TI_CINIT_Limit                     
00007290  __TI_CINIT_Warm                      
20200000  OLED_GRAM                            
20200000  __start___llvm_prf_bits              
20200000  __start___llvm_prf_cnts              
20200000  __stop___llvm_prf_bits               
20200000  __stop___llvm_prf_cnts               
20200480  gTIMER_0Backup                       
2020053c  g_yaw_jy60                           
20200540  g_pid_line                           
202005f0  g_pid_location1                      
202006a0  g_pid_location2                      
20200750  g_pid_speed1                         
20200800  g_pid_speed2                         
202008b0  g_pid_straight                       
20200960  g_pid_turn_angle                     
20200a10  line_pid                             
20200ac0  gUART_WITBackup                      
20200af0  g_ftarget_journey                    
20200af8  g_line_outval                        
20200b00  g_location1_outval                   
20200b08  g_location2_outval                   
20200b10  g_motor1_journey_cm                  
20200b18  g_motor2_journey_cm                  
20200b20  g_speed1_outval                      
20200b28  g_speed2_outval                      
20200b30  g_speed3_outval                      
20200b38  g_speed4_outval                      
20200b40  g_turn_outval                        
20200b48  spin90_cm                            
20200b50  __aeabi_errno                        
20200b54  _encoder_l_count                     
20200b58  _encoder_r_count                     
20200b5c  count2                               
20200b60  count3                               
20200b64  count                                
20200b68  g_line_num                           
20200b6c  g_motor1_pwm                         
20200b70  g_motor2_pwm                         
20200b74  g_sigma_motor1pluse                  
20200b78  g_sigma_motor2pluse                  
20200b7c  g_unittime_motor1pluse               
20200b7e  g_unittime_motor2pluse               
20200b80  g_Angle_Flag                         
20200b81  g_Gostraght                          
20200b82  g_Line_Flag                          
20200b83  g_Spin_Start_Flag                    
20200b84  g_Stop_Flag                          
20200b85  g_Straight_Flag                      
20200b86  g_is_motor1_enabled                  
20200b87  g_is_motor2_enabled                  
20200b88  g_location_control_count             
20200b89  g_stop_count                         
20200b8a  g_turn_angle_control_count           
20200b8b  uart_data                            
20207e00  __stack                              
20208000  __STACK_END                          
ffffffff  __TI_pprof_out_hndl                  
ffffffff  __TI_prof_data_size                  
ffffffff  __TI_prof_data_start                 
ffffffff  __binit__                            
ffffffff  binit                                
UNDEFED   __mpu_init                           
UNDEFED   _system_post_cinit                   

[265 symbols]
