<?xml version="1.0" encoding="ISO-8859-1" ?>
<link_info>
   <banner>TI ARM Clang Linker PC v4.0.3.LTS</banner>
   <copyright>Copyright (c) 1996-2018 Texas Instruments Incorporated</copyright>
   <command_line>C:\ti\ccs2020\ccs\tools\compiler\ti-cgt-armllvm_4.0.3.LTS\bin\tiarmlnk -IC:\ti\ccs2020\ccs\tools\compiler\ti-cgt-armllvm_4.0.3.LTS\lib -o CAR-V2.out -mCAR-V2.map -iC:/ti/mspm0_sdk_2_05_00_05/source -iC:/Users/Walnut/workspace_ccstheia/CAR-V2 -iC:/Users/Walnut/workspace_ccstheia/CAR-V2/Debug/syscfg -iC:/ti/ccs2020/ccs/tools/compiler/ti-cgt-armllvm_4.0.3.LTS/lib --diag_wrap=off --display_error_number --warn_sections --xml_link_info=CAR-V2_linkInfo.xml --rom_model ./ti_msp_dl_config.o ./startup_mspm0g350x_ticlang.o ./main.o ./Hardware/buzz/buzz.o ./Hardware/control/control.o ./Hardware/delay/delay.o ./Hardware/encoder/encoder.o ./Hardware/jy60/jy60.o ./Hardware/key/key.o ./Hardware/line/line.o ./Hardware/menu/menu.o ./Hardware/motor/motor.o ./Hardware/oled/oled.o ./Hardware/pid/pid.o ./Hardware/pid/smooth.o ./Hardware/task/task.o ./Hardware/uart/uart.o ./Hardware/uart/uart_jy60.o -l./device_linker.cmd -ldevice.cmd.genlibs -llibc.a --start-group -llibc++.a -llibc++abi.a -llibc.a -llibsys.a -llibsysbm.a -llibclang_rt.builtins.a -llibclang_rt.profile.a --end-group --cg_opt_level=2</command_line>
   <link_time>0x688c3e29</link_time>
   <link_errors>0x0</link_errors>
   <output_file>C:\Users\Walnut\workspace_ccstheia\CAR-V2\Debug\CAR-V2.out</output_file>
   <entry_point>
      <name>_c_int00_noargs</name>
      <address>0x5cd1</address>
   </entry_point>
   <input_file_list>
      <input_file id="fl-1">
         <path>C:\Users\Walnut\workspace_ccstheia\CAR-V2\Debug\.\</path>
         <kind>object</kind>
         <file>ti_msp_dl_config.o</file>
         <name>ti_msp_dl_config.o</name>
      </input_file>
      <input_file id="fl-2">
         <path>C:\Users\Walnut\workspace_ccstheia\CAR-V2\Debug\.\</path>
         <kind>object</kind>
         <file>startup_mspm0g350x_ticlang.o</file>
         <name>startup_mspm0g350x_ticlang.o</name>
      </input_file>
      <input_file id="fl-3">
         <path>C:\Users\Walnut\workspace_ccstheia\CAR-V2\Debug\.\</path>
         <kind>object</kind>
         <file>main.o</file>
         <name>main.o</name>
      </input_file>
      <input_file id="fl-4">
         <path>C:\Users\Walnut\workspace_ccstheia\CAR-V2\Debug\.\Hardware\buzz\</path>
         <kind>object</kind>
         <file>buzz.o</file>
         <name>buzz.o</name>
      </input_file>
      <input_file id="fl-5">
         <path>C:\Users\Walnut\workspace_ccstheia\CAR-V2\Debug\.\Hardware\control\</path>
         <kind>object</kind>
         <file>control.o</file>
         <name>control.o</name>
      </input_file>
      <input_file id="fl-6">
         <path>C:\Users\Walnut\workspace_ccstheia\CAR-V2\Debug\.\Hardware\delay\</path>
         <kind>object</kind>
         <file>delay.o</file>
         <name>delay.o</name>
      </input_file>
      <input_file id="fl-7">
         <path>C:\Users\Walnut\workspace_ccstheia\CAR-V2\Debug\.\Hardware\encoder\</path>
         <kind>object</kind>
         <file>encoder.o</file>
         <name>encoder.o</name>
      </input_file>
      <input_file id="fl-8">
         <path>C:\Users\Walnut\workspace_ccstheia\CAR-V2\Debug\.\Hardware\jy60\</path>
         <kind>object</kind>
         <file>jy60.o</file>
         <name>jy60.o</name>
      </input_file>
      <input_file id="fl-9">
         <path>C:\Users\Walnut\workspace_ccstheia\CAR-V2\Debug\.\Hardware\key\</path>
         <kind>object</kind>
         <file>key.o</file>
         <name>key.o</name>
      </input_file>
      <input_file id="fl-a">
         <path>C:\Users\Walnut\workspace_ccstheia\CAR-V2\Debug\.\Hardware\line\</path>
         <kind>object</kind>
         <file>line.o</file>
         <name>line.o</name>
      </input_file>
      <input_file id="fl-b">
         <path>C:\Users\Walnut\workspace_ccstheia\CAR-V2\Debug\.\Hardware\menu\</path>
         <kind>object</kind>
         <file>menu.o</file>
         <name>menu.o</name>
      </input_file>
      <input_file id="fl-c">
         <path>C:\Users\Walnut\workspace_ccstheia\CAR-V2\Debug\.\Hardware\motor\</path>
         <kind>object</kind>
         <file>motor.o</file>
         <name>motor.o</name>
      </input_file>
      <input_file id="fl-d">
         <path>C:\Users\Walnut\workspace_ccstheia\CAR-V2\Debug\.\Hardware\oled\</path>
         <kind>object</kind>
         <file>oled.o</file>
         <name>oled.o</name>
      </input_file>
      <input_file id="fl-e">
         <path>C:\Users\Walnut\workspace_ccstheia\CAR-V2\Debug\.\Hardware\pid\</path>
         <kind>object</kind>
         <file>pid.o</file>
         <name>pid.o</name>
      </input_file>
      <input_file id="fl-f">
         <path>C:\Users\Walnut\workspace_ccstheia\CAR-V2\Debug\.\Hardware\pid\</path>
         <kind>object</kind>
         <file>smooth.o</file>
         <name>smooth.o</name>
      </input_file>
      <input_file id="fl-10">
         <path>C:\Users\Walnut\workspace_ccstheia\CAR-V2\Debug\.\Hardware\task\</path>
         <kind>object</kind>
         <file>task.o</file>
         <name>task.o</name>
      </input_file>
      <input_file id="fl-11">
         <path>C:\Users\Walnut\workspace_ccstheia\CAR-V2\Debug\.\Hardware\uart\</path>
         <kind>object</kind>
         <file>uart.o</file>
         <name>uart.o</name>
      </input_file>
      <input_file id="fl-12">
         <path>C:\Users\Walnut\workspace_ccstheia\CAR-V2\Debug\.\Hardware\uart\</path>
         <kind>object</kind>
         <file>uart_jy60.o</file>
         <name>uart_jy60.o</name>
      </input_file>
      <input_file id="fl-1f">
         <path>C:\Users\Walnut\workspace_ccstheia\CAR-V2\Debug\</path>
         <kind>object</kind>
         <file>&lt;internal&gt;</file>
         <name>&lt;internal&gt;</name>
      </input_file>
      <input_file id="fl-20">
         <path>C:\ti\mspm0_sdk_2_05_00_05\source\ti\driverlib\lib\ticlang\m0p\mspm0g1x0x_g3x0x\</path>
         <kind>archive</kind>
         <file>driverlib.a</file>
         <name>dl_common.o</name>
      </input_file>
      <input_file id="fl-21">
         <path>C:\ti\mspm0_sdk_2_05_00_05\source\ti\driverlib\lib\ticlang\m0p\mspm0g1x0x_g3x0x\</path>
         <kind>archive</kind>
         <file>driverlib.a</file>
         <name>dl_timer.o</name>
      </input_file>
      <input_file id="fl-22">
         <path>C:\ti\mspm0_sdk_2_05_00_05\source\ti\driverlib\lib\ticlang\m0p\mspm0g1x0x_g3x0x\</path>
         <kind>archive</kind>
         <file>driverlib.a</file>
         <name>dl_uart.o</name>
      </input_file>
      <input_file id="fl-23">
         <path>C:\ti\mspm0_sdk_2_05_00_05\source\ti\driverlib\lib\ticlang\m0p\mspm0g1x0x_g3x0x\</path>
         <kind>archive</kind>
         <file>driverlib.a</file>
         <name>dl_sysctl_mspm0g1x0x_g3x0x.o</name>
      </input_file>
      <input_file id="fl-3a">
         <path>C:\ti\ccs2020\ccs\tools\compiler\ti-cgt-armllvm_4.0.3.LTS\lib\armv6m-ti-none-eabi\c\</path>
         <kind>archive</kind>
         <file>libc.a</file>
         <name>sprintf.c.obj</name>
      </input_file>
      <input_file id="fl-3b">
         <path>C:\ti\ccs2020\ccs\tools\compiler\ti-cgt-armllvm_4.0.3.LTS\lib\armv6m-ti-none-eabi\c\</path>
         <kind>archive</kind>
         <file>libc.a</file>
         <name>boot_cortex_m.c.obj</name>
      </input_file>
      <input_file id="fl-3c">
         <path>C:\ti\ccs2020\ccs\tools\compiler\ti-cgt-armllvm_4.0.3.LTS\lib\armv6m-ti-none-eabi\c\</path>
         <kind>archive</kind>
         <file>libc.a</file>
         <name>mathacl_init.c.obj</name>
      </input_file>
      <input_file id="fl-3d">
         <path>C:\ti\ccs2020\ccs\tools\compiler\ti-cgt-armllvm_4.0.3.LTS\lib\armv6m-ti-none-eabi\c\</path>
         <kind>archive</kind>
         <file>libc.a</file>
         <name>autoinit.c.obj</name>
      </input_file>
      <input_file id="fl-3e">
         <path>C:\ti\ccs2020\ccs\tools\compiler\ti-cgt-armllvm_4.0.3.LTS\lib\armv6m-ti-none-eabi\c\</path>
         <kind>archive</kind>
         <file>libc.a</file>
         <name>pre_init.c.obj</name>
      </input_file>
      <input_file id="fl-3f">
         <path>C:\ti\ccs2020\ccs\tools\compiler\ti-cgt-armllvm_4.0.3.LTS\lib\armv6m-ti-none-eabi\c\</path>
         <kind>archive</kind>
         <file>libc.a</file>
         <name>cpy_tbl.c.obj</name>
      </input_file>
      <input_file id="fl-40">
         <path>C:\ti\ccs2020\ccs\tools\compiler\ti-cgt-armllvm_4.0.3.LTS\lib\armv6m-ti-none-eabi\c\</path>
         <kind>archive</kind>
         <file>libc.a</file>
         <name>copy_zero_init.c.obj</name>
      </input_file>
      <input_file id="fl-41">
         <path>C:\ti\ccs2020\ccs\tools\compiler\ti-cgt-armllvm_4.0.3.LTS\lib\armv6m-ti-none-eabi\c\</path>
         <kind>archive</kind>
         <file>libc.a</file>
         <name>copy_decompress_none.c.obj</name>
      </input_file>
      <input_file id="fl-42">
         <path>C:\ti\ccs2020\ccs\tools\compiler\ti-cgt-armllvm_4.0.3.LTS\lib\armv6m-ti-none-eabi\c\</path>
         <kind>archive</kind>
         <file>libc.a</file>
         <name>copy_decompress_lzss.c.obj</name>
      </input_file>
      <input_file id="fl-43">
         <path>C:\ti\ccs2020\ccs\tools\compiler\ti-cgt-armllvm_4.0.3.LTS\lib\armv6m-ti-none-eabi\c\</path>
         <kind>archive</kind>
         <file>libc.a</file>
         <name>_printfi.c.obj</name>
      </input_file>
      <input_file id="fl-44">
         <path>C:\ti\ccs2020\ccs\tools\compiler\ti-cgt-armllvm_4.0.3.LTS\lib\armv6m-ti-none-eabi\c\</path>
         <kind>archive</kind>
         <file>libc.a</file>
         <name>s_frexp.c.obj</name>
      </input_file>
      <input_file id="fl-45">
         <path>C:\ti\ccs2020\ccs\tools\compiler\ti-cgt-armllvm_4.0.3.LTS\lib\armv6m-ti-none-eabi\c\</path>
         <kind>archive</kind>
         <file>libc.a</file>
         <name>s_scalbn.c.obj</name>
      </input_file>
      <input_file id="fl-46">
         <path>C:\ti\ccs2020\ccs\tools\compiler\ti-cgt-armllvm_4.0.3.LTS\lib\armv6m-ti-none-eabi\c\</path>
         <kind>archive</kind>
         <file>libc.a</file>
         <name>wcslen.c.obj</name>
      </input_file>
      <input_file id="fl-47">
         <path>C:\ti\ccs2020\ccs\tools\compiler\ti-cgt-armllvm_4.0.3.LTS\lib\armv6m-ti-none-eabi\c\</path>
         <kind>archive</kind>
         <file>libc.a</file>
         <name>aeabi_portable.c.obj</name>
      </input_file>
      <input_file id="fl-48">
         <path>C:\ti\ccs2020\ccs\tools\compiler\ti-cgt-armllvm_4.0.3.LTS\lib\armv6m-ti-none-eabi\c\</path>
         <kind>archive</kind>
         <file>libc.a</file>
         <name>exit.c.obj</name>
      </input_file>
      <input_file id="fl-49">
         <path>C:\ti\ccs2020\ccs\tools\compiler\ti-cgt-armllvm_4.0.3.LTS\lib\armv6m-ti-none-eabi\c\</path>
         <kind>archive</kind>
         <file>libc.a</file>
         <name>_lock.c.obj</name>
      </input_file>
      <input_file id="fl-4a">
         <path>C:\ti\ccs2020\ccs\tools\compiler\ti-cgt-armllvm_4.0.3.LTS\lib\armv6m-ti-none-eabi\c\</path>
         <kind>archive</kind>
         <file>libc.a</file>
         <name>_ltoa.c.obj</name>
      </input_file>
      <input_file id="fl-4b">
         <path>C:\ti\ccs2020\ccs\tools\compiler\ti-cgt-armllvm_4.0.3.LTS\lib\armv6m-ti-none-eabi\c\</path>
         <kind>archive</kind>
         <file>libc.a</file>
         <name>args_main.c.obj</name>
      </input_file>
      <input_file id="fl-4c">
         <path>C:\ti\ccs2020\ccs\tools\compiler\ti-cgt-armllvm_4.0.3.LTS\lib\armv6m-ti-none-eabi\c\</path>
         <kind>archive</kind>
         <file>libc.a</file>
         <name>assert.c.obj</name>
      </input_file>
      <input_file id="fl-4d">
         <path>C:\ti\ccs2020\ccs\tools\compiler\ti-cgt-armllvm_4.0.3.LTS\lib\armv6m-ti-none-eabi\c\</path>
         <kind>archive</kind>
         <file>libc.a</file>
         <name>atoi.c.obj</name>
      </input_file>
      <input_file id="fl-4e">
         <path>C:\ti\ccs2020\ccs\tools\compiler\ti-cgt-armllvm_4.0.3.LTS\lib\armv6m-ti-none-eabi\c\</path>
         <kind>archive</kind>
         <file>libc.a</file>
         <name>defs.c.obj</name>
      </input_file>
      <input_file id="fl-4f">
         <path>C:\ti\ccs2020\ccs\tools\compiler\ti-cgt-armllvm_4.0.3.LTS\lib\armv6m-ti-none-eabi\c\</path>
         <kind>archive</kind>
         <file>libc.a</file>
         <name>memccpy.c.obj</name>
      </input_file>
      <input_file id="fl-50">
         <path>C:\ti\ccs2020\ccs\tools\compiler\ti-cgt-armllvm_4.0.3.LTS\lib\armv6m-ti-none-eabi\c\</path>
         <kind>archive</kind>
         <file>libc.a</file>
         <name>memory.c.obj</name>
      </input_file>
      <input_file id="fl-51">
         <path>C:\ti\ccs2020\ccs\tools\compiler\ti-cgt-armllvm_4.0.3.LTS\lib\armv6m-ti-none-eabi\c\</path>
         <kind>archive</kind>
         <file>libc.a</file>
         <name>fflush.c.obj</name>
      </input_file>
      <input_file id="fl-52">
         <path>C:\ti\ccs2020\ccs\tools\compiler\ti-cgt-armllvm_4.0.3.LTS\lib\armv6m-ti-none-eabi\c\</path>
         <kind>archive</kind>
         <file>libc.a</file>
         <name>fputs.c.obj</name>
      </input_file>
      <input_file id="fl-53">
         <path>C:\ti\ccs2020\ccs\tools\compiler\ti-cgt-armllvm_4.0.3.LTS\lib\armv6m-ti-none-eabi\c\</path>
         <kind>archive</kind>
         <file>libc.a</file>
         <name>_io_perm.c.obj</name>
      </input_file>
      <input_file id="fl-54">
         <path>C:\ti\ccs2020\ccs\tools\compiler\ti-cgt-armllvm_4.0.3.LTS\lib\armv6m-ti-none-eabi\c\</path>
         <kind>archive</kind>
         <file>libc.a</file>
         <name>setvbuf.c.obj</name>
      </input_file>
      <input_file id="fl-55">
         <path>C:\ti\ccs2020\ccs\tools\compiler\ti-cgt-armllvm_4.0.3.LTS\lib\armv6m-ti-none-eabi\c\</path>
         <kind>archive</kind>
         <file>libc.a</file>
         <name>aeabi_ctype.S.obj</name>
      </input_file>
      <input_file id="fl-56">
         <path>C:\ti\ccs2020\ccs\tools\compiler\ti-cgt-armllvm_4.0.3.LTS\lib\armv6m-ti-none-eabi\c\</path>
         <kind>archive</kind>
         <file>libc.a</file>
         <name>fopen.c.obj</name>
      </input_file>
      <input_file id="fl-57">
         <path>C:\ti\ccs2020\ccs\tools\compiler\ti-cgt-armllvm_4.0.3.LTS\lib\armv6m-ti-none-eabi\c\</path>
         <kind>archive</kind>
         <file>libc.a</file>
         <name>fseek.c.obj</name>
      </input_file>
      <input_file id="fl-58">
         <path>C:\ti\ccs2020\ccs\tools\compiler\ti-cgt-armllvm_4.0.3.LTS\lib\armv6m-ti-none-eabi\c\</path>
         <kind>archive</kind>
         <file>libc.a</file>
         <name>fclose.c.obj</name>
      </input_file>
      <input_file id="fl-f8">
         <path>C:\ti\ccs2020\ccs\tools\compiler\ti-cgt-armllvm_4.0.3.LTS\lib\armv6m-ti-none-eabi\c\</path>
         <kind>archive</kind>
         <file>libsysbm.a</file>
         <name>hostexit.c.obj</name>
      </input_file>
      <input_file id="fl-f9">
         <path>C:\ti\ccs2020\ccs\tools\compiler\ti-cgt-armllvm_4.0.3.LTS\lib\armv6m-ti-none-eabi\c\</path>
         <kind>archive</kind>
         <file>libsysbm.a</file>
         <name>write.c.obj</name>
      </input_file>
      <input_file id="fl-fa">
         <path>C:\ti\ccs2020\ccs\tools\compiler\ti-cgt-armllvm_4.0.3.LTS\lib\armv6m-ti-none-eabi\c\</path>
         <kind>archive</kind>
         <file>libsysbm.a</file>
         <name>host_device.c.obj</name>
      </input_file>
      <input_file id="fl-fb">
         <path>C:\ti\ccs2020\ccs\tools\compiler\ti-cgt-armllvm_4.0.3.LTS\lib\armv6m-ti-none-eabi\c\</path>
         <kind>archive</kind>
         <file>libsysbm.a</file>
         <name>remove.c.obj</name>
      </input_file>
      <input_file id="fl-fc">
         <path>C:\ti\ccs2020\ccs\tools\compiler\ti-cgt-armllvm_4.0.3.LTS\lib\armv6m-ti-none-eabi\c\</path>
         <kind>archive</kind>
         <file>libsysbm.a</file>
         <name>open.c.obj</name>
      </input_file>
      <input_file id="fl-fd">
         <path>C:\ti\ccs2020\ccs\tools\compiler\ti-cgt-armllvm_4.0.3.LTS\lib\armv6m-ti-none-eabi\c\</path>
         <kind>archive</kind>
         <file>libsysbm.a</file>
         <name>lseek.c.obj</name>
      </input_file>
      <input_file id="fl-fe">
         <path>C:\ti\ccs2020\ccs\tools\compiler\ti-cgt-armllvm_4.0.3.LTS\lib\armv6m-ti-none-eabi\c\</path>
         <kind>archive</kind>
         <file>libsysbm.a</file>
         <name>close.c.obj</name>
      </input_file>
      <input_file id="fl-ff">
         <path>C:\ti\ccs2020\ccs\tools\compiler\ti-cgt-armllvm_4.0.3.LTS\lib\armv6m-ti-none-eabi\c\</path>
         <kind>archive</kind>
         <file>libsysbm.a</file>
         <name>unlink.c.obj</name>
      </input_file>
      <input_file id="fl-100">
         <path>C:\ti\ccs2020\ccs\tools\compiler\ti-cgt-armllvm_4.0.3.LTS\lib\armv6m-ti-none-eabi\c\</path>
         <kind>archive</kind>
         <file>libsysbm.a</file>
         <name>hostclose.c.obj</name>
      </input_file>
      <input_file id="fl-101">
         <path>C:\ti\ccs2020\ccs\tools\compiler\ti-cgt-armllvm_4.0.3.LTS\lib\armv6m-ti-none-eabi\c\</path>
         <kind>archive</kind>
         <file>libsysbm.a</file>
         <name>hostlseek.c.obj</name>
      </input_file>
      <input_file id="fl-102">
         <path>C:\ti\ccs2020\ccs\tools\compiler\ti-cgt-armllvm_4.0.3.LTS\lib\armv6m-ti-none-eabi\c\</path>
         <kind>archive</kind>
         <file>libsysbm.a</file>
         <name>hostopen.c.obj</name>
      </input_file>
      <input_file id="fl-103">
         <path>C:\ti\ccs2020\ccs\tools\compiler\ti-cgt-armllvm_4.0.3.LTS\lib\armv6m-ti-none-eabi\c\</path>
         <kind>archive</kind>
         <file>libsysbm.a</file>
         <name>hostread.c.obj</name>
      </input_file>
      <input_file id="fl-104">
         <path>C:\ti\ccs2020\ccs\tools\compiler\ti-cgt-armllvm_4.0.3.LTS\lib\armv6m-ti-none-eabi\c\</path>
         <kind>archive</kind>
         <file>libsysbm.a</file>
         <name>hostrename.c.obj</name>
      </input_file>
      <input_file id="fl-105">
         <path>C:\ti\ccs2020\ccs\tools\compiler\ti-cgt-armllvm_4.0.3.LTS\lib\armv6m-ti-none-eabi\c\</path>
         <kind>archive</kind>
         <file>libsysbm.a</file>
         <name>hostunlink.c.obj</name>
      </input_file>
      <input_file id="fl-106">
         <path>C:\ti\ccs2020\ccs\tools\compiler\ti-cgt-armllvm_4.0.3.LTS\lib\armv6m-ti-none-eabi\c\</path>
         <kind>archive</kind>
         <file>libsysbm.a</file>
         <name>hostwrite.c.obj</name>
      </input_file>
      <input_file id="fl-107">
         <path>C:\ti\ccs2020\ccs\tools\compiler\ti-cgt-armllvm_4.0.3.LTS\lib\armv6m-ti-none-eabi\c\</path>
         <kind>archive</kind>
         <file>libsysbm.a</file>
         <name>trgmsg.c.obj</name>
      </input_file>
      <input_file id="fl-108">
         <path>C:\ti\ccs2020\ccs\tools\compiler\ti-cgt-armllvm_4.0.3.LTS\lib\armv6m-ti-none-eabi\</path>
         <kind>archive</kind>
         <file>libclang_rt.builtins.a</file>
         <name>addsf3.S.obj</name>
      </input_file>
      <input_file id="fl-109">
         <path>C:\ti\ccs2020\ccs\tools\compiler\ti-cgt-armllvm_4.0.3.LTS\lib\armv6m-ti-none-eabi\</path>
         <kind>archive</kind>
         <file>libclang_rt.builtins.a</file>
         <name>adddf3.S.obj</name>
      </input_file>
      <input_file id="fl-10a">
         <path>C:\ti\ccs2020\ccs\tools\compiler\ti-cgt-armllvm_4.0.3.LTS\lib\armv6m-ti-none-eabi\</path>
         <kind>archive</kind>
         <file>libclang_rt.builtins.a</file>
         <name>muldf3.S.obj</name>
      </input_file>
      <input_file id="fl-10b">
         <path>C:\ti\ccs2020\ccs\tools\compiler\ti-cgt-armllvm_4.0.3.LTS\lib\armv6m-ti-none-eabi\</path>
         <kind>archive</kind>
         <file>libclang_rt.builtins.a</file>
         <name>muldsi3.S.obj</name>
      </input_file>
      <input_file id="fl-10c">
         <path>C:\ti\ccs2020\ccs\tools\compiler\ti-cgt-armllvm_4.0.3.LTS\lib\armv6m-ti-none-eabi\</path>
         <kind>archive</kind>
         <file>libclang_rt.builtins.a</file>
         <name>mulsf3.S.obj</name>
      </input_file>
      <input_file id="fl-10d">
         <path>C:\ti\ccs2020\ccs\tools\compiler\ti-cgt-armllvm_4.0.3.LTS\lib\armv6m-ti-none-eabi\</path>
         <kind>archive</kind>
         <file>libclang_rt.builtins.a</file>
         <name>divsf3.S.obj</name>
      </input_file>
      <input_file id="fl-10e">
         <path>C:\ti\ccs2020\ccs\tools\compiler\ti-cgt-armllvm_4.0.3.LTS\lib\armv6m-ti-none-eabi\</path>
         <kind>archive</kind>
         <file>libclang_rt.builtins.a</file>
         <name>divdf3.S.obj</name>
      </input_file>
      <input_file id="fl-10f">
         <path>C:\ti\ccs2020\ccs\tools\compiler\ti-cgt-armllvm_4.0.3.LTS\lib\armv6m-ti-none-eabi\</path>
         <kind>archive</kind>
         <file>libclang_rt.builtins.a</file>
         <name>extendsfdf2.S.obj</name>
      </input_file>
      <input_file id="fl-110">
         <path>C:\ti\ccs2020\ccs\tools\compiler\ti-cgt-armllvm_4.0.3.LTS\lib\armv6m-ti-none-eabi\</path>
         <kind>archive</kind>
         <file>libclang_rt.builtins.a</file>
         <name>fixdfsi.S.obj</name>
      </input_file>
      <input_file id="fl-111">
         <path>C:\ti\ccs2020\ccs\tools\compiler\ti-cgt-armllvm_4.0.3.LTS\lib\armv6m-ti-none-eabi\</path>
         <kind>archive</kind>
         <file>libclang_rt.builtins.a</file>
         <name>fixsfsi.S.obj</name>
      </input_file>
      <input_file id="fl-112">
         <path>C:\ti\ccs2020\ccs\tools\compiler\ti-cgt-armllvm_4.0.3.LTS\lib\armv6m-ti-none-eabi\</path>
         <kind>archive</kind>
         <file>libclang_rt.builtins.a</file>
         <name>floatsidf.S.obj</name>
      </input_file>
      <input_file id="fl-113">
         <path>C:\ti\ccs2020\ccs\tools\compiler\ti-cgt-armllvm_4.0.3.LTS\lib\armv6m-ti-none-eabi\</path>
         <kind>archive</kind>
         <file>libclang_rt.builtins.a</file>
         <name>floatsisf.S.obj</name>
      </input_file>
      <input_file id="fl-114">
         <path>C:\ti\ccs2020\ccs\tools\compiler\ti-cgt-armllvm_4.0.3.LTS\lib\armv6m-ti-none-eabi\</path>
         <kind>archive</kind>
         <file>libclang_rt.builtins.a</file>
         <name>muldi3.S.obj</name>
      </input_file>
      <input_file id="fl-115">
         <path>C:\ti\ccs2020\ccs\tools\compiler\ti-cgt-armllvm_4.0.3.LTS\lib\armv6m-ti-none-eabi\</path>
         <kind>archive</kind>
         <file>libclang_rt.builtins.a</file>
         <name>aeabi_dcmp.S.obj</name>
      </input_file>
      <input_file id="fl-116">
         <path>C:\ti\ccs2020\ccs\tools\compiler\ti-cgt-armllvm_4.0.3.LTS\lib\armv6m-ti-none-eabi\</path>
         <kind>archive</kind>
         <file>libclang_rt.builtins.a</file>
         <name>aeabi_fcmp.S.obj</name>
      </input_file>
      <input_file id="fl-117">
         <path>C:\ti\ccs2020\ccs\tools\compiler\ti-cgt-armllvm_4.0.3.LTS\lib\armv6m-ti-none-eabi\</path>
         <kind>archive</kind>
         <file>libclang_rt.builtins.a</file>
         <name>aeabi_idivmod.S.obj</name>
      </input_file>
      <input_file id="fl-118">
         <path>C:\ti\ccs2020\ccs\tools\compiler\ti-cgt-armllvm_4.0.3.LTS\lib\armv6m-ti-none-eabi\</path>
         <kind>archive</kind>
         <file>libclang_rt.builtins.a</file>
         <name>aeabi_memcpy.S.obj</name>
      </input_file>
      <input_file id="fl-119">
         <path>C:\ti\ccs2020\ccs\tools\compiler\ti-cgt-armllvm_4.0.3.LTS\lib\armv6m-ti-none-eabi\</path>
         <kind>archive</kind>
         <file>libclang_rt.builtins.a</file>
         <name>aeabi_memset.S.obj</name>
      </input_file>
      <input_file id="fl-11a">
         <path>C:\ti\ccs2020\ccs\tools\compiler\ti-cgt-armllvm_4.0.3.LTS\lib\armv6m-ti-none-eabi\</path>
         <kind>archive</kind>
         <file>libclang_rt.builtins.a</file>
         <name>aeabi_uidivmod.S.obj</name>
      </input_file>
      <input_file id="fl-11b">
         <path>C:\ti\ccs2020\ccs\tools\compiler\ti-cgt-armllvm_4.0.3.LTS\lib\armv6m-ti-none-eabi\</path>
         <kind>archive</kind>
         <file>libclang_rt.builtins.a</file>
         <name>aeabi_uldivmod.S.obj</name>
      </input_file>
      <input_file id="fl-11c">
         <path>C:\ti\ccs2020\ccs\tools\compiler\ti-cgt-armllvm_4.0.3.LTS\lib\armv6m-ti-none-eabi\</path>
         <kind>archive</kind>
         <file>libclang_rt.builtins.a</file>
         <name>comparesf2.S.obj</name>
      </input_file>
      <input_file id="fl-11d">
         <path>C:\ti\ccs2020\ccs\tools\compiler\ti-cgt-armllvm_4.0.3.LTS\lib\armv6m-ti-none-eabi\</path>
         <kind>archive</kind>
         <file>libclang_rt.builtins.a</file>
         <name>udivmoddi4.S.obj</name>
      </input_file>
      <input_file id="fl-11e">
         <path>C:\ti\ccs2020\ccs\tools\compiler\ti-cgt-armllvm_4.0.3.LTS\lib\armv6m-ti-none-eabi\</path>
         <kind>archive</kind>
         <file>libclang_rt.builtins.a</file>
         <name>ashldi3.S.obj</name>
      </input_file>
      <input_file id="fl-11f">
         <path>C:\ti\ccs2020\ccs\tools\compiler\ti-cgt-armllvm_4.0.3.LTS\lib\armv6m-ti-none-eabi\</path>
         <kind>archive</kind>
         <file>libclang_rt.builtins.a</file>
         <name>comparedf2.c.obj</name>
      </input_file>
      <input_file id="fl-120">
         <path>C:\ti\ccs2020\ccs\tools\compiler\ti-cgt-armllvm_4.0.3.LTS\lib\armv6m-ti-none-eabi\</path>
         <kind>archive</kind>
         <file>libclang_rt.builtins.a</file>
         <name>aeabi_div0.c.obj</name>
      </input_file>
      <input_file id="fl-121">
         <path>C:\ti\ccs2020\ccs\tools\compiler\ti-cgt-armllvm_4.0.3.LTS\lib\armv6m-ti-none-eabi\c\</path>
         <kind>archive</kind>
         <file>libc.a</file>
         <name>getdevice.c.obj</name>
      </input_file>
      <input_file id="fl-122">
         <path>C:\ti\ccs2020\ccs\tools\compiler\ti-cgt-armllvm_4.0.3.LTS\lib\armv6m-ti-none-eabi\c\</path>
         <kind>archive</kind>
         <file>libc.a</file>
         <name>memcpy16.S.obj</name>
      </input_file>
      <input_file id="fl-123">
         <path>C:\ti\ccs2020\ccs\tools\compiler\ti-cgt-armllvm_4.0.3.LTS\lib\armv6m-ti-none-eabi\c\</path>
         <kind>archive</kind>
         <file>libc.a</file>
         <name>memset16.S.obj</name>
      </input_file>
      <input_file id="fl-124">
         <path>C:\ti\ccs2020\ccs\tools\compiler\ti-cgt-armllvm_4.0.3.LTS\lib\armv6m-ti-none-eabi\c\</path>
         <kind>archive</kind>
         <file>libc.a</file>
         <name>strcmp-armv6m.S.obj</name>
      </input_file>
   </input_file_list>
   <object_component_list>
      <object_component id="oc-18">
         <name>.intvecs</name>
         <load_address>0x0</load_address>
         <readonly>true</readonly>
         <run_address>0x0</run_address>
         <size>0xc0</size>
         <alignment>0x4</alignment>
         <input_file_ref idref="fl-2"/>
      </object_component>
      <object_component id="oc-145">
         <name>.text.OLED_Init</name>
         <load_address>0xc0</load_address>
         <readonly>true</readonly>
         <executable>true</executable>
         <run_address>0xc0</run_address>
         <size>0xb8c</size>
         <alignment>0x4</alignment>
         <input_file_ref idref="fl-d"/>
      </object_component>
      <object_component id="oc-151">
         <name>.text.OLED_Clear</name>
         <load_address>0xc4c</load_address>
         <readonly>true</readonly>
         <executable>true</executable>
         <run_address>0xc4c</run_address>
         <size>0xa90</size>
         <alignment>0x4</alignment>
         <input_file_ref idref="fl-d"/>
      </object_component>
      <object_component id="oc-1fb">
         <name>.text:__TI_printfi</name>
         <load_address>0x16dc</load_address>
         <readonly>true</readonly>
         <executable>true</executable>
         <run_address>0x16dc</run_address>
         <size>0x9d0</size>
         <alignment>0x4</alignment>
         <input_file_ref idref="fl-43"/>
      </object_component>
      <object_component id="oc-3e">
         <name>.text.TIMA1_IRQHandler</name>
         <load_address>0x20ac</load_address>
         <readonly>true</readonly>
         <executable>true</executable>
         <run_address>0x20ac</run_address>
         <size>0x508</size>
         <alignment>0x4</alignment>
         <input_file_ref idref="fl-5"/>
      </object_component>
      <object_component id="oc-1ab">
         <name>.text.OLED_WR_Byte</name>
         <load_address>0x25b4</load_address>
         <readonly>true</readonly>
         <executable>true</executable>
         <run_address>0x25b4</run_address>
         <size>0x394</size>
         <alignment>0x4</alignment>
         <input_file_ref idref="fl-d"/>
      </object_component>
      <object_component id="oc-15a">
         <name>.text.OLED_Refresh</name>
         <load_address>0x2948</load_address>
         <readonly>true</readonly>
         <executable>true</executable>
         <run_address>0x2948</run_address>
         <size>0x340</size>
         <alignment>0x4</alignment>
         <input_file_ref idref="fl-d"/>
      </object_component>
      <object_component id="oc-d1">
         <name>.text.main</name>
         <load_address>0x2c88</load_address>
         <readonly>true</readonly>
         <executable>true</executable>
         <run_address>0x2c88</run_address>
         <size>0x29c</size>
         <alignment>0x4</alignment>
         <input_file_ref idref="fl-3"/>
      </object_component>
      <object_component id="oc-1b9">
         <name>.text.OLED_ShowChar</name>
         <load_address>0x2f24</load_address>
         <readonly>true</readonly>
         <executable>true</executable>
         <run_address>0x2f24</run_address>
         <size>0x270</size>
         <alignment>0x4</alignment>
         <input_file_ref idref="fl-d"/>
      </object_component>
      <object_component id="oc-237">
         <name>.text._pconv_a</name>
         <load_address>0x3194</load_address>
         <readonly>true</readonly>
         <executable>true</executable>
         <run_address>0x3194</run_address>
         <size>0x220</size>
         <alignment>0x4</alignment>
         <input_file_ref idref="fl-43"/>
      </object_component>
      <object_component id="oc-238">
         <name>.text._pconv_g</name>
         <load_address>0x33b4</load_address>
         <readonly>true</readonly>
         <executable>true</executable>
         <run_address>0x33b4</run_address>
         <size>0x1dc</size>
         <alignment>0x4</alignment>
         <input_file_ref idref="fl-43"/>
      </object_component>
      <object_component id="oc-7d">
         <name>.text.adddf3_subdf3</name>
         <load_address>0x3590</load_address>
         <readonly>true</readonly>
         <executable>true</executable>
         <run_address>0x3590</run_address>
         <size>0x192</size>
         <alignment>0x4</alignment>
         <input_file_ref idref="fl-109"/>
      </object_component>
      <object_component id="oc-33">
         <name>.text.Default_Handler</name>
         <load_address>0x3722</load_address>
         <readonly>true</readonly>
         <executable>true</executable>
         <run_address>0x3722</run_address>
         <size>0x2</size>
         <alignment>0x2</alignment>
         <input_file_ref idref="fl-2"/>
      </object_component>
      <object_component id="oc-8c">
         <name>.text.line_err</name>
         <load_address>0x3724</load_address>
         <readonly>true</readonly>
         <executable>true</executable>
         <run_address>0x3724</run_address>
         <size>0x190</size>
         <alignment>0x4</alignment>
         <input_file_ref idref="fl-a"/>
      </object_component>
      <object_component id="oc-8b">
         <name>.text.location_speed_control</name>
         <load_address>0x38b4</load_address>
         <readonly>true</readonly>
         <executable>true</executable>
         <run_address>0x38b4</run_address>
         <size>0x168</size>
         <alignment>0x4</alignment>
         <input_file_ref idref="fl-5"/>
      </object_component>
      <object_component id="oc-128">
         <name>.text.pid_turn_angle_Calc</name>
         <load_address>0x3a1c</load_address>
         <readonly>true</readonly>
         <executable>true</executable>
         <run_address>0x3a1c</run_address>
         <size>0x164</size>
         <alignment>0x4</alignment>
         <input_file_ref idref="fl-e"/>
      </object_component>
      <object_component id="oc-261">
         <name>.text.fcvt</name>
         <load_address>0x3b80</load_address>
         <readonly>true</readonly>
         <executable>true</executable>
         <run_address>0x3b80</run_address>
         <size>0x13c</size>
         <alignment>0x4</alignment>
         <input_file_ref idref="fl-43"/>
      </object_component>
      <object_component id="oc-92">
         <name>.text.pid_line_Calc</name>
         <load_address>0x3cbc</load_address>
         <readonly>true</readonly>
         <executable>true</executable>
         <run_address>0x3cbc</run_address>
         <size>0x12c</size>
         <alignment>0x4</alignment>
         <input_file_ref idref="fl-a"/>
      </object_component>
      <object_component id="oc-106">
         <name>.text.pid_speed_Calc</name>
         <load_address>0x3de8</load_address>
         <readonly>true</readonly>
         <executable>true</executable>
         <run_address>0x3de8</run_address>
         <size>0x12c</size>
         <alignment>0x4</alignment>
         <input_file_ref idref="fl-e"/>
      </object_component>
      <object_component id="oc-23a">
         <name>.text._pconv_e</name>
         <load_address>0x3f14</load_address>
         <readonly>true</readonly>
         <executable>true</executable>
         <run_address>0x3f14</run_address>
         <size>0x120</size>
         <alignment>0x4</alignment>
         <input_file_ref idref="fl-43"/>
      </object_component>
      <object_component id="oc-9c">
         <name>.text.turn_angle_speed_control</name>
         <load_address>0x4034</load_address>
         <readonly>true</readonly>
         <executable>true</executable>
         <run_address>0x4034</run_address>
         <size>0x120</size>
         <alignment>0x4</alignment>
         <input_file_ref idref="fl-5"/>
      </object_component>
      <object_component id="oc-102">
         <name>.text.__divdf3</name>
         <load_address>0x4154</load_address>
         <readonly>true</readonly>
         <executable>true</executable>
         <run_address>0x4154</run_address>
         <size>0x10c</size>
         <alignment>0x4</alignment>
         <input_file_ref idref="fl-10e"/>
      </object_component>
      <object_component id="oc-1e1">
         <name>.text.DL_Timer_initFourCCPWMMode</name>
         <load_address>0x4260</load_address>
         <readonly>true</readonly>
         <executable>true</executable>
         <run_address>0x4260</run_address>
         <size>0x104</size>
         <alignment>0x4</alignment>
         <input_file_ref idref="fl-21"/>
      </object_component>
      <object_component id="oc-fb">
         <name>.text.pid_location_Calc</name>
         <load_address>0x4364</load_address>
         <readonly>true</readonly>
         <executable>true</executable>
         <run_address>0x4364</run_address>
         <size>0xf0</size>
         <alignment>0x4</alignment>
         <input_file_ref idref="fl-e"/>
      </object_component>
      <object_component id="oc-19f">
         <name>.text.SYSCFG_DL_GPIO_init</name>
         <load_address>0x4454</load_address>
         <readonly>true</readonly>
         <executable>true</executable>
         <run_address>0x4454</run_address>
         <size>0xec</size>
         <alignment>0x4</alignment>
         <input_file_ref idref="fl-1"/>
      </object_component>
      <object_component id="oc-1e6">
         <name>.text.DL_Timer_initTimerMode</name>
         <load_address>0x4540</load_address>
         <readonly>true</readonly>
         <executable>true</executable>
         <run_address>0x4540</run_address>
         <size>0xe8</size>
         <alignment>0x4</alignment>
         <input_file_ref idref="fl-21"/>
      </object_component>
      <object_component id="oc-79">
         <name>.text.__muldf3</name>
         <load_address>0x4628</load_address>
         <readonly>true</readonly>
         <executable>true</executable>
         <run_address>0x4628</run_address>
         <size>0xe4</size>
         <alignment>0x4</alignment>
         <input_file_ref idref="fl-10a"/>
      </object_component>
      <object_component id="oc-152">
         <name>.text.car_spin</name>
         <load_address>0x470c</load_address>
         <readonly>true</readonly>
         <executable>true</executable>
         <run_address>0x470c</run_address>
         <size>0xe4</size>
         <alignment>0x4</alignment>
         <input_file_ref idref="fl-5"/>
      </object_component>
      <object_component id="oc-1d8">
         <name>.text.DL_SYSCTL_configSYSPLL</name>
         <load_address>0x47f0</load_address>
         <readonly>true</readonly>
         <executable>true</executable>
         <run_address>0x47f0</run_address>
         <size>0xdc</size>
         <alignment>0x4</alignment>
         <input_file_ref idref="fl-23"/>
      </object_component>
      <object_component id="oc-254">
         <name>.text.scalbn</name>
         <load_address>0x48cc</load_address>
         <readonly>true</readonly>
         <executable>true</executable>
         <run_address>0x48cc</run_address>
         <size>0xd8</size>
         <alignment>0x4</alignment>
         <input_file_ref idref="fl-45"/>
      </object_component>
      <object_component id="oc-114">
         <name>.text</name>
         <load_address>0x49a4</load_address>
         <readonly>true</readonly>
         <executable>true</executable>
         <run_address>0x49a4</run_address>
         <size>0xd8</size>
         <alignment>0x4</alignment>
         <input_file_ref idref="fl-108"/>
      </object_component>
      <object_component id="oc-18a">
         <name>.text.smooth_target</name>
         <load_address>0x4a7c</load_address>
         <readonly>true</readonly>
         <executable>true</executable>
         <run_address>0x4a7c</run_address>
         <size>0xc4</size>
         <alignment>0x4</alignment>
         <input_file_ref idref="fl-f"/>
      </object_component>
      <object_component id="oc-34">
         <name>.text.GROUP1_IRQHandler</name>
         <load_address>0x4b40</load_address>
         <readonly>true</readonly>
         <executable>true</executable>
         <run_address>0x4b40</run_address>
         <size>0xa8</size>
         <alignment>0x4</alignment>
         <input_file_ref idref="fl-7"/>
      </object_component>
      <object_component id="oc-24b">
         <name>.text</name>
         <load_address>0x4be8</load_address>
         <readonly>true</readonly>
         <executable>true</executable>
         <run_address>0x4be8</run_address>
         <size>0xa2</size>
         <alignment>0x4</alignment>
         <input_file_ref idref="fl-11d"/>
      </object_component>
      <object_component id="oc-13a">
         <name>.text:memcpy</name>
         <load_address>0x4c8a</load_address>
         <readonly>true</readonly>
         <executable>true</executable>
         <run_address>0x4c8a</run_address>
         <size>0x9a</size>
         <alignment>0x1</alignment>
         <input_file_ref idref="fl-122"/>
      </object_component>
      <object_component id="oc-159">
         <name>.text.OLED_ShowString</name>
         <load_address>0x4d24</load_address>
         <readonly>true</readonly>
         <executable>true</executable>
         <run_address>0x4d24</run_address>
         <size>0x8c</size>
         <alignment>0x2</alignment>
         <input_file_ref idref="fl-d"/>
      </object_component>
      <object_component id="oc-1a2">
         <name>.text.SYSCFG_DL_PWM_MOTOR_init</name>
         <load_address>0x4db0</load_address>
         <readonly>true</readonly>
         <executable>true</executable>
         <run_address>0x4db0</run_address>
         <size>0x8c</size>
         <alignment>0x4</alignment>
         <input_file_ref idref="fl-1"/>
      </object_component>
      <object_component id="oc-110">
         <name>.text.__mulsf3</name>
         <load_address>0x4e3c</load_address>
         <readonly>true</readonly>
         <executable>true</executable>
         <run_address>0x4e3c</run_address>
         <size>0x8c</size>
         <alignment>0x4</alignment>
         <input_file_ref idref="fl-10c"/>
      </object_component>
      <object_component id="oc-118">
         <name>.text.__divsf3</name>
         <load_address>0x4ec8</load_address>
         <readonly>true</readonly>
         <executable>true</executable>
         <run_address>0x4ec8</run_address>
         <size>0x82</size>
         <alignment>0x4</alignment>
         <input_file_ref idref="fl-10d"/>
      </object_component>
      <object_component id="oc-de">
         <name>.text.__aeabi_idiv0</name>
         <load_address>0x4f4a</load_address>
         <readonly>true</readonly>
         <executable>true</executable>
         <run_address>0x4f4a</run_address>
         <size>0x2</size>
         <alignment>0x2</alignment>
         <input_file_ref idref="fl-120"/>
      </object_component>
      <object_component id="oc-1c">
         <name>.text:decompress:lzss</name>
         <load_address>0x4f4c</load_address>
         <readonly>true</readonly>
         <executable>true</executable>
         <run_address>0x4f4c</run_address>
         <size>0x7c</size>
         <alignment>0x4</alignment>
         <input_file_ref idref="fl-42"/>
      </object_component>
      <object_component id="oc-14b">
         <name>.text.pid_Init</name>
         <load_address>0x4fc8</load_address>
         <readonly>true</readonly>
         <executable>true</executable>
         <run_address>0x4fc8</run_address>
         <size>0x76</size>
         <alignment>0x2</alignment>
         <input_file_ref idref="fl-e"/>
      </object_component>
      <object_component id="oc-263">
         <name>.text.__aeabi_ldiv0</name>
         <load_address>0x503e</load_address>
         <readonly>true</readonly>
         <executable>true</executable>
         <run_address>0x503e</run_address>
         <size>0x2</size>
         <alignment>0x2</alignment>
         <input_file_ref idref="fl-120"/>
      </object_component>
      <object_component id="oc-1a4">
         <name>.text.SYSCFG_DL_UART1_init</name>
         <load_address>0x5040</load_address>
         <readonly>true</readonly>
         <executable>true</executable>
         <run_address>0x5040</run_address>
         <size>0x74</size>
         <alignment>0x4</alignment>
         <input_file_ref idref="fl-1"/>
      </object_component>
      <object_component id="oc-f1">
         <name>.text.__gedf2</name>
         <load_address>0x50b4</load_address>
         <readonly>true</readonly>
         <executable>true</executable>
         <run_address>0x50b4</run_address>
         <size>0x74</size>
         <alignment>0x4</alignment>
         <input_file_ref idref="fl-11f"/>
      </object_component>
      <object_component id="oc-eb">
         <name>.text.__ledf2</name>
         <load_address>0x5128</load_address>
         <readonly>true</readonly>
         <executable>true</executable>
         <run_address>0x5128</run_address>
         <size>0x68</size>
         <alignment>0x4</alignment>
         <input_file_ref idref="fl-11f"/>
      </object_component>
      <object_component id="oc-260">
         <name>.text._mcpy</name>
         <load_address>0x5190</load_address>
         <readonly>true</readonly>
         <executable>true</executable>
         <run_address>0x5190</run_address>
         <size>0x66</size>
         <alignment>0x2</alignment>
         <input_file_ref idref="fl-43"/>
      </object_component>
      <object_component id="oc-1a0">
         <name>.text.SYSCFG_DL_SYSCTL_init</name>
         <load_address>0x51f8</load_address>
         <readonly>true</readonly>
         <executable>true</executable>
         <run_address>0x51f8</run_address>
         <size>0x64</size>
         <alignment>0x4</alignment>
         <input_file_ref idref="fl-1"/>
      </object_component>
      <object_component id="oc-99">
         <name>.text.motor_load_pwm</name>
         <load_address>0x525c</load_address>
         <readonly>true</readonly>
         <executable>true</executable>
         <run_address>0x525c</run_address>
         <size>0x64</size>
         <alignment>0x4</alignment>
         <input_file_ref idref="fl-c"/>
      </object_component>
      <object_component id="oc-81">
         <name>.text.__aeabi_dcmp</name>
         <load_address>0x52c0</load_address>
         <readonly>true</readonly>
         <executable>true</executable>
         <run_address>0x52c0</run_address>
         <size>0x62</size>
         <alignment>0x4</alignment>
         <input_file_ref idref="fl-115"/>
      </object_component>
      <object_component id="oc-120">
         <name>.text.__aeabi_fcmp</name>
         <load_address>0x5324</load_address>
         <readonly>true</readonly>
         <executable>true</executable>
         <run_address>0x5324</run_address>
         <size>0x62</size>
         <alignment>0x4</alignment>
         <input_file_ref idref="fl-116"/>
      </object_component>
      <object_component id="oc-19d">
         <name>.text:memset</name>
         <load_address>0x5386</load_address>
         <readonly>true</readonly>
         <executable>true</executable>
         <run_address>0x5386</run_address>
         <size>0x62</size>
         <alignment>0x1</alignment>
         <input_file_ref idref="fl-123"/>
      </object_component>
      <object_component id="oc-1a5">
         <name>.text.SYSCFG_DL_UART0_init</name>
         <load_address>0x53e8</load_address>
         <readonly>true</readonly>
         <executable>true</executable>
         <run_address>0x53e8</run_address>
         <size>0x60</size>
         <alignment>0x4</alignment>
         <input_file_ref idref="fl-1"/>
      </object_component>
      <object_component id="oc-182">
         <name>.text.soft_start</name>
         <load_address>0x5448</load_address>
         <readonly>true</readonly>
         <executable>true</executable>
         <run_address>0x5448</run_address>
         <size>0x60</size>
         <alignment>0x4</alignment>
         <input_file_ref idref="fl-f"/>
      </object_component>
      <object_component id="oc-250">
         <name>.text.frexp</name>
         <load_address>0x54a8</load_address>
         <readonly>true</readonly>
         <executable>true</executable>
         <run_address>0x54a8</run_address>
         <size>0x5c</size>
         <alignment>0x4</alignment>
         <input_file_ref idref="fl-44"/>
      </object_component>
      <object_component id="oc-258">
         <name>.text.__TI_ltoa</name>
         <load_address>0x5504</load_address>
         <readonly>true</readonly>
         <executable>true</executable>
         <run_address>0x5504</run_address>
         <size>0x58</size>
         <alignment>0x2</alignment>
         <input_file_ref idref="fl-4a"/>
      </object_component>
      <object_component id="oc-239">
         <name>.text._pconv_f</name>
         <load_address>0x555c</load_address>
         <readonly>true</readonly>
         <executable>true</executable>
         <run_address>0x555c</run_address>
         <size>0x58</size>
         <alignment>0x2</alignment>
         <input_file_ref idref="fl-43"/>
      </object_component>
      <object_component id="oc-71">
         <name>.text.__aeabi_idivmod</name>
         <load_address>0x55b4</load_address>
         <readonly>true</readonly>
         <executable>true</executable>
         <run_address>0x55b4</run_address>
         <size>0x56</size>
         <alignment>0x4</alignment>
         <input_file_ref idref="fl-117"/>
      </object_component>
      <object_component id="oc-19e">
         <name>.text.SYSCFG_DL_initPower</name>
         <load_address>0x560c</load_address>
         <readonly>true</readonly>
         <executable>true</executable>
         <run_address>0x560c</run_address>
         <size>0x54</size>
         <alignment>0x4</alignment>
         <input_file_ref idref="fl-1"/>
      </object_component>
      <object_component id="oc-25e">
         <name>.text._ecpy</name>
         <load_address>0x5660</load_address>
         <readonly>true</readonly>
         <executable>true</executable>
         <run_address>0x5660</run_address>
         <size>0x52</size>
         <alignment>0x2</alignment>
         <input_file_ref idref="fl-43"/>
      </object_component>
      <object_component id="oc-100">
         <name>.text.limit_abs</name>
         <load_address>0x56b2</load_address>
         <readonly>true</readonly>
         <executable>true</executable>
         <run_address>0x56b2</run_address>
         <size>0x50</size>
         <alignment>0x2</alignment>
         <input_file_ref idref="fl-e"/>
      </object_component>
      <object_component id="oc-189">
         <name>.text.filter_speed</name>
         <load_address>0x5704</load_address>
         <readonly>true</readonly>
         <executable>true</executable>
         <run_address>0x5704</run_address>
         <size>0x4c</size>
         <alignment>0x4</alignment>
         <input_file_ref idref="fl-f"/>
      </object_component>
      <object_component id="oc-93">
         <name>.text.__fixdfsi</name>
         <load_address>0x5750</load_address>
         <readonly>true</readonly>
         <executable>true</executable>
         <run_address>0x5750</run_address>
         <size>0x4a</size>
         <alignment>0x4</alignment>
         <input_file_ref idref="fl-110"/>
      </object_component>
      <object_component id="oc-1ef">
         <name>.text.DL_UART_init</name>
         <load_address>0x579c</load_address>
         <readonly>true</readonly>
         <executable>true</executable>
         <run_address>0x579c</run_address>
         <size>0x48</size>
         <alignment>0x4</alignment>
         <input_file_ref idref="fl-22"/>
      </object_component>
      <object_component id="oc-1a3">
         <name>.text.SYSCFG_DL_TIMER_0_init</name>
         <load_address>0x57e4</load_address>
         <readonly>true</readonly>
         <executable>true</executable>
         <run_address>0x57e4</run_address>
         <size>0x48</size>
         <alignment>0x4</alignment>
         <input_file_ref idref="fl-1"/>
      </object_component>
      <object_component id="oc-144">
         <name>.text.line_init</name>
         <load_address>0x582c</load_address>
         <readonly>true</readonly>
         <executable>true</executable>
         <run_address>0x582c</run_address>
         <size>0x48</size>
         <alignment>0x4</alignment>
         <input_file_ref idref="fl-a"/>
      </object_component>
      <object_component id="oc-1de">
         <name>.text.DL_SYSCTL_switchMCLKfromSYSOSCtoHSCLK</name>
         <load_address>0x5874</load_address>
         <readonly>true</readonly>
         <executable>true</executable>
         <run_address>0x5874</run_address>
         <size>0x44</size>
         <alignment>0x4</alignment>
         <input_file_ref idref="fl-23"/>
      </object_component>
      <object_component id="oc-21b">
         <name>.text.__aeabi_uidivmod</name>
         <load_address>0x58b8</load_address>
         <readonly>true</readonly>
         <executable>true</executable>
         <run_address>0x58b8</run_address>
         <size>0x40</size>
         <alignment>0x4</alignment>
         <input_file_ref idref="fl-11a"/>
      </object_component>
      <object_component id="oc-9d">
         <name>.text.__extendsfdf2</name>
         <load_address>0x58f8</load_address>
         <readonly>true</readonly>
         <executable>true</executable>
         <run_address>0x58f8</run_address>
         <size>0x40</size>
         <alignment>0x4</alignment>
         <input_file_ref idref="fl-10f"/>
      </object_component>
      <object_component id="oc-221">
         <name>.text.atoi</name>
         <load_address>0x5938</load_address>
         <readonly>true</readonly>
         <executable>true</executable>
         <run_address>0x5938</run_address>
         <size>0x40</size>
         <alignment>0x4</alignment>
         <input_file_ref idref="fl-4d"/>
      </object_component>
      <object_component id="oc-1ba">
         <name>.text.Delay_us</name>
         <load_address>0x5978</load_address>
         <readonly>true</readonly>
         <executable>true</executable>
         <run_address>0x5978</run_address>
         <size>0x3c</size>
         <alignment>0x2</alignment>
         <input_file_ref idref="fl-6"/>
      </object_component>
      <object_component id="oc-10c">
         <name>.text.__floatsisf</name>
         <load_address>0x59b4</load_address>
         <readonly>true</readonly>
         <executable>true</executable>
         <run_address>0x59b4</run_address>
         <size>0x3c</size>
         <alignment>0x4</alignment>
         <input_file_ref idref="fl-113"/>
      </object_component>
      <object_component id="oc-195">
         <name>.text.__gtsf2</name>
         <load_address>0x59f0</load_address>
         <readonly>true</readonly>
         <executable>true</executable>
         <run_address>0x59f0</run_address>
         <size>0x3c</size>
         <alignment>0x4</alignment>
         <input_file_ref idref="fl-11c"/>
      </object_component>
      <object_component id="oc-168">
         <name>.text:__TI_auto_init_nobinit_nopinit</name>
         <load_address>0x5a2c</load_address>
         <readonly>true</readonly>
         <executable>true</executable>
         <run_address>0x5a2c</run_address>
         <size>0x3c</size>
         <alignment>0x4</alignment>
         <input_file_ref idref="fl-3d"/>
      </object_component>
      <object_component id="oc-190">
         <name>.text.__eqsf2</name>
         <load_address>0x5a68</load_address>
         <readonly>true</readonly>
         <executable>true</executable>
         <run_address>0x5a68</run_address>
         <size>0x3a</size>
         <alignment>0x4</alignment>
         <input_file_ref idref="fl-11c"/>
      </object_component>
      <object_component id="oc-e5">
         <name>.text.__muldsi3</name>
         <load_address>0x5aa4</load_address>
         <readonly>true</readonly>
         <executable>true</executable>
         <run_address>0x5aa4</run_address>
         <size>0x3a</size>
         <alignment>0x4</alignment>
         <input_file_ref idref="fl-10b"/>
      </object_component>
      <object_component id="oc-39">
         <name>.text.UART0_IRQHandler</name>
         <load_address>0x5ae0</load_address>
         <readonly>true</readonly>
         <executable>true</executable>
         <run_address>0x5ae0</run_address>
         <size>0x38</size>
         <alignment>0x4</alignment>
         <input_file_ref idref="fl-11"/>
      </object_component>
      <object_component id="oc-11c">
         <name>.text.__fixsfsi</name>
         <load_address>0x5b18</load_address>
         <readonly>true</readonly>
         <executable>true</executable>
         <run_address>0x5b18</run_address>
         <size>0x38</size>
         <alignment>0x4</alignment>
         <input_file_ref idref="fl-111"/>
      </object_component>
      <object_component id="oc-85">
         <name>.text.motor1_set_disable</name>
         <load_address>0x5b50</load_address>
         <readonly>true</readonly>
         <executable>true</executable>
         <run_address>0x5b50</run_address>
         <size>0x38</size>
         <alignment>0x4</alignment>
         <input_file_ref idref="fl-c"/>
      </object_component>
      <object_component id="oc-153">
         <name>.text.sprintf</name>
         <load_address>0x5b88</load_address>
         <readonly>true</readonly>
         <executable>true</executable>
         <run_address>0x5b88</run_address>
         <size>0x38</size>
         <alignment>0x4</alignment>
         <input_file_ref idref="fl-3a"/>
      </object_component>
      <object_component id="oc-13f">
         <name>.text.SYSCFG_DL_init</name>
         <load_address>0x5bc0</load_address>
         <readonly>true</readonly>
         <executable>true</executable>
         <run_address>0x5bc0</run_address>
         <size>0x34</size>
         <alignment>0x4</alignment>
         <input_file_ref idref="fl-1"/>
      </object_component>
      <object_component id="oc-25f">
         <name>.text._fcpy</name>
         <load_address>0x5bf4</load_address>
         <readonly>true</readonly>
         <executable>true</executable>
         <run_address>0x5bf4</run_address>
         <size>0x30</size>
         <alignment>0x2</alignment>
         <input_file_ref idref="fl-43"/>
      </object_component>
      <object_component id="oc-97">
         <name>.text.motor_limit_pwm</name>
         <load_address>0x5c24</load_address>
         <readonly>true</readonly>
         <executable>true</executable>
         <run_address>0x5c24</run_address>
         <size>0x30</size>
         <alignment>0x4</alignment>
         <input_file_ref idref="fl-c"/>
      </object_component>
      <object_component id="oc-75">
         <name>.text.__floatsidf</name>
         <load_address>0x5c54</load_address>
         <readonly>true</readonly>
         <executable>true</executable>
         <run_address>0x5c54</run_address>
         <size>0x2c</size>
         <alignment>0x4</alignment>
         <input_file_ref idref="fl-112"/>
      </object_component>
      <object_component id="oc-1a7">
         <name>.text.SYSCFG_DL_SYSCTL_CLK_init</name>
         <load_address>0x5c80</load_address>
         <readonly>true</readonly>
         <executable>true</executable>
         <run_address>0x5c80</run_address>
         <size>0x28</size>
         <alignment>0x4</alignment>
         <input_file_ref idref="fl-1"/>
      </object_component>
      <object_component id="oc-8a">
         <name>.text.motor2_set_disable</name>
         <load_address>0x5ca8</load_address>
         <readonly>true</readonly>
         <executable>true</executable>
         <run_address>0x5ca8</run_address>
         <size>0x28</size>
         <alignment>0x4</alignment>
         <input_file_ref idref="fl-c"/>
      </object_component>
      <object_component id="oc-5f">
         <name>.text:_c_int00_noargs</name>
         <load_address>0x5cd0</load_address>
         <readonly>true</readonly>
         <executable>true</executable>
         <run_address>0x5cd0</run_address>
         <size>0x28</size>
         <alignment>0x4</alignment>
         <input_file_ref idref="fl-3b"/>
      </object_component>
      <object_component id="oc-22e">
         <name>.text.__muldi3</name>
         <load_address>0x5cf8</load_address>
         <readonly>true</readonly>
         <executable>true</executable>
         <run_address>0x5cf8</run_address>
         <size>0x24</size>
         <alignment>0x4</alignment>
         <input_file_ref idref="fl-114"/>
      </object_component>
      <object_component id="oc-216">
         <name>.text.memccpy</name>
         <load_address>0x5d1c</load_address>
         <readonly>true</readonly>
         <executable>true</executable>
         <run_address>0x5d1c</run_address>
         <size>0x22</size>
         <alignment>0x2</alignment>
         <input_file_ref idref="fl-4f"/>
      </object_component>
      <object_component id="oc-1a6">
         <name>.text.SYSCFG_DL_SYSTICK_init</name>
         <load_address>0x5d40</load_address>
         <readonly>true</readonly>
         <executable>true</executable>
         <run_address>0x5d40</run_address>
         <size>0x20</size>
         <alignment>0x4</alignment>
         <input_file_ref idref="fl-1"/>
      </object_component>
      <object_component id="oc-264">
         <name>.text.__ashldi3</name>
         <load_address>0x5d60</load_address>
         <readonly>true</readonly>
         <executable>true</executable>
         <run_address>0x5d60</run_address>
         <size>0x1e</size>
         <alignment>0x4</alignment>
         <input_file_ref idref="fl-11e"/>
      </object_component>
      <object_component id="oc-1e3">
         <name>.text.DL_Timer_setCaptCompUpdateMethod</name>
         <load_address>0x5d80</load_address>
         <readonly>true</readonly>
         <executable>true</executable>
         <run_address>0x5d80</run_address>
         <size>0x1c</size>
         <alignment>0x4</alignment>
         <input_file_ref idref="fl-21"/>
      </object_component>
      <object_component id="oc-1e0">
         <name>.text.DL_Timer_setClockConfig</name>
         <load_address>0x5d9c</load_address>
         <readonly>true</readonly>
         <executable>true</executable>
         <run_address>0x5d9c</run_address>
         <size>0x1c</size>
         <alignment>0x4</alignment>
         <input_file_ref idref="fl-21"/>
      </object_component>
      <object_component id="oc-1e2">
         <name>.text.DL_Timer_setCaptureCompareOutCtl</name>
         <load_address>0x5db8</load_address>
         <readonly>true</readonly>
         <executable>true</executable>
         <run_address>0x5db8</run_address>
         <size>0x18</size>
         <alignment>0x4</alignment>
         <input_file_ref idref="fl-21"/>
      </object_component>
      <object_component id="oc-1b5">
         <name>.text._outs</name>
         <load_address>0x5dd0</load_address>
         <readonly>true</readonly>
         <executable>true</executable>
         <run_address>0x5dd0</run_address>
         <size>0x18</size>
         <alignment>0x2</alignment>
         <input_file_ref idref="fl-3a"/>
      </object_component>
      <object_component id="oc-9a">
         <name>.text.motor1_set_enable</name>
         <load_address>0x5de8</load_address>
         <readonly>true</readonly>
         <executable>true</executable>
         <run_address>0x5de8</run_address>
         <size>0x18</size>
         <alignment>0x4</alignment>
         <input_file_ref idref="fl-c"/>
      </object_component>
      <object_component id="oc-9b">
         <name>.text.motor2_set_enable</name>
         <load_address>0x5e00</load_address>
         <readonly>true</readonly>
         <executable>true</executable>
         <run_address>0x5e00</run_address>
         <size>0x18</size>
         <alignment>0x4</alignment>
         <input_file_ref idref="fl-c"/>
      </object_component>
      <object_component id="oc-233">
         <name>.text.__aeabi_uldivmod</name>
         <load_address>0x5e18</load_address>
         <readonly>true</readonly>
         <executable>true</executable>
         <run_address>0x5e18</run_address>
         <size>0x14</size>
         <alignment>0x4</alignment>
         <input_file_ref idref="fl-11b"/>
      </object_component>
      <object_component id="oc-6f">
         <name>.text.read_encoder_left</name>
         <load_address>0x5e2c</load_address>
         <readonly>true</readonly>
         <executable>true</executable>
         <run_address>0x5e2c</run_address>
         <size>0x14</size>
         <alignment>0x4</alignment>
         <input_file_ref idref="fl-7"/>
      </object_component>
      <object_component id="oc-70">
         <name>.text.read_encoder_right</name>
         <load_address>0x5e40</load_address>
         <readonly>true</readonly>
         <executable>true</executable>
         <run_address>0x5e40</run_address>
         <size>0x14</size>
         <alignment>0x4</alignment>
         <input_file_ref idref="fl-7"/>
      </object_component>
      <object_component id="oc-25d">
         <name>.text.strchr</name>
         <load_address>0x5e54</load_address>
         <readonly>true</readonly>
         <executable>true</executable>
         <run_address>0x5e54</run_address>
         <size>0x14</size>
         <alignment>0x2</alignment>
         <input_file_ref idref="fl-43"/>
      </object_component>
      <object_component id="oc-1e9">
         <name>.text.DL_UART_setClockConfig</name>
         <load_address>0x5e68</load_address>
         <readonly>true</readonly>
         <executable>true</executable>
         <run_address>0x5e68</run_address>
         <size>0x12</size>
         <alignment>0x2</alignment>
         <input_file_ref idref="fl-22"/>
      </object_component>
      <object_component id="oc-20">
         <name>.text:decompress:none</name>
         <load_address>0x5e7a</load_address>
         <readonly>true</readonly>
         <executable>true</executable>
         <run_address>0x5e7a</run_address>
         <size>0x12</size>
         <alignment>0x2</alignment>
         <input_file_ref idref="fl-41"/>
      </object_component>
      <object_component id="oc-f3">
         <name>.text.DL_Timer_setCaptureCompareValue</name>
         <load_address>0x5e8c</load_address>
         <readonly>true</readonly>
         <executable>true</executable>
         <run_address>0x5e8c</run_address>
         <size>0x10</size>
         <alignment>0x4</alignment>
         <input_file_ref idref="fl-21"/>
      </object_component>
      <object_component id="oc-225">
         <name>.text.wcslen</name>
         <load_address>0x5e9c</load_address>
         <readonly>true</readonly>
         <executable>true</executable>
         <run_address>0x5e9c</run_address>
         <size>0x10</size>
         <alignment>0x2</alignment>
         <input_file_ref idref="fl-46"/>
      </object_component>
      <object_component id="oc-5c">
         <name>.text:decompress:ZI</name>
         <load_address>0x5eac</load_address>
         <readonly>true</readonly>
         <executable>true</executable>
         <run_address>0x5eac</run_address>
         <size>0x10</size>
         <alignment>0x2</alignment>
         <input_file_ref idref="fl-40"/>
      </object_component>
      <object_component id="oc-215">
         <name>.text.__aeabi_memset</name>
         <load_address>0x5ebc</load_address>
         <readonly>true</readonly>
         <executable>true</executable>
         <run_address>0x5ebc</run_address>
         <size>0xe</size>
         <alignment>0x4</alignment>
         <input_file_ref idref="fl-119"/>
      </object_component>
      <object_component id="oc-214">
         <name>.text.strlen</name>
         <load_address>0x5eca</load_address>
         <readonly>true</readonly>
         <executable>true</executable>
         <run_address>0x5eca</run_address>
         <size>0xe</size>
         <alignment>0x2</alignment>
         <input_file_ref idref="fl-43"/>
      </object_component>
      <object_component id="oc-c8">
         <name>.text.__aeabi_memclr</name>
         <load_address>0x5ed8</load_address>
         <readonly>true</readonly>
         <executable>true</executable>
         <run_address>0x5ed8</run_address>
         <size>0xc</size>
         <alignment>0x4</alignment>
         <input_file_ref idref="fl-119"/>
      </object_component>
      <object_component id="oc-14c">
         <name>.text.buzz_Init</name>
         <load_address>0x5ee4</load_address>
         <readonly>true</readonly>
         <executable>true</executable>
         <run_address>0x5ee4</run_address>
         <size>0xc</size>
         <alignment>0x4</alignment>
         <input_file_ref idref="fl-4"/>
      </object_component>
      <object_component id="oc-1d4">
         <name>.text.DL_Common_delayCycles</name>
         <load_address>0x5ef0</load_address>
         <readonly>true</readonly>
         <executable>true</executable>
         <run_address>0x5ef0</run_address>
         <size>0xa</size>
         <alignment>0x2</alignment>
         <input_file_ref idref="fl-20"/>
      </object_component>
      <object_component id="oc-25c">
         <name>.text.OUTLINED_FUNCTION_0</name>
         <load_address>0x5efa</load_address>
         <readonly>true</readonly>
         <executable>true</executable>
         <run_address>0x5efa</run_address>
         <size>0xa</size>
         <alignment>0x2</alignment>
         <input_file_ref idref="fl-43"/>
      </object_component>
      <object_component id="oc-2ba">
         <name>.tramp.__aeabi_dsub.1</name>
         <load_address>0x5f04</load_address>
         <readonly>true</readonly>
         <executable>true</executable>
         <run_address>0x5f04</run_address>
         <size>0x10</size>
         <alignment>0x4</alignment>
         <input_file_ref idref="fl-109"/>
      </object_component>
      <object_component id="oc-262">
         <name>.text.OUTLINED_FUNCTION_1</name>
         <load_address>0x5f14</load_address>
         <readonly>true</readonly>
         <executable>true</executable>
         <run_address>0x5f14</run_address>
         <size>0xa</size>
         <alignment>0x2</alignment>
         <input_file_ref idref="fl-43"/>
      </object_component>
      <object_component id="oc-1b6">
         <name>.text._outc</name>
         <load_address>0x5f1e</load_address>
         <readonly>true</readonly>
         <executable>true</executable>
         <run_address>0x5f1e</run_address>
         <size>0xa</size>
         <alignment>0x2</alignment>
         <input_file_ref idref="fl-3a"/>
      </object_component>
      <object_component id="oc-229">
         <name>.text.__aeabi_errno_addr</name>
         <load_address>0x5f28</load_address>
         <readonly>true</readonly>
         <executable>true</executable>
         <run_address>0x5f28</run_address>
         <size>0x8</size>
         <alignment>0x4</alignment>
         <input_file_ref idref="fl-47"/>
      </object_component>
      <object_component id="oc-4f">
         <name>.text.__aeabi_memcpy</name>
         <load_address>0x5f30</load_address>
         <readonly>true</readonly>
         <executable>true</executable>
         <run_address>0x5f30</run_address>
         <size>0x8</size>
         <alignment>0x4</alignment>
         <input_file_ref idref="fl-118"/>
      </object_component>
      <object_component id="oc-101">
         <name>.text.pid_Set_Target</name>
         <load_address>0x5f38</load_address>
         <readonly>true</readonly>
         <executable>true</executable>
         <run_address>0x5f38</run_address>
         <size>0x6</size>
         <alignment>0x2</alignment>
         <input_file_ref idref="fl-e"/>
      </object_component>
      <object_component id="oc-161">
         <name>.text:abort</name>
         <load_address>0x5f3e</load_address>
         <readonly>true</readonly>
         <executable>true</executable>
         <run_address>0x5f3e</run_address>
         <size>0x6</size>
         <alignment>0x2</alignment>
         <input_file_ref idref="fl-48"/>
      </object_component>
      <object_component id="oc-1c0">
         <name>.text.HOSTexit</name>
         <load_address>0x5f44</load_address>
         <readonly>true</readonly>
         <executable>true</executable>
         <run_address>0x5f44</run_address>
         <size>0x4</size>
         <alignment>0x2</alignment>
         <input_file_ref idref="fl-f8"/>
      </object_component>
      <object_component id="oc-2f">
         <name>.text.Reset_Handler</name>
         <load_address>0x5f48</load_address>
         <readonly>true</readonly>
         <executable>true</executable>
         <run_address>0x5f48</run_address>
         <size>0x4</size>
         <alignment>0x2</alignment>
         <input_file_ref idref="fl-2"/>
      </object_component>
      <object_component id="oc-cd">
         <name>.text._system_pre_init</name>
         <load_address>0x5f4c</load_address>
         <readonly>true</readonly>
         <executable>true</executable>
         <run_address>0x5f4c</run_address>
         <size>0x4</size>
         <alignment>0x2</alignment>
         <input_file_ref idref="fl-3e"/>
      </object_component>
      <object_component id="oc-2b4">
         <name>__TI_handler_table</name>
         <load_address>0x7b00</load_address>
         <readonly>true</readonly>
         <run_address>0x7b00</run_address>
         <size>0xc</size>
         <alignment>0x4</alignment>
      </object_component>
      <object_component id="oc-2b6">
         <name>.cinit..data.load</name>
         <load_address>0x7b0c</load_address>
         <readonly>true</readonly>
         <run_address>0x7b0c</run_address>
         <size>0x9</size>
         <alignment>0x1</alignment>
      </object_component>
      <object_component id="oc-2b7">
         <name>.cinit..bss.load</name>
         <load_address>0x7b18</load_address>
         <readonly>true</readonly>
         <run_address>0x7b18</run_address>
         <size>0x8</size>
         <alignment>0x4</alignment>
      </object_component>
      <object_component id="oc-2b5">
         <name>__TI_cinit_table</name>
         <load_address>0x7b20</load_address>
         <readonly>true</readonly>
         <run_address>0x7b20</run_address>
         <size>0x10</size>
         <alignment>0x4</alignment>
      </object_component>
      <object_component id="oc-1fc">
         <name>.rodata.asc2_2412</name>
         <load_address>0x5f50</load_address>
         <readonly>true</readonly>
         <run_address>0x5f50</run_address>
         <size>0xd5c</size>
         <alignment>0x1</alignment>
         <input_file_ref idref="fl-d"/>
      </object_component>
      <object_component id="oc-1fd">
         <name>.rodata.asc2_1608</name>
         <load_address>0x6cac</load_address>
         <readonly>true</readonly>
         <run_address>0x6cac</run_address>
         <size>0x5f0</size>
         <alignment>0x1</alignment>
         <input_file_ref idref="fl-d"/>
      </object_component>
      <object_component id="oc-1fe">
         <name>.rodata.asc2_1206</name>
         <load_address>0x729c</load_address>
         <readonly>true</readonly>
         <run_address>0x729c</run_address>
         <size>0x474</size>
         <alignment>0x1</alignment>
         <input_file_ref idref="fl-d"/>
      </object_component>
      <object_component id="oc-1ff">
         <name>.rodata.asc2_0806</name>
         <load_address>0x7710</load_address>
         <readonly>true</readonly>
         <run_address>0x7710</run_address>
         <size>0x228</size>
         <alignment>0x1</alignment>
         <input_file_ref idref="fl-d"/>
      </object_component>
      <object_component id="oc-1e5">
         <name>.rodata.gPWM_MOTORConfig</name>
         <load_address>0x7938</load_address>
         <readonly>true</readonly>
         <run_address>0x7938</run_address>
         <size>0x8</size>
         <alignment>0x4</alignment>
         <input_file_ref idref="fl-1"/>
      </object_component>
      <object_component id="oc-23f">
         <name>.rodata:__aeabi_ctype_table_</name>
         <load_address>0x7940</load_address>
         <readonly>true</readonly>
         <run_address>0x7940</run_address>
         <size>0x101</size>
         <alignment>0x10</alignment>
         <input_file_ref idref="fl-55"/>
      </object_component>
      <object_component id="oc-1e4">
         <name>.rodata.gPWM_MOTORClockConfig</name>
         <load_address>0x7a41</load_address>
         <readonly>true</readonly>
         <run_address>0x7a41</run_address>
         <size>0x3</size>
         <alignment>0x1</alignment>
         <input_file_ref idref="fl-1"/>
      </object_component>
      <object_component id="oc-1df">
         <name>.rodata.gSYSPLLConfig</name>
         <load_address>0x7a44</load_address>
         <readonly>true</readonly>
         <run_address>0x7a44</run_address>
         <size>0x28</size>
         <alignment>0x4</alignment>
         <input_file_ref idref="fl-1"/>
      </object_component>
      <object_component id="oc-15d">
         <name>.rodata.str1.15159059442110792349.1</name>
         <load_address>0x7a6c</load_address>
         <readonly>true</readonly>
         <run_address>0x7a6c</run_address>
         <size>0x17</size>
         <alignment>0x1</alignment>
         <input_file_ref idref="fl-3"/>
      </object_component>
      <object_component id="oc-1e8">
         <name>.rodata.gTIMER_0TimerConfig</name>
         <load_address>0x7a84</load_address>
         <readonly>true</readonly>
         <run_address>0x7a84</run_address>
         <size>0x14</size>
         <alignment>0x4</alignment>
         <input_file_ref idref="fl-1"/>
      </object_component>
      <object_component id="oc-232">
         <name>.rodata.str1.10348868589481759720.1</name>
         <load_address>0x7a98</load_address>
         <readonly>true</readonly>
         <run_address>0x7a98</run_address>
         <size>0x11</size>
         <alignment>0x1</alignment>
         <input_file_ref idref="fl-43"/>
      </object_component>
      <object_component id="oc-21a">
         <name>.rodata.str1.15363888844622738466.1</name>
         <load_address>0x7aa9</load_address>
         <readonly>true</readonly>
         <run_address>0x7aa9</run_address>
         <size>0x11</size>
         <alignment>0x1</alignment>
         <input_file_ref idref="fl-43"/>
      </object_component>
      <object_component id="oc-15f">
         <name>.rodata.str1.17100691992556644108.1</name>
         <load_address>0x7aba</load_address>
         <readonly>true</readonly>
         <run_address>0x7aba</run_address>
         <size>0x11</size>
         <alignment>0x1</alignment>
         <input_file_ref idref="fl-3"/>
      </object_component>
      <object_component id="oc-160">
         <name>.rodata.str1.18227636981041470289.1</name>
         <load_address>0x7acb</load_address>
         <readonly>true</readonly>
         <run_address>0x7acb</run_address>
         <size>0x10</size>
         <alignment>0x1</alignment>
         <input_file_ref idref="fl-3"/>
      </object_component>
      <object_component id="oc-1f3">
         <name>.rodata.gUART0Config</name>
         <load_address>0x7adc</load_address>
         <readonly>true</readonly>
         <run_address>0x7adc</run_address>
         <size>0xa</size>
         <alignment>0x2</alignment>
         <input_file_ref idref="fl-1"/>
      </object_component>
      <object_component id="oc-1f1">
         <name>.rodata.gUART1Config</name>
         <load_address>0x7ae6</load_address>
         <readonly>true</readonly>
         <run_address>0x7ae6</run_address>
         <size>0xa</size>
         <alignment>0x2</alignment>
         <input_file_ref idref="fl-1"/>
      </object_component>
      <object_component id="oc-15e">
         <name>.rodata.str1.8154729771448623357.1</name>
         <load_address>0x7af0</load_address>
         <readonly>true</readonly>
         <run_address>0x7af0</run_address>
         <size>0x9</size>
         <alignment>0x1</alignment>
         <input_file_ref idref="fl-3"/>
      </object_component>
      <object_component id="oc-1e7">
         <name>.rodata.gTIMER_0ClockConfig</name>
         <load_address>0x7af9</load_address>
         <readonly>true</readonly>
         <run_address>0x7af9</run_address>
         <size>0x3</size>
         <alignment>0x1</alignment>
         <input_file_ref idref="fl-1"/>
      </object_component>
      <object_component id="oc-1f2">
         <name>.rodata.gUART0ClockConfig</name>
         <load_address>0x7afc</load_address>
         <readonly>true</readonly>
         <run_address>0x7afc</run_address>
         <size>0x2</size>
         <alignment>0x1</alignment>
         <input_file_ref idref="fl-1"/>
      </object_component>
      <object_component id="oc-1f0">
         <name>.rodata.gUART1ClockConfig</name>
         <load_address>0x7afe</load_address>
         <readonly>true</readonly>
         <run_address>0x7afe</run_address>
         <size>0x2</size>
         <alignment>0x1</alignment>
         <input_file_ref idref="fl-1"/>
      </object_component>
      <object_component id="oc-27c">
         <name>.binit</name>
         <load_address>0x0</load_address>
         <readonly>true</readonly>
         <run_address>0x0</run_address>
         <size>0x0</size>
[...]
         <value>0x20200960</value>
      </symbol>
      <symbol id="sm-1a1">
         <name>g_pid_line</name>
         <value>0x20200540</value>
      </symbol>
      <symbol id="sm-1a2">
         <name>g_pid_straight</name>
         <value>0x202008b0</value>
      </symbol>
      <symbol id="sm-1b3">
         <name>smooth_target</name>
         <value>0x4a7d</value>
         <object_component_ref idref="oc-18a"/>
      </symbol>
      <symbol id="sm-1b4">
         <name>filter_speed</name>
         <value>0x5705</value>
         <object_component_ref idref="oc-189"/>
      </symbol>
      <symbol id="sm-1b5">
         <name>soft_start</name>
         <value>0x5449</value>
         <object_component_ref idref="oc-182"/>
      </symbol>
      <symbol id="sm-1c1">
         <name>UART0_IRQHandler</name>
         <value>0x5ae1</value>
         <object_component_ref idref="oc-39"/>
      </symbol>
      <symbol id="sm-1c2">
         <name>uart_data</name>
         <value>0x20200aac</value>
         <object_component_ref idref="oc-6b"/>
      </symbol>
      <symbol id="sm-1c4">
         <name>__TI_ATRegion0_src_addr</name>
         <value>0x0</value>
      </symbol>
      <symbol id="sm-1c5">
         <name>__TI_ATRegion0_trg_addr</name>
         <value>0x0</value>
      </symbol>
      <symbol id="sm-1c6">
         <name>__TI_ATRegion0_region_sz</name>
         <value>0x0</value>
      </symbol>
      <symbol id="sm-1c7">
         <name>__TI_ATRegion1_src_addr</name>
         <value>0x0</value>
      </symbol>
      <symbol id="sm-1c8">
         <name>__TI_ATRegion1_trg_addr</name>
         <value>0x0</value>
      </symbol>
      <symbol id="sm-1c9">
         <name>__TI_ATRegion1_region_sz</name>
         <value>0x0</value>
      </symbol>
      <symbol id="sm-1ca">
         <name>__TI_ATRegion2_src_addr</name>
         <value>0x0</value>
      </symbol>
      <symbol id="sm-1cb">
         <name>__TI_ATRegion2_trg_addr</name>
         <value>0x0</value>
      </symbol>
      <symbol id="sm-1cc">
         <name>__TI_ATRegion2_region_sz</name>
         <value>0x0</value>
      </symbol>
      <symbol id="sm-1d5">
         <name>DL_Common_delayCycles</name>
         <value>0x5ef1</value>
         <object_component_ref idref="oc-1d4"/>
      </symbol>
      <symbol id="sm-1f1">
         <name>DL_Timer_setClockConfig</name>
         <value>0x5d9d</value>
         <object_component_ref idref="oc-1e0"/>
      </symbol>
      <symbol id="sm-1f2">
         <name>DL_Timer_initTimerMode</name>
         <value>0x4541</value>
         <object_component_ref idref="oc-1e6"/>
      </symbol>
      <symbol id="sm-1f3">
         <name>DL_Timer_setCaptureCompareValue</name>
         <value>0x5e8d</value>
         <object_component_ref idref="oc-f3"/>
      </symbol>
      <symbol id="sm-1f4">
         <name>DL_Timer_setCaptCompUpdateMethod</name>
         <value>0x5d81</value>
         <object_component_ref idref="oc-1e3"/>
      </symbol>
      <symbol id="sm-1f5">
         <name>DL_Timer_setCaptureCompareOutCtl</name>
         <value>0x5db9</value>
         <object_component_ref idref="oc-1e2"/>
      </symbol>
      <symbol id="sm-1f6">
         <name>DL_Timer_initFourCCPWMMode</name>
         <value>0x4261</value>
         <object_component_ref idref="oc-1e1"/>
      </symbol>
      <symbol id="sm-203">
         <name>DL_UART_init</name>
         <value>0x579d</value>
         <object_component_ref idref="oc-1ef"/>
      </symbol>
      <symbol id="sm-204">
         <name>DL_UART_setClockConfig</name>
         <value>0x5e69</value>
         <object_component_ref idref="oc-1e9"/>
      </symbol>
      <symbol id="sm-212">
         <name>DL_SYSCTL_configSYSPLL</name>
         <value>0x47f1</value>
         <object_component_ref idref="oc-1d8"/>
      </symbol>
      <symbol id="sm-213">
         <name>DL_SYSCTL_switchMCLKfromSYSOSCtoHSCLK</name>
         <value>0x5875</value>
         <object_component_ref idref="oc-1de"/>
      </symbol>
      <symbol id="sm-224">
         <name>sprintf</name>
         <value>0x5b89</value>
         <object_component_ref idref="oc-153"/>
      </symbol>
      <symbol id="sm-22f">
         <name>_c_int00_noargs</name>
         <value>0x5cd1</value>
         <object_component_ref idref="oc-5f"/>
      </symbol>
      <symbol id="sm-230">
         <name>__stack</name>
         <value>0x20207e00</value>
         <object_component_ref idref="oc-1a"/>
      </symbol>
      <symbol id="sm-23c">
         <name>__TI_auto_init_nobinit_nopinit</name>
         <value>0x5a2d</value>
         <object_component_ref idref="oc-168"/>
      </symbol>
      <symbol id="sm-244">
         <name>_system_pre_init</name>
         <value>0x5f4d</value>
         <object_component_ref idref="oc-cd"/>
      </symbol>
      <symbol id="sm-24f">
         <name>__TI_zero_init</name>
         <value>0x5ead</value>
         <object_component_ref idref="oc-5c"/>
      </symbol>
      <symbol id="sm-258">
         <name>__TI_decompress_none</name>
         <value>0x5e7b</value>
         <object_component_ref idref="oc-20"/>
      </symbol>
      <symbol id="sm-263">
         <name>__TI_decompress_lzss</name>
         <value>0x4f4d</value>
         <object_component_ref idref="oc-1c"/>
      </symbol>
      <symbol id="sm-2ac">
         <name>__TI_printfi</name>
         <value>0x16dd</value>
         <object_component_ref idref="oc-1fb"/>
      </symbol>
      <symbol id="sm-2b6">
         <name>frexp</name>
         <value>0x54a9</value>
         <object_component_ref idref="oc-250"/>
      </symbol>
      <symbol id="sm-2b7">
         <name>frexpl</name>
         <value>0x54a9</value>
         <object_component_ref idref="oc-250"/>
      </symbol>
      <symbol id="sm-2c1">
         <name>scalbn</name>
         <value>0x48cd</value>
         <object_component_ref idref="oc-254"/>
      </symbol>
      <symbol id="sm-2c2">
         <name>ldexp</name>
         <value>0x48cd</value>
         <object_component_ref idref="oc-254"/>
      </symbol>
      <symbol id="sm-2c3">
         <name>scalbnl</name>
         <value>0x48cd</value>
         <object_component_ref idref="oc-254"/>
      </symbol>
      <symbol id="sm-2c4">
         <name>ldexpl</name>
         <value>0x48cd</value>
         <object_component_ref idref="oc-254"/>
      </symbol>
      <symbol id="sm-2cd">
         <name>wcslen</name>
         <value>0x5e9d</value>
         <object_component_ref idref="oc-225"/>
      </symbol>
      <symbol id="sm-2d8">
         <name>__aeabi_errno_addr</name>
         <value>0x5f29</value>
         <object_component_ref idref="oc-229"/>
      </symbol>
      <symbol id="sm-2d9">
         <name>__aeabi_errno</name>
         <value>0x20200a70</value>
         <object_component_ref idref="oc-246"/>
      </symbol>
      <symbol id="sm-2e3">
         <name>abort</name>
         <value>0x5f3f</value>
         <object_component_ref idref="oc-161"/>
      </symbol>
      <symbol id="sm-2ed">
         <name>__TI_ltoa</name>
         <value>0x5505</value>
         <object_component_ref idref="oc-258"/>
      </symbol>
      <symbol id="sm-2f9">
         <name>atoi</name>
         <value>0x5939</value>
         <object_component_ref idref="oc-221"/>
      </symbol>
      <symbol id="sm-303">
         <name>memccpy</name>
         <value>0x5d1d</value>
         <object_component_ref idref="oc-216"/>
      </symbol>
      <symbol id="sm-309">
         <name>__aeabi_ctype_table_</name>
         <value>0x7940</value>
         <object_component_ref idref="oc-23f"/>
      </symbol>
      <symbol id="sm-30a">
         <name>__aeabi_ctype_table_C</name>
         <value>0x7940</value>
         <object_component_ref idref="oc-23f"/>
      </symbol>
      <symbol id="sm-315">
         <name>HOSTexit</name>
         <value>0x5f45</value>
         <object_component_ref idref="oc-1c0"/>
      </symbol>
      <symbol id="sm-316">
         <name>C$$EXIT</name>
         <value>0x5f44</value>
         <object_component_ref idref="oc-1c0"/>
      </symbol>
      <symbol id="sm-32b">
         <name>__aeabi_fadd</name>
         <value>0x49af</value>
         <object_component_ref idref="oc-114"/>
      </symbol>
      <symbol id="sm-32c">
         <name>__addsf3</name>
         <value>0x49af</value>
         <object_component_ref idref="oc-114"/>
      </symbol>
      <symbol id="sm-32d">
         <name>__aeabi_fsub</name>
         <value>0x49a5</value>
         <object_component_ref idref="oc-114"/>
      </symbol>
      <symbol id="sm-32e">
         <name>__subsf3</name>
         <value>0x49a5</value>
         <object_component_ref idref="oc-114"/>
      </symbol>
      <symbol id="sm-334">
         <name>__aeabi_dadd</name>
         <value>0x359b</value>
         <object_component_ref idref="oc-7d"/>
      </symbol>
      <symbol id="sm-335">
         <name>__adddf3</name>
         <value>0x359b</value>
         <object_component_ref idref="oc-7d"/>
      </symbol>
      <symbol id="sm-336">
         <name>__aeabi_dsub</name>
         <value>0x3591</value>
         <object_component_ref idref="oc-7d"/>
      </symbol>
      <symbol id="sm-337">
         <name>__subdf3</name>
         <value>0x3591</value>
         <object_component_ref idref="oc-7d"/>
      </symbol>
      <symbol id="sm-340">
         <name>__aeabi_dmul</name>
         <value>0x4629</value>
         <object_component_ref idref="oc-79"/>
      </symbol>
      <symbol id="sm-341">
         <name>__muldf3</name>
         <value>0x4629</value>
         <object_component_ref idref="oc-79"/>
      </symbol>
      <symbol id="sm-347">
         <name>__muldsi3</name>
         <value>0x5aa5</value>
         <object_component_ref idref="oc-e5"/>
      </symbol>
      <symbol id="sm-34d">
         <name>__aeabi_fmul</name>
         <value>0x4e3d</value>
         <object_component_ref idref="oc-110"/>
      </symbol>
      <symbol id="sm-34e">
         <name>__mulsf3</name>
         <value>0x4e3d</value>
         <object_component_ref idref="oc-110"/>
      </symbol>
      <symbol id="sm-354">
         <name>__aeabi_fdiv</name>
         <value>0x4ec9</value>
         <object_component_ref idref="oc-118"/>
      </symbol>
      <symbol id="sm-355">
         <name>__divsf3</name>
         <value>0x4ec9</value>
         <object_component_ref idref="oc-118"/>
      </symbol>
      <symbol id="sm-35b">
         <name>__aeabi_ddiv</name>
         <value>0x4155</value>
         <object_component_ref idref="oc-102"/>
      </symbol>
      <symbol id="sm-35c">
         <name>__divdf3</name>
         <value>0x4155</value>
         <object_component_ref idref="oc-102"/>
      </symbol>
      <symbol id="sm-362">
         <name>__aeabi_f2d</name>
         <value>0x58f9</value>
         <object_component_ref idref="oc-9d"/>
      </symbol>
      <symbol id="sm-363">
         <name>__extendsfdf2</name>
         <value>0x58f9</value>
         <object_component_ref idref="oc-9d"/>
      </symbol>
      <symbol id="sm-369">
         <name>__aeabi_d2iz</name>
         <value>0x5751</value>
         <object_component_ref idref="oc-93"/>
      </symbol>
      <symbol id="sm-36a">
         <name>__fixdfsi</name>
         <value>0x5751</value>
         <object_component_ref idref="oc-93"/>
      </symbol>
      <symbol id="sm-370">
         <name>__aeabi_f2iz</name>
         <value>0x5b19</value>
         <object_component_ref idref="oc-11c"/>
      </symbol>
      <symbol id="sm-371">
         <name>__fixsfsi</name>
         <value>0x5b19</value>
         <object_component_ref idref="oc-11c"/>
      </symbol>
      <symbol id="sm-377">
         <name>__aeabi_i2d</name>
         <value>0x5c55</value>
         <object_component_ref idref="oc-75"/>
      </symbol>
      <symbol id="sm-378">
         <name>__floatsidf</name>
         <value>0x5c55</value>
         <object_component_ref idref="oc-75"/>
      </symbol>
      <symbol id="sm-37e">
         <name>__aeabi_i2f</name>
         <value>0x59b5</value>
         <object_component_ref idref="oc-10c"/>
      </symbol>
      <symbol id="sm-37f">
         <name>__floatsisf</name>
         <value>0x59b5</value>
         <object_component_ref idref="oc-10c"/>
      </symbol>
      <symbol id="sm-385">
         <name>__aeabi_lmul</name>
         <value>0x5cf9</value>
         <object_component_ref idref="oc-22e"/>
      </symbol>
      <symbol id="sm-386">
         <name>__muldi3</name>
         <value>0x5cf9</value>
         <object_component_ref idref="oc-22e"/>
      </symbol>
      <symbol id="sm-38c">
         <name>__aeabi_dcmpeq</name>
         <value>0x52c1</value>
         <object_component_ref idref="oc-81"/>
      </symbol>
      <symbol id="sm-38d">
         <name>__aeabi_dcmplt</name>
         <value>0x52d5</value>
         <object_component_ref idref="oc-81"/>
      </symbol>
      <symbol id="sm-38e">
         <name>__aeabi_dcmple</name>
         <value>0x52e9</value>
         <object_component_ref idref="oc-81"/>
      </symbol>
      <symbol id="sm-38f">
         <name>__aeabi_dcmpge</name>
         <value>0x52fd</value>
         <object_component_ref idref="oc-81"/>
      </symbol>
      <symbol id="sm-390">
         <name>__aeabi_dcmpgt</name>
         <value>0x5311</value>
         <object_component_ref idref="oc-81"/>
      </symbol>
      <symbol id="sm-396">
         <name>__aeabi_fcmpeq</name>
         <value>0x5325</value>
         <object_component_ref idref="oc-120"/>
      </symbol>
      <symbol id="sm-397">
         <name>__aeabi_fcmplt</name>
         <value>0x5339</value>
         <object_component_ref idref="oc-120"/>
      </symbol>
      <symbol id="sm-398">
         <name>__aeabi_fcmple</name>
         <value>0x534d</value>
         <object_component_ref idref="oc-120"/>
      </symbol>
      <symbol id="sm-399">
         <name>__aeabi_fcmpge</name>
         <value>0x5361</value>
         <object_component_ref idref="oc-120"/>
      </symbol>
      <symbol id="sm-39a">
         <name>__aeabi_fcmpgt</name>
         <value>0x5375</value>
         <object_component_ref idref="oc-120"/>
      </symbol>
      <symbol id="sm-3a0">
         <name>__aeabi_idiv</name>
         <value>0x55b5</value>
         <object_component_ref idref="oc-71"/>
      </symbol>
      <symbol id="sm-3a1">
         <name>__aeabi_idivmod</name>
         <value>0x55b5</value>
         <object_component_ref idref="oc-71"/>
      </symbol>
      <symbol id="sm-3a7">
         <name>__aeabi_memcpy</name>
         <value>0x5f31</value>
         <object_component_ref idref="oc-4f"/>
      </symbol>
      <symbol id="sm-3a8">
         <name>__aeabi_memcpy4</name>
         <value>0x5f31</value>
         <object_component_ref idref="oc-4f"/>
      </symbol>
      <symbol id="sm-3a9">
         <name>__aeabi_memcpy8</name>
         <value>0x5f31</value>
         <object_component_ref idref="oc-4f"/>
      </symbol>
      <symbol id="sm-3b2">
         <name>__aeabi_memset</name>
         <value>0x5ebd</value>
         <object_component_ref idref="oc-215"/>
      </symbol>
      <symbol id="sm-3b3">
         <name>__aeabi_memset4</name>
         <value>0x5ebd</value>
         <object_component_ref idref="oc-215"/>
      </symbol>
      <symbol id="sm-3b4">
         <name>__aeabi_memset8</name>
         <value>0x5ebd</value>
         <object_component_ref idref="oc-215"/>
      </symbol>
      <symbol id="sm-3b5">
         <name>__aeabi_memclr</name>
         <value>0x5ed9</value>
         <object_component_ref idref="oc-c8"/>
      </symbol>
      <symbol id="sm-3b6">
         <name>__aeabi_memclr4</name>
         <value>0x5ed9</value>
         <object_component_ref idref="oc-c8"/>
      </symbol>
      <symbol id="sm-3b7">
         <name>__aeabi_memclr8</name>
         <value>0x5ed9</value>
         <object_component_ref idref="oc-c8"/>
      </symbol>
      <symbol id="sm-3bd">
         <name>__aeabi_uidiv</name>
         <value>0x58b9</value>
         <object_component_ref idref="oc-21b"/>
      </symbol>
      <symbol id="sm-3be">
         <name>__aeabi_uidivmod</name>
         <value>0x58b9</value>
         <object_component_ref idref="oc-21b"/>
      </symbol>
      <symbol id="sm-3c4">
         <name>__aeabi_uldivmod</name>
         <value>0x5e19</value>
         <object_component_ref idref="oc-233"/>
      </symbol>
      <symbol id="sm-3cd">
         <name>__eqsf2</name>
         <value>0x5a69</value>
         <object_component_ref idref="oc-190"/>
      </symbol>
      <symbol id="sm-3ce">
         <name>__lesf2</name>
         <value>0x5a69</value>
         <object_component_ref idref="oc-190"/>
      </symbol>
      <symbol id="sm-3cf">
         <name>__ltsf2</name>
         <value>0x5a69</value>
         <object_component_ref idref="oc-190"/>
      </symbol>
      <symbol id="sm-3d0">
         <name>__nesf2</name>
         <value>0x5a69</value>
         <object_component_ref idref="oc-190"/>
      </symbol>
      <symbol id="sm-3d1">
         <name>__cmpsf2</name>
         <value>0x5a69</value>
         <object_component_ref idref="oc-190"/>
      </symbol>
      <symbol id="sm-3d2">
         <name>__gtsf2</name>
         <value>0x59f1</value>
         <object_component_ref idref="oc-195"/>
      </symbol>
      <symbol id="sm-3d3">
         <name>__gesf2</name>
         <value>0x59f1</value>
         <object_component_ref idref="oc-195"/>
      </symbol>
      <symbol id="sm-3d9">
         <name>__udivmoddi4</name>
         <value>0x4be9</value>
         <object_component_ref idref="oc-24b"/>
      </symbol>
      <symbol id="sm-3df">
         <name>__aeabi_llsl</name>
         <value>0x5d61</value>
         <object_component_ref idref="oc-264"/>
      </symbol>
      <symbol id="sm-3e0">
         <name>__ashldi3</name>
         <value>0x5d61</value>
         <object_component_ref idref="oc-264"/>
      </symbol>
      <symbol id="sm-3ee">
         <name>__ledf2</name>
         <value>0x5129</value>
         <object_component_ref idref="oc-eb"/>
      </symbol>
      <symbol id="sm-3ef">
         <name>__gedf2</name>
         <value>0x50b5</value>
         <object_component_ref idref="oc-f1"/>
      </symbol>
      <symbol id="sm-3f0">
         <name>__cmpdf2</name>
         <value>0x5129</value>
         <object_component_ref idref="oc-eb"/>
      </symbol>
      <symbol id="sm-3f1">
         <name>__eqdf2</name>
         <value>0x5129</value>
         <object_component_ref idref="oc-eb"/>
      </symbol>
      <symbol id="sm-3f2">
         <name>__ltdf2</name>
         <value>0x5129</value>
         <object_component_ref idref="oc-eb"/>
      </symbol>
      <symbol id="sm-3f3">
         <name>__nedf2</name>
         <value>0x5129</value>
         <object_component_ref idref="oc-eb"/>
      </symbol>
      <symbol id="sm-3f4">
         <name>__gtdf2</name>
         <value>0x50b5</value>
         <object_component_ref idref="oc-f1"/>
      </symbol>
      <symbol id="sm-400">
         <name>__aeabi_idiv0</name>
         <value>0x4f4b</value>
         <object_component_ref idref="oc-de"/>
      </symbol>
      <symbol id="sm-401">
         <name>__aeabi_ldiv0</name>
         <value>0x503f</value>
         <object_component_ref idref="oc-263"/>
      </symbol>
      <symbol id="sm-41b">
         <name>memcpy</name>
         <value>0x4c8b</value>
         <object_component_ref idref="oc-13a"/>
      </symbol>
      <symbol id="sm-42a">
         <name>memset</name>
         <value>0x5387</value>
         <object_component_ref idref="oc-19d"/>
      </symbol>
      <symbol id="sm-42b">
         <name>__TI_static_base__</name>
         <value>0x0</value>
      </symbol>
      <symbol id="sm-42f">
         <name>__mpu_init</name>
         <value>0x0</value>
      </symbol>
      <symbol id="sm-430">
         <name>_system_post_cinit</name>
         <value>0x0</value>
      </symbol>
   </symbol_table>
   <title>Link successful</title>
</link_info>
