******************************************************************************
            TI ARM Clang Linker PC v4.0.3                      
******************************************************************************
>> Linked Fri Aug  1 01:40:36 2025

OUTPUT FILE NAME:   <CAR-V2.out>
ENTRY POINT SYMBOL: "_c_int00_noargs"  address: 000051c5


MEMORY CONFIGURATION

         name            origin    length      used     unused   attr    fill
----------------------  --------  ---------  --------  --------  ----  --------
  FLASH                 00000000   00020000  00006fe0  00019020  R  X
  SRAM                  20200000   00008000  00000ca6  0000735a  RW X
  BCR_CONFIG            41c00000   000000ff  00000000  000000ff  R   
  BSL_CONFIG            41c00100   00000080  00000000  00000080  R   


SEGMENT ALLOCATION MAP

run origin  load origin   length   init length attrs members
----------  ----------- ---------- ----------- ----- -------
00000000    00000000    00006fe0   00006fe0    r-x
  00000000    00000000    000000c0   000000c0    r-- .intvecs
  000000c0    000000c0    00005350   00005350    r-x .text
  00005410    00005410    00001ba0   00001ba0    r-- .rodata
  00006fb0    00006fb0    00000030   00000030    r-- .cinit
20200000    20200000    00000aa6   00000000    rw-
  20200000    20200000    00000a10   00000000    rw- .bss
  20200a10    20200a10    00000096   00000000    rw- .data
20207e00    20207e00    00000200   00000000    rw-
  20207e00    20207e00    00000200   00000000    rw- .stack


SECTION ALLOCATION MAP

 output                                  attributes/
section   page    origin      length       input sections
--------  ----  ----------  ----------   ----------------
.intvecs   0    00000000    000000c0     
                  00000000    000000c0     startup_mspm0g350x_ticlang.o (.intvecs)

.text      0    000000c0    00005350     
                  000000c0    00000b8c     oled.o (.text.OLED_Init)
                  00000c4c    00000a90     oled.o (.text.OLED_Clear)
                  000016dc    00000868     libc.a : _printfi.c.obj (.text:__TI_printfi_nofloat)
                  00001f44    0000047c     control.o (.text.TIMA1_IRQHandler)
                  000023c0    00000394     oled.o (.text.OLED_WR_Byte)
                  00002754    00000340     oled.o (.text.OLED_Refresh)
                  00002a94    00000278     main.o (.text.main)
                  00002d0c    00000270     oled.o (.text.OLED_ShowChar)
                  00002f7c    0000019c     line.o (.text.line_err)
                  00003118    00000192     libclang_rt.builtins.a : adddf3.S.obj (.text.adddf3_subdf3)
                  000032aa    00000002     startup_mspm0g350x_ticlang.o (.text.Default_Handler)
                  000032ac    00000164     pid.o (.text.pid_turn_angle_Calc)
                  00003410    00000140     control.o (.text.location_speed_control)
                  00003550    0000012c     pid.o (.text.pid_speed_Calc)
                  0000367c    00000120     control.o (.text.line_speed_control)
                  0000379c    00000120     control.o (.text.turn_angle_speed_control)
                  000038bc    0000010c     libclang_rt.builtins.a : divdf3.S.obj (.text.__divdf3)
                  000039c8    00000104     driverlib.a : dl_timer.o (.text.DL_Timer_initFourCCPWMMode)
                  00003acc    000000f0     pid.o (.text.pid_location_Calc)
                  00003bbc    000000ec     ti_msp_dl_config.o (.text.SYSCFG_DL_GPIO_init)
                  00003ca8    000000e8     driverlib.a : dl_timer.o (.text.DL_Timer_initTimerMode)
                  00003d90    000000e8     line.o (.text.line_pid_realize)
                  00003e78    000000e4     libclang_rt.builtins.a : muldf3.S.obj (.text.__muldf3)
                  00003f5c    000000dc     driverlib.a : dl_sysctl_mspm0g1x0x_g3x0x.o (.text.DL_SYSCTL_configSYSPLL)
                  00004038    000000d8     libclang_rt.builtins.a : addsf3.S.obj (.text)
                  00004110    000000c4     smooth.o (.text.smooth_target)
                  000041d4    000000a8     encoder.o (.text.GROUP1_IRQHandler)
                  0000427c    000000a2     libclang_rt.builtins.a : udivmoddi4.S.obj (.text)
                  0000431e    00000002                            : aeabi_div0.c.obj (.text.__aeabi_idiv0)
                  00004320    0000009c     control.o (.text.car_go_line)
                  000043bc    0000009a     libc.a : memcpy16.S.obj (.text:memcpy)
                  00004456    0000008c     oled.o (.text.OLED_ShowString)
                  000044e2    00000002     libclang_rt.builtins.a : aeabi_div0.c.obj (.text.__aeabi_ldiv0)
                  000044e4    0000008c     ti_msp_dl_config.o (.text.SYSCFG_DL_PWM_MOTOR_init)
                  00004570    0000008c     libclang_rt.builtins.a : mulsf3.S.obj (.text.__mulsf3)
                  000045fc    00000082                            : divsf3.S.obj (.text.__divsf3)
                  0000467e    00000002     --HOLE-- [fill = 0]
                  00004680    0000007c     libc.a : copy_decompress_lzss.c.obj (.text:decompress:lzss)
                  000046fc    00000076     pid.o (.text.pid_Init)
                  00004772    00000002     --HOLE-- [fill = 0]
                  00004774    00000074     ti_msp_dl_config.o (.text.SYSCFG_DL_UART1_init)
                  000047e8    00000074     libclang_rt.builtins.a : comparedf2.c.obj (.text.__gedf2)
                  0000485c    00000068                            : comparedf2.c.obj (.text.__ledf2)
                  000048c4    00000064     ti_msp_dl_config.o (.text.SYSCFG_DL_SYSCTL_init)
                  00004928    00000064     motor.o (.text.motor_load_pwm)
                  0000498c    00000062     libclang_rt.builtins.a : aeabi_dcmp.S.obj (.text.__aeabi_dcmp)
                  000049ee    00000002     --HOLE-- [fill = 0]
                  000049f0    00000062                            : aeabi_fcmp.S.obj (.text.__aeabi_fcmp)
                  00004a52    00000062     libc.a : memset16.S.obj (.text:memset)
                  00004ab4    00000060     ti_msp_dl_config.o (.text.SYSCFG_DL_UART0_init)
                  00004b14    00000060     smooth.o (.text.soft_start)
                  00004b74    00000056     libclang_rt.builtins.a : aeabi_idivmod.S.obj (.text.__aeabi_idivmod)
                  00004bca    00000002     --HOLE-- [fill = 0]
                  00004bcc    00000054     ti_msp_dl_config.o (.text.SYSCFG_DL_initPower)
                  00004c20    00000050     pid.o (.text.limit_abs)
                  00004c70    0000004c     smooth.o (.text.filter_speed)
                  00004cbc    0000004a     libclang_rt.builtins.a : fixdfsi.S.obj (.text.__fixdfsi)
                  00004d06    00000002     --HOLE-- [fill = 0]
                  00004d08    00000048     driverlib.a : dl_uart.o (.text.DL_UART_init)
                  00004d50    00000048     ti_msp_dl_config.o (.text.SYSCFG_DL_TIMER_0_init)
                  00004d98    00000044     driverlib.a : dl_sysctl_mspm0g1x0x_g3x0x.o (.text.DL_SYSCTL_switchMCLKfromSYSOSCtoHSCLK)
                  00004ddc    00000040     libclang_rt.builtins.a : aeabi_uidivmod.S.obj (.text.__aeabi_uidivmod)
                  00004e1c    00000040                            : extendsfdf2.S.obj (.text.__extendsfdf2)
                  00004e5c    00000040     libc.a : atoi.c.obj (.text.atoi)
                  00004e9c    0000003c     delay.o (.text.Delay_us)
                  00004ed8    0000003c     libclang_rt.builtins.a : floatsisf.S.obj (.text.__floatsisf)
                  00004f14    0000003c                            : comparesf2.S.obj (.text.__gtsf2)
                  00004f50    0000003c     libc.a : autoinit.c.obj (.text:__TI_auto_init_nobinit_nopinit)
                  00004f8c    0000003a     libclang_rt.builtins.a : comparesf2.S.obj (.text.__eqsf2)
                  00004fc6    00000002     --HOLE-- [fill = 0]
                  00004fc8    0000003a                            : muldsi3.S.obj (.text.__muldsi3)
                  00005002    00000002     --HOLE-- [fill = 0]
                  00005004    00000038     uart.o (.text.UART0_IRQHandler)
                  0000503c    00000038     libclang_rt.builtins.a : fixsfsi.S.obj (.text.__fixsfsi)
                  00005074    00000038     motor.o (.text.motor1_set_disable)
                  000050ac    00000038     libc.a : sprintf.c.obj (.text.sprintf)
                  000050e4    00000034     ti_msp_dl_config.o (.text.SYSCFG_DL_init)
                  00005118    00000030     motor.o (.text.motor_limit_pwm)
                  00005148    0000002c     libclang_rt.builtins.a : floatsidf.S.obj (.text.__floatsidf)
                  00005174    00000028     ti_msp_dl_config.o (.text.SYSCFG_DL_SYSCTL_CLK_init)
                  0000519c    00000028     motor.o (.text.motor2_set_disable)
                  000051c4    00000028     libc.a : boot_cortex_m.c.obj (.text:_c_int00_noargs)
                  000051ec    00000024     libclang_rt.builtins.a : muldi3.S.obj (.text.__muldi3)
                  00005210    00000022     libc.a : memccpy.c.obj (.text.memccpy)
                  00005232    00000002     --HOLE-- [fill = 0]
                  00005234    00000020     ti_msp_dl_config.o (.text.SYSCFG_DL_SYSTICK_init)
                  00005254    0000001e     libclang_rt.builtins.a : ashldi3.S.obj (.text.__ashldi3)
                  00005272    00000002     --HOLE-- [fill = 0]
                  00005274    0000001c     driverlib.a : dl_timer.o (.text.DL_Timer_setCaptCompUpdateMethod)
                  00005290    0000001c                 : dl_timer.o (.text.DL_Timer_setClockConfig)
                  000052ac    00000018                 : dl_timer.o (.text.DL_Timer_setCaptureCompareOutCtl)
                  000052c4    00000018     libc.a : sprintf.c.obj (.text._outs)
                  000052dc    00000018     motor.o (.text.motor1_set_enable)
                  000052f4    00000018     motor.o (.text.motor2_set_enable)
                  0000530c    00000014     libclang_rt.builtins.a : aeabi_uldivmod.S.obj (.text.__aeabi_uldivmod)
                  00005320    00000014     encoder.o (.text.read_encoder_left)
                  00005334    00000014     encoder.o (.text.read_encoder_right)
                  00005348    00000012     driverlib.a : dl_uart.o (.text.DL_UART_setClockConfig)
                  0000535a    00000012     libc.a : copy_decompress_none.c.obj (.text:decompress:none)
                  0000536c    00000010     driverlib.a : dl_timer.o (.text.DL_Timer_setCaptureCompareValue)
                  0000537c    00000010     libc.a : wcslen.c.obj (.text.wcslen)
                  0000538c    00000010            : copy_zero_init.c.obj (.text:decompress:ZI)
                  0000539c    0000000e     libclang_rt.builtins.a : aeabi_memset.S.obj (.text.__aeabi_memset)
                  000053aa    0000000e     libc.a : _printfi.c.obj (.text.strlen)
                  000053b8    0000000c     libclang_rt.builtins.a : aeabi_memset.S.obj (.text.__aeabi_memclr)
                  000053c4    0000000c     buzz.o (.text.buzz_Init)
                  000053d0    0000000a     driverlib.a : dl_common.o (.text.DL_Common_delayCycles)
                  000053da    0000000a     libc.a : sprintf.c.obj (.text._outc)
                  000053e4    00000008            : aeabi_portable.c.obj (.text.__aeabi_errno_addr)
                  000053ec    00000008     libclang_rt.builtins.a : aeabi_memcpy.S.obj (.text.__aeabi_memcpy)
                  000053f4    00000006     pid.o (.text.pid_Set_Target)
                  000053fa    00000006     libc.a : exit.c.obj (.text:abort)
                  00005400    00000004     libsysbm.a : hostexit.c.obj (.text.HOSTexit)
                  00005404    00000004     startup_mspm0g350x_ticlang.o (.text.Reset_Handler)
                  00005408    00000004     libc.a : pre_init.c.obj (.text._system_pre_init)
                  0000540c    00000004     --HOLE-- [fill = 0]

.cinit     0    00006fb0    00000030     
                  00006fb0    0000000c     (__TI_handler_table)
                  00006fbc    00000009     (.cinit..data.load) [load image, compression = lzss]
                  00006fc5    00000003     --HOLE-- [fill = 0]
                  00006fc8    00000008     (.cinit..bss.load) [load image, compression = zero_init]
                  00006fd0    00000010     (__TI_cinit_table)

.rodata    0    00005410    00001ba0     
                  00005410    00000d5c     oled.o (.rodata.asc2_2412)
                  0000616c    000005f0     oled.o (.rodata.asc2_1608)
                  0000675c    00000474     oled.o (.rodata.asc2_1206)
                  00006bd0    00000228     oled.o (.rodata.asc2_0806)
                  00006df8    00000008     ti_msp_dl_config.o (.rodata.gPWM_MOTORConfig)
                  00006e00    00000101     libc.a : aeabi_ctype.S.obj (.rodata:__aeabi_ctype_table_)
                  00006f01    00000003     ti_msp_dl_config.o (.rodata.gPWM_MOTORClockConfig)
                  00006f04    00000028     ti_msp_dl_config.o (.rodata.gSYSPLLConfig)
                  00006f2c    00000017     main.o (.rodata.str1.15159059442110792349.1)
                  00006f43    00000001     --HOLE-- [fill = 0]
                  00006f44    00000014     ti_msp_dl_config.o (.rodata.gTIMER_0TimerConfig)
                  00006f58    00000011     libc.a : _printfi.c.obj (.rodata.str1.10348868589481759720.1)
                  00006f69    00000011            : _printfi.c.obj (.rodata.str1.15363888844622738466.1)
                  00006f7a    0000000a     ti_msp_dl_config.o (.rodata.gUART0Config)
                  00006f84    0000000a     ti_msp_dl_config.o (.rodata.gUART1Config)
                  00006f8e    00000009     main.o (.rodata.str1.8154729771448623357.1)
                  00006f97    00000008     main.o (.rodata.str1.17100691992556644108.1)
                  00006f9f    00000008     main.o (.rodata.str1.18227636981041470289.1)
                  00006fa7    00000003     ti_msp_dl_config.o (.rodata.gTIMER_0ClockConfig)
                  00006faa    00000002     ti_msp_dl_config.o (.rodata.gUART0ClockConfig)
                  00006fac    00000002     ti_msp_dl_config.o (.rodata.gUART1ClockConfig)
                  00006fae    00000002     --HOLE-- [fill = 0]

.init_array 
*          0    00000000    00000000     UNINITIALIZED

.binit     0    00000000    00000000     

.bss       0    20200000    00000a10     UNINITIALIZED
                  20200000    00000480     (.common:OLED_GRAM)
                  20200480    000000bc     (.common:gTIMER_0Backup)
                  2020053c    00000004     (.common:g_yaw_jy60)
                  20200540    000000b0     (.common:g_pid_line)
                  202005f0    000000b0     (.common:g_pid_location1)
                  202006a0    000000b0     (.common:g_pid_location2)
                  20200750    000000b0     (.common:g_pid_speed1)
                  20200800    000000b0     (.common:g_pid_speed2)
                  202008b0    000000b0     (.common:g_pid_straight)
                  20200960    000000b0     (.common:g_pid_turn_angle)

.data      0    20200a10    00000096     UNINITIALIZED
                  20200a10    00000008     control.o (.data.g_ftarget_journey)
                  20200a18    00000008     control.o (.data.g_location1_outval)
                  20200a20    00000008     control.o (.data.g_location2_outval)
                  20200a28    00000008     control.o (.data.g_motor1_journey_cm)
                  20200a30    00000008     control.o (.data.g_motor2_journey_cm)
                  20200a38    00000008     control.o (.data.g_speed1_outval)
                  20200a40    00000008     control.o (.data.g_speed2_outval)
                  20200a48    00000008     control.o (.data.g_speed3_outval)
                  20200a50    00000008     control.o (.data.g_speed4_outval)
                  20200a58    00000008     control.o (.data.g_turn_outval)
                  20200a60    00000004     libc.a : aeabi_portable.c.obj (.data.__aeabi_errno)
                  20200a64    00000004     encoder.o (.data._encoder_l_count)
                  20200a68    00000004     encoder.o (.data._encoder_r_count)
                  20200a6c    00000004     main.o (.data.circle_num)
                  20200a70    00000004     control.o (.data.count2)
                  20200a74    00000004     main.o (.data.count)
                  20200a78    00000004     line.o (.data.g_line_last_err)
                  20200a7c    00000004     control.o (.data.g_motor1_pwm)
                  20200a80    00000004     control.o (.data.g_motor2_pwm)
                  20200a84    00000004     control.o (.data.g_sigma_motor1pluse)
                  20200a88    00000004     control.o (.data.g_sigma_motor2pluse)
                  20200a8c    00000004     line.o (.data.line_pid_integral)
                  20200a90    00000004     line.o (.data.line_pid_last_err)
                  20200a94    00000002     control.o (.data.g_unittime_motor1pluse)
                  20200a96    00000002     control.o (.data.g_unittime_motor2pluse)
                  20200a98    00000001     control.o (.data.g_Angle_Flag)
                  20200a99    00000001     control.o (.data.g_Gostraght)
                  20200a9a    00000001     control.o (.data.g_Line_Flag)
                  20200a9b    00000001     control.o (.data.g_Spin_Start_Flag)
                  20200a9c    00000001     control.o (.data.g_Spin_Succeed_Flag)
                  20200a9d    00000001     control.o (.data.g_Stop_Flag)
                  20200a9e    00000001     control.o (.data.g_Straight_Flag)
                  20200a9f    00000001     motor.o (.data.g_is_motor1_enabled)
                  20200aa0    00000001     motor.o (.data.g_is_motor2_enabled)
                  20200aa1    00000001     control.o (.data.g_line_speed_control_count)
                  20200aa2    00000001     control.o (.data.g_location_control_count)
                  20200aa3    00000001     control.o (.data.g_stop_count)
                  20200aa4    00000001     control.o (.data.g_turn_angle_control_count)
                  20200aa5    00000001     uart.o (.data.uart_data)

.stack     0    20207e00    00000200     UNINITIALIZED
                  20207e00    00000004     libc.a : boot_cortex_m.c.obj (.stack)
                  20207e04    000001fc     --HOLE--

__llvm_prf_cnts 
*          0    20200000    00000000     UNINITIALIZED

__llvm_prf_bits 
*          0    20200000    00000000     UNINITIALIZED

MODULE SUMMARY

       Module                         code    ro data   rw data
       ------                         ----    -------   -------
    .\
       ti_msp_dl_config.o             968     98        188    
       main.o                         632     48        8      
       startup_mspm0g350x_ticlang.o   6       192       0      
    +--+------------------------------+-------+---------+---------+
       Total:                         1606    338       196    
                                                               
    .\Hardware\buzz\
       buzz.o                         12      0         0      
    +--+------------------------------+-------+---------+---------+
       Total:                         12      0         0      
                                                               
    .\Hardware\control\
       control.o                      2200    0         115    
    +--+------------------------------+-------+---------+---------+
       Total:                         2200    0         115    
                                                               
    .\Hardware\delay\
       delay.o                        60      0         0      
    +--+------------------------------+-------+---------+---------+
       Total:                         60      0         0      
                                                               
    .\Hardware\encoder\
       encoder.o                      208     0         8      
    +--+------------------------------+-------+---------+---------+
       Total:                         208     0         8      
                                                               
    .\Hardware\jy60\
       jy60.o                         0       0         4      
    +--+------------------------------+-------+---------+---------+
       Total:                         0       0         4      
                                                               
    .\Hardware\line\
       line.o                         644     0         12     
    +--+------------------------------+-------+---------+---------+
       Total:                         644     0         12     
                                                               
    .\Hardware\motor\
       motor.o                        292     0         2      
    +--+------------------------------+-------+---------+---------+
       Total:                         292     0         2      
                                                               
    .\Hardware\oled\
       oled.o                         8172    6632      1152   
    +--+------------------------------+-------+---------+---------+
       Total:                         8172    6632      1152   
                                                               
    .\Hardware\pid\
       pid.o                          1100    0         1232   
       smooth.o                       368     0         0      
    +--+------------------------------+-------+---------+---------+
       Total:                         1468    0         1232   
                                                               
    .\Hardware\uart\
       uart.o                         56      0         1      
    +--+------------------------------+-------+---------+---------+
       Total:                         56      0         1      
                                                               
    C:/ti/mspm0_sdk_2_05_00_05/source/ti/driverlib/lib/ticlang/m0p/mspm0g1x0x_g3x0x/driverlib.a
       dl_timer.o                     588     0         0      
       dl_sysctl_mspm0g1x0x_g3x0x.o   288     0         0      
       dl_uart.o                      90      0         0      
       dl_common.o                    10      0         0      
    +--+------------------------------+-------+---------+---------+
       Total:                         976     0         0      
                                                               
    C:\ti\ccs2020\ccs\tools\compiler\ti-cgt-armllvm_4.0.3.LTS\lib\armv6m-ti-none-eabi/c/libc.a
       _printfi.c.obj                 2166    34        0      
       aeabi_ctype.S.obj              0       257       0      
       memcpy16.S.obj                 154     0         0      
       copy_decompress_lzss.c.obj     124     0         0      
       memset16.S.obj                 98      0         0      
       sprintf.c.obj                  90      0         0      
       atoi.c.obj                     64      0         0      
       autoinit.c.obj                 60      0         0      
       boot_cortex_m.c.obj            40      0         0      
       memccpy.c.obj                  34      0         0      
       copy_decompress_none.c.obj     18      0         0      
       copy_zero_init.c.obj           16      0         0      
       wcslen.c.obj                   16      0         0      
       aeabi_portable.c.obj           8       0         4      
       exit.c.obj                     6       0         0      
       pre_init.c.obj                 4       0         0      
    +--+------------------------------+-------+---------+---------+
       Total:                         2898    291       4      
                                                               
    C:\ti\ccs2020\ccs\tools\compiler\ti-cgt-armllvm_4.0.3.LTS\lib\armv6m-ti-none-eabi/c/libsysbm.a
       hostexit.c.obj                 4       0         0      
    +--+------------------------------+-------+---------+---------+
       Total:                         4       0         0      
                                                               
    C:\ti\ccs2020\ccs\tools\compiler\ti-cgt-armllvm_4.0.3.LTS\lib\armv6m-ti-none-eabi/libclang_rt.builtins.a
       adddf3.S.obj                   402     0         0      
       divdf3.S.obj                   268     0         0      
       muldf3.S.obj                   228     0         0      
       comparedf2.c.obj               220     0         0      
       addsf3.S.obj                   216     0         0      
       udivmoddi4.S.obj               162     0         0      
       mulsf3.S.obj                   140     0         0      
       divsf3.S.obj                   130     0         0      
       comparesf2.S.obj               118     0         0      
       aeabi_dcmp.S.obj               98      0         0      
       aeabi_fcmp.S.obj               98      0         0      
       aeabi_idivmod.S.obj            86      0         0      
       fixdfsi.S.obj                  74      0         0      
       aeabi_uidivmod.S.obj           64      0         0      
       extendsfdf2.S.obj              64      0         0      
       floatsisf.S.obj                60      0         0      
       muldsi3.S.obj                  58      0         0      
       fixsfsi.S.obj                  56      0         0      
       floatsidf.S.obj                44      0         0      
       muldi3.S.obj                   36      0         0      
       ashldi3.S.obj                  30      0         0      
       aeabi_memset.S.obj             26      0         0      
       aeabi_uldivmod.S.obj           20      0         0      
       aeabi_memcpy.S.obj             8       0         0      
       aeabi_div0.c.obj               4       0         0      
    +--+------------------------------+-------+---------+---------+
       Total:                         2710    0         0      
                                                               
       Stack:                         0       0         512    
       Linker Generated:              0       45        0      
    +--+------------------------------+-------+---------+---------+
       Grand Total:                   21306   7306      3238   


LINKER GENERATED COPY TABLES

__TI_cinit_table @ 00006fd0 records: 2, size/record: 8, table size: 16
	.data: load addr=00006fbc, load size=00000009 bytes, run addr=20200a10, run size=00000096 bytes, compression=lzss
	.bss: load addr=00006fc8, load size=00000008 bytes, run addr=20200000, run size=00000a10 bytes, compression=zero_init


LINKER GENERATED HANDLER TABLE

__TI_handler_table @ 00006fb0 records: 3, size/record: 4, table size: 12
	index: 0, handler: __TI_decompress_lzss
	index: 1, handler: __TI_decompress_none
	index: 2, handler: __TI_zero_init


GLOBAL SYMBOLS: SORTED ALPHABETICALLY BY Name 

address   name                                 
-------   ----                                 
000032ab  ADC0_IRQHandler                      
000032ab  ADC1_IRQHandler                      
000032ab  AES_IRQHandler                       
00005400  C$$EXIT                              
000032ab  CANFD0_IRQHandler                    
000032ab  DAC0_IRQHandler                      
000053d1  DL_Common_delayCycles                
00003f5d  DL_SYSCTL_configSYSPLL               
00004d99  DL_SYSCTL_switchMCLKfromSYSOSCtoHSCLK
000039c9  DL_Timer_initFourCCPWMMode           
00003ca9  DL_Timer_initTimerMode               
00005275  DL_Timer_setCaptCompUpdateMethod     
000052ad  DL_Timer_setCaptureCompareOutCtl     
0000536d  DL_Timer_setCaptureCompareValue      
00005291  DL_Timer_setClockConfig              
00004d09  DL_UART_init                         
00005349  DL_UART_setClockConfig               
000032ab  DMA_IRQHandler                       
000032ab  Default_Handler                      
00004e9d  Delay_us                             
000032ab  GROUP0_IRQHandler                    
000041d5  GROUP1_IRQHandler                    
00005401  HOSTexit                             
000032ab  HardFault_Handler                    
000032ab  I2C0_IRQHandler                      
000032ab  I2C1_IRQHandler                      
000032ab  NMI_Handler                          
00000c4d  OLED_Clear                           
20200000  OLED_GRAM                            
000000c1  OLED_Init                            
00002755  OLED_Refresh                         
00002d0d  OLED_ShowChar                        
00004457  OLED_ShowString                      
000023c1  OLED_WR_Byte                         
000032ab  PendSV_Handler                       
000032ab  RTC_IRQHandler                       
00005405  Reset_Handler                        
000032ab  SPI0_IRQHandler                      
000032ab  SPI1_IRQHandler                      
000032ab  SVC_Handler                          
00003bbd  SYSCFG_DL_GPIO_init                  
000044e5  SYSCFG_DL_PWM_MOTOR_init             
00005175  SYSCFG_DL_SYSCTL_CLK_init            
000048c5  SYSCFG_DL_SYSCTL_init                
00005235  SYSCFG_DL_SYSTICK_init               
00004d51  SYSCFG_DL_TIMER_0_init               
00004ab5  SYSCFG_DL_UART0_init                 
00004775  SYSCFG_DL_UART1_init                 
000050e5  SYSCFG_DL_init                       
00004bcd  SYSCFG_DL_initPower                  
000032ab  SysTick_Handler                      
000032ab  TIMA0_IRQHandler                     
00001f45  TIMA1_IRQHandler                     
000032ab  TIMG0_IRQHandler                     
000032ab  TIMG12_IRQHandler                    
000032ab  TIMG6_IRQHandler                     
000032ab  TIMG7_IRQHandler                     
000032ab  TIMG8_IRQHandler                     
00005005  UART0_IRQHandler                     
000032ab  UART1_IRQHandler                     
000032ab  UART2_IRQHandler                     
000032ab  UART3_IRQHandler                     
20208000  __STACK_END                          
00000200  __STACK_SIZE                         
00000000  __TI_ATRegion0_region_sz             
00000000  __TI_ATRegion0_src_addr              
00000000  __TI_ATRegion0_trg_addr              
00000000  __TI_ATRegion1_region_sz             
00000000  __TI_ATRegion1_src_addr              
00000000  __TI_ATRegion1_trg_addr              
00000000  __TI_ATRegion2_region_sz             
00000000  __TI_ATRegion2_src_addr              
00000000  __TI_ATRegion2_trg_addr              
00006fd0  __TI_CINIT_Base                      
00006fe0  __TI_CINIT_Limit                     
00006fe0  __TI_CINIT_Warm                      
00006fb0  __TI_Handler_Table_Base              
00006fbc  __TI_Handler_Table_Limit             
00004f51  __TI_auto_init_nobinit_nopinit       
00004681  __TI_decompress_lzss                 
0000535b  __TI_decompress_none                 
ffffffff  __TI_pprof_out_hndl                  
000016dd  __TI_printfi_nofloat                 
ffffffff  __TI_prof_data_size                  
ffffffff  __TI_prof_data_start                 
00000000  __TI_static_base__                   
0000538d  __TI_zero_init                       
00003123  __adddf3                             
00004043  __addsf3                             
00006e00  __aeabi_ctype_table_                 
00006e00  __aeabi_ctype_table_C                
00004cbd  __aeabi_d2iz                         
00003123  __aeabi_dadd                         
0000498d  __aeabi_dcmpeq                       
000049c9  __aeabi_dcmpge                       
000049dd  __aeabi_dcmpgt                       
000049b5  __aeabi_dcmple                       
000049a1  __aeabi_dcmplt                       
000038bd  __aeabi_ddiv                         
00003e79  __aeabi_dmul                         
00003119  __aeabi_dsub                         
20200a60  __aeabi_errno                        
000053e5  __aeabi_errno_addr                   
00004e1d  __aeabi_f2d                          
0000503d  __aeabi_f2iz                         
00004043  __aeabi_fadd                         
000049f1  __aeabi_fcmpeq                       
00004a2d  __aeabi_fcmpge                       
00004a41  __aeabi_fcmpgt                       
00004a19  __aeabi_fcmple                       
00004a05  __aeabi_fcmplt                       
000045fd  __aeabi_fdiv                         
00004571  __aeabi_fmul                         
00004039  __aeabi_fsub                         
00005149  __aeabi_i2d                          
00004ed9  __aeabi_i2f                          
00004b75  __aeabi_idiv                         
0000431f  __aeabi_idiv0                        
00004b75  __aeabi_idivmod                      
000044e3  __aeabi_ldiv0                        
00005255  __aeabi_llsl                         
000051ed  __aeabi_lmul                         
000053b9  __aeabi_memclr                       
000053b9  __aeabi_memclr4                      
000053b9  __aeabi_memclr8                      
000053ed  __aeabi_memcpy                       
000053ed  __aeabi_memcpy4                      
000053ed  __aeabi_memcpy8                      
0000539d  __aeabi_memset                       
0000539d  __aeabi_memset4                      
0000539d  __aeabi_memset8                      
00004ddd  __aeabi_uidiv                        
00004ddd  __aeabi_uidivmod                     
0000530d  __aeabi_uldivmod                     
00005255  __ashldi3                            
ffffffff  __binit__                            
0000485d  __cmpdf2                             
00004f8d  __cmpsf2                             
000038bd  __divdf3                             
000045fd  __divsf3                             
0000485d  __eqdf2                              
00004f8d  __eqsf2                              
00004e1d  __extendsfdf2                        
00004cbd  __fixdfsi                            
0000503d  __fixsfsi                            
00005149  __floatsidf                          
00004ed9  __floatsisf                          
000047e9  __gedf2                              
00004f15  __gesf2                              
000047e9  __gtdf2                              
00004f15  __gtsf2                              
0000485d  __ledf2                              
00004f8d  __lesf2                              
0000485d  __ltdf2                              
00004f8d  __ltsf2                              
UNDEFED   __mpu_init                           
00003e79  __muldf3                             
000051ed  __muldi3                             
00004fc9  __muldsi3                            
00004571  __mulsf3                             
0000485d  __nedf2                              
00004f8d  __nesf2                              
20207e00  __stack                              
20200000  __start___llvm_prf_bits              
20200000  __start___llvm_prf_cnts              
20200000  __stop___llvm_prf_bits               
20200000  __stop___llvm_prf_cnts               
00003119  __subdf3                             
00004039  __subsf3                             
0000427d  __udivmoddi4                         
000051c5  _c_int00_noargs                      
20200a64  _encoder_l_count                     
20200a68  _encoder_r_count                     
UNDEFED   _system_post_cinit                   
00005409  _system_pre_init                     
000053fb  abort                                
00006bd0  asc2_0806                            
0000675c  asc2_1206                            
0000616c  asc2_1608                            
00005410  asc2_2412                            
00004e5d  atoi                                 
ffffffff  binit                                
000053c5  buzz_Init                            
00004321  car_go_line                          
20200a6c  circle_num                           
20200a74  count                                
20200a70  count2                               
00004c71  filter_speed                         
20200480  gTIMER_0Backup                       
20200a98  g_Angle_Flag                         
20200a99  g_Gostraght                          
20200a9a  g_Line_Flag                          
20200a9b  g_Spin_Start_Flag                    
20200a9c  g_Spin_Succeed_Flag                  
20200a9d  g_Stop_Flag                          
20200a9e  g_Straight_Flag                      
20200a10  g_ftarget_journey                    
20200a9f  g_is_motor1_enabled                  
20200aa0  g_is_motor2_enabled                  
20200aa1  g_line_speed_control_count           
20200a18  g_location1_outval                   
20200a20  g_location2_outval                   
20200aa2  g_location_control_count             
20200a28  g_motor1_journey_cm                  
20200a7c  g_motor1_pwm                         
20200a30  g_motor2_journey_cm                  
20200a80  g_motor2_pwm                         
20200540  g_pid_line                           
202005f0  g_pid_location1                      
202006a0  g_pid_location2                      
20200750  g_pid_speed1                         
20200800  g_pid_speed2                         
202008b0  g_pid_straight                       
20200960  g_pid_turn_angle                     
20200a84  g_sigma_motor1pluse                  
20200a88  g_sigma_motor2pluse                  
20200a38  g_speed1_outval                      
20200a40  g_speed2_outval                      
20200a48  g_speed3_outval                      
20200a50  g_speed4_outval                      
20200aa3  g_stop_count                         
20200aa4  g_turn_angle_control_count           
20200a58  g_turn_outval                        
20200a94  g_unittime_motor1pluse               
20200a96  g_unittime_motor2pluse               
2020053c  g_yaw_jy60                           
00000000  interruptVectors                     
00004c21  limit_abs                            
00002f7d  line_err                             
00003d91  line_pid_realize                     
0000367d  line_speed_control                   
00003411  location_speed_control               
00002a95  main                                 
00005211  memccpy                              
000043bd  memcpy                               
00004a53  memset                               
00005075  motor1_set_disable                   
000052dd  motor1_set_enable                    
0000519d  motor2_set_disable                   
000052f5  motor2_set_enable                    
00005119  motor_limit_pwm                      
00004929  motor_load_pwm                       
000046fd  pid_Init                             
000053f5  pid_Set_Target                       
00003acd  pid_location_Calc                    
00003551  pid_speed_Calc                       
000032ad  pid_turn_angle_Calc                  
00005321  read_encoder_left                    
00005335  read_encoder_right                   
00004111  smooth_target                        
00004b15  soft_start                           
000050ad  sprintf                              
0000379d  turn_angle_speed_control             
20200aa5  uart_data                            
0000537d  wcslen                               


GLOBAL SYMBOLS: SORTED BY Symbol Address 

address   name                                 
-------   ----                                 
00000000  __TI_ATRegion0_region_sz             
00000000  __TI_ATRegion0_src_addr              
00000000  __TI_ATRegion0_trg_addr              
00000000  __TI_ATRegion1_region_sz             
00000000  __TI_ATRegion1_src_addr              
00000000  __TI_ATRegion1_trg_addr              
00000000  __TI_ATRegion2_region_sz             
00000000  __TI_ATRegion2_src_addr              
00000000  __TI_ATRegion2_trg_addr              
00000000  __TI_static_base__                   
00000000  interruptVectors                     
000000c1  OLED_Init                            
00000200  __STACK_SIZE                         
00000c4d  OLED_Clear                           
000016dd  __TI_printfi_nofloat                 
00001f45  TIMA1_IRQHandler                     
000023c1  OLED_WR_Byte                         
00002755  OLED_Refresh                         
00002a95  main                                 
00002d0d  OLED_ShowChar                        
00002f7d  line_err                             
00003119  __aeabi_dsub                         
00003119  __subdf3                             
00003123  __adddf3                             
00003123  __aeabi_dadd                         
000032ab  ADC0_IRQHandler                      
000032ab  ADC1_IRQHandler                      
000032ab  AES_IRQHandler                       
000032ab  CANFD0_IRQHandler                    
000032ab  DAC0_IRQHandler                      
000032ab  DMA_IRQHandler                       
000032ab  Default_Handler                      
000032ab  GROUP0_IRQHandler                    
000032ab  HardFault_Handler                    
000032ab  I2C0_IRQHandler                      
000032ab  I2C1_IRQHandler                      
000032ab  NMI_Handler                          
000032ab  PendSV_Handler                       
000032ab  RTC_IRQHandler                       
000032ab  SPI0_IRQHandler                      
000032ab  SPI1_IRQHandler                      
000032ab  SVC_Handler                          
000032ab  SysTick_Handler                      
000032ab  TIMA0_IRQHandler                     
000032ab  TIMG0_IRQHandler                     
000032ab  TIMG12_IRQHandler                    
000032ab  TIMG6_IRQHandler                     
000032ab  TIMG7_IRQHandler                     
000032ab  TIMG8_IRQHandler                     
000032ab  UART1_IRQHandler                     
000032ab  UART2_IRQHandler                     
000032ab  UART3_IRQHandler                     
000032ad  pid_turn_angle_Calc                  
00003411  location_speed_control               
00003551  pid_speed_Calc                       
0000367d  line_speed_control                   
0000379d  turn_angle_speed_control             
000038bd  __aeabi_ddiv                         
000038bd  __divdf3                             
000039c9  DL_Timer_initFourCCPWMMode           
00003acd  pid_location_Calc                    
00003bbd  SYSCFG_DL_GPIO_init                  
00003ca9  DL_Timer_initTimerMode               
00003d91  line_pid_realize                     
00003e79  __aeabi_dmul                         
00003e79  __muldf3                             
00003f5d  DL_SYSCTL_configSYSPLL               
00004039  __aeabi_fsub                         
00004039  __subsf3                             
00004043  __addsf3                             
00004043  __aeabi_fadd                         
00004111  smooth_target                        
000041d5  GROUP1_IRQHandler                    
0000427d  __udivmoddi4                         
0000431f  __aeabi_idiv0                        
00004321  car_go_line                          
000043bd  memcpy                               
00004457  OLED_ShowString                      
000044e3  __aeabi_ldiv0                        
000044e5  SYSCFG_DL_PWM_MOTOR_init             
00004571  __aeabi_fmul                         
00004571  __mulsf3                             
000045fd  __aeabi_fdiv                         
000045fd  __divsf3                             
00004681  __TI_decompress_lzss                 
000046fd  pid_Init                             
00004775  SYSCFG_DL_UART1_init                 
000047e9  __gedf2                              
000047e9  __gtdf2                              
0000485d  __cmpdf2                             
0000485d  __eqdf2                              
0000485d  __ledf2                              
0000485d  __ltdf2                              
0000485d  __nedf2                              
000048c5  SYSCFG_DL_SYSCTL_init                
00004929  motor_load_pwm                       
0000498d  __aeabi_dcmpeq                       
000049a1  __aeabi_dcmplt                       
000049b5  __aeabi_dcmple                       
000049c9  __aeabi_dcmpge                       
000049dd  __aeabi_dcmpgt                       
000049f1  __aeabi_fcmpeq                       
00004a05  __aeabi_fcmplt                       
00004a19  __aeabi_fcmple                       
00004a2d  __aeabi_fcmpge                       
00004a41  __aeabi_fcmpgt                       
00004a53  memset                               
00004ab5  SYSCFG_DL_UART0_init                 
00004b15  soft_start                           
00004b75  __aeabi_idiv                         
00004b75  __aeabi_idivmod                      
00004bcd  SYSCFG_DL_initPower                  
00004c21  limit_abs                            
00004c71  filter_speed                         
00004cbd  __aeabi_d2iz                         
00004cbd  __fixdfsi                            
00004d09  DL_UART_init                         
00004d51  SYSCFG_DL_TIMER_0_init               
00004d99  DL_SYSCTL_switchMCLKfromSYSOSCtoHSCLK
00004ddd  __aeabi_uidiv                        
00004ddd  __aeabi_uidivmod                     
00004e1d  __aeabi_f2d                          
00004e1d  __extendsfdf2                        
00004e5d  atoi                                 
00004e9d  Delay_us                             
00004ed9  __aeabi_i2f                          
00004ed9  __floatsisf                          
00004f15  __gesf2                              
00004f15  __gtsf2                              
00004f51  __TI_auto_init_nobinit_nopinit       
00004f8d  __cmpsf2                             
00004f8d  __eqsf2                              
00004f8d  __lesf2                              
00004f8d  __ltsf2                              
00004f8d  __nesf2                              
00004fc9  __muldsi3                            
00005005  UART0_IRQHandler                     
0000503d  __aeabi_f2iz                         
0000503d  __fixsfsi                            
00005075  motor1_set_disable                   
000050ad  sprintf                              
000050e5  SYSCFG_DL_init                       
00005119  motor_limit_pwm                      
00005149  __aeabi_i2d                          
00005149  __floatsidf                          
00005175  SYSCFG_DL_SYSCTL_CLK_init            
0000519d  motor2_set_disable                   
000051c5  _c_int00_noargs                      
000051ed  __aeabi_lmul                         
000051ed  __muldi3                             
00005211  memccpy                              
00005235  SYSCFG_DL_SYSTICK_init               
00005255  __aeabi_llsl                         
00005255  __ashldi3                            
00005275  DL_Timer_setCaptCompUpdateMethod     
00005291  DL_Timer_setClockConfig              
000052ad  DL_Timer_setCaptureCompareOutCtl     
000052dd  motor1_set_enable                    
000052f5  motor2_set_enable                    
0000530d  __aeabi_uldivmod                     
00005321  read_encoder_left                    
00005335  read_encoder_right                   
00005349  DL_UART_setClockConfig               
0000535b  __TI_decompress_none                 
0000536d  DL_Timer_setCaptureCompareValue      
0000537d  wcslen                               
0000538d  __TI_zero_init                       
0000539d  __aeabi_memset                       
0000539d  __aeabi_memset4                      
0000539d  __aeabi_memset8                      
000053b9  __aeabi_memclr                       
000053b9  __aeabi_memclr4                      
000053b9  __aeabi_memclr8                      
000053c5  buzz_Init                            
000053d1  DL_Common_delayCycles                
000053e5  __aeabi_errno_addr                   
000053ed  __aeabi_memcpy                       
000053ed  __aeabi_memcpy4                      
000053ed  __aeabi_memcpy8                      
000053f5  pid_Set_Target                       
000053fb  abort                                
00005400  C$$EXIT                              
00005401  HOSTexit                             
00005405  Reset_Handler                        
00005409  _system_pre_init                     
00005410  asc2_2412                            
0000616c  asc2_1608                            
0000675c  asc2_1206                            
00006bd0  asc2_0806                            
00006e00  __aeabi_ctype_table_                 
00006e00  __aeabi_ctype_table_C                
00006fb0  __TI_Handler_Table_Base              
00006fbc  __TI_Handler_Table_Limit             
00006fd0  __TI_CINIT_Base                      
00006fe0  __TI_CINIT_Limit                     
00006fe0  __TI_CINIT_Warm                      
20200000  OLED_GRAM                            
20200000  __start___llvm_prf_bits              
20200000  __start___llvm_prf_cnts              
20200000  __stop___llvm_prf_bits               
20200000  __stop___llvm_prf_cnts               
20200480  gTIMER_0Backup                       
2020053c  g_yaw_jy60                           
20200540  g_pid_line                           
202005f0  g_pid_location1                      
202006a0  g_pid_location2                      
20200750  g_pid_speed1                         
20200800  g_pid_speed2                         
202008b0  g_pid_straight                       
20200960  g_pid_turn_angle                     
20200a10  g_ftarget_journey                    
20200a18  g_location1_outval                   
20200a20  g_location2_outval                   
20200a28  g_motor1_journey_cm                  
20200a30  g_motor2_journey_cm                  
20200a38  g_speed1_outval                      
20200a40  g_speed2_outval                      
20200a48  g_speed3_outval                      
20200a50  g_speed4_outval                      
20200a58  g_turn_outval                        
20200a60  __aeabi_errno                        
20200a64  _encoder_l_count                     
20200a68  _encoder_r_count                     
20200a6c  circle_num                           
20200a70  count2                               
20200a74  count                                
20200a7c  g_motor1_pwm                         
20200a80  g_motor2_pwm                         
20200a84  g_sigma_motor1pluse                  
20200a88  g_sigma_motor2pluse                  
20200a94  g_unittime_motor1pluse               
20200a96  g_unittime_motor2pluse               
20200a98  g_Angle_Flag                         
20200a99  g_Gostraght                          
20200a9a  g_Line_Flag                          
20200a9b  g_Spin_Start_Flag                    
20200a9c  g_Spin_Succeed_Flag                  
20200a9d  g_Stop_Flag                          
20200a9e  g_Straight_Flag                      
20200a9f  g_is_motor1_enabled                  
20200aa0  g_is_motor2_enabled                  
20200aa1  g_line_speed_control_count           
20200aa2  g_location_control_count             
20200aa3  g_stop_count                         
20200aa4  g_turn_angle_control_count           
20200aa5  uart_data                            
20207e00  __stack                              
20208000  __STACK_END                          
ffffffff  __TI_pprof_out_hndl                  
ffffffff  __TI_prof_data_size                  
ffffffff  __TI_prof_data_start                 
ffffffff  __binit__                            
ffffffff  binit                                
UNDEFED   __mpu_init                           
UNDEFED   _system_post_cinit                   

[255 symbols]
