******************************************************************************
            TI ARM Clang Linker PC v4.0.3                      
******************************************************************************
>> Linked Fri Aug  1 06:08:39 2025

OUTPUT FILE NAME:   <CAR-V2.out>
ENTRY POINT SYMBOL: "_c_int00_noargs"  address: 00005c81


MEMORY CONFIGURATION

         name            origin    length      used     unused   attr    fill
----------------------  --------  ---------  --------  --------  ----  --------
  FLASH                 00000000   00020000  00007ad0  00018530  R  X
  SRAM                  20200000   00008000  00000cab  00007355  RW X
  BCR_CONFIG            41c00000   000000ff  00000000  000000ff  R   
  BSL_CONFIG            41c00100   00000080  00000000  00000080  R   


SEGMENT ALLOCATION MAP

run origin  load origin   length   init length attrs members
----------  ----------- ---------- ----------- ----- -------
00000000    00000000    00007ad0   00007ad0    r-x
  00000000    00000000    000000c0   000000c0    r-- .intvecs
  000000c0    000000c0    00005e40   00005e40    r-x .text
  00005f00    00005f00    00001ba0   00001ba0    r-- .rodata
  00007aa0    00007aa0    00000030   00000030    r-- .cinit
20200000    20200000    00000aab   00000000    rw-
  20200000    20200000    00000a10   00000000    rw- .bss
  20200a10    20200a10    0000009b   00000000    rw- .data
20207e00    20207e00    00000200   00000000    rw-
  20207e00    20207e00    00000200   00000000    rw- .stack


SECTION ALLOCATION MAP

 output                                  attributes/
section   page    origin      length       input sections
--------  ----  ----------  ----------   ----------------
.intvecs   0    00000000    000000c0     
                  00000000    000000c0     startup_mspm0g350x_ticlang.o (.intvecs)

.text      0    000000c0    00005e40     
                  000000c0    00000b8c     oled.o (.text.OLED_Init)
                  00000c4c    00000a90     oled.o (.text.OLED_Clear)
                  000016dc    000009d0     libc.a : _printfi.c.obj (.text:__TI_printfi)
                  000020ac    00000480     control.o (.text.TIMA1_IRQHandler)
                  0000252c    00000394     oled.o (.text.OLED_WR_Byte)
                  000028c0    00000340     oled.o (.text.OLED_Refresh)
                  00002c00    00000288     main.o (.text.main)
                  00002e88    00000270     oled.o (.text.OLED_ShowChar)
                  000030f8    00000220     libc.a : _printfi.c.obj (.text._pconv_a)
                  00003318    000001dc            : _printfi.c.obj (.text._pconv_g)
                  000034f4    00000192     libclang_rt.builtins.a : adddf3.S.obj (.text.adddf3_subdf3)
                  00003686    00000002     startup_mspm0g350x_ticlang.o (.text.Default_Handler)
                  00003688    00000190     line.o (.text.line_err)
                  00003818    00000168     control.o (.text.location_speed_control)
                  00003980    00000164     pid.o (.text.pid_turn_angle_Calc)
                  00003ae4    0000013c     libc.a : _printfi.c.obj (.text.fcvt)
                  00003c20    0000012c     line.o (.text.pid_line_Calc)
                  00003d4c    0000012c     pid.o (.text.pid_speed_Calc)
                  00003e78    00000120     libc.a : _printfi.c.obj (.text._pconv_e)
                  00003f98    00000120     control.o (.text.turn_angle_speed_control)
                  000040b8    0000010c     libclang_rt.builtins.a : divdf3.S.obj (.text.__divdf3)
                  000041c4    00000104     driverlib.a : dl_timer.o (.text.DL_Timer_initFourCCPWMMode)
                  000042c8    000000f0     pid.o (.text.pid_location_Calc)
                  000043b8    000000ec     ti_msp_dl_config.o (.text.SYSCFG_DL_GPIO_init)
                  000044a4    000000e8     driverlib.a : dl_timer.o (.text.DL_Timer_initTimerMode)
                  0000458c    000000e4     libclang_rt.builtins.a : muldf3.S.obj (.text.__muldf3)
                  00004670    000000e4     control.o (.text.car_spin)
                  00004754    000000dc     driverlib.a : dl_sysctl_mspm0g1x0x_g3x0x.o (.text.DL_SYSCTL_configSYSPLL)
                  00004830    000000d8     libc.a : s_scalbn.c.obj (.text.scalbn)
                  00004908    000000d8     libclang_rt.builtins.a : addsf3.S.obj (.text)
                  000049e0    000000c4     smooth.o (.text.smooth_target)
                  00004aa4    000000a8     encoder.o (.text.GROUP1_IRQHandler)
                  00004b4c    000000a2     libclang_rt.builtins.a : udivmoddi4.S.obj (.text)
                  00004bee    0000009a     libc.a : memcpy16.S.obj (.text:memcpy)
                  00004c88    0000008c     oled.o (.text.OLED_ShowString)
                  00004d14    0000008c     ti_msp_dl_config.o (.text.SYSCFG_DL_PWM_MOTOR_init)
                  00004da0    0000008c     libclang_rt.builtins.a : mulsf3.S.obj (.text.__mulsf3)
                  00004e2c    00000082                            : divsf3.S.obj (.text.__divsf3)
                  00004eae    00000002                            : aeabi_div0.c.obj (.text.__aeabi_idiv0)
                  00004eb0    0000007c     libc.a : copy_decompress_lzss.c.obj (.text:decompress:lzss)
                  00004f2c    00000076     pid.o (.text.pid_Init)
                  00004fa2    00000002     libclang_rt.builtins.a : aeabi_div0.c.obj (.text.__aeabi_ldiv0)
                  00004fa4    00000074     ti_msp_dl_config.o (.text.SYSCFG_DL_UART1_init)
                  00005018    00000074     libclang_rt.builtins.a : comparedf2.c.obj (.text.__gedf2)
                  0000508c    00000068                            : comparedf2.c.obj (.text.__ledf2)
                  000050f4    00000066     libc.a : _printfi.c.obj (.text._mcpy)
                  0000515a    00000002     --HOLE-- [fill = 0]
                  0000515c    00000064     ti_msp_dl_config.o (.text.SYSCFG_DL_SYSCTL_init)
                  000051c0    00000064     motor.o (.text.motor_load_pwm)
                  00005224    00000062     libclang_rt.builtins.a : aeabi_dcmp.S.obj (.text.__aeabi_dcmp)
                  00005286    00000002     --HOLE-- [fill = 0]
                  00005288    00000062                            : aeabi_fcmp.S.obj (.text.__aeabi_fcmp)
                  000052ea    00000062     libc.a : memset16.S.obj (.text:memset)
                  0000534c    00000060     ti_msp_dl_config.o (.text.SYSCFG_DL_UART0_init)
                  000053ac    00000060     smooth.o (.text.soft_start)
                  0000540c    0000005c     libc.a : s_frexp.c.obj (.text.frexp)
                  00005468    00000058            : _ltoa.c.obj (.text.__TI_ltoa)
                  000054c0    00000058            : _printfi.c.obj (.text._pconv_f)
                  00005518    00000056     libclang_rt.builtins.a : aeabi_idivmod.S.obj (.text.__aeabi_idivmod)
                  0000556e    00000002     --HOLE-- [fill = 0]
                  00005570    00000054     ti_msp_dl_config.o (.text.SYSCFG_DL_initPower)
                  000055c4    00000052     libc.a : _printfi.c.obj (.text._ecpy)
                  00005616    00000050     pid.o (.text.limit_abs)
                  00005666    00000002     --HOLE-- [fill = 0]
                  00005668    0000004c     smooth.o (.text.filter_speed)
                  000056b4    0000004c     line.o (.text.line_init)
                  00005700    0000004a     libclang_rt.builtins.a : fixdfsi.S.obj (.text.__fixdfsi)
                  0000574a    00000002     --HOLE-- [fill = 0]
                  0000574c    00000048     driverlib.a : dl_uart.o (.text.DL_UART_init)
                  00005794    00000048     ti_msp_dl_config.o (.text.SYSCFG_DL_TIMER_0_init)
                  000057dc    00000048     line.o (.text.detect_line)
                  00005824    00000044     driverlib.a : dl_sysctl_mspm0g1x0x_g3x0x.o (.text.DL_SYSCTL_switchMCLKfromSYSOSCtoHSCLK)
                  00005868    00000040     libclang_rt.builtins.a : aeabi_uidivmod.S.obj (.text.__aeabi_uidivmod)
                  000058a8    00000040                            : extendsfdf2.S.obj (.text.__extendsfdf2)
                  000058e8    00000040     libc.a : atoi.c.obj (.text.atoi)
                  00005928    0000003c     delay.o (.text.Delay_us)
                  00005964    0000003c     libclang_rt.builtins.a : floatsisf.S.obj (.text.__floatsisf)
                  000059a0    0000003c                            : comparesf2.S.obj (.text.__gtsf2)
                  000059dc    0000003c     libc.a : autoinit.c.obj (.text:__TI_auto_init_nobinit_nopinit)
                  00005a18    0000003a     libclang_rt.builtins.a : comparesf2.S.obj (.text.__eqsf2)
                  00005a52    00000002     --HOLE-- [fill = 0]
                  00005a54    0000003a                            : muldsi3.S.obj (.text.__muldsi3)
                  00005a8e    00000002     --HOLE-- [fill = 0]
                  00005a90    00000038     uart.o (.text.UART0_IRQHandler)
                  00005ac8    00000038     libclang_rt.builtins.a : fixsfsi.S.obj (.text.__fixsfsi)
                  00005b00    00000038     motor.o (.text.motor1_set_disable)
                  00005b38    00000038     libc.a : sprintf.c.obj (.text.sprintf)
                  00005b70    00000034     ti_msp_dl_config.o (.text.SYSCFG_DL_init)
                  00005ba4    00000030     libc.a : _printfi.c.obj (.text._fcpy)
                  00005bd4    00000030     motor.o (.text.motor_limit_pwm)
                  00005c04    0000002c     libclang_rt.builtins.a : floatsidf.S.obj (.text.__floatsidf)
                  00005c30    00000028     ti_msp_dl_config.o (.text.SYSCFG_DL_SYSCTL_CLK_init)
                  00005c58    00000028     motor.o (.text.motor2_set_disable)
                  00005c80    00000028     libc.a : boot_cortex_m.c.obj (.text:_c_int00_noargs)
                  00005ca8    00000024     libclang_rt.builtins.a : muldi3.S.obj (.text.__muldi3)
                  00005ccc    00000022     libc.a : memccpy.c.obj (.text.memccpy)
                  00005cee    00000002     --HOLE-- [fill = 0]
                  00005cf0    00000020     ti_msp_dl_config.o (.text.SYSCFG_DL_SYSTICK_init)
                  00005d10    0000001e     libclang_rt.builtins.a : ashldi3.S.obj (.text.__ashldi3)
                  00005d2e    00000002     --HOLE-- [fill = 0]
                  00005d30    0000001c     driverlib.a : dl_timer.o (.text.DL_Timer_setCaptCompUpdateMethod)
                  00005d4c    0000001c                 : dl_timer.o (.text.DL_Timer_setClockConfig)
                  00005d68    00000018                 : dl_timer.o (.text.DL_Timer_setCaptureCompareOutCtl)
                  00005d80    00000018     libc.a : sprintf.c.obj (.text._outs)
                  00005d98    00000018     motor.o (.text.motor1_set_enable)
                  00005db0    00000018     motor.o (.text.motor2_set_enable)
                  00005dc8    00000014     libclang_rt.builtins.a : aeabi_uldivmod.S.obj (.text.__aeabi_uldivmod)
                  00005ddc    00000014     encoder.o (.text.read_encoder_left)
                  00005df0    00000014     encoder.o (.text.read_encoder_right)
                  00005e04    00000014     libc.a : _printfi.c.obj (.text.strchr)
                  00005e18    00000012     driverlib.a : dl_uart.o (.text.DL_UART_setClockConfig)
                  00005e2a    00000012     libc.a : copy_decompress_none.c.obj (.text:decompress:none)
                  00005e3c    00000010     driverlib.a : dl_timer.o (.text.DL_Timer_setCaptureCompareValue)
                  00005e4c    00000010     libc.a : wcslen.c.obj (.text.wcslen)
                  00005e5c    00000010            : copy_zero_init.c.obj (.text:decompress:ZI)
                  00005e6c    0000000e     libclang_rt.builtins.a : aeabi_memset.S.obj (.text.__aeabi_memset)
                  00005e7a    0000000e     libc.a : _printfi.c.obj (.text.strlen)
                  00005e88    0000000c     libclang_rt.builtins.a : aeabi_memset.S.obj (.text.__aeabi_memclr)
                  00005e94    0000000c     buzz.o (.text.buzz_Init)
                  00005ea0    0000000a     driverlib.a : dl_common.o (.text.DL_Common_delayCycles)
                  00005eaa    0000000a     libc.a : _printfi.c.obj (.text.OUTLINED_FUNCTION_0)
                  00005eb4    00000010     libclang_rt.builtins.a : adddf3.S.obj (.tramp.__aeabi_dsub.1)
                  00005ec4    0000000a     libc.a : _printfi.c.obj (.text.OUTLINED_FUNCTION_1)
                  00005ece    0000000a            : sprintf.c.obj (.text._outc)
                  00005ed8    00000008            : aeabi_portable.c.obj (.text.__aeabi_errno_addr)
                  00005ee0    00000008     libclang_rt.builtins.a : aeabi_memcpy.S.obj (.text.__aeabi_memcpy)
                  00005ee8    00000006     pid.o (.text.pid_Set_Target)
                  00005eee    00000006     libc.a : exit.c.obj (.text:abort)
                  00005ef4    00000004     libsysbm.a : hostexit.c.obj (.text.HOSTexit)
                  00005ef8    00000004     startup_mspm0g350x_ticlang.o (.text.Reset_Handler)
                  00005efc    00000004     libc.a : pre_init.c.obj (.text._system_pre_init)

.cinit     0    00007aa0    00000030     
                  00007aa0    0000000c     (__TI_handler_table)
                  00007aac    00000009     (.cinit..data.load) [load image, compression = lzss]
                  00007ab5    00000003     --HOLE-- [fill = 0]
                  00007ab8    00000008     (.cinit..bss.load) [load image, compression = zero_init]
                  00007ac0    00000010     (__TI_cinit_table)

.rodata    0    00005f00    00001ba0     
                  00005f00    00000d5c     oled.o (.rodata.asc2_2412)
                  00006c5c    000005f0     oled.o (.rodata.asc2_1608)
                  0000724c    00000474     oled.o (.rodata.asc2_1206)
                  000076c0    00000228     oled.o (.rodata.asc2_0806)
                  000078e8    00000008     ti_msp_dl_config.o (.rodata.gPWM_MOTORConfig)
                  000078f0    00000101     libc.a : aeabi_ctype.S.obj (.rodata:__aeabi_ctype_table_)
                  000079f1    00000003     ti_msp_dl_config.o (.rodata.gPWM_MOTORClockConfig)
                  000079f4    00000028     ti_msp_dl_config.o (.rodata.gSYSPLLConfig)
                  00007a1c    00000017     main.o (.rodata.str1.15159059442110792349.1)
                  00007a33    00000001     --HOLE-- [fill = 0]
                  00007a34    00000014     ti_msp_dl_config.o (.rodata.gTIMER_0TimerConfig)
                  00007a48    00000011     libc.a : _printfi.c.obj (.rodata.str1.10348868589481759720.1)
                  00007a59    00000011            : _printfi.c.obj (.rodata.str1.15363888844622738466.1)
                  00007a6a    0000000a     ti_msp_dl_config.o (.rodata.gUART0Config)
                  00007a74    0000000a     ti_msp_dl_config.o (.rodata.gUART1Config)
                  00007a7e    00000009     main.o (.rodata.str1.8154729771448623357.1)
                  00007a87    00000008     main.o (.rodata.str1.17100691992556644108.1)
                  00007a8f    00000008     main.o (.rodata.str1.18227636981041470289.1)
                  00007a97    00000003     ti_msp_dl_config.o (.rodata.gTIMER_0ClockConfig)
                  00007a9a    00000002     ti_msp_dl_config.o (.rodata.gUART0ClockConfig)
                  00007a9c    00000002     ti_msp_dl_config.o (.rodata.gUART1ClockConfig)
                  00007a9e    00000002     --HOLE-- [fill = 0]

.init_array 
*          0    00000000    00000000     UNINITIALIZED

.binit     0    00000000    00000000     

.bss       0    20200000    00000a10     UNINITIALIZED
                  20200000    00000480     (.common:OLED_GRAM)
                  20200480    000000bc     (.common:gTIMER_0Backup)
                  2020053c    00000004     (.common:g_yaw_jy60)
                  20200540    000000b0     (.common:g_pid_line)
                  202005f0    000000b0     (.common:g_pid_location1)
                  202006a0    000000b0     (.common:g_pid_location2)
                  20200750    000000b0     (.common:g_pid_speed1)
                  20200800    000000b0     (.common:g_pid_speed2)
                  202008b0    000000b0     (.common:g_pid_straight)
                  20200960    000000b0     (.common:g_pid_turn_angle)

.data      0    20200a10    0000009b     UNINITIALIZED
                  20200a10    00000008     control.o (.data.g_ftarget_journey)
                  20200a18    00000008     control.o (.data.g_line_outval)
                  20200a20    00000008     control.o (.data.g_location1_outval)
                  20200a28    00000008     control.o (.data.g_location2_outval)
                  20200a30    00000008     control.o (.data.g_motor1_journey_cm)
                  20200a38    00000008     control.o (.data.g_motor2_journey_cm)
                  20200a40    00000008     control.o (.data.g_speed1_outval)
                  20200a48    00000008     control.o (.data.g_speed2_outval)
                  20200a50    00000008     control.o (.data.g_speed3_outval)
                  20200a58    00000008     control.o (.data.g_speed4_outval)
                  20200a60    00000008     control.o (.data.g_turn_outval)
                  20200a68    00000008     control.o (.data.spin90_cm)
                  20200a70    00000004     libc.a : aeabi_portable.c.obj (.data.__aeabi_errno)
                  20200a74    00000004     encoder.o (.data._encoder_l_count)
                  20200a78    00000004     encoder.o (.data._encoder_r_count)
                  20200a7c    00000004     main.o (.data.circle_num)
                  20200a80    00000004     control.o (.data.count2)
                  20200a84    00000004     main.o (.data.count)
                  20200a88    00000004     control.o (.data.g_line_num)
                  20200a8c    00000004     control.o (.data.g_motor1_pwm)
                  20200a90    00000004     control.o (.data.g_motor2_pwm)
                  20200a94    00000004     control.o (.data.g_sigma_motor1pluse)
                  20200a98    00000004     control.o (.data.g_sigma_motor2pluse)
                  20200a9c    00000002     control.o (.data.g_unittime_motor1pluse)
                  20200a9e    00000002     control.o (.data.g_unittime_motor2pluse)
                  20200aa0    00000001     control.o (.data.g_Angle_Flag)
                  20200aa1    00000001     control.o (.data.g_Gostraght)
                  20200aa2    00000001     control.o (.data.g_Line_Flag)
                  20200aa3    00000001     control.o (.data.g_Spin_Start_Flag)
                  20200aa4    00000001     control.o (.data.g_Spin_Succeed_Flag)
                  20200aa5    00000001     control.o (.data.g_Stop_Flag)
                  20200aa6    00000001     motor.o (.data.g_is_motor1_enabled)
                  20200aa7    00000001     motor.o (.data.g_is_motor2_enabled)
                  20200aa8    00000001     control.o (.data.g_location_control_count)
                  20200aa9    00000001     control.o (.data.g_turn_angle_control_count)
                  20200aaa    00000001     uart.o (.data.uart_data)

.stack     0    20207e00    00000200     UNINITIALIZED
                  20207e00    00000004     libc.a : boot_cortex_m.c.obj (.stack)
                  20207e04    000001fc     --HOLE--

__llvm_prf_cnts 
*          0    20200000    00000000     UNINITIALIZED

__llvm_prf_bits 
*          0    20200000    00000000     UNINITIALIZED

MODULE SUMMARY

       Module                         code    ro data   rw data
       ------                         ----    -------   -------
    .\
       ti_msp_dl_config.o             968     98        188    
       main.o                         648     48        8      
       startup_mspm0g350x_ticlang.o   6       192       0      
    +--+------------------------------+-------+---------+---------+
       Total:                         1622    338       196    
                                                               
    .\Hardware\buzz\
       buzz.o                         12      0         0      
    +--+------------------------------+-------+---------+---------+
       Total:                         12      0         0      
                                                               
    .\Hardware\control\
       control.o                      2028    0         132    
    +--+------------------------------+-------+---------+---------+
       Total:                         2028    0         132    
                                                               
    .\Hardware\delay\
       delay.o                        60      0         0      
    +--+------------------------------+-------+---------+---------+
       Total:                         60      0         0      
                                                               
    .\Hardware\encoder\
       encoder.o                      208     0         8      
    +--+------------------------------+-------+---------+---------+
       Total:                         208     0         8      
                                                               
    .\Hardware\jy60\
       jy60.o                         0       0         4      
    +--+------------------------------+-------+---------+---------+
       Total:                         0       0         4      
                                                               
    .\Hardware\line\
       line.o                         848     0         0      
    +--+------------------------------+-------+---------+---------+
       Total:                         848     0         0      
                                                               
    .\Hardware\motor\
       motor.o                        292     0         2      
    +--+------------------------------+-------+---------+---------+
       Total:                         292     0         2      
                                                               
    .\Hardware\oled\
       oled.o                         8172    6632      1152   
    +--+------------------------------+-------+---------+---------+
       Total:                         8172    6632      1152   
                                                               
    .\Hardware\pid\
       pid.o                          1100    0         1232   
       smooth.o                       368     0         0      
    +--+------------------------------+-------+---------+---------+
       Total:                         1468    0         1232   
                                                               
    .\Hardware\uart\
       uart.o                         56      0         1      
    +--+------------------------------+-------+---------+---------+
       Total:                         56      0         1      
                                                               
    C:/ti/mspm0_sdk_2_05_00_05/source/ti/driverlib/lib/ticlang/m0p/mspm0g1x0x_g3x0x/driverlib.a
       dl_timer.o                     588     0         0      
       dl_sysctl_mspm0g1x0x_g3x0x.o   288     0         0      
       dl_uart.o                      90      0         0      
       dl_common.o                    10      0         0      
    +--+------------------------------+-------+---------+---------+
       Total:                         976     0         0      
                                                               
    C:\ti\ccs2020\ccs\tools\compiler\ti-cgt-armllvm_4.0.3.LTS\lib\armv6m-ti-none-eabi/c/libc.a
       _printfi.c.obj                 4510    34        0      
       aeabi_ctype.S.obj              0       257       0      
       s_scalbn.c.obj                 216     0         0      
       memcpy16.S.obj                 154     0         0      
       copy_decompress_lzss.c.obj     124     0         0      
       memset16.S.obj                 98      0         0      
       s_frexp.c.obj                  92      0         0      
       sprintf.c.obj                  90      0         0      
       _ltoa.c.obj                    88      0         0      
       atoi.c.obj                     64      0         0      
       autoinit.c.obj                 60      0         0      
       boot_cortex_m.c.obj            40      0         0      
       memccpy.c.obj                  34      0         0      
       copy_decompress_none.c.obj     18      0         0      
       copy_zero_init.c.obj           16      0         0      
       wcslen.c.obj                   16      0         0      
       aeabi_portable.c.obj           8       0         4      
       exit.c.obj                     6       0         0      
       pre_init.c.obj                 4       0         0      
    +--+------------------------------+-------+---------+---------+
       Total:                         5638    291       4      
                                                               
    C:\ti\ccs2020\ccs\tools\compiler\ti-cgt-armllvm_4.0.3.LTS\lib\armv6m-ti-none-eabi/c/libsysbm.a
       hostexit.c.obj                 4       0         0      
    +--+------------------------------+-------+---------+---------+
       Total:                         4       0         0      
                                                               
    C:\ti\ccs2020\ccs\tools\compiler\ti-cgt-armllvm_4.0.3.LTS\lib\armv6m-ti-none-eabi/libclang_rt.builtins.a
       adddf3.S.obj                   418     0         0      
       divdf3.S.obj                   268     0         0      
       muldf3.S.obj                   228     0         0      
       comparedf2.c.obj               220     0         0      
       addsf3.S.obj                   216     0         0      
       udivmoddi4.S.obj               162     0         0      
       mulsf3.S.obj                   140     0         0      
       divsf3.S.obj                   130     0         0      
       comparesf2.S.obj               118     0         0      
       aeabi_dcmp.S.obj               98      0         0      
       aeabi_fcmp.S.obj               98      0         0      
       aeabi_idivmod.S.obj            86      0         0      
       fixdfsi.S.obj                  74      0         0      
       aeabi_uidivmod.S.obj           64      0         0      
       extendsfdf2.S.obj              64      0         0      
       floatsisf.S.obj                60      0         0      
       muldsi3.S.obj                  58      0         0      
       fixsfsi.S.obj                  56      0         0      
       floatsidf.S.obj                44      0         0      
       muldi3.S.obj                   36      0         0      
       ashldi3.S.obj                  30      0         0      
       aeabi_memset.S.obj             26      0         0      
       aeabi_uldivmod.S.obj           20      0         0      
       aeabi_memcpy.S.obj             8       0         0      
       aeabi_div0.c.obj               4       0         0      
    +--+------------------------------+-------+---------+---------+
       Total:                         2726    0         0      
                                                               
       Stack:                         0       0         512    
       Linker Generated:              0       45        0      
    +--+------------------------------+-------+---------+---------+
       Grand Total:                   24110   7306      3243   


LINKER GENERATED COPY TABLES

__TI_cinit_table @ 00007ac0 records: 2, size/record: 8, table size: 16
	.data: load addr=00007aac, load size=00000009 bytes, run addr=20200a10, run size=0000009b bytes, compression=lzss
	.bss: load addr=00007ab8, load size=00000008 bytes, run addr=20200000, run size=00000a10 bytes, compression=zero_init


LINKER GENERATED HANDLER TABLE

__TI_handler_table @ 00007aa0 records: 3, size/record: 4, table size: 12
	index: 0, handler: __TI_decompress_lzss
	index: 1, handler: __TI_decompress_none
	index: 2, handler: __TI_zero_init


FAR CALL TRAMPOLINES

callee name               trampoline name
   callee addr  tramp addr   call addr  call info
--------------  -----------  ---------  ----------------
__aeabi_dsub              $Tramp$TT$L$PI$$__aeabi_dsub
   000034f5     00005eb4     00005eb2   libc.a : _printfi.c.obj (.text.OUTLINED_FUNCTION_0)

[1 trampolines]
[1 trampoline calls]


GLOBAL SYMBOLS: SORTED ALPHABETICALLY BY Name 

address   name                                 
-------   ----                                 
00003687  ADC0_IRQHandler                      
00003687  ADC1_IRQHandler                      
00003687  AES_IRQHandler                       
00005ef4  C$$EXIT                              
00003687  CANFD0_IRQHandler                    
00003687  DAC0_IRQHandler                      
00005ea1  DL_Common_delayCycles                
00004755  DL_SYSCTL_configSYSPLL               
00005825  DL_SYSCTL_switchMCLKfromSYSOSCtoHSCLK
000041c5  DL_Timer_initFourCCPWMMode           
000044a5  DL_Timer_initTimerMode               
00005d31  DL_Timer_setCaptCompUpdateMethod     
00005d69  DL_Timer_setCaptureCompareOutCtl     
00005e3d  DL_Timer_setCaptureCompareValue      
00005d4d  DL_Timer_setClockConfig              
0000574d  DL_UART_init                         
00005e19  DL_UART_setClockConfig               
00003687  DMA_IRQHandler                       
00003687  Default_Handler                      
00005929  Delay_us                             
00003687  GROUP0_IRQHandler                    
00004aa5  GROUP1_IRQHandler                    
00005ef5  HOSTexit                             
00003687  HardFault_Handler                    
00003687  I2C0_IRQHandler                      
00003687  I2C1_IRQHandler                      
00003687  NMI_Handler                          
00000c4d  OLED_Clear                           
20200000  OLED_GRAM                            
000000c1  OLED_Init                            
000028c1  OLED_Refresh                         
00002e89  OLED_ShowChar                        
00004c89  OLED_ShowString                      
0000252d  OLED_WR_Byte                         
00003687  PendSV_Handler                       
00003687  RTC_IRQHandler                       
00005ef9  Reset_Handler                        
00003687  SPI0_IRQHandler                      
00003687  SPI1_IRQHandler                      
00003687  SVC_Handler                          
000043b9  SYSCFG_DL_GPIO_init                  
00004d15  SYSCFG_DL_PWM_MOTOR_init             
00005c31  SYSCFG_DL_SYSCTL_CLK_init            
0000515d  SYSCFG_DL_SYSCTL_init                
00005cf1  SYSCFG_DL_SYSTICK_init               
00005795  SYSCFG_DL_TIMER_0_init               
0000534d  SYSCFG_DL_UART0_init                 
00004fa5  SYSCFG_DL_UART1_init                 
00005b71  SYSCFG_DL_init                       
00005571  SYSCFG_DL_initPower                  
00003687  SysTick_Handler                      
00003687  TIMA0_IRQHandler                     
000020ad  TIMA1_IRQHandler                     
00003687  TIMG0_IRQHandler                     
00003687  TIMG12_IRQHandler                    
00003687  TIMG6_IRQHandler                     
00003687  TIMG7_IRQHandler                     
00003687  TIMG8_IRQHandler                     
00005a91  UART0_IRQHandler                     
00003687  UART1_IRQHandler                     
00003687  UART2_IRQHandler                     
00003687  UART3_IRQHandler                     
20208000  __STACK_END                          
00000200  __STACK_SIZE                         
00000000  __TI_ATRegion0_region_sz             
00000000  __TI_ATRegion0_src_addr              
00000000  __TI_ATRegion0_trg_addr              
00000000  __TI_ATRegion1_region_sz             
00000000  __TI_ATRegion1_src_addr              
00000000  __TI_ATRegion1_trg_addr              
00000000  __TI_ATRegion2_region_sz             
00000000  __TI_ATRegion2_src_addr              
00000000  __TI_ATRegion2_trg_addr              
00007ac0  __TI_CINIT_Base                      
00007ad0  __TI_CINIT_Limit                     
00007ad0  __TI_CINIT_Warm                      
00007aa0  __TI_Handler_Table_Base              
00007aac  __TI_Handler_Table_Limit             
000059dd  __TI_auto_init_nobinit_nopinit       
00004eb1  __TI_decompress_lzss                 
00005e2b  __TI_decompress_none                 
00005469  __TI_ltoa                            
ffffffff  __TI_pprof_out_hndl                  
000016dd  __TI_printfi                         
ffffffff  __TI_prof_data_size                  
ffffffff  __TI_prof_data_start                 
00000000  __TI_static_base__                   
00005e5d  __TI_zero_init                       
000034ff  __adddf3                             
00004913  __addsf3                             
000078f0  __aeabi_ctype_table_                 
000078f0  __aeabi_ctype_table_C                
00005701  __aeabi_d2iz                         
000034ff  __aeabi_dadd                         
00005225  __aeabi_dcmpeq                       
00005261  __aeabi_dcmpge                       
00005275  __aeabi_dcmpgt                       
0000524d  __aeabi_dcmple                       
00005239  __aeabi_dcmplt                       
000040b9  __aeabi_ddiv                         
0000458d  __aeabi_dmul                         
000034f5  __aeabi_dsub                         
20200a70  __aeabi_errno                        
00005ed9  __aeabi_errno_addr                   
000058a9  __aeabi_f2d                          
00005ac9  __aeabi_f2iz                         
00004913  __aeabi_fadd                         
00005289  __aeabi_fcmpeq                       
000052c5  __aeabi_fcmpge                       
000052d9  __aeabi_fcmpgt                       
000052b1  __aeabi_fcmple                       
0000529d  __aeabi_fcmplt                       
00004e2d  __aeabi_fdiv                         
00004da1  __aeabi_fmul                         
00004909  __aeabi_fsub                         
00005c05  __aeabi_i2d                          
00005965  __aeabi_i2f                          
00005519  __aeabi_idiv                         
00004eaf  __aeabi_idiv0                        
00005519  __aeabi_idivmod                      
00004fa3  __aeabi_ldiv0                        
00005d11  __aeabi_llsl                         
00005ca9  __aeabi_lmul                         
00005e89  __aeabi_memclr                       
00005e89  __aeabi_memclr4                      
00005e89  __aeabi_memclr8                      
00005ee1  __aeabi_memcpy                       
00005ee1  __aeabi_memcpy4                      
00005ee1  __aeabi_memcpy8                      
00005e6d  __aeabi_memset                       
00005e6d  __aeabi_memset4                      
00005e6d  __aeabi_memset8                      
00005869  __aeabi_uidiv                        
00005869  __aeabi_uidivmod                     
00005dc9  __aeabi_uldivmod                     
00005d11  __ashldi3                            
ffffffff  __binit__                            
0000508d  __cmpdf2                             
00005a19  __cmpsf2                             
000040b9  __divdf3                             
00004e2d  __divsf3                             
0000508d  __eqdf2                              
00005a19  __eqsf2                              
000058a9  __extendsfdf2                        
00005701  __fixdfsi                            
00005ac9  __fixsfsi                            
00005c05  __floatsidf                          
00005965  __floatsisf                          
00005019  __gedf2                              
000059a1  __gesf2                              
00005019  __gtdf2                              
000059a1  __gtsf2                              
0000508d  __ledf2                              
00005a19  __lesf2                              
0000508d  __ltdf2                              
00005a19  __ltsf2                              
UNDEFED   __mpu_init                           
0000458d  __muldf3                             
00005ca9  __muldi3                             
00005a55  __muldsi3                            
00004da1  __mulsf3                             
0000508d  __nedf2                              
00005a19  __nesf2                              
20207e00  __stack                              
20200000  __start___llvm_prf_bits              
20200000  __start___llvm_prf_cnts              
20200000  __stop___llvm_prf_bits               
20200000  __stop___llvm_prf_cnts               
000034f5  __subdf3                             
00004909  __subsf3                             
00004b4d  __udivmoddi4                         
00005c81  _c_int00_noargs                      
20200a74  _encoder_l_count                     
20200a78  _encoder_r_count                     
UNDEFED   _system_post_cinit                   
00005efd  _system_pre_init                     
00005eef  abort                                
000076c0  asc2_0806                            
0000724c  asc2_1206                            
00006c5c  asc2_1608                            
00005f00  asc2_2412                            
000058e9  atoi                                 
ffffffff  binit                                
00005e95  buzz_Init                            
00004671  car_spin                             
20200a7c  circle_num                           
20200a84  count                                
20200a80  count2                               
000057dd  detect_line                          
00005669  filter_speed                         
0000540d  frexp                                
0000540d  frexpl                               
20200480  gTIMER_0Backup                       
20200aa0  g_Angle_Flag                         
20200aa1  g_Gostraght                          
20200aa2  g_Line_Flag                          
20200aa3  g_Spin_Start_Flag                    
20200aa4  g_Spin_Succeed_Flag                  
20200aa5  g_Stop_Flag                          
20200a10  g_ftarget_journey                    
20200aa6  g_is_motor1_enabled                  
20200aa7  g_is_motor2_enabled                  
20200a88  g_line_num                           
20200a18  g_line_outval                        
20200a20  g_location1_outval                   
20200a28  g_location2_outval                   
20200aa8  g_location_control_count             
20200a30  g_motor1_journey_cm                  
20200a8c  g_motor1_pwm                         
20200a38  g_motor2_journey_cm                  
20200a90  g_motor2_pwm                         
20200540  g_pid_line                           
202005f0  g_pid_location1                      
202006a0  g_pid_location2                      
20200750  g_pid_speed1                         
20200800  g_pid_speed2                         
202008b0  g_pid_straight                       
20200960  g_pid_turn_angle                     
20200a94  g_sigma_motor1pluse                  
20200a98  g_sigma_motor2pluse                  
20200a40  g_speed1_outval                      
20200a48  g_speed2_outval                      
20200a50  g_speed3_outval                      
20200a58  g_speed4_outval                      
20200aa9  g_turn_angle_control_count           
20200a60  g_turn_outval                        
20200a9c  g_unittime_motor1pluse               
20200a9e  g_unittime_motor2pluse               
2020053c  g_yaw_jy60                           
00000000  interruptVectors                     
00004831  ldexp                                
00004831  ldexpl                               
00005617  limit_abs                            
00003689  line_err                             
000056b5  line_init                            
00003819  location_speed_control               
00002c01  main                                 
00005ccd  memccpy                              
00004bef  memcpy                               
000052eb  memset                               
00005b01  motor1_set_disable                   
00005d99  motor1_set_enable                    
00005c59  motor2_set_disable                   
00005db1  motor2_set_enable                    
00005bd5  motor_limit_pwm                      
000051c1  motor_load_pwm                       
00004f2d  pid_Init                             
00005ee9  pid_Set_Target                       
00003c21  pid_line_Calc                        
000042c9  pid_location_Calc                    
00003d4d  pid_speed_Calc                       
00003981  pid_turn_angle_Calc                  
00005ddd  read_encoder_left                    
00005df1  read_encoder_right                   
00004831  scalbn                               
00004831  scalbnl                              
000049e1  smooth_target                        
000053ad  soft_start                           
20200a68  spin90_cm                            
00005b39  sprintf                              
00003f99  turn_angle_speed_control             
20200aaa  uart_data                            
00005e4d  wcslen                               


GLOBAL SYMBOLS: SORTED BY Symbol Address 

address   name                                 
-------   ----                                 
00000000  __TI_ATRegion0_region_sz             
00000000  __TI_ATRegion0_src_addr              
00000000  __TI_ATRegion0_trg_addr              
00000000  __TI_ATRegion1_region_sz             
00000000  __TI_ATRegion1_src_addr              
00000000  __TI_ATRegion1_trg_addr              
00000000  __TI_ATRegion2_region_sz             
00000000  __TI_ATRegion2_src_addr              
00000000  __TI_ATRegion2_trg_addr              
00000000  __TI_static_base__                   
00000000  interruptVectors                     
000000c1  OLED_Init                            
00000200  __STACK_SIZE                         
00000c4d  OLED_Clear                           
000016dd  __TI_printfi                         
000020ad  TIMA1_IRQHandler                     
0000252d  OLED_WR_Byte                         
000028c1  OLED_Refresh                         
00002c01  main                                 
00002e89  OLED_ShowChar                        
000034f5  __aeabi_dsub                         
000034f5  __subdf3                             
000034ff  __adddf3                             
000034ff  __aeabi_dadd                         
00003687  ADC0_IRQHandler                      
00003687  ADC1_IRQHandler                      
00003687  AES_IRQHandler                       
00003687  CANFD0_IRQHandler                    
00003687  DAC0_IRQHandler                      
00003687  DMA_IRQHandler                       
00003687  Default_Handler                      
00003687  GROUP0_IRQHandler                    
00003687  HardFault_Handler                    
00003687  I2C0_IRQHandler                      
00003687  I2C1_IRQHandler                      
00003687  NMI_Handler                          
00003687  PendSV_Handler                       
00003687  RTC_IRQHandler                       
00003687  SPI0_IRQHandler                      
00003687  SPI1_IRQHandler                      
00003687  SVC_Handler                          
00003687  SysTick_Handler                      
00003687  TIMA0_IRQHandler                     
00003687  TIMG0_IRQHandler                     
00003687  TIMG12_IRQHandler                    
00003687  TIMG6_IRQHandler                     
00003687  TIMG7_IRQHandler                     
00003687  TIMG8_IRQHandler                     
00003687  UART1_IRQHandler                     
00003687  UART2_IRQHandler                     
00003687  UART3_IRQHandler                     
00003689  line_err                             
00003819  location_speed_control               
00003981  pid_turn_angle_Calc                  
00003c21  pid_line_Calc                        
00003d4d  pid_speed_Calc                       
00003f99  turn_angle_speed_control             
000040b9  __aeabi_ddiv                         
000040b9  __divdf3                             
000041c5  DL_Timer_initFourCCPWMMode           
000042c9  pid_location_Calc                    
000043b9  SYSCFG_DL_GPIO_init                  
000044a5  DL_Timer_initTimerMode               
0000458d  __aeabi_dmul                         
0000458d  __muldf3                             
00004671  car_spin                             
00004755  DL_SYSCTL_configSYSPLL               
00004831  ldexp                                
00004831  ldexpl                               
00004831  scalbn                               
00004831  scalbnl                              
00004909  __aeabi_fsub                         
00004909  __subsf3                             
00004913  __addsf3                             
00004913  __aeabi_fadd                         
000049e1  smooth_target                        
00004aa5  GROUP1_IRQHandler                    
00004b4d  __udivmoddi4                         
00004bef  memcpy                               
00004c89  OLED_ShowString                      
00004d15  SYSCFG_DL_PWM_MOTOR_init             
00004da1  __aeabi_fmul                         
00004da1  __mulsf3                             
00004e2d  __aeabi_fdiv                         
00004e2d  __divsf3                             
00004eaf  __aeabi_idiv0                        
00004eb1  __TI_decompress_lzss                 
00004f2d  pid_Init                             
00004fa3  __aeabi_ldiv0                        
00004fa5  SYSCFG_DL_UART1_init                 
00005019  __gedf2                              
00005019  __gtdf2                              
0000508d  __cmpdf2                             
0000508d  __eqdf2                              
0000508d  __ledf2                              
0000508d  __ltdf2                              
0000508d  __nedf2                              
0000515d  SYSCFG_DL_SYSCTL_init                
000051c1  motor_load_pwm                       
00005225  __aeabi_dcmpeq                       
00005239  __aeabi_dcmplt                       
0000524d  __aeabi_dcmple                       
00005261  __aeabi_dcmpge                       
00005275  __aeabi_dcmpgt                       
00005289  __aeabi_fcmpeq                       
0000529d  __aeabi_fcmplt                       
000052b1  __aeabi_fcmple                       
000052c5  __aeabi_fcmpge                       
000052d9  __aeabi_fcmpgt                       
000052eb  memset                               
0000534d  SYSCFG_DL_UART0_init                 
000053ad  soft_start                           
0000540d  frexp                                
0000540d  frexpl                               
00005469  __TI_ltoa                            
00005519  __aeabi_idiv                         
00005519  __aeabi_idivmod                      
00005571  SYSCFG_DL_initPower                  
00005617  limit_abs                            
00005669  filter_speed                         
000056b5  line_init                            
00005701  __aeabi_d2iz                         
00005701  __fixdfsi                            
0000574d  DL_UART_init                         
00005795  SYSCFG_DL_TIMER_0_init               
000057dd  detect_line                          
00005825  DL_SYSCTL_switchMCLKfromSYSOSCtoHSCLK
00005869  __aeabi_uidiv                        
00005869  __aeabi_uidivmod                     
000058a9  __aeabi_f2d                          
000058a9  __extendsfdf2                        
000058e9  atoi                                 
00005929  Delay_us                             
00005965  __aeabi_i2f                          
00005965  __floatsisf                          
000059a1  __gesf2                              
000059a1  __gtsf2                              
000059dd  __TI_auto_init_nobinit_nopinit       
00005a19  __cmpsf2                             
00005a19  __eqsf2                              
00005a19  __lesf2                              
00005a19  __ltsf2                              
00005a19  __nesf2                              
00005a55  __muldsi3                            
00005a91  UART0_IRQHandler                     
00005ac9  __aeabi_f2iz                         
00005ac9  __fixsfsi                            
00005b01  motor1_set_disable                   
00005b39  sprintf                              
00005b71  SYSCFG_DL_init                       
00005bd5  motor_limit_pwm                      
00005c05  __aeabi_i2d                          
00005c05  __floatsidf                          
00005c31  SYSCFG_DL_SYSCTL_CLK_init            
00005c59  motor2_set_disable                   
00005c81  _c_int00_noargs                      
00005ca9  __aeabi_lmul                         
00005ca9  __muldi3                             
00005ccd  memccpy                              
00005cf1  SYSCFG_DL_SYSTICK_init               
00005d11  __aeabi_llsl                         
00005d11  __ashldi3                            
00005d31  DL_Timer_setCaptCompUpdateMethod     
00005d4d  DL_Timer_setClockConfig              
00005d69  DL_Timer_setCaptureCompareOutCtl     
00005d99  motor1_set_enable                    
00005db1  motor2_set_enable                    
00005dc9  __aeabi_uldivmod                     
00005ddd  read_encoder_left                    
00005df1  read_encoder_right                   
00005e19  DL_UART_setClockConfig               
00005e2b  __TI_decompress_none                 
00005e3d  DL_Timer_setCaptureCompareValue      
00005e4d  wcslen                               
00005e5d  __TI_zero_init                       
00005e6d  __aeabi_memset                       
00005e6d  __aeabi_memset4                      
00005e6d  __aeabi_memset8                      
00005e89  __aeabi_memclr                       
00005e89  __aeabi_memclr4                      
00005e89  __aeabi_memclr8                      
00005e95  buzz_Init                            
00005ea1  DL_Common_delayCycles                
00005ed9  __aeabi_errno_addr                   
00005ee1  __aeabi_memcpy                       
00005ee1  __aeabi_memcpy4                      
00005ee1  __aeabi_memcpy8                      
00005ee9  pid_Set_Target                       
00005eef  abort                                
00005ef4  C$$EXIT                              
00005ef5  HOSTexit                             
00005ef9  Reset_Handler                        
00005efd  _system_pre_init                     
00005f00  asc2_2412                            
00006c5c  asc2_1608                            
0000724c  asc2_1206                            
000076c0  asc2_0806                            
000078f0  __aeabi_ctype_table_                 
000078f0  __aeabi_ctype_table_C                
00007aa0  __TI_Handler_Table_Base              
00007aac  __TI_Handler_Table_Limit             
00007ac0  __TI_CINIT_Base                      
00007ad0  __TI_CINIT_Limit                     
00007ad0  __TI_CINIT_Warm                      
20200000  OLED_GRAM                            
20200000  __start___llvm_prf_bits              
20200000  __start___llvm_prf_cnts              
20200000  __stop___llvm_prf_bits               
20200000  __stop___llvm_prf_cnts               
20200480  gTIMER_0Backup                       
2020053c  g_yaw_jy60                           
20200540  g_pid_line                           
202005f0  g_pid_location1                      
202006a0  g_pid_location2                      
20200750  g_pid_speed1                         
20200800  g_pid_speed2                         
202008b0  g_pid_straight                       
20200960  g_pid_turn_angle                     
20200a10  g_ftarget_journey                    
20200a18  g_line_outval                        
20200a20  g_location1_outval                   
20200a28  g_location2_outval                   
20200a30  g_motor1_journey_cm                  
20200a38  g_motor2_journey_cm                  
20200a40  g_speed1_outval                      
20200a48  g_speed2_outval                      
20200a50  g_speed3_outval                      
20200a58  g_speed4_outval                      
20200a60  g_turn_outval                        
20200a68  spin90_cm                            
20200a70  __aeabi_errno                        
20200a74  _encoder_l_count                     
20200a78  _encoder_r_count                     
20200a7c  circle_num                           
20200a80  count2                               
20200a84  count                                
20200a88  g_line_num                           
20200a8c  g_motor1_pwm                         
20200a90  g_motor2_pwm                         
20200a94  g_sigma_motor1pluse                  
20200a98  g_sigma_motor2pluse                  
20200a9c  g_unittime_motor1pluse               
20200a9e  g_unittime_motor2pluse               
20200aa0  g_Angle_Flag                         
20200aa1  g_Gostraght                          
20200aa2  g_Line_Flag                          
20200aa3  g_Spin_Start_Flag                    
20200aa4  g_Spin_Succeed_Flag                  
20200aa5  g_Stop_Flag                          
20200aa6  g_is_motor1_enabled                  
20200aa7  g_is_motor2_enabled                  
20200aa8  g_location_control_count             
20200aa9  g_turn_angle_control_count           
20200aaa  uart_data                            
20207e00  __stack                              
20208000  __STACK_END                          
ffffffff  __TI_pprof_out_hndl                  
ffffffff  __TI_prof_data_size                  
ffffffff  __TI_prof_data_start                 
ffffffff  __binit__                            
ffffffff  binit                                
UNDEFED   __mpu_init                           
UNDEFED   _system_post_cinit                   

[263 symbols]
